Evidence directory: /data1/efs/gc-direct-a_1t0y7s
node 1 listening PASS
node 2 listening PASS
node 3 listening PASS
node 4 listening PASS
raft-mkfs rc=0 leader_hint=1 index=2 salt=14666044300638276386
client serving PASS
immediate post-mutation lookup/stat gate PASS
root rename old-name miss, new inode and old-name reuse PASS
Unmounting /data1/efs/gc-direct-a_1t0y7s/mnt
Retiring drained efs-fuse PID 3722624 for /data1/efs/gc-direct-a_1t0y7s/mnt
Unmounted /data1/efs/gc-direct-a_1t0y7s/mnt
client serving PASS
cold non-writing client dense/sparse/empty allocation PASS
twenty-ancestor rename preserves all guards and rejects cycle PASS
Unmounting /data1/efs/gc-direct-a_1t0y7s/mnt
Retiring drained efs-fuse PID 3727005 for /data1/efs/gc-direct-a_1t0y7s/mnt
Unmounted /data1/efs/gc-direct-a_1t0y7s/mnt
client serving PASS
Unmounting /data1/efs/gc-direct-a_1t0y7s/mnt
Retiring drained efs-fuse PID 3727928 for /data1/efs/gc-direct-a_1t0y7s/mnt
Unmounted /data1/efs/gc-direct-a_1t0y7s/mnt
client serving PASS
replacement inode: source=1651 old=2851 observed=1651
node 1 authoritative replacement inode PASS
node 2 authoritative replacement inode PASS
node 3 authoritative replacement inode PASS
node 4 authoritative replacement inode PASS
sixteen used-lane empty HASHED rmdir and replacement PASS
Unmounting /data1/efs/gc-direct-a_1t0y7s/mnt
Retiring drained efs-fuse PID 3728309 for /data1/efs/gc-direct-a_1t0y7s/mnt
Unmounted /data1/efs/gc-direct-a_1t0y7s/mnt
client serving PASS
namespace boundary prior GC drained PASS
over-envelope rmdir rejects before PREPARE/DROP and preserves directory PASS
fragment files present PASS
fragment files present PASS
Unmounting /data1/efs/gc-direct-a_1t0y7s/mnt
Retiring drained efs-fuse PID 3728705 for /data1/efs/gc-direct-a_1t0y7s/mnt
Unmounted /data1/efs/gc-direct-a_1t0y7s/mnt
client serving PASS
one swapped fragment falls back to trusted parity PASS
Unmounting /data1/efs/gc-direct-a_1t0y7s/mnt
Retiring drained efs-fuse PID 3730167 for /data1/efs/gc-direct-a_1t0y7s/mnt
Unmounted /data1/efs/gc-direct-a_1t0y7s/mnt
client serving PASS
Unmounting /data1/efs/gc-direct-a_1t0y7s/mnt
Retiring drained efs-fuse PID 3730324 for /data1/efs/gc-direct-a_1t0y7s/mnt
Unmounted /data1/efs/gc-direct-a_1t0y7s/mnt
client serving PASS
integrity fixtures reclaimed PASS
two swapped fragments fail read; restored bytes verify cold PASS
Unmounting /data1/efs/gc-direct-a_1t0y7s/mnt
Retiring drained efs-fuse PID 3730452 for /data1/efs/gc-direct-a_1t0y7s/mnt
Unmounted /data1/efs/gc-direct-a_1t0y7s/mnt
client serving PASS
fragment files present PASS
real worker retirement: new=7339 retired=7339 live=0 retired_bytes=555122688 RSS_span_kib=4720 PASS
worker fixture fragments reclaimed PASS
CREATE/RENAME/UNLINK lost replies recovered with same operation identity PASS
lost-reply namespace absent after replay PASS
lost-reply namespace absent after replay PASS
peer mounted PASS
Unmounting /data1/efs/gc-direct-a_1t0y7s/peer
Retiring drained efs-fuse PID 3749720 for /data1/efs/gc-direct-a_1t0y7s/peer
Unmounted /data1/efs/gc-direct-a_1t0y7s/peer
two-peer adjacent writes and repeated folds complete
fragment files present PASS
span-only truncate then physical reclaim PASS
span-only truncate then physical reclaim PASS
span-only truncate then physical reclaim PASS
span-only truncate then physical reclaim PASS
span-only truncate then physical reclaim PASS
span-only truncate then physical reclaim PASS
span-only truncate then physical reclaim PASS
span-only truncate then physical reclaim PASS
span-only truncate then physical reclaim PASS
span-only truncate then physical reclaim PASS
span-only truncate then physical reclaim PASS
span-only truncate then physical reclaim PASS
fragment files present PASS
GC runs while hardlink remains PASS
hardlink protects stored fragments PASS
GC runs while unlinked inode is open PASS
open unlinked inode retains readable/writable fragments PASS
last close physically reclaims fragments PASS
GC passes, removal bytes and quota reflect last-close deletion PASS
closed-unlinked inode allocated bytes: 15249408 -> 0 PASS
fragment files present PASS
valid late-PUT control accepted on live inode by every member PASS
disk failure visible PASS
failed fragment remains on disk pending retry PASS
Unmounting /data1/efs/gc-direct-a_1t0y7s/mnt
Retiring drained efs-fuse PID 3730809 for /data1/efs/gc-direct-a_1t0y7s/mnt
Unmounted /data1/efs/gc-direct-a_1t0y7s/mnt
node 1 listening PASS
node 2 listening PASS
node 3 listening PASS
node 4 listening PASS
restart without client reclaims pending fragments PASS
leader reap and fragment queues drain PASS
client serving PASS
cold two-peer fold and live-base reads after GC PASS
fold fragments physically reclaimed PASS
fragment files present PASS
offline fourth member retains reap ledger PASS
Unmounting /data1/efs/gc-direct-a_1t0y7s/mnt
Retiring drained efs-fuse PID 3753431 for /data1/efs/gc-direct-a_1t0y7s/mnt
Unmounted /data1/efs/gc-direct-a_1t0y7s/mnt
node 1 listening PASS
node 2 listening PASS
node 3 listening PASS
node 4 listening PASS
rejoined member completes reclamation PASS
queues drain after member rejoins PASS
client serving PASS
sentinel physically reclaimed PASS
all fixture GC records retired PASS
parallel 210 tests jobs=4 (serial 7 after)
pass basic_empty_file                
pass basic_write_read                
pass basic_append                    
pass basic_oappend_flag              
pass basic_read_past_eof             
pass basic_seek_read                 
pass basic_overwrite_middle          
pass basic_dd_rw                     
pass basic_o_trunc                   
pass basic_pread_pwrite              
pass basic_dup_write                 
pass basic_chunk_boundary            
pass fsync_reopen_visible            
pass basic_seek_end_then_write       
pass basic_terminal_cp_cat           
pass basic_rdwr_no_reopen            
pass basic_seek_cur_past_eof_write   
pass trunc_grow_sparse               
pass basic_ftruncate_vs_truncate     
pass trunc_shrink                    
pass trunc_to_zero                   
pass sparse_write_huge_offset        
pass sparse_st_blocks                
pass dir_mkdir_rmdir                 
pass dir_rename_file                 
pass dir_mkdir_p_terminal            
pass dir_rename_over_existing        
pass dir_rename_dir_with_contents    
pass dir_rename_file_over_dir        
pass dir_rename_dir_over_file        
pass dir_move_into_subdir            
pass dir_rename_dir_over_nonempty    
pass root_rename_dir_old_name_gone   
pass dir_rename_noreplace            
pass root_rename_file_old_name_gone  
pass dir_rename_symlink              
pass root_rename_from_subdir         
pass root_create_unlink_immediate    
pass root_rename_into_subdir         
pass root_mkdir_rmdir_immediate      
pass dir_times_create                
pass dir_many_files                  
pass dir_times_unlink                
pass dir_readdir_listing             
pass dir_times_mkdir_rmdir           
pass dir_times_write_no_bump         
pass dir_dot_entries                 
pass dir_times_link                  
pass dir_deep_nesting                
pass dir_chmod_and_create_denied     
pass dir_hidden_files                
pass dir_nlink                       
pass dir_readdir_while_unlink        
pass symlink_create_readlink         
pass symlink_to_dir                  
pass symlink_chain                   
pass symlink_dangling                
pass symlink_absolute                
pass hardlink_basic                  
pass hardlink_terminal_ln            
pass dir_times_rename                
pass hardlink_shared_data            
pass hardlink_unlink_one             
pass hardlink_rename_one_name        
pass symlink_relative_after_parent_rename
pass attr_chmod                      
pass symlink_unlink_keeps_target     
pass attr_utimens                    
pass symlink_chmod_follows           
pass attr_chown_self                 
pass attr_utimens_ns                 
pass attr_touch_terminal             
pass attr_ctime_after_chmod          
pass attr_stat_fields                
pass attr_access                     
pass perm_file_000_denied            
pass perm_owner_bits_not_group       
pass perm_file_write_only            
pass perm_owner_bits_not_other       
pass perm_create_mode_000_reopen     
pass perm_owner_chmod_restore        
pass perm_file_read_only_ops         
pass perm_open_fd_survives_chmod     
pass perm_fchmod                     
pass perm_access_rwx                 
pass perm_owner_utime_readonly       
pass perm_exec_allowed_with_x        
pass perm_exec_denied_no_x           
pass perm_ftruncate_after_chmod      
pass perm_sticky_owner_can_unlink    
pass perm_chown_other_uid_denied     
pass perm_chown_other_gid_denied     
pass perm_dir_readonly_mutate        
pass perm_suid_sgid_sticky_stored    
pass perm_dir_000_restore            
pass perm_dir_no_r_list              
pass perm_unlink_mode_000_file       
pass perm_dir_wx_no_r                
pass perm_rename_into_readonly_dir   
pass perm_nested_parent_no_x         
pass perm_hardlink_shares_mode       
pass names_dash_prefix_terminal      
pass perm_symlink_target_denied      
pass names_too_long_component        
pass names_reserved_dots             
pass names_path_too_long             
pass names_control_and_high_bytes    
pass names_unicode_nfc_nfd_coexist   
pass names_near_path_max             
pass names_near_path_max_dir         
pass content_random_roundtrip        
pass content_all_byte_values         
pass content_whitespace_and_line_endings
pass content_nul_and_control         
pass content_random_overwrite_append 
pass content_random_large_multichunk 
pass err_mkdir_existing              
pass err_rmdir_nonempty              
pass err_rmdir_a_file                
pass err_open_dir_for_write          
pass err_read_from_dir               
pass err_create_excl_existing        
pass err_rename_dir_into_itself      
pass err_hardlink_to_dir             
pass err_unlink_nonexistent          
pass dir_deep_nesting_beyond_64      
pass err_hardlink_nonexistent_src    
pass err_write_readonly_file         
pass err_create_under_a_file         
pass err_stat_nonexistent            
pass err_unlink_a_directory          
pass err_rmdir_dot_dotdot            
pass fsync_write                     
pass fdatasync_write                 
pass fsync_dir                       
pass unlink_open_file                
pass names_crazy_dirs                
pass flock_basic                     
pass err_symlink_loop                
pass fcntl_lock_basic                
pass names_crazy_roundtrip           
pass flock_shared_then_exclusive     
SKIP mmap_write_read                  mmap unsupported: [Errno 19] No such device
pass flock_two_proc_exclusive        
pass statfs_sane                     
pass mmap_private_not_visible        
pass concurrent_appends_two_proc     
pass concurrent_writes_disjoint      
pass concurrent_appends              
pass fcntl_byte_range_lock           
pass concurrent_write_and_readdir    
pass virt_stats_readable             
pass virt_find_query                 
pass virt_find_not_a_real_dir        
pass opt_fallocate                   
pass opt_xattr                       
pass opt_seek_hole_data              
pass opt_copy_file_range             
pass opt_openat                      
pass flock_second_fd_exclusive       
pass direct_aligned_rdwr             
pass direct_unaligned_einval         
pass packed_then_grow_past_chunk     
pass direct_rmw_4k_in_chunk          
pass zero_length_write               
pass writev_readv_chunk_straddle     
pass two_fds_size_mtime              
pass trunc_open_other_fd             
pass fcntl_setfl_oappend             
pass link_across_dirs                
pass last_link_unlink_other_dir      
pass nlink_after_unlink_open         
pass o_directory                     
pass o_nofollow                      
pass st_ino_unique_hardlink_same     
pass create_excl_two_proc            
pass concurrent_overlap_write        
pass fstat_size_after_write          
pass trunc_shrink_same_fd            
pass unlink_open_then_recreate       
pass rename_to_self                  
pass rename_empty_over_empty_dir     
pass ctime_on_link_rename            
pass lstat_symlink_size              
pass unlink_recreate_new_ino         
pass chmod_preserves_mtime           
pass case_sensitive_names            
pass o_append_pwrite_absolute        
pass two_fds_independent_offset      
pass access_f_ok_after_unlink        
pass write_hole_pread_zeros          
pass dir_nlink_after_rmdir_child     
pass hardlink_three_names            
pass flock_unlock_on_close           
pass rename_file_over_symlink        
pass mkdirat_unlinkat                
pass trailing_slash_on_file          
pass creat_existing_dir_eisdir       
pass fsync_then_fstat_size           
pass mtime_bumps_on_write            
pass rename_readdir_lookup_consistent
pass rename_dir_same_parent          
pass concurrent_create_unlink_two_proc
pass concurrent_creates_same_dir     
pass link_of_symlink                 
pass concurrent_extend_high_then_low 
pass write_beyond_eof_then_seek_end  
pass trunc_zero_then_high_pwrite     
pass dir_times_bump_on_child_mutation
pass mtime_monotonic_many_writes     
pass truncate_big_ftruncate_honest   
pass truncate_big_o_trunc_honest     
pass dir_mkdir_umask                 
pass attr_umask_respected            
pass perm_dir_no_x_search            
pass err_chdir_into_file             
pass chdir_dotdot_after_mkdir        
============================================================
POSIX suite: 216/217 pass, 0 fail, 1 skip, 0 notrun  (71.0s)
wrote /data1/efs/gc-direct-a_1t0y7s/posix.tsv
peer mounted PASS
prepared /data1/efs/gc-direct-a_1t0y7s/mnt/gc-posix-peer (64 testdirs)
pass peer_mkdir_visible              
pass peer_create_visible             
pass peer_write_read                 
pass peer_listdir_siblings           
pass peer_shared_creat               
pass peer_open_existing              
pass peer_creat_excl_eexist          
pass peer_stat_size                  
pass peer_rename_visible             
pass peer_mkdir_then_create          
pass peer_shared_pwrite              
pass peer_unlink_gone                
pass peer_chmod_visible              
pass peer_utimens_visible            
pass peer_dir_mtime_bump_visible     
pass peer_truncate_visible           
pass peer_hardlink_visible           
pass peer_symlink_visible            
pass peer_negative_dentry            
pass peer_fsync_then_read            
pass peer_mkdir_rmdir_recreate       
pass peer_oappend                    
pass peer_rename_over                
pass peer_flock_exclusive            
pass peer_unlink_while_b_has_fd      
pass peer_rmdir_gone                 
pass peer_nlink_after_link           
pass peer_hardlink_write             
pass peer_rename_dir                 
pass peer_o_trunc_visible            
pass peer_unlink_recreate            
pass peer_lstat_symlink_size         
pass peer_listdir_after_unlink       
pass peer_chmod_via_hardlink         
pass peer_sparse_size                
pass peer_overlap_pwrite_same_range  
pass peer_overlap_pwrite_partial     
pass peer_overlap_pwrite_chunk_straddle
pass peer_concurrent_append          
pass peer_append_while_truncate      
pass peer_disjoint_extend            
pass peer_disjoint_extend_reverse_completion
pass peer_extend_and_truncate        
pass peer_stat_during_extend         
pass peer_trunc_then_pwrite_old_fd   
pass peer_trunc_zero_then_high_pwrite
pass peer_pwrite_then_peer_truncate  
pass peer_rename_same_src_two_dst    
pass peer_rename_vs_unlink_src       
pass peer_rename_vs_unlink_dst       
pass peer_rename_across_dirs_chase   
pass peer_creat_excl_race            
pass peer_create_unlink_stat_churn   
pass peer_negative_after_unlink      
pass peer_rename_negative            
pass peer_unlink_recreate_stale_ino  
pass peer_open_unlink_nlink          
pass peer_open_rename_fd             
pass peer_unlink_recreate_old_fd     
pass peer_concurrent_hardlink        
pass peer_concurrent_unlink_hardlinks
pass peer_fcntl_range_conflict       
pass peer_fcntl_range_adjacent       
pass peer_mtime_no_regress           
============================================================
POSIX 2-client: 64/64 pass, 0 fail  (52.4s)
wrote /data1/efs/gc-direct-a_1t0y7s/posix2.tsv
Unmounting /data1/efs/gc-direct-a_1t0y7s/peer
Retiring drained efs-fuse PID 3798332 for /data1/efs/gc-direct-a_1t0y7s/peer
Unmounted /data1/efs/gc-direct-a_1t0y7s/peer
POSIX server deletion queues drained PASS
POSIX deletes advance GC passes and physical removal counters PASS
Unmounting /data1/efs/gc-direct-a_1t0y7s/mnt
Retiring drained efs-fuse PID 3754335 for /data1/efs/gc-direct-a_1t0y7s/mnt
Unmounted /data1/efs/gc-direct-a_1t0y7s/mnt
node 1 listening PASS
node 2 listening PASS
node 3 listening PASS
node 4 listening PASS
physical inventory empty after restart PASS
restart orphan and GC queues drained PASS
restart quota zero and late PUT fenced on every member PASS
physical fragment inventory empty after restart PASS
GC reclamation direct PASS
