pass peer_mkdir_visible
pass peer_create_visible
pass peer_write_read
pass peer_listdir_siblings
pass peer_shared_creat
pass peer_open_existing
pass peer_creat_excl_eexist
pass peer_stat_size
pass peer_rename_visible
pass peer_mkdir_then_create
pass peer_shared_pwrite
pass peer_unlink_gone
pass peer_chmod_visible
pass peer_utimens_visible
pass peer_truncate_visible
pass peer_hardlink_visible
pass peer_symlink_visible
pass peer_negative_dentry
pass peer_fsync_then_read
pass peer_mkdir_rmdir_recreate
pass peer_oappend
pass peer_rename_over
pass peer_flock_exclusive
pass peer_unlink_while_b_has_fd
pass peer_rmdir_gone
pass peer_nlink_after_link
pass peer_hardlink_write
pass peer_rename_dir
pass peer_o_trunc_visible
pass peer_unlink_recreate
pass peer_lstat_symlink_size
pass peer_listdir_after_unlink
pass peer_chmod_via_hardlink
pass peer_sparse_size
PAIR_DONE pass=34 fail=0 dur=5
