Evidence directory: /data1/efs/gc-buffered-unqojyn2
node 1 listening PASS
node 2 listening PASS
node 3 listening PASS
node 4 listening PASS
raft-mkfs rc=0 leader_hint=1 index=2 salt=6471500098146627259
client serving PASS
immediate post-mutation lookup/stat gate PASS
fragment files present PASS
Unmounting /data1/efs/gc-buffered-unqojyn2/mnt
Retiring drained efs-fuse PID 4067614 for /data1/efs/gc-buffered-unqojyn2/mnt
Unmounted /data1/efs/gc-buffered-unqojyn2/mnt
client serving PASS
lookup barrier file reclaimed PASS
actual LOOKUP reply spanning chmod cannot repopulate stale memo PASS
Unmounting /data1/efs/gc-buffered-unqojyn2/mnt
Retiring drained efs-fuse PID 4067674 for /data1/efs/gc-buffered-unqojyn2/mnt
Unmounted /data1/efs/gc-buffered-unqojyn2/mnt
client serving PASS
fragment files present PASS
Traceback (most recent call last):
  File "/data1/efs/next5-buffered-repeat-src/tests/live/gc_reclamation.py", line 667, in <module>
    assert key not in identities,(key,path,identities.get(key))
           ^^^^^^^^^^^^^^^^^^^^^
AssertionError: (('0', '3.0.1382356336843120123'), PosixPath('/data1/efs/gc-buffered-unqojyn2/n2/storage0/data/exports/1/0000/0000/0000/0013/9265/0/3.0.1382356336843120123'), '/data1/efs/gc-buffered-unqojyn2/n1/storage0/data/exports/1/0000/0000/0000/0013/9265/0/3.0.1382356336843120123')
