Evidence directory: /data1/efs/gc-buffered-pwkt9p18
node 1 listening PASS
node 2 listening PASS
node 3 listening PASS
node 4 listening PASS
raft-mkfs rc=0 leader_hint=1 index=2 salt=11860025780685987617
client serving PASS
Unmounting /data1/efs/gc-buffered-pwkt9p18/mnt
Retiring drained efs-fuse PID 4116737 for /data1/efs/gc-buffered-pwkt9p18/mnt
Unmounted /data1/efs/gc-buffered-pwkt9p18/mnt
client serving PASS
cold-client GNU du: 128 files, allocated=524288, seconds=[0.012461306003388017, 0.013625797000713646, 0.013263030006783083, 0.013018739991821349, 0.012956474005477503] PASS
du-audit physical deletion drained PASS
peer mounted PASS
Unmounting /data1/efs/gc-buffered-pwkt9p18/peer
Retiring drained efs-fuse PID 4118158 for /data1/efs/gc-buffered-pwkt9p18/peer
Unmounted /data1/efs/gc-buffered-pwkt9p18/peer
two-peer adjacent writes and repeated folds complete
fragment files present PASS
span-only truncate then physical reclaim PASS
span-only truncate then physical reclaim PASS
span-only truncate then physical reclaim PASS
span-only truncate then physical reclaim PASS
span-only truncate then physical reclaim PASS
span-only truncate then physical reclaim PASS
span-only truncate then physical reclaim PASS
span-only truncate then physical reclaim PASS
span-only truncate then physical reclaim PASS
span-only truncate then physical reclaim PASS
span-only truncate then physical reclaim PASS
span-only truncate then physical reclaim PASS
fragment files present PASS
GC runs while hardlink remains PASS
hardlink protects stored fragments PASS
GC runs while unlinked inode is open PASS
open unlinked inode retains readable/writable fragments PASS
last close physically reclaims fragments PASS
GC passes, removal bytes and quota reflect last-close deletion PASS
closed-unlinked inode allocated bytes: 15249408 -> 0 PASS
fragment files present PASS
valid late-PUT control accepted on live inode by every member PASS
disk failure visible PASS
failed fragment remains on disk pending retry PASS
Unmounting /data1/efs/gc-buffered-pwkt9p18/mnt
Retiring drained efs-fuse PID 4116803 for /data1/efs/gc-buffered-pwkt9p18/mnt
Unmounted /data1/efs/gc-buffered-pwkt9p18/mnt
node 1 listening PASS
node 2 listening PASS
node 3 listening PASS
node 4 listening PASS
restart without client reclaims pending fragments PASS
leader reap and fragment queues drain PASS
client serving PASS
cold two-peer fold and live-base reads after GC PASS
fold fragments physically reclaimed PASS
fragment files present PASS
offline fourth member retains reap ledger PASS
Unmounting /data1/efs/gc-buffered-pwkt9p18/mnt
Retiring drained efs-fuse PID 4121484 for /data1/efs/gc-buffered-pwkt9p18/mnt
Unmounted /data1/efs/gc-buffered-pwkt9p18/mnt
node 1 listening PASS
node 2 listening PASS
node 3 listening PASS
node 4 listening PASS
rejoined member completes reclamation PASS
queues drain after member rejoins PASS
client serving PASS
sentinel physically reclaimed PASS
all fixture GC records retired PASS
Unmounting /data1/efs/gc-buffered-pwkt9p18/mnt
Retiring drained efs-fuse PID 4122501 for /data1/efs/gc-buffered-pwkt9p18/mnt
Unmounted /data1/efs/gc-buffered-pwkt9p18/mnt
node 1 listening PASS
node 2 listening PASS
node 3 listening PASS
node 4 listening PASS
physical inventory empty after restart PASS
restart orphan and GC queues drained PASS
restart quota zero and late PUT fenced on every member PASS
physical fragment inventory empty after restart PASS
GC reclamation buffered PASS
