Evidence: /tmp/efs-read-freshness-yqe8virw
listening True
listening True
listening True
initial leader 1
both groups formatted True
PASS: both mkfs aliases preserve namespace/salt and explain ignored legacy label
majority leader 0
majority setattr: raft-setattr status=0 primary=1 ino=1 mask=1 mode=040700 nlink=2 size=0 mtime=1791405612

PASS: isolated former leader refuses old session epoch after majority fence
PASS: majority changed root mode; eight isolated-leader GETATTRs refused stale authority
PASS: isolated former leader refuses stale LOOKUP after majority rename
new voter configuration committed True
PASS: isolated former leader rejects reads across committed voter change
Traceback (most recent call last):
  File "/data1/efs/gates30-src/tests/live/raft_read_freshness.py", line 215, in <module>
    wait(lambda: True if 'status=0' in mgmt(old,'raft-lookup',1,'after-rename') else None,'healed renamed lookup')
  File "/data1/efs/gates30-src/tests/live/raft_read_freshness.py", line 99, in wait
    raise AssertionError(label+' timeout')
AssertionError: healed renamed lookup timeout
