Evidence directory: /data1/efs/gc-direct-vlnzrnql
node 1 listening PASS
node 2 listening PASS
node 3 listening PASS
node 4 listening PASS
raft-mkfs rc=0 leader_hint=1 index=2 salt=9796648497083326814
client serving PASS
live-table idle precondition GC drained PASS
live-table idle elapsed=10s
live-table idle elapsed=70s
live-table idle elapsed=130s
live-table idle elapsed=190s
live-table idle elapsed=250s
live-table idle elapsed=310s
live-table idle elapsed=370s
live-table idle elapsed=430s
live-table idle elapsed=490s
live-table idle elapsed=550s
live-table idle: no slow GC passes; each daemon CPU below 5 percent PASS
peer mounted PASS
Unmounting /data1/efs/gc-direct-vlnzrnql/peer
Retiring drained efs-fuse PID 3539772 for /data1/efs/gc-direct-vlnzrnql/peer
Unmounted /data1/efs/gc-direct-vlnzrnql/peer
two-peer adjacent writes and repeated folds complete
fragment files present PASS
span-only truncate then physical reclaim PASS
span-only truncate then physical reclaim PASS
span-only truncate then physical reclaim PASS
span-only truncate then physical reclaim PASS
span-only truncate then physical reclaim PASS
span-only truncate then physical reclaim PASS
span-only truncate then physical reclaim PASS
span-only truncate then physical reclaim PASS
span-only truncate then physical reclaim PASS
span-only truncate then physical reclaim PASS
span-only truncate then physical reclaim PASS
span-only truncate then physical reclaim PASS
fragment files present PASS
GC runs while hardlink remains PASS
hardlink protects stored fragments PASS
GC runs while unlinked inode is open PASS
open unlinked inode retains readable/writable fragments PASS
last close physically reclaims fragments PASS
GC passes, removal bytes and quota reflect last-close deletion PASS
closed-unlinked inode allocated bytes: 15249408 -> 0 PASS
fragment files present PASS
valid late-PUT control accepted on live inode by every member PASS
disk failure visible PASS
failed fragment remains on disk pending retry PASS
Unmounting /data1/efs/gc-direct-vlnzrnql/mnt
Retiring drained efs-fuse PID 3441118 for /data1/efs/gc-direct-vlnzrnql/mnt
Unmounted /data1/efs/gc-direct-vlnzrnql/mnt
node 1 listening PASS
node 2 listening PASS
node 3 listening PASS
node 4 listening PASS
restart without client reclaims pending fragments PASS
Traceback (most recent call last):
  File "/data1/efs/gates30-src/tests/live/gc_reclamation.py", line 817, in <module>
    os.ftruncate(fd,4000);os.close(fd)
^^^^^^^^^^^^^^^^^^^^^^^^^^^^^^^^^^^^^^^
  File "/data1/efs/gates30-src/tests/live/gc_reclamation.py", line 107, in wait
    (work/'failed-status.json').write_text(json.dumps(status(),indent=2))
    ^^^^^^^^^^^^^^^^^^^^^^^^^^^^^^^^^^^^^^^^
AssertionError: leader reap and fragment queues drain timed out
