gcc -O3 -g -fno-omit-frame-pointer -march=native -mtune=native -std=c99 -Wall -Wextra -D_GNU_SOURCE -Wno-stringop-truncation -Wno-format-truncation -DEFS_BUILD_ID='"unknown"' -DEFS_VERSION='"unknown"' -DEFS_GIT_BRANCH='"unknown"' -DEFS_BUILD_TIME='"2026-10-07T20:20:50Z"'  -Iinclude -Isrc/common -Ideps/blake3 -o tests/test_reply_buffers tests/test_reply_buffers.c -lpthread
gcc -O3 -g -fno-omit-frame-pointer -march=native -mtune=native -std=c99 -Wall -Wextra -D_GNU_SOURCE -Wno-stringop-truncation -Wno-format-truncation -DEFS_BUILD_ID='"unknown"' -DEFS_VERSION='"unknown"' -DEFS_GIT_BRANCH='"unknown"' -DEFS_BUILD_TIME='"2026-10-07T20:20:50Z"'  -Iinclude -Isrc/common -Ideps/blake3 -c -o src/kv/kv_compact.o src/kv/kv_compact.c
gcc -O3 -g -fno-omit-frame-pointer -march=native -mtune=native -std=c99 -Wall -Wextra -D_GNU_SOURCE -Wno-stringop-truncation -Wno-format-truncation -DEFS_BUILD_ID='"unknown"' -DEFS_VERSION='"unknown"' -DEFS_GIT_BRANCH='"unknown"' -DEFS_BUILD_TIME='"2026-10-07T20:20:50Z"'  -I/usr/include/fuse3 -Iinclude -Isrc/common -Ideps/blake3 -c -o src/client/efs_fuse.o src/client/efs_fuse.c
ar rcs libefs.a src/common/publication.o src/common/publication_ack.o src/common/common.o src/common/log_ts.o src/common/version.o src/common/protocol.o src/wire/wire.o src/data/erasure.o src/data/store_mem.o src/data/transport_loop.o src/data/transport_conn.o src/kv/kv_mem.o src/kv/kv_key.o src/kv/kv_lsm.o src/kv/kv_compact.o src/kv/kv_wal.o src/kv/kv_seg.o src/kv/kv_snap.o src/meta/metadata.o src/meta/meta_apply.o src/meta/txn.o src/meta/session.o src/meta/put_ticket.o src/meta/lock.o src/meta/dir_layout.o src/meta/dir_spread.o src/sim/opid.o src/raft/raft.o src/raft/raft_mem.o src/raft/raft_disk.o src/raft/raft_log.o src/common/placement.o src/common/checksum.o src/common/network.o src/common/rdma.o deps/blake3/blake3.o deps/blake3/blake3_portable.o deps/blake3/blake3_dispatch.o deps/blake3/blake3_sse2.o deps/blake3/blake3_sse41.o deps/blake3/blake3_avx2.o deps/blake3/blake3_avx512.o src/client/client.o src/client/ops.o src/client/read.o src/client/write.o src/client/bufpool.o src/client/writer_state.o src/client/publication_ack_owner.o src/client/inode_rpc.o src/client/stage_evict.o src/client/node_cache.o
gcc -O3 -g -fno-omit-frame-pointer -march=native -mtune=native -std=c99 -Wall -Wextra -D_GNU_SOURCE -Wno-stringop-truncation -Wno-format-truncation -DEFS_BUILD_ID='"unknown"' -DEFS_VERSION='"unknown"' -DEFS_GIT_BRANCH='"unknown"' -DEFS_BUILD_TIME='"2026-10-07T20:20:50Z"'  -Iinclude -Isrc/common -Ideps/blake3 -o efsd src/server/efsd.o src/server/store.o src/server/store_nvme.o src/server/handler.o src/server/cluster.o src/server/peer_pool.o src/server/writer.o src/server/iostats.o src/server/thread.o src/server/raft_host.o libefs.a -lpthread -lm -ldl -libverbs
gcc -O3 -g -fno-omit-frame-pointer -march=native -mtune=native -std=c99 -Wall -Wextra -D_GNU_SOURCE -Wno-stringop-truncation -Wno-format-truncation -DEFS_BUILD_ID='"unknown"' -DEFS_VERSION='"unknown"' -DEFS_GIT_BRANCH='"unknown"' -DEFS_BUILD_TIME='"2026-10-07T20:20:50Z"'  -Iinclude -Isrc/common -Ideps/blake3 -I. -o tests/test_kv_lsm tests/test_kv_lsm.c libefs.a -lpthread -lm -ldl -libverbs
gcc -O3 -g -fno-omit-frame-pointer -march=native -mtune=native -std=c99 -Wall -Wextra -D_GNU_SOURCE -Wno-stringop-truncation -Wno-format-truncation -DEFS_BUILD_ID='"unknown"' -DEFS_VERSION='"unknown"' -DEFS_GIT_BRANCH='"unknown"' -DEFS_BUILD_TIME='"2026-10-07T20:20:50Z"'  -Iinclude -Isrc/common -Ideps/blake3 -I/usr/include/fuse3 -o efs-fuse src/client/efs_fuse.o libefs.a -lpthread -lm -ldl -libverbs -lfuse3 -lpthread
test_reply_buffers: OK (128 retired workers, reuse, growth, allocation/TLS failures)
kv-compact: start l0=2 inputs=2 range=362 l0only=0
kv-compact: end bytes=4573 ms=19 l0=0 l1=1 rc=0
kv-compact: start l0=2 inputs=1 range=367 l0only=0
kv-compact: end bytes=26 ms=18 l0=1 l1=1 rc=0
kv-compact: start l0=4 inputs=3 range=367 l0only=0
kv-compact: end bytes=39 ms=15 l0=2 l1=1 rc=0
kv-compact: start l0=2 inputs=1 range=367 l0only=0
kv-compact: end bytes=26 ms=19 l0=1 l1=1 rc=0
kv-compact: start l0=3 inputs=3 range=353 l0only=0
kv-compact: end bytes=56316 ms=33 l0=1 l1=1 rc=0
kv-compact: start l0=1 inputs=1 range=353 l0only=0
kv-compact: end bytes=18772 ms=22 l0=1 l1=2 rc=0
kv-compact: start l0=3 inputs=3 range=353 l0only=0
kv-compact: end bytes=56316 ms=31 l0=1 l1=3 rc=0
kv-compact: start l0=1 inputs=1 range=353 l0only=0
kv-compact: end bytes=18772 ms=31 l0=1 l1=4 rc=0
kv-compact: start l0=3 inputs=3 range=353 l0only=0
kv-compact: end bytes=56316 ms=31 l0=1 l1=5 rc=0
kv-compact: start l0=64 inputs=64 range=357 l0only=0
kv-compact: end bytes=960 ms=33 l0=0 l1=1 rc=0
kv-compact: start l0=64 inputs=65 range=357 l0only=0
kv-compact: end bytes=960 ms=23 l0=0 l1=1 rc=0
kv-compact: start l0=1 inputs=1 range=256 l0only=0
kv-compact: end bytes=14 ms=14 l0=0 l1=1 rc=0
kv-compact: start l0=1 inputs=1 range=257 l0only=0
kv-compact: end bytes=14 ms=13 l0=0 l1=2 rc=0
kv-compact: start l0=1 inputs=1 range=258 l0only=0
kv-compact: end bytes=14 ms=18 l0=0 l1=3 rc=0
kv-compact: start l0=1 inputs=1 range=259 l0only=0
kv-compact: end bytes=14 ms=14 l0=0 l1=4 rc=0
kv-compact: start l0=1 inputs=1 range=260 l0only=0
kv-compact: end bytes=14 ms=15 l0=0 l1=5 rc=0
kv-compact: start l0=1 inputs=1 range=261 l0only=0
kv-compact: end bytes=14 ms=15 l0=0 l1=6 rc=0
kv-compact: start l0=1 inputs=1 range=262 l0only=0
kv-compact: end bytes=14 ms=21 l0=0 l1=7 rc=0
kv-compact: start l0=1 inputs=1 range=263 l0only=0
kv-compact: end bytes=14 ms=20 l0=0 l1=8 rc=0
kv-compact: start l0=1 inputs=1 range=264 l0only=0
kv-compact: end bytes=14 ms=13 l0=0 l1=9 rc=0
kv-compact: start l0=1 inputs=1 range=265 l0only=0
kv-compact: end bytes=14 ms=14 l0=0 l1=10 rc=0
kv-compact: start l0=1 inputs=1 range=266 l0only=0
kv-compact: end bytes=14 ms=18 l0=0 l1=11 rc=0
kv-compact: start l0=1 inputs=1 range=267 l0only=0
kv-compact: end bytes=14 ms=17 l0=0 l1=12 rc=0
kv-compact: start l0=1 inputs=1 range=268 l0only=0
kv-compact: end bytes=14 ms=21 l0=0 l1=13 rc=0
kv-compact: start l0=1 inputs=1 range=269 l0only=0
kv-compact: end bytes=14 ms=14 l0=0 l1=14 rc=0
kv-compact: start l0=1 inputs=1 range=270 l0only=0
kv-compact: end bytes=14 ms=18 l0=0 l1=15 rc=0
kv-compact: start l0=1 inputs=1 range=271 l0only=0
kv-compact: end bytes=14 ms=19 l0=0 l1=16 rc=0
kv-compact: start l0=1 inputs=1 range=272 l0only=0
kv-compact: end bytes=14 ms=20 l0=0 l1=17 rc=0
kv-compact: start l0=1 inputs=1 range=273 l0only=0
kv-compact: end bytes=14 ms=15 l0=0 l1=18 rc=0
kv-compact: start l0=1 inputs=1 range=274 l0only=0
kv-compact: end bytes=14 ms=15 l0=0 l1=19 rc=0
kv-compact: start l0=1 inputs=1 range=275 l0only=0
kv-compact: end bytes=14 ms=20 l0=0 l1=20 rc=0
kv-compact: start l0=1 inputs=1 range=276 l0only=0
kv-compact: end bytes=14 ms=18 l0=0 l1=21 rc=0
kv-compact: start l0=1 inputs=1 range=277 l0only=0
kv-compact: end bytes=14 ms=20 l0=0 l1=22 rc=0
kv-compact: start l0=1 inputs=1 range=278 l0only=0
kv-compact: end bytes=14 ms=21 l0=0 l1=23 rc=0
kv-compact: start l0=1 inputs=1 range=279 l0only=0
kv-compact: end bytes=14 ms=21 l0=0 l1=24 rc=0
kv-compact: start l0=1 inputs=1 range=280 l0only=0
kv-compact: end bytes=14 ms=19 l0=0 l1=25 rc=0
kv-compact: start l0=1 inputs=1 range=281 l0only=0
kv-compact: end bytes=14 ms=18 l0=0 l1=26 rc=0
kv-compact: start l0=1 inputs=1 range=282 l0only=0
kv-compact: end bytes=14 ms=18 l0=0 l1=27 rc=0
kv-compact: start l0=1 inputs=1 range=283 l0only=0
kv-compact: end bytes=14 ms=19 l0=0 l1=28 rc=0
kv-compact: start l0=1 inputs=1 range=284 l0only=0
kv-compact: end bytes=14 ms=16 l0=0 l1=29 rc=0
kv-compact: start l0=1 inputs=1 range=285 l0only=0
kv-compact: end bytes=14 ms=17 l0=0 l1=30 rc=0
kv-compact: start l0=1 inputs=1 range=286 l0only=0
kv-compact: end bytes=14 ms=16 l0=0 l1=31 rc=0
kv-compact: start l0=1 inputs=1 range=287 l0only=0
kv-compact: end bytes=14 ms=21 l0=0 l1=32 rc=0
kv-compact: start l0=1 inputs=1 range=288 l0only=0
kv-compact: end bytes=14 ms=19 l0=0 l1=33 rc=0
kv-compact: start l0=1 inputs=1 range=289 l0only=0
kv-compact: end bytes=14 ms=19 l0=0 l1=34 rc=0
kv-compact: start l0=1 inputs=1 range=290 l0only=0
kv-compact: end bytes=14 ms=19 l0=0 l1=35 rc=0
kv-compact: start l0=1 inputs=1 range=291 l0only=0
kv-compact: end bytes=14 ms=17 l0=0 l1=36 rc=0
kv-compact: start l0=1 inputs=1 range=292 l0only=0
kv-compact: end bytes=14 ms=21 l0=0 l1=37 rc=0
kv-compact: start l0=1 inputs=1 range=293 l0only=0
kv-compact: end bytes=14 ms=15 l0=0 l1=38 rc=0
kv-compact: start l0=1 inputs=1 range=294 l0only=0
kv-compact: end bytes=14 ms=21 l0=0 l1=39 rc=0
kv-compact: start l0=1 inputs=1 range=295 l0only=0
kv-compact: end bytes=14 ms=17 l0=0 l1=40 rc=0
kv-compact: start l0=1 inputs=1 range=296 l0only=0
kv-compact: end bytes=14 ms=14 l0=0 l1=41 rc=0
kv-compact: start l0=1 inputs=1 range=297 l0only=0
kv-compact: end bytes=14 ms=18 l0=0 l1=42 rc=0
kv-compact: start l0=1 inputs=1 range=298 l0only=0
kv-compact: end bytes=14 ms=19 l0=0 l1=43 rc=0
kv-compact: start l0=1 inputs=1 range=299 l0only=0
kv-compact: end bytes=14 ms=16 l0=0 l1=44 rc=0
kv-compact: start l0=1 inputs=1 range=300 l0only=0
kv-compact: end bytes=14 ms=20 l0=0 l1=45 rc=0
kv-compact: start l0=1 inputs=1 range=301 l0only=0
kv-compact: end bytes=14 ms=19 l0=0 l1=46 rc=0
kv-compact: start l0=1 inputs=1 range=302 l0only=0
kv-compact: end bytes=14 ms=22 l0=0 l1=47 rc=0
kv-compact: start l0=1 inputs=1 range=303 l0only=0
kv-compact: end bytes=14 ms=18 l0=0 l1=48 rc=0
kv-compact: start l0=1 inputs=1 range=304 l0only=0
kv-compact: end bytes=14 ms=15 l0=0 l1=49 rc=0
kv-compact: start l0=1 inputs=1 range=305 l0only=0
kv-compact: end bytes=14 ms=19 l0=0 l1=50 rc=0
kv-compact: start l0=1 inputs=1 range=306 l0only=0
kv-compact: end bytes=14 ms=20 l0=0 l1=51 rc=0
kv-compact: start l0=1 inputs=1 range=307 l0only=0
kv-compact: end bytes=14 ms=18 l0=0 l1=52 rc=0
kv-compact: start l0=1 inputs=1 range=308 l0only=0
kv-compact: end bytes=14 ms=17 l0=0 l1=53 rc=0
kv-compact: start l0=1 inputs=1 range=309 l0only=0
kv-compact: end bytes=14 ms=19 l0=0 l1=54 rc=0
kv-compact: start l0=1 inputs=1 range=310 l0only=0
kv-compact: end bytes=14 ms=21 l0=0 l1=55 rc=0
kv-compact: start l0=1 inputs=1 range=311 l0only=0
kv-compact: end bytes=14 ms=17 l0=0 l1=56 rc=0
kv-compact: start l0=1 inputs=1 range=312 l0only=0
kv-compact: end bytes=14 ms=18 l0=0 l1=57 rc=0
kv-compact: start l0=1 inputs=1 range=313 l0only=0
kv-compact: end bytes=14 ms=16 l0=0 l1=58 rc=0
kv-compact: start l0=1 inputs=1 range=314 l0only=0
kv-compact: end bytes=14 ms=19 l0=0 l1=59 rc=0
kv-compact: start l0=1 inputs=1 range=315 l0only=0
kv-compact: end bytes=14 ms=18 l0=0 l1=60 rc=0
kv-compact: start l0=1 inputs=1 range=316 l0only=0
kv-compact: end bytes=14 ms=17 l0=0 l1=61 rc=0
kv-compact: start l0=1 inputs=1 range=317 l0only=0
kv-compact: end bytes=14 ms=17 l0=0 l1=62 rc=0
kv-compact: start l0=1 inputs=1 range=318 l0only=0
kv-compact: end bytes=14 ms=19 l0=0 l1=63 rc=0
kv-compact: start l0=1 inputs=1 range=319 l0only=0
kv-compact: end bytes=14 ms=23 l0=0 l1=64 rc=0
kv-compact: start l0=1 inputs=1 range=320 l0only=0
kv-compact: end bytes=14 ms=17 l0=0 l1=65 rc=0
kv-compact: start l0=1 inputs=1 range=321 l0only=0
kv-compact: end bytes=14 ms=18 l0=0 l1=66 rc=0
kv-compact: start l0=1 inputs=1 range=322 l0only=0
kv-compact: end bytes=14 ms=16 l0=0 l1=67 rc=0
kv-compact: start l0=1 inputs=1 range=323 l0only=0
kv-compact: end bytes=14 ms=23 l0=0 l1=68 rc=0
kv-compact: start l0=1 inputs=1 range=324 l0only=0
kv-compact: end bytes=14 ms=18 l0=0 l1=69 rc=0
kv-compact: start l0=1 inputs=1 range=325 l0only=0
kv-compact: end bytes=14 ms=16 l0=0 l1=70 rc=0
kv-compact: start l0=1 inputs=1 range=326 l0only=0
kv-compact: end bytes=14 ms=18 l0=0 l1=71 rc=0
kv-compact: start l0=1 inputs=1 range=327 l0only=0
kv-compact: end bytes=14 ms=16 l0=0 l1=72 rc=0
kv-compact: start l0=1 inputs=1 range=328 l0only=0
kv-compact: end bytes=14 ms=19 l0=0 l1=73 rc=0
kv-compact: start l0=1 inputs=1 range=329 l0only=0
kv-compact: end bytes=14 ms=15 l0=0 l1=74 rc=0
kv-compact: start l0=1 inputs=1 range=330 l0only=0
kv-compact: end bytes=14 ms=15 l0=0 l1=75 rc=0
kv-compact: start l0=1 inputs=1 range=331 l0only=0
kv-compact: end bytes=14 ms=18 l0=0 l1=76 rc=0
kv-compact: start l0=1 inputs=1 range=332 l0only=0
kv-compact: end bytes=14 ms=19 l0=0 l1=77 rc=0
kv-compact: start l0=1 inputs=1 range=333 l0only=0
kv-compact: end bytes=14 ms=19 l0=0 l1=78 rc=0
kv-compact: start l0=1 inputs=1 range=334 l0only=0
kv-compact: end bytes=14 ms=18 l0=0 l1=79 rc=0
kv-compact: start l0=1 inputs=1 range=335 l0only=0
kv-compact: end bytes=14 ms=20 l0=0 l1=80 rc=0
kv-compact: start l0=2 inputs=1 range=356 l0only=0
kv-compact: end bytes=19 ms=17 l0=1 l1=1 rc=0
kv-compact: start l0=2 inputs=1 range=356 l0only=0
kv-compact: end bytes=19 ms=20 l0=1 l1=2 rc=0
kv-compact: start l0=2 inputs=1 range=356 l0only=0
kv-compact: end bytes=19 ms=16 l0=1 l1=3 rc=0
kv-compact: start l0=2 inputs=1 range=356 l0only=0
kv-compact: end bytes=19 ms=24 l0=1 l1=4 rc=0
kv-compact: start l0=2 inputs=1 range=356 l0only=0
kv-compact: end bytes=19 ms=17 l0=1 l1=5 rc=0
kv-compact: start l0=2 inputs=1 range=356 l0only=0
kv-compact: end bytes=19 ms=18 l0=1 l1=6 rc=0
kv-compact: start l0=2 inputs=1 range=356 l0only=0
kv-compact: end bytes=19 ms=15 l0=1 l1=7 rc=0
kv-compact: start l0=2 inputs=1 range=356 l0only=0
kv-compact: end bytes=19 ms=18 l0=1 l1=8 rc=0
kv-compact: start l0=2 inputs=1 range=356 l0only=0
kv-compact: end bytes=19 ms=16 l0=1 l1=9 rc=0
kv-compact: start l0=2 inputs=1 range=367 l0only=0
kv-compact: end bytes=18 ms=16 l0=1 l1=10 rc=0
kv-compact: start l0=2 inputs=2 range=356 l0only=0
kv-compact: end bytes=38 ms=19 l0=0 l1=11 rc=0
kv-compact: start l0=2 inputs=2 range=356 l0only=0
kv-compact: end bytes=38 ms=20 l0=0 l1=12 rc=0
kv-compact: start l0=2 inputs=2 range=356 l0only=0
kv-compact: end bytes=38 ms=23 l0=0 l1=13 rc=0
kv-compact: start l0=2 inputs=2 range=356 l0only=0
kv-compact: end bytes=38 ms=17 l0=0 l1=14 rc=0
kv-compact: start l0=3 inputs=3 range=356 l0only=0
kv-compact: end bytes=57 ms=17 l0=0 l1=15 rc=0
kv-compact: start l0=1 inputs=1 range=354 l0only=0
kv-compact: start l0=2 inputs=1 range=256 l0only=0
kv-compact: end bytes=18 ms=18 l0=1 l1=1 rc=0
kv-compact: start l0=1 inputs=1 range=383 l0only=0
kv-compact: end bytes=18 ms=13 l0=0 l1=2 rc=0
kv-compact: start l0=1 inputs=1 range=256 l0only=0
kv-compact: end bytes=18 ms=18 l0=0 l1=3 rc=0
test_kv_lsm: OK
fault hooks absent from normal client and daemon PASS
