Evidence directory: /data1/efs/gc-direct-k6kn4ysg
node 1 listening PASS
node 2 listening PASS
node 3 listening PASS
node 4 listening PASS
raft-mkfs rc=0 leader_hint=1 index=2 salt=9228523197186829880
client serving PASS
Unmounting /data1/efs/gc-direct-k6kn4ysg/mnt
Retiring drained efs-fuse PID 3406508 for /data1/efs/gc-direct-k6kn4ysg/mnt
Unmounted /data1/efs/gc-direct-k6kn4ysg/mnt
client serving PASS
small-file cold verification with zero staging-identity fallback PASS
peer mounted PASS
Unmounting /data1/efs/gc-direct-k6kn4ysg/peer
Retiring drained efs-fuse PID 3407876 for /data1/efs/gc-direct-k6kn4ysg/peer
Unmounted /data1/efs/gc-direct-k6kn4ysg/peer
two-peer adjacent writes and repeated folds complete
fragment files present PASS
span-only truncate then physical reclaim PASS
span-only truncate then physical reclaim PASS
span-only truncate then physical reclaim PASS
span-only truncate then physical reclaim PASS
span-only truncate then physical reclaim PASS
span-only truncate then physical reclaim PASS
span-only truncate then physical reclaim PASS
span-only truncate then physical reclaim PASS
span-only truncate then physical reclaim PASS
span-only truncate then physical reclaim PASS
span-only truncate then physical reclaim PASS
span-only truncate then physical reclaim PASS
fragment files present PASS
GC runs while hardlink remains PASS
hardlink protects stored fragments PASS
GC runs while unlinked inode is open PASS
open unlinked inode retains readable/writable fragments PASS
last close physically reclaims fragments PASS
GC passes, removal bytes and quota reflect last-close deletion PASS
closed-unlinked inode allocated bytes: 15249408 -> 0 PASS
fragment files present PASS
valid late-PUT control accepted on live inode by every member PASS
disk failure visible PASS
failed fragment remains on disk pending retry PASS
Unmounting /data1/efs/gc-direct-k6kn4ysg/mnt
Retiring drained efs-fuse PID 3407051 for /data1/efs/gc-direct-k6kn4ysg/mnt
Unmounted /data1/efs/gc-direct-k6kn4ysg/mnt
node 1 listening PASS
node 2 listening PASS
node 3 listening PASS
node 4 listening PASS
restart without client reclaims pending fragments PASS
Traceback (most recent call last):
  File "/data1/efs/gates30-src/tests/live/gc_reclamation.py", line 803, in <module>
    time.sleep(2);assert blocked.exists()
    ^^^^^^^^^^^^^^^^^^^^^^^^^^^^^^^^^^^^^^
  File "/data1/efs/gates30-src/tests/live/gc_reclamation.py", line 106, in wait
    (work/'failed-status.json').write_text(json.dumps(status(),indent=2))
    ^^^^^^^^^^^^^^^^^^^^^^^^^^^^^^^^^^^^^^^^
AssertionError: leader reap and fragment queues drain timed out
