gcc -O3 -g -fno-omit-frame-pointer -march=native -mtune=native -std=c99 -Wall -Wextra -D_GNU_SOURCE -Wno-stringop-truncation -Wno-format-truncation -DEFS_BUILD_ID='"d02c087cb3ac-dirty"' -DEFS_VERSION='"v0.1.0-pre-alpha-136-gd02c087c-dirty"' -DEFS_GIT_BRANCH='"devel"' -DEFS_BUILD_TIME='"2026-10-07T08:44:36Z"'  -I/usr/include/fuse3 -Iinclude -Isrc/common -Ideps/blake3 -c -o src/client/efs_fuse.o src/client/efs_fuse.c
gcc -O3 -g -fno-omit-frame-pointer -march=native -mtune=native -std=c99 -Wall -Wextra -D_GNU_SOURCE -Wno-stringop-truncation -Wno-format-truncation -DEFS_BUILD_ID='"d02c087cb3ac-dirty"' -DEFS_VERSION='"v0.1.0-pre-alpha-136-gd02c087c-dirty"' -DEFS_GIT_BRANCH='"devel"' -DEFS_BUILD_TIME='"2026-10-07T08:44:36Z"'  -Iinclude -Isrc/common -Ideps/blake3 -c -o src/common/publication.o src/common/publication.c
gcc -O3 -g -fno-omit-frame-pointer -march=native -mtune=native -std=c99 -Wall -Wextra -D_GNU_SOURCE -Wno-stringop-truncation -Wno-format-truncation -DEFS_BUILD_ID='"d02c087cb3ac-dirty"' -DEFS_VERSION='"v0.1.0-pre-alpha-136-gd02c087c-dirty"' -DEFS_GIT_BRANCH='"devel"' -DEFS_BUILD_TIME='"2026-10-07T08:44:36Z"'  -Iinclude -Isrc/common -Ideps/blake3 -c -o src/common/publication_ack.o src/common/publication_ack.c
gcc -O3 -g -fno-omit-frame-pointer -march=native -mtune=native -std=c99 -Wall -Wextra -D_GNU_SOURCE -Wno-stringop-truncation -Wno-format-truncation -DEFS_BUILD_ID='"d02c087cb3ac-dirty"' -DEFS_VERSION='"v0.1.0-pre-alpha-136-gd02c087c-dirty"' -DEFS_GIT_BRANCH='"devel"' -DEFS_BUILD_TIME='"2026-10-07T08:44:36Z"'  -Iinclude -Isrc/common -Ideps/blake3 -c -o src/common/common.o src/common/common.c
gcc -O3 -g -fno-omit-frame-pointer -march=native -mtune=native -std=c99 -Wall -Wextra -D_GNU_SOURCE -Wno-stringop-truncation -Wno-format-truncation -DEFS_BUILD_ID='"d02c087cb3ac-dirty"' -DEFS_VERSION='"v0.1.0-pre-alpha-136-gd02c087c-dirty"' -DEFS_GIT_BRANCH='"devel"' -DEFS_BUILD_TIME='"2026-10-07T08:44:36Z"'  -Iinclude -Isrc/common -Ideps/blake3 -c -o src/common/log_ts.o src/common/log_ts.c
gcc -O3 -g -fno-omit-frame-pointer -march=native -mtune=native -std=c99 -Wall -Wextra -D_GNU_SOURCE -Wno-stringop-truncation -Wno-format-truncation -DEFS_BUILD_ID='"d02c087cb3ac-dirty"' -DEFS_VERSION='"v0.1.0-pre-alpha-136-gd02c087c-dirty"' -DEFS_GIT_BRANCH='"devel"' -DEFS_BUILD_TIME='"2026-10-07T08:44:36Z"'  -Iinclude -Isrc/common -Ideps/blake3 -c -o src/common/version.o src/common/version.c
gcc -O3 -g -fno-omit-frame-pointer -march=native -mtune=native -std=c99 -Wall -Wextra -D_GNU_SOURCE -Wno-stringop-truncation -Wno-format-truncation -DEFS_BUILD_ID='"d02c087cb3ac-dirty"' -DEFS_VERSION='"v0.1.0-pre-alpha-136-gd02c087c-dirty"' -DEFS_GIT_BRANCH='"devel"' -DEFS_BUILD_TIME='"2026-10-07T08:44:36Z"'  -Iinclude -Isrc/common -Ideps/blake3 -c -o src/common/protocol.o src/common/protocol.c
gcc -O3 -g -fno-omit-frame-pointer -march=native -mtune=native -std=c99 -Wall -Wextra -D_GNU_SOURCE -Wno-stringop-truncation -Wno-format-truncation -DEFS_BUILD_ID='"d02c087cb3ac-dirty"' -DEFS_VERSION='"v0.1.0-pre-alpha-136-gd02c087c-dirty"' -DEFS_GIT_BRANCH='"devel"' -DEFS_BUILD_TIME='"2026-10-07T08:44:36Z"'  -Iinclude -Isrc/common -Ideps/blake3 -c -o src/wire/wire.o src/wire/wire.c
gcc -O3 -g -fno-omit-frame-pointer -march=native -mtune=native -std=c99 -Wall -Wextra -D_GNU_SOURCE -Wno-stringop-truncation -Wno-format-truncation -DEFS_BUILD_ID='"d02c087cb3ac-dirty"' -DEFS_VERSION='"v0.1.0-pre-alpha-136-gd02c087c-dirty"' -DEFS_GIT_BRANCH='"devel"' -DEFS_BUILD_TIME='"2026-10-07T08:44:36Z"'  -Iinclude -Isrc/common -Ideps/blake3 -c -o src/data/erasure.o src/data/erasure.c
gcc -O3 -g -fno-omit-frame-pointer -march=native -mtune=native -std=c99 -Wall -Wextra -D_GNU_SOURCE -Wno-stringop-truncation -Wno-format-truncation -DEFS_BUILD_ID='"d02c087cb3ac-dirty"' -DEFS_VERSION='"v0.1.0-pre-alpha-136-gd02c087c-dirty"' -DEFS_GIT_BRANCH='"devel"' -DEFS_BUILD_TIME='"2026-10-07T08:44:36Z"'  -Iinclude -Isrc/common -Ideps/blake3 -c -o src/data/store_mem.o src/data/store_mem.c
gcc -O3 -g -fno-omit-frame-pointer -march=native -mtune=native -std=c99 -Wall -Wextra -D_GNU_SOURCE -Wno-stringop-truncation -Wno-format-truncation -DEFS_BUILD_ID='"d02c087cb3ac-dirty"' -DEFS_VERSION='"v0.1.0-pre-alpha-136-gd02c087c-dirty"' -DEFS_GIT_BRANCH='"devel"' -DEFS_BUILD_TIME='"2026-10-07T08:44:36Z"'  -Iinclude -Isrc/common -Ideps/blake3 -c -o src/data/transport_loop.o src/data/transport_loop.c
gcc -O3 -g -fno-omit-frame-pointer -march=native -mtune=native -std=c99 -Wall -Wextra -D_GNU_SOURCE -Wno-stringop-truncation -Wno-format-truncation -DEFS_BUILD_ID='"d02c087cb3ac-dirty"' -DEFS_VERSION='"v0.1.0-pre-alpha-136-gd02c087c-dirty"' -DEFS_GIT_BRANCH='"devel"' -DEFS_BUILD_TIME='"2026-10-07T08:44:36Z"'  -Iinclude -Isrc/common -Ideps/blake3 -c -o src/data/transport_conn.o src/data/transport_conn.c
gcc -O3 -g -fno-omit-frame-pointer -march=native -mtune=native -std=c99 -Wall -Wextra -D_GNU_SOURCE -Wno-stringop-truncation -Wno-format-truncation -DEFS_BUILD_ID='"d02c087cb3ac-dirty"' -DEFS_VERSION='"v0.1.0-pre-alpha-136-gd02c087c-dirty"' -DEFS_GIT_BRANCH='"devel"' -DEFS_BUILD_TIME='"2026-10-07T08:44:36Z"'  -Iinclude -Isrc/common -Ideps/blake3 -c -o src/kv/kv_mem.o src/kv/kv_mem.c
gcc -O3 -g -fno-omit-frame-pointer -march=native -mtune=native -std=c99 -Wall -Wextra -D_GNU_SOURCE -Wno-stringop-truncation -Wno-format-truncation -DEFS_BUILD_ID='"d02c087cb3ac-dirty"' -DEFS_VERSION='"v0.1.0-pre-alpha-136-gd02c087c-dirty"' -DEFS_GIT_BRANCH='"devel"' -DEFS_BUILD_TIME='"2026-10-07T08:44:36Z"'  -Iinclude -Isrc/common -Ideps/blake3 -c -o src/kv/kv_key.o src/kv/kv_key.c
gcc -O3 -g -fno-omit-frame-pointer -march=native -mtune=native -std=c99 -Wall -Wextra -D_GNU_SOURCE -Wno-stringop-truncation -Wno-format-truncation -DEFS_BUILD_ID='"d02c087cb3ac-dirty"' -DEFS_VERSION='"v0.1.0-pre-alpha-136-gd02c087c-dirty"' -DEFS_GIT_BRANCH='"devel"' -DEFS_BUILD_TIME='"2026-10-07T08:44:36Z"'  -Iinclude -Isrc/common -Ideps/blake3 -c -o src/kv/kv_lsm.o src/kv/kv_lsm.c
gcc -O3 -g -fno-omit-frame-pointer -march=native -mtune=native -std=c99 -Wall -Wextra -D_GNU_SOURCE -Wno-stringop-truncation -Wno-format-truncation -DEFS_BUILD_ID='"d02c087cb3ac-dirty"' -DEFS_VERSION='"v0.1.0-pre-alpha-136-gd02c087c-dirty"' -DEFS_GIT_BRANCH='"devel"' -DEFS_BUILD_TIME='"2026-10-07T08:44:36Z"'  -Iinclude -Isrc/common -Ideps/blake3 -c -o src/kv/kv_compact.o src/kv/kv_compact.c
gcc -O3 -g -fno-omit-frame-pointer -march=native -mtune=native -std=c99 -Wall -Wextra -D_GNU_SOURCE -Wno-stringop-truncation -Wno-format-truncation -DEFS_BUILD_ID='"d02c087cb3ac-dirty"' -DEFS_VERSION='"v0.1.0-pre-alpha-136-gd02c087c-dirty"' -DEFS_GIT_BRANCH='"devel"' -DEFS_BUILD_TIME='"2026-10-07T08:44:36Z"'  -Iinclude -Isrc/common -Ideps/blake3 -c -o src/kv/kv_wal.o src/kv/kv_wal.c
gcc -O3 -g -fno-omit-frame-pointer -march=native -mtune=native -std=c99 -Wall -Wextra -D_GNU_SOURCE -Wno-stringop-truncation -Wno-format-truncation -DEFS_BUILD_ID='"d02c087cb3ac-dirty"' -DEFS_VERSION='"v0.1.0-pre-alpha-136-gd02c087c-dirty"' -DEFS_GIT_BRANCH='"devel"' -DEFS_BUILD_TIME='"2026-10-07T08:44:36Z"'  -Iinclude -Isrc/common -Ideps/blake3 -c -o src/kv/kv_seg.o src/kv/kv_seg.c
gcc -O3 -g -fno-omit-frame-pointer -march=native -mtune=native -std=c99 -Wall -Wextra -D_GNU_SOURCE -Wno-stringop-truncation -Wno-format-truncation -DEFS_BUILD_ID='"d02c087cb3ac-dirty"' -DEFS_VERSION='"v0.1.0-pre-alpha-136-gd02c087c-dirty"' -DEFS_GIT_BRANCH='"devel"' -DEFS_BUILD_TIME='"2026-10-07T08:44:36Z"'  -Iinclude -Isrc/common -Ideps/blake3 -c -o src/kv/kv_snap.o src/kv/kv_snap.c
gcc -O3 -g -fno-omit-frame-pointer -march=native -mtune=native -std=c99 -Wall -Wextra -D_GNU_SOURCE -Wno-stringop-truncation -Wno-format-truncation -DEFS_BUILD_ID='"d02c087cb3ac-dirty"' -DEFS_VERSION='"v0.1.0-pre-alpha-136-gd02c087c-dirty"' -DEFS_GIT_BRANCH='"devel"' -DEFS_BUILD_TIME='"2026-10-07T08:44:36Z"'  -Iinclude -Isrc/common -Ideps/blake3 -c -o src/meta/metadata.o src/meta/metadata.c
gcc -O3 -g -fno-omit-frame-pointer -march=native -mtune=native -std=c99 -Wall -Wextra -D_GNU_SOURCE -Wno-stringop-truncation -Wno-format-truncation -DEFS_BUILD_ID='"d02c087cb3ac-dirty"' -DEFS_VERSION='"v0.1.0-pre-alpha-136-gd02c087c-dirty"' -DEFS_GIT_BRANCH='"devel"' -DEFS_BUILD_TIME='"2026-10-07T08:44:36Z"'  -Iinclude -Isrc/common -Ideps/blake3 -c -o src/meta/meta_apply.o src/meta/meta_apply.c
gcc -O3 -g -fno-omit-frame-pointer -march=native -mtune=native -std=c99 -Wall -Wextra -D_GNU_SOURCE -Wno-stringop-truncation -Wno-format-truncation -DEFS_BUILD_ID='"d02c087cb3ac-dirty"' -DEFS_VERSION='"v0.1.0-pre-alpha-136-gd02c087c-dirty"' -DEFS_GIT_BRANCH='"devel"' -DEFS_BUILD_TIME='"2026-10-07T08:44:36Z"'  -Iinclude -Isrc/common -Ideps/blake3 -c -o src/meta/txn.o src/meta/txn.c
gcc -O3 -g -fno-omit-frame-pointer -march=native -mtune=native -std=c99 -Wall -Wextra -D_GNU_SOURCE -Wno-stringop-truncation -Wno-format-truncation -DEFS_BUILD_ID='"d02c087cb3ac-dirty"' -DEFS_VERSION='"v0.1.0-pre-alpha-136-gd02c087c-dirty"' -DEFS_GIT_BRANCH='"devel"' -DEFS_BUILD_TIME='"2026-10-07T08:44:36Z"'  -Iinclude -Isrc/common -Ideps/blake3 -c -o src/meta/session.o src/meta/session.c
gcc -O3 -g -fno-omit-frame-pointer -march=native -mtune=native -std=c99 -Wall -Wextra -D_GNU_SOURCE -Wno-stringop-truncation -Wno-format-truncation -DEFS_BUILD_ID='"d02c087cb3ac-dirty"' -DEFS_VERSION='"v0.1.0-pre-alpha-136-gd02c087c-dirty"' -DEFS_GIT_BRANCH='"devel"' -DEFS_BUILD_TIME='"2026-10-07T08:44:36Z"'  -Iinclude -Isrc/common -Ideps/blake3 -c -o src/meta/lock.o src/meta/lock.c
gcc -O3 -g -fno-omit-frame-pointer -march=native -mtune=native -std=c99 -Wall -Wextra -D_GNU_SOURCE -Wno-stringop-truncation -Wno-format-truncation -DEFS_BUILD_ID='"d02c087cb3ac-dirty"' -DEFS_VERSION='"v0.1.0-pre-alpha-136-gd02c087c-dirty"' -DEFS_GIT_BRANCH='"devel"' -DEFS_BUILD_TIME='"2026-10-07T08:44:36Z"'  -Iinclude -Isrc/common -Ideps/blake3 -c -o src/meta/dir_layout.o src/meta/dir_layout.c
gcc -O3 -g -fno-omit-frame-pointer -march=native -mtune=native -std=c99 -Wall -Wextra -D_GNU_SOURCE -Wno-stringop-truncation -Wno-format-truncation -DEFS_BUILD_ID='"d02c087cb3ac-dirty"' -DEFS_VERSION='"v0.1.0-pre-alpha-136-gd02c087c-dirty"' -DEFS_GIT_BRANCH='"devel"' -DEFS_BUILD_TIME='"2026-10-07T08:44:36Z"'  -Iinclude -Isrc/common -Ideps/blake3 -c -o src/meta/dir_spread.o src/meta/dir_spread.c
gcc -O3 -g -fno-omit-frame-pointer -march=native -mtune=native -std=c99 -Wall -Wextra -D_GNU_SOURCE -Wno-stringop-truncation -Wno-format-truncation -DEFS_BUILD_ID='"d02c087cb3ac-dirty"' -DEFS_VERSION='"v0.1.0-pre-alpha-136-gd02c087c-dirty"' -DEFS_GIT_BRANCH='"devel"' -DEFS_BUILD_TIME='"2026-10-07T08:44:36Z"'  -Iinclude -Isrc/common -Ideps/blake3 -c -o src/sim/opid.o src/sim/opid.c
gcc -O3 -g -fno-omit-frame-pointer -march=native -mtune=native -std=c99 -Wall -Wextra -D_GNU_SOURCE -Wno-stringop-truncation -Wno-format-truncation -DEFS_BUILD_ID='"d02c087cb3ac-dirty"' -DEFS_VERSION='"v0.1.0-pre-alpha-136-gd02c087c-dirty"' -DEFS_GIT_BRANCH='"devel"' -DEFS_BUILD_TIME='"2026-10-07T08:44:36Z"'  -Iinclude -Isrc/common -Ideps/blake3 -c -o src/raft/raft.o src/raft/raft.c
gcc -O3 -g -fno-omit-frame-pointer -march=native -mtune=native -std=c99 -Wall -Wextra -D_GNU_SOURCE -Wno-stringop-truncation -Wno-format-truncation -DEFS_BUILD_ID='"d02c087cb3ac-dirty"' -DEFS_VERSION='"v0.1.0-pre-alpha-136-gd02c087c-dirty"' -DEFS_GIT_BRANCH='"devel"' -DEFS_BUILD_TIME='"2026-10-07T08:44:36Z"'  -Iinclude -Isrc/common -Ideps/blake3 -c -o src/raft/raft_mem.o src/raft/raft_mem.c
gcc -O3 -g -fno-omit-frame-pointer -march=native -mtune=native -std=c99 -Wall -Wextra -D_GNU_SOURCE -Wno-stringop-truncation -Wno-format-truncation -DEFS_BUILD_ID='"d02c087cb3ac-dirty"' -DEFS_VERSION='"v0.1.0-pre-alpha-136-gd02c087c-dirty"' -DEFS_GIT_BRANCH='"devel"' -DEFS_BUILD_TIME='"2026-10-07T08:44:36Z"'  -Iinclude -Isrc/common -Ideps/blake3 -c -o src/raft/raft_disk.o src/raft/raft_disk.c
gcc -O3 -g -fno-omit-frame-pointer -march=native -mtune=native -std=c99 -Wall -Wextra -D_GNU_SOURCE -Wno-stringop-truncation -Wno-format-truncation -DEFS_BUILD_ID='"d02c087cb3ac-dirty"' -DEFS_VERSION='"v0.1.0-pre-alpha-136-gd02c087c-dirty"' -DEFS_GIT_BRANCH='"devel"' -DEFS_BUILD_TIME='"2026-10-07T08:44:36Z"'  -Iinclude -Isrc/common -Ideps/blake3 -c -o src/raft/raft_log.o src/raft/raft_log.c
gcc -O3 -g -fno-omit-frame-pointer -march=native -mtune=native -std=c99 -Wall -Wextra -D_GNU_SOURCE -Wno-stringop-truncation -Wno-format-truncation -DEFS_BUILD_ID='"d02c087cb3ac-dirty"' -DEFS_VERSION='"v0.1.0-pre-alpha-136-gd02c087c-dirty"' -DEFS_GIT_BRANCH='"devel"' -DEFS_BUILD_TIME='"2026-10-07T08:44:36Z"'  -Iinclude -Isrc/common -Ideps/blake3 -c -o src/common/placement.o src/common/placement.c
gcc -O3 -g -fno-omit-frame-pointer -march=native -mtune=native -std=c99 -Wall -Wextra -D_GNU_SOURCE -Wno-stringop-truncation -Wno-format-truncation -DEFS_BUILD_ID='"d02c087cb3ac-dirty"' -DEFS_VERSION='"v0.1.0-pre-alpha-136-gd02c087c-dirty"' -DEFS_GIT_BRANCH='"devel"' -DEFS_BUILD_TIME='"2026-10-07T08:44:36Z"'  -Iinclude -Isrc/common -Ideps/blake3 -c -o src/common/checksum.o src/common/checksum.c
gcc -O3 -g -fno-omit-frame-pointer -march=native -mtune=native -std=c99 -Wall -Wextra -D_GNU_SOURCE -Wno-stringop-truncation -Wno-format-truncation -DEFS_BUILD_ID='"d02c087cb3ac-dirty"' -DEFS_VERSION='"v0.1.0-pre-alpha-136-gd02c087c-dirty"' -DEFS_GIT_BRANCH='"devel"' -DEFS_BUILD_TIME='"2026-10-07T08:44:36Z"'  -Iinclude -Isrc/common -Ideps/blake3 -c -o src/common/network.o src/common/network.c
gcc -O3 -g -fno-omit-frame-pointer -march=native -mtune=native -std=c99 -Wall -Wextra -D_GNU_SOURCE -Wno-stringop-truncation -Wno-format-truncation -DEFS_BUILD_ID='"d02c087cb3ac-dirty"' -DEFS_VERSION='"v0.1.0-pre-alpha-136-gd02c087c-dirty"' -DEFS_GIT_BRANCH='"devel"' -DEFS_BUILD_TIME='"2026-10-07T08:44:36Z"'  -Iinclude -Isrc/common -Ideps/blake3 -c -o src/common/rdma.o src/common/rdma.c
gcc -O3 -g -fno-omit-frame-pointer -march=native -mtune=native -std=c99 -Wall -Wextra -D_GNU_SOURCE -Wno-stringop-truncation -Wno-format-truncation -DEFS_BUILD_ID='"d02c087cb3ac-dirty"' -DEFS_VERSION='"v0.1.0-pre-alpha-136-gd02c087c-dirty"' -DEFS_GIT_BRANCH='"devel"' -DEFS_BUILD_TIME='"2026-10-07T08:44:36Z"'  -Iinclude -Isrc/common -Ideps/blake3 -c -o deps/blake3/blake3.o deps/blake3/blake3.c
gcc -O3 -g -fno-omit-frame-pointer -march=native -mtune=native -std=c99 -Wall -Wextra -D_GNU_SOURCE -Wno-stringop-truncation -Wno-format-truncation -DEFS_BUILD_ID='"d02c087cb3ac-dirty"' -DEFS_VERSION='"v0.1.0-pre-alpha-136-gd02c087c-dirty"' -DEFS_GIT_BRANCH='"devel"' -DEFS_BUILD_TIME='"2026-10-07T08:44:36Z"'  -Iinclude -Isrc/common -Ideps/blake3 -c -o deps/blake3/blake3_portable.o deps/blake3/blake3_portable.c
gcc -O3 -g -fno-omit-frame-pointer -march=native -mtune=native -std=c99 -Wall -Wextra -D_GNU_SOURCE -Wno-stringop-truncation -Wno-format-truncation -DEFS_BUILD_ID='"d02c087cb3ac-dirty"' -DEFS_VERSION='"v0.1.0-pre-alpha-136-gd02c087c-dirty"' -DEFS_GIT_BRANCH='"devel"' -DEFS_BUILD_TIME='"2026-10-07T08:44:36Z"'  -Iinclude -Isrc/common -Ideps/blake3 -c -o deps/blake3/blake3_dispatch.o deps/blake3/blake3_dispatch.c
gcc -O3 -g -fno-omit-frame-pointer -march=native -mtune=native -std=c99 -Wall -Wextra -D_GNU_SOURCE -Wno-stringop-truncation -Wno-format-truncation -DEFS_BUILD_ID='"d02c087cb3ac-dirty"' -DEFS_VERSION='"v0.1.0-pre-alpha-136-gd02c087c-dirty"' -DEFS_GIT_BRANCH='"devel"' -DEFS_BUILD_TIME='"2026-10-07T08:44:36Z"'  -Iinclude -Isrc/common -Ideps/blake3 -msse2 -c -o deps/blake3/blake3_sse2.o deps/blake3/blake3_sse2.c
gcc -O3 -g -fno-omit-frame-pointer -march=native -mtune=native -std=c99 -Wall -Wextra -D_GNU_SOURCE -Wno-stringop-truncation -Wno-format-truncation -DEFS_BUILD_ID='"d02c087cb3ac-dirty"' -DEFS_VERSION='"v0.1.0-pre-alpha-136-gd02c087c-dirty"' -DEFS_GIT_BRANCH='"devel"' -DEFS_BUILD_TIME='"2026-10-07T08:44:36Z"'  -Iinclude -Isrc/common -Ideps/blake3 -msse4.1 -c -o deps/blake3/blake3_sse41.o deps/blake3/blake3_sse41.c
gcc -O3 -g -fno-omit-frame-pointer -march=native -mtune=native -std=c99 -Wall -Wextra -D_GNU_SOURCE -Wno-stringop-truncation -Wno-format-truncation -DEFS_BUILD_ID='"d02c087cb3ac-dirty"' -DEFS_VERSION='"v0.1.0-pre-alpha-136-gd02c087c-dirty"' -DEFS_GIT_BRANCH='"devel"' -DEFS_BUILD_TIME='"2026-10-07T08:44:36Z"'  -Iinclude -Isrc/common -Ideps/blake3 -mavx2 -maes -c -o deps/blake3/blake3_avx2.o deps/blake3/blake3_avx2.c
gcc -O3 -g -fno-omit-frame-pointer -march=native -mtune=native -std=c99 -Wall -Wextra -D_GNU_SOURCE -Wno-stringop-truncation -Wno-format-truncation -DEFS_BUILD_ID='"d02c087cb3ac-dirty"' -DEFS_VERSION='"v0.1.0-pre-alpha-136-gd02c087c-dirty"' -DEFS_GIT_BRANCH='"devel"' -DEFS_BUILD_TIME='"2026-10-07T08:44:36Z"'  -Iinclude -Isrc/common -Ideps/blake3 -mavx512f -mavx512vl -c -o deps/blake3/blake3_avx512.o deps/blake3/blake3_avx512.c
gcc -O3 -g -fno-omit-frame-pointer -march=native -mtune=native -std=c99 -Wall -Wextra -D_GNU_SOURCE -Wno-stringop-truncation -Wno-format-truncation -DEFS_BUILD_ID='"d02c087cb3ac-dirty"' -DEFS_VERSION='"v0.1.0-pre-alpha-136-gd02c087c-dirty"' -DEFS_GIT_BRANCH='"devel"' -DEFS_BUILD_TIME='"2026-10-07T08:44:36Z"'  -Iinclude -Isrc/common -Ideps/blake3 -c -o src/client/client.o src/client/client.c
gcc -O3 -g -fno-omit-frame-pointer -march=native -mtune=native -std=c99 -Wall -Wextra -D_GNU_SOURCE -Wno-stringop-truncation -Wno-format-truncation -DEFS_BUILD_ID='"d02c087cb3ac-dirty"' -DEFS_VERSION='"v0.1.0-pre-alpha-136-gd02c087c-dirty"' -DEFS_GIT_BRANCH='"devel"' -DEFS_BUILD_TIME='"2026-10-07T08:44:36Z"'  -Iinclude -Isrc/common -Ideps/blake3 -c -o src/client/ops.o src/client/ops.c
gcc -O3 -g -fno-omit-frame-pointer -march=native -mtune=native -std=c99 -Wall -Wextra -D_GNU_SOURCE -Wno-stringop-truncation -Wno-format-truncation -DEFS_BUILD_ID='"d02c087cb3ac-dirty"' -DEFS_VERSION='"v0.1.0-pre-alpha-136-gd02c087c-dirty"' -DEFS_GIT_BRANCH='"devel"' -DEFS_BUILD_TIME='"2026-10-07T08:44:36Z"'  -Iinclude -Isrc/common -Ideps/blake3 -c -o src/client/read.o src/client/read.c
gcc -O3 -g -fno-omit-frame-pointer -march=native -mtune=native -std=c99 -Wall -Wextra -D_GNU_SOURCE -Wno-stringop-truncation -Wno-format-truncation -DEFS_BUILD_ID='"d02c087cb3ac-dirty"' -DEFS_VERSION='"v0.1.0-pre-alpha-136-gd02c087c-dirty"' -DEFS_GIT_BRANCH='"devel"' -DEFS_BUILD_TIME='"2026-10-07T08:44:36Z"'  -Iinclude -Isrc/common -Ideps/blake3 -c -o src/client/write.o src/client/write.c
gcc -O3 -g -fno-omit-frame-pointer -march=native -mtune=native -std=c99 -Wall -Wextra -D_GNU_SOURCE -Wno-stringop-truncation -Wno-format-truncation -DEFS_BUILD_ID='"d02c087cb3ac-dirty"' -DEFS_VERSION='"v0.1.0-pre-alpha-136-gd02c087c-dirty"' -DEFS_GIT_BRANCH='"devel"' -DEFS_BUILD_TIME='"2026-10-07T08:44:36Z"'  -Iinclude -Isrc/common -Ideps/blake3 -c -o src/client/bufpool.o src/client/bufpool.c
gcc -O3 -g -fno-omit-frame-pointer -march=native -mtune=native -std=c99 -Wall -Wextra -D_GNU_SOURCE -Wno-stringop-truncation -Wno-format-truncation -DEFS_BUILD_ID='"d02c087cb3ac-dirty"' -DEFS_VERSION='"v0.1.0-pre-alpha-136-gd02c087c-dirty"' -DEFS_GIT_BRANCH='"devel"' -DEFS_BUILD_TIME='"2026-10-07T08:44:36Z"'  -Iinclude -Isrc/common -Ideps/blake3 -c -o src/client/writer_state.o src/client/writer_state.c
gcc -O3 -g -fno-omit-frame-pointer -march=native -mtune=native -std=c99 -Wall -Wextra -D_GNU_SOURCE -Wno-stringop-truncation -Wno-format-truncation -DEFS_BUILD_ID='"d02c087cb3ac-dirty"' -DEFS_VERSION='"v0.1.0-pre-alpha-136-gd02c087c-dirty"' -DEFS_GIT_BRANCH='"devel"' -DEFS_BUILD_TIME='"2026-10-07T08:44:36Z"'  -Iinclude -Isrc/common -Ideps/blake3 -c -o src/client/publication_ack_owner.o src/client/publication_ack_owner.c
gcc -O3 -g -fno-omit-frame-pointer -march=native -mtune=native -std=c99 -Wall -Wextra -D_GNU_SOURCE -Wno-stringop-truncation -Wno-format-truncation -DEFS_BUILD_ID='"d02c087cb3ac-dirty"' -DEFS_VERSION='"v0.1.0-pre-alpha-136-gd02c087c-dirty"' -DEFS_GIT_BRANCH='"devel"' -DEFS_BUILD_TIME='"2026-10-07T08:44:36Z"'  -Iinclude -Isrc/common -Ideps/blake3 -c -o src/client/inode_rpc.o src/client/inode_rpc.c
gcc -O3 -g -fno-omit-frame-pointer -march=native -mtune=native -std=c99 -Wall -Wextra -D_GNU_SOURCE -Wno-stringop-truncation -Wno-format-truncation -DEFS_BUILD_ID='"d02c087cb3ac-dirty"' -DEFS_VERSION='"v0.1.0-pre-alpha-136-gd02c087c-dirty"' -DEFS_GIT_BRANCH='"devel"' -DEFS_BUILD_TIME='"2026-10-07T08:44:36Z"'  -Iinclude -Isrc/common -Ideps/blake3 -c -o src/client/stage_evict.o src/client/stage_evict.c
gcc -O3 -g -fno-omit-frame-pointer -march=native -mtune=native -std=c99 -Wall -Wextra -D_GNU_SOURCE -Wno-stringop-truncation -Wno-format-truncation -DEFS_BUILD_ID='"d02c087cb3ac-dirty"' -DEFS_VERSION='"v0.1.0-pre-alpha-136-gd02c087c-dirty"' -DEFS_GIT_BRANCH='"devel"' -DEFS_BUILD_TIME='"2026-10-07T08:44:36Z"'  -Iinclude -Isrc/common -Ideps/blake3 -c -o src/client/node_cache.o src/client/node_cache.c
ar rcs libefs.a src/common/publication.o src/common/publication_ack.o src/common/common.o src/common/log_ts.o src/common/version.o src/common/protocol.o src/wire/wire.o src/data/erasure.o src/data/store_mem.o src/data/transport_loop.o src/data/transport_conn.o src/kv/kv_mem.o src/kv/kv_key.o src/kv/kv_lsm.o src/kv/kv_compact.o src/kv/kv_wal.o src/kv/kv_seg.o src/kv/kv_snap.o src/meta/metadata.o src/meta/meta_apply.o src/meta/txn.o src/meta/session.o src/meta/lock.o src/meta/dir_layout.o src/meta/dir_spread.o src/sim/opid.o src/raft/raft.o src/raft/raft_mem.o src/raft/raft_disk.o src/raft/raft_log.o src/common/placement.o src/common/checksum.o src/common/network.o src/common/rdma.o deps/blake3/blake3.o deps/blake3/blake3_portable.o deps/blake3/blake3_dispatch.o deps/blake3/blake3_sse2.o deps/blake3/blake3_sse41.o deps/blake3/blake3_avx2.o deps/blake3/blake3_avx512.o src/client/client.o src/client/ops.o src/client/read.o src/client/write.o src/client/bufpool.o src/client/writer_state.o src/client/publication_ack_owner.o src/client/inode_rpc.o src/client/stage_evict.o src/client/node_cache.o
gcc -O3 -g -fno-omit-frame-pointer -march=native -mtune=native -std=c99 -Wall -Wextra -D_GNU_SOURCE -Wno-stringop-truncation -Wno-format-truncation -DEFS_BUILD_ID='"d02c087cb3ac-dirty"' -DEFS_VERSION='"v0.1.0-pre-alpha-136-gd02c087c-dirty"' -DEFS_GIT_BRANCH='"devel"' -DEFS_BUILD_TIME='"2026-10-07T08:44:36Z"'  -Iinclude -Isrc/common -Ideps/blake3 -I/usr/include/fuse3 -o efs-fuse src/client/efs_fuse.o libefs.a -lpthread -lm -ldl -libverbs -lfuse3 -lpthread
readdir reply: count/cursor limits, output retention, late admission and failed buffer cleanup PASS
Unmounting /data1/efs/mnt2
Retiring drained efs-fuse PID 147139 for /data1/efs/mnt2
Unmounted /data1/efs/mnt2
Unmounting /data1/efs/mnt
Retiring drained efs-fuse PID 147103 for /data1/efs/mnt
Unmounted /data1/efs/mnt
n1 already running (pid 113185)
n2 already running (pid 113208)
n3 already running (pid 113381)
n4 already running (pid 113435)
already formatted (rm /data1/efs/.mkfs-done + wipe n* to redo)
Stop with: /data1/efs/src/scripts/client.sh stop /data1/efs/mnt
Logging efs-fuse to /data1/efs/efs-fuse-mnt.log
Mounted /data1/efs/mnt
Stop with: /data1/efs/src/scripts/client.sh stop /data1/efs/mnt2
Logging efs-fuse to /data1/efs/efs-fuse-mnt2.log
Mounted /data1/efs/mnt2
nuc-efs up: n1..n4 on 127.0.0.1:17432/17433/17434/17435, mounted at /data1/efs/mnt + /data1/efs/mnt2
113185 /data1/efs/src/efsd --node-id 1 --addr 127.0.0.1 --port 17432 --storage /data1/efs/n1 --quota 187.5G --direct-io
113208 /data1/efs/src/efsd --node-id 2 --addr 127.0.0.1 --port 17433 --storage /data1/efs/n2 --quota 187.5G --direct-io --join 127.0.0.1:17432
113381 /data1/efs/src/efsd --node-id 3 --addr 127.0.0.1 --port 17434 --storage /data2/efs/n3 --quota 187.5G --direct-io --join 127.0.0.1:17432
113435 /data1/efs/src/efsd --node-id 4 --addr 127.0.0.1 --port 17435 --storage /data2/efs/n4 --quota 187.5G --direct-io --join 127.0.0.1:17432
901b83438e36aa367b5a37a39c44a27683ef60c4d1d741042d4527902e126fa2  efs-fuse
parallel 4 tests jobs=4 (serial 0 after)
pass dir_readdir_listing             
pass rename_readdir_lookup_consistent
pass concurrent_write_and_readdir    
pass dir_readdir_while_unlink        
============================================================
POSIX suite: 4/4 pass, 0 fail, 0 skip, 0 notrun  (4.2s)
wrote /data1/efs/logs/posix-20261007-044444.tsv
results: /data1/efs/logs/posix-20261007-044444.tsv
prepared /data1/efs/mnt/posix-2c-20261007-044449 (64 testdirs)
pass peer_listdir_siblings           
pass peer_listdir_after_unlink       
============================================================
POSIX 2-client: 2/2 pass, 0 fail  (3.0s)
wrote /data1/efs/logs/posix2c-20261007-044449.tsv
results: /data1/efs/logs/posix2c-20261007-044449.tsv
round 26: client live gates PASS
