2026-10-05T04:06:32.828Z heartbeat: enabled (2000 ms interval)
2026-10-05T04:06:32.908Z raft-obs: wait_timeouts=0 pump_hold_max=1us lock_wait_max=1us drain_max=1us tick_max=0us apply_max=0us persist_max=0us applies_in_worst=0 arc_miss=0 arc_term_miss=0 opid_replay=0 fin_q=0 fin_done=0 fin_drop=0 fin_full=0 pub_p50=0us pub_max=0us inbox_drop=0
2026-10-05T04:06:32.908Z kv-obs: mt_bytes=0 l0_bytes=0 l0=0 l1=0
2026-10-05T04:06:32.908Z raft-host: up raft_id=0 n=3 boot=1128923885549850 salt=12847282735202439865 g0=hosted g2=hosted
2026-10-05T04:06:32.908Z efsd node 1 listening on 127.0.0.1:19550, storage=/var/tmp/w23-scratch/s1 (1 paths, stripe=none), used=0, quota=4294967296, direct_io=off, writers=1 shared, build=dca87c71c235-dirty
2026-10-05T04:06:32.915Z raft-obs: wait_timeouts=0 pump_hold_max=2us lock_wait_max=1us drain_max=2us tick_max=0us apply_max=0us persist_max=1us applies_in_worst=0 arc_miss=0 arc_term_miss=0 opid_replay=0 fin_q=0 fin_done=0 fin_drop=0 fin_full=0 pub_p50=0us pub_max=0us inbox_drop=0
2026-10-05T04:06:32.921Z raft-obs: wait_timeouts=0 pump_hold_max=1us lock_wait_max=74us drain_max=0us tick_max=1us apply_max=0us persist_max=0us applies_in_worst=0 arc_miss=0 arc_term_miss=0 opid_replay=0 fin_q=0 fin_done=0 fin_drop=0 fin_full=0 pub_p50=0us pub_max=0us inbox_drop=0
2026-10-05T04:06:32.936Z raft-obs: wait_timeouts=0 pump_hold_max=1us lock_wait_max=1us drain_max=0us tick_max=1us apply_max=0us persist_max=0us applies_in_worst=0 arc_miss=0 arc_term_miss=0 opid_replay=0 fin_q=0 fin_done=0 fin_drop=0 fin_full=0 pub_p50=0us pub_max=0us inbox_drop=0
2026-10-05T04:06:32.941Z raft-obs: wait_timeouts=0 pump_hold_max=1us lock_wait_max=0us drain_max=1us tick_max=0us apply_max=0us persist_max=0us applies_in_worst=0 arc_miss=0 arc_term_miss=0 opid_replay=0 fin_q=0 fin_done=0 fin_drop=0 fin_full=0 pub_p50=0us pub_max=0us inbox_drop=0
2026-10-05T04:06:32.946Z raft-obs: wait_timeouts=0 pump_hold_max=1us lock_wait_max=0us drain_max=1us tick_max=0us apply_max=0us persist_max=0us applies_in_worst=0 arc_miss=0 arc_term_miss=0 opid_replay=0 fin_q=0 fin_done=0 fin_drop=0 fin_full=0 pub_p50=0us pub_max=0us inbox_drop=0
2026-10-05T04:06:32.951Z raft-obs: wait_timeouts=0 pump_hold_max=1us lock_wait_max=0us drain_max=1us tick_max=0us apply_max=0us persist_max=0us applies_in_worst=0 arc_miss=0 arc_term_miss=0 opid_replay=0 fin_q=0 fin_done=0 fin_drop=0 fin_full=0 pub_p50=0us pub_max=0us inbox_drop=0
2026-10-05T04:06:32.956Z raft-obs: wait_timeouts=0 pump_hold_max=1us lock_wait_max=0us drain_max=1us tick_max=0us apply_max=0us persist_max=0us applies_in_worst=0 arc_miss=0 arc_term_miss=0 opid_replay=0 fin_q=0 fin_done=0 fin_drop=0 fin_full=0 pub_p50=0us pub_max=0us inbox_drop=0
2026-10-05T04:06:32.977Z raft-obs: wait_timeouts=0 pump_hold_max=1us lock_wait_max=0us drain_max=1us tick_max=0us apply_max=0us persist_max=1us applies_in_worst=0 arc_miss=0 arc_term_miss=0 opid_replay=0 fin_q=0 fin_done=0 fin_drop=0 fin_full=0 pub_p50=0us pub_max=0us inbox_drop=0
2026-10-05T04:06:32.987Z raft-obs: wait_timeouts=0 pump_hold_max=2us lock_wait_max=1us drain_max=1us tick_max=1us apply_max=0us persist_max=0us applies_in_worst=0 arc_miss=0 arc_term_miss=0 opid_replay=0 fin_q=0 fin_done=0 fin_drop=0 fin_full=0 pub_p50=0us pub_max=0us inbox_drop=0
2026-10-05T04:06:32.996Z raft-obs: wait_timeouts=0 pump_hold_max=2us lock_wait_max=1us drain_max=2us tick_max=0us apply_max=0us persist_max=0us applies_in_worst=0 arc_miss=0 arc_term_miss=0 opid_replay=0 fin_q=0 fin_done=0 fin_drop=0 fin_full=0 pub_p50=0us pub_max=0us inbox_drop=0
2026-10-05T04:06:33.003Z raft-obs: wait_timeouts=0 pump_hold_max=2us lock_wait_max=0us drain_max=1us tick_max=1us apply_max=0us persist_max=0us applies_in_worst=0 arc_miss=0 arc_term_miss=0 opid_replay=0 fin_q=0 fin_done=0 fin_drop=0 fin_full=0 pub_p50=0us pub_max=0us inbox_drop=0
2026-10-05T04:06:33.016Z raft-obs: wait_timeouts=0 pump_hold_max=2us lock_wait_max=0us drain_max=1us tick_max=1us apply_max=0us persist_max=0us applies_in_worst=0 arc_miss=0 arc_term_miss=0 opid_replay=0 fin_q=0 fin_done=0 fin_drop=0 fin_full=0 pub_p50=0us pub_max=0us inbox_drop=0
2026-10-05T04:06:33.022Z raft-obs: wait_timeouts=0 pump_hold_max=2us lock_wait_max=1us drain_max=1us tick_max=1us apply_max=0us persist_max=0us applies_in_worst=0 arc_miss=0 arc_term_miss=0 opid_replay=0 fin_q=0 fin_done=0 fin_drop=0 fin_full=0 pub_p50=0us pub_max=0us inbox_drop=0
2026-10-05T04:06:33.027Z raft-obs: wait_timeouts=0 pump_hold_max=1us lock_wait_max=0us drain_max=0us tick_max=1us apply_max=0us persist_max=1us applies_in_worst=0 arc_miss=0 arc_term_miss=0 opid_replay=0 fin_q=0 fin_done=0 fin_drop=0 fin_full=0 pub_p50=0us pub_max=0us inbox_drop=0
2026-10-05T04:06:33.032Z raft-obs: wait_timeouts=0 pump_hold_max=1us lock_wait_max=0us drain_max=0us tick_max=1us apply_max=0us persist_max=1us applies_in_worst=0 arc_miss=0 arc_term_miss=0 opid_replay=0 fin_q=0 fin_done=0 fin_drop=0 fin_full=0 pub_p50=0us pub_max=0us inbox_drop=0
2026-10-05T04:06:33.064Z raft-obs: wait_timeouts=0 pump_hold_max=1us lock_wait_max=1us drain_max=1us tick_max=0us apply_max=0us persist_max=0us applies_in_worst=0 arc_miss=0 arc_term_miss=0 opid_replay=0 fin_q=0 fin_done=0 fin_drop=0 fin_full=0 pub_p50=0us pub_max=0us inbox_drop=0
2026-10-05T04:06:33.074Z raft-obs: wait_timeouts=0 pump_hold_max=1us lock_wait_max=0us drain_max=1us tick_max=0us apply_max=0us persist_max=0us applies_in_worst=0 arc_miss=0 arc_term_miss=0 opid_replay=0 fin_q=0 fin_done=0 fin_drop=0 fin_full=0 pub_p50=0us pub_max=0us inbox_drop=0
2026-10-05T04:06:33.080Z raft-obs: wait_timeouts=0 pump_hold_max=1us lock_wait_max=0us drain_max=1us tick_max=0us apply_max=0us persist_max=0us applies_in_worst=0 arc_miss=0 arc_term_miss=0 opid_replay=0 fin_q=0 fin_done=0 fin_drop=0 fin_full=0 pub_p50=0us pub_max=0us inbox_drop=0
2026-10-05T04:06:33.090Z raft-obs: wait_timeouts=0 pump_hold_max=1us lock_wait_max=0us drain_max=1us tick_max=0us apply_max=0us persist_max=0us applies_in_worst=0 arc_miss=0 arc_term_miss=0 opid_replay=0 fin_q=0 fin_done=0 fin_drop=0 fin_full=0 pub_p50=0us pub_max=0us inbox_drop=0
2026-10-05T04:06:33.096Z raft-obs: wait_timeouts=0 pump_hold_max=1us lock_wait_max=0us drain_max=1us tick_max=0us apply_max=0us persist_max=0us applies_in_worst=0 arc_miss=0 arc_term_miss=0 opid_replay=0 fin_q=0 fin_done=0 fin_drop=0 fin_full=0 pub_p50=0us pub_max=0us inbox_drop=0
2026-10-05T04:06:33.117Z raft-obs: wait_timeouts=0 pump_hold_max=1us lock_wait_max=1us drain_max=1us tick_max=0us apply_max=0us persist_max=1us applies_in_worst=0 arc_miss=0 arc_term_miss=0 opid_replay=0 fin_q=0 fin_done=0 fin_drop=0 fin_full=0 pub_p50=0us pub_max=0us inbox_drop=0
2026-10-05T04:06:33.123Z raft-obs: wait_timeouts=0 pump_hold_max=1us lock_wait_max=0us drain_max=0us tick_max=1us apply_max=0us persist_max=0us applies_in_worst=0 arc_miss=0 arc_term_miss=0 opid_replay=0 fin_q=0 fin_done=0 fin_drop=0 fin_full=0 pub_p50=0us pub_max=0us inbox_drop=0
2026-10-05T04:06:33.128Z raft-obs: wait_timeouts=0 pump_hold_max=1us lock_wait_max=0us drain_max=0us tick_max=1us apply_max=0us persist_max=0us applies_in_worst=0 arc_miss=0 arc_term_miss=0 opid_replay=0 fin_q=0 fin_done=0 fin_drop=0 fin_full=0 pub_p50=0us pub_max=0us inbox_drop=0
2026-10-05T04:06:33.134Z raft-obs: wait_timeouts=0 pump_hold_max=1us lock_wait_max=0us drain_max=1us tick_max=0us apply_max=0us persist_max=0us applies_in_worst=0 arc_miss=0 arc_term_miss=0 opid_replay=0 fin_q=0 fin_done=0 fin_drop=0 fin_full=0 pub_p50=0us pub_max=0us inbox_drop=0
2026-10-05T04:06:33.139Z raft-obs: wait_timeouts=0 pump_hold_max=1us lock_wait_max=0us drain_max=1us tick_max=0us apply_max=0us persist_max=0us applies_in_worst=0 arc_miss=0 arc_term_miss=0 opid_replay=0 fin_q=0 fin_done=0 fin_drop=0 fin_full=0 pub_p50=0us pub_max=0us inbox_drop=0
2026-10-05T04:06:33.176Z raft-obs: wait_timeouts=0 pump_hold_max=1us lock_wait_max=1us drain_max=1us tick_max=0us apply_max=0us persist_max=1us applies_in_worst=0 arc_miss=0 arc_term_miss=0 opid_replay=0 fin_q=0 fin_done=0 fin_drop=0 fin_full=0 pub_p50=0us pub_max=0us inbox_drop=0
2026-10-05T04:06:33.197Z raft-obs: wait_timeouts=0 pump_hold_max=1us lock_wait_max=1us drain_max=1us tick_max=0us apply_max=0us persist_max=1us applies_in_worst=0 arc_miss=0 arc_term_miss=0 opid_replay=0 fin_q=0 fin_done=0 fin_drop=0 fin_full=0 pub_p50=0us pub_max=0us inbox_drop=0
2026-10-05T04:06:33.207Z raft-obs: wait_timeouts=0 pump_hold_max=1us lock_wait_max=0us drain_max=0us tick_max=1us apply_max=0us persist_max=1us applies_in_worst=0 arc_miss=0 arc_term_miss=0 opid_replay=0 fin_q=0 fin_done=0 fin_drop=0 fin_full=0 pub_p50=0us pub_max=0us inbox_drop=0
2026-10-05T04:06:33.213Z raft-obs: wait_timeouts=0 pump_hold_max=1us lock_wait_max=0us drain_max=0us tick_max=1us apply_max=0us persist_max=0us applies_in_worst=0 arc_miss=0 arc_term_miss=0 opid_replay=0 fin_q=0 fin_done=0 fin_drop=0 fin_full=0 pub_p50=0us pub_max=0us inbox_drop=0
2026-10-05T04:06:33.223Z raft-obs: wait_timeouts=0 pump_hold_max=2us lock_wait_max=1us drain_max=1us tick_max=1us apply_max=0us persist_max=0us applies_in_worst=0 arc_miss=0 arc_term_miss=0 opid_replay=0 fin_q=0 fin_done=0 fin_drop=0 fin_full=0 pub_p50=0us pub_max=0us inbox_drop=0
2026-10-05T04:06:33.229Z raft-obs: wait_timeouts=0 pump_hold_max=1us lock_wait_max=0us drain_max=1us tick_max=0us apply_max=0us persist_max=1us applies_in_worst=0 arc_miss=0 arc_term_miss=0 opid_replay=0 fin_q=0 fin_done=0 fin_drop=0 fin_full=0 pub_p50=0us pub_max=0us inbox_drop=0
2026-10-05T04:06:33.239Z raft-obs: wait_timeouts=0 pump_hold_max=1us lock_wait_max=0us drain_max=1us tick_max=0us apply_max=0us persist_max=0us applies_in_worst=0 arc_miss=0 arc_term_miss=0 opid_replay=0 fin_q=0 fin_done=0 fin_drop=0 fin_full=0 pub_p50=0us pub_max=0us inbox_drop=0
2026-10-05T04:06:33.255Z raft-obs: wait_timeouts=0 pump_hold_max=1us lock_wait_max=1us drain_max=1us tick_max=0us apply_max=0us persist_max=1us applies_in_worst=0 arc_miss=0 arc_term_miss=0 opid_replay=0 fin_q=0 fin_done=0 fin_drop=0 fin_full=0 pub_p50=0us pub_max=0us inbox_drop=0
2026-10-05T04:06:33.260Z raft-obs: wait_timeouts=0 pump_hold_max=1us lock_wait_max=0us drain_max=1us tick_max=0us apply_max=0us persist_max=0us applies_in_worst=0 arc_miss=0 arc_term_miss=0 opid_replay=0 fin_q=0 fin_done=0 fin_drop=0 fin_full=0 pub_p50=0us pub_max=0us inbox_drop=0
2026-10-05T04:06:33.265Z raft-obs: wait_timeouts=0 pump_hold_max=1us lock_wait_max=0us drain_max=0us tick_max=1us apply_max=0us persist_max=0us applies_in_worst=0 arc_miss=0 arc_term_miss=0 opid_replay=0 fin_q=0 fin_done=0 fin_drop=0 fin_full=0 pub_p50=0us pub_max=0us inbox_drop=0
2026-10-05T04:06:33.270Z raft-obs: wait_timeouts=0 pump_hold_max=1us lock_wait_max=1us drain_max=0us tick_max=1us apply_max=0us persist_max=0us applies_in_worst=0 arc_miss=0 arc_term_miss=0 opid_replay=0 fin_q=0 fin_done=0 fin_drop=0 fin_full=0 pub_p50=0us pub_max=0us inbox_drop=0
2026-10-05T04:06:33.275Z raft-obs: wait_timeouts=0 pump_hold_max=1us lock_wait_max=0us drain_max=0us tick_max=1us apply_max=0us persist_max=0us applies_in_worst=0 arc_miss=0 arc_term_miss=0 opid_replay=0 fin_q=0 fin_done=0 fin_drop=0 fin_full=0 pub_p50=0us pub_max=0us inbox_drop=0
2026-10-05T04:06:33.281Z raft-obs: wait_timeouts=0 pump_hold_max=1us lock_wait_max=0us drain_max=1us tick_max=0us apply_max=0us persist_max=0us applies_in_worst=0 arc_miss=0 arc_term_miss=0 opid_replay=0 fin_q=0 fin_done=0 fin_drop=0 fin_full=0 pub_p50=0us pub_max=0us inbox_drop=0
2026-10-05T04:06:33.286Z raft-obs: wait_timeouts=0 pump_hold_max=1us lock_wait_max=0us drain_max=1us tick_max=0us apply_max=0us persist_max=1us applies_in_worst=0 arc_miss=0 arc_term_miss=0 opid_replay=0 fin_q=0 fin_done=0 fin_drop=0 fin_full=0 pub_p50=0us pub_max=0us inbox_drop=0
2026-10-05T04:06:33.291Z raft-obs: wait_timeouts=0 pump_hold_max=1us lock_wait_max=1us drain_max=1us tick_max=0us apply_max=0us persist_max=0us applies_in_worst=0 arc_miss=0 arc_term_miss=0 opid_replay=0 fin_q=0 fin_done=0 fin_drop=0 fin_full=0 pub_p50=0us pub_max=0us inbox_drop=0
2026-10-05T04:06:33.301Z raft-obs: wait_timeouts=0 pump_hold_max=1us lock_wait_max=0us drain_max=1us tick_max=0us apply_max=0us persist_max=0us applies_in_worst=0 arc_miss=0 arc_term_miss=0 opid_replay=0 fin_q=0 fin_done=0 fin_drop=0 fin_full=0 pub_p50=0us pub_max=0us inbox_drop=0
2026-10-05T04:06:33.307Z raft-obs: wait_timeouts=0 pump_hold_max=1us lock_wait_max=0us drain_max=1us tick_max=0us apply_max=0us persist_max=0us applies_in_worst=0 arc_miss=0 arc_term_miss=0 opid_replay=0 fin_q=0 fin_done=0 fin_drop=0 fin_full=0 pub_p50=0us pub_max=0us inbox_drop=0
2026-10-05T04:06:33.317Z raft-obs: wait_timeouts=0 pump_hold_max=1us lock_wait_max=0us drain_max=1us tick_max=0us apply_max=0us persist_max=1us applies_in_worst=0 arc_miss=0 arc_term_miss=0 opid_replay=0 fin_q=0 fin_done=0 fin_drop=0 fin_full=0 pub_p50=0us pub_max=0us inbox_drop=0
2026-10-05T04:06:33.329Z raft-obs: wait_timeouts=0 pump_hold_max=1us lock_wait_max=0us drain_max=1us tick_max=0us apply_max=0us persist_max=1us applies_in_worst=0 arc_miss=0 arc_term_miss=0 opid_replay=0 fin_q=0 fin_done=0 fin_drop=0 fin_full=0 pub_p50=0us pub_max=0us inbox_drop=0
2026-10-05T04:06:33.334Z raft-obs: wait_timeouts=0 pump_hold_max=1us lock_wait_max=0us drain_max=1us tick_max=0us apply_max=0us persist_max=0us applies_in_worst=0 arc_miss=0 arc_term_miss=0 opid_replay=0 fin_q=0 fin_done=0 fin_drop=0 fin_full=0 pub_p50=0us pub_max=0us inbox_drop=0
2026-10-05T04:06:33.339Z raft-obs: wait_timeouts=0 pump_hold_max=15us lock_wait_max=0us drain_max=15us tick_max=0us apply_max=0us persist_max=1us applies_in_worst=0 arc_miss=0 arc_term_miss=0 opid_replay=0 fin_q=0 fin_done=0 fin_drop=0 fin_full=0 pub_p50=0us pub_max=0us inbox_drop=0
2026-10-05T04:06:33.351Z raft-obs: wait_timeouts=0 pump_hold_max=1us lock_wait_max=0us drain_max=1us tick_max=0us apply_max=0us persist_max=0us applies_in_worst=0 arc_miss=0 arc_term_miss=0 opid_replay=0 fin_q=0 fin_done=0 fin_drop=0 fin_full=0 pub_p50=0us pub_max=0us inbox_drop=0
2026-10-05T04:06:33.361Z raft-obs: wait_timeouts=0 pump_hold_max=1us lock_wait_max=1us drain_max=0us tick_max=1us apply_max=0us persist_max=1us applies_in_worst=0 arc_miss=0 arc_term_miss=0 opid_replay=0 fin_q=0 fin_done=0 fin_drop=0 fin_full=0 pub_p50=0us pub_max=0us inbox_drop=0
2026-10-05T04:06:33.366Z raft-obs: wait_timeouts=0 pump_hold_max=1us lock_wait_max=0us drain_max=1us tick_max=0us apply_max=0us persist_max=1us applies_in_worst=0 arc_miss=0 arc_term_miss=0 opid_replay=0 fin_q=0 fin_done=0 fin_drop=0 fin_full=0 pub_p50=0us pub_max=0us inbox_drop=0
2026-10-05T04:06:33.371Z raft-obs: wait_timeouts=0 pump_hold_max=1us lock_wait_max=0us drain_max=1us tick_max=0us apply_max=0us persist_max=0us applies_in_worst=0 arc_miss=0 arc_term_miss=0 opid_replay=0 fin_q=0 fin_done=0 fin_drop=0 fin_full=0 pub_p50=0us pub_max=0us inbox_drop=0
2026-10-05T04:06:33.381Z raft-obs: wait_timeouts=0 pump_hold_max=16us lock_wait_max=1us drain_max=16us tick_max=0us apply_max=0us persist_max=1us applies_in_worst=0 arc_miss=0 arc_term_miss=0 opid_replay=0 fin_q=0 fin_done=0 fin_drop=0 fin_full=0 pub_p50=0us pub_max=0us inbox_drop=0
2026-10-05T04:06:33.392Z raft-obs: wait_timeouts=0 pump_hold_max=1us lock_wait_max=0us drain_max=1us tick_max=0us apply_max=0us persist_max=1us applies_in_worst=0 arc_miss=0 arc_term_miss=0 opid_replay=0 fin_q=0 fin_done=0 fin_drop=0 fin_full=0 pub_p50=0us pub_max=0us inbox_drop=0
2026-10-05T04:06:33.397Z raft-obs: wait_timeouts=0 pump_hold_max=1us lock_wait_max=0us drain_max=0us tick_max=1us apply_max=0us persist_max=0us applies_in_worst=0 arc_miss=0 arc_term_miss=0 opid_replay=0 fin_q=0 fin_done=0 fin_drop=0 fin_full=0 pub_p50=0us pub_max=0us inbox_drop=0
2026-10-05T04:06:33.408Z raft-obs: wait_timeouts=0 pump_hold_max=1us lock_wait_max=1us drain_max=1us tick_max=0us apply_max=0us persist_max=0us applies_in_worst=0 arc_miss=0 arc_term_miss=0 opid_replay=0 fin_q=0 fin_done=0 fin_drop=0 fin_full=0 pub_p50=0us pub_max=0us inbox_drop=0
2026-10-05T04:06:33.413Z raft-obs: wait_timeouts=0 pump_hold_max=1us lock_wait_max=1us drain_max=1us tick_max=0us apply_max=0us persist_max=0us applies_in_worst=0 arc_miss=0 arc_term_miss=0 opid_replay=0 fin_q=0 fin_done=0 fin_drop=0 fin_full=0 pub_p50=0us pub_max=0us inbox_drop=0
2026-10-05T04:06:33.418Z raft-obs: wait_timeouts=0 pump_hold_max=1us lock_wait_max=1us drain_max=1us tick_max=0us apply_max=0us persist_max=0us applies_in_worst=0 arc_miss=0 arc_term_miss=0 opid_replay=0 fin_q=0 fin_done=0 fin_drop=0 fin_full=0 pub_p50=0us pub_max=0us inbox_drop=0
2026-10-05T04:06:33.423Z raft-obs: wait_timeouts=0 pump_hold_max=1us lock_wait_max=1us drain_max=1us tick_max=0us apply_max=0us persist_max=0us applies_in_worst=0 arc_miss=0 arc_term_miss=0 opid_replay=0 fin_q=0 fin_done=0 fin_drop=0 fin_full=0 pub_p50=0us pub_max=0us inbox_drop=0
2026-10-05T04:06:33.429Z raft-obs: wait_timeouts=0 pump_hold_max=1us lock_wait_max=0us drain_max=1us tick_max=0us apply_max=0us persist_max=0us applies_in_worst=0 arc_miss=0 arc_term_miss=0 opid_replay=0 fin_q=0 fin_done=0 fin_drop=0 fin_full=0 pub_p50=0us pub_max=0us inbox_drop=0
2026-10-05T04:06:33.446Z raft-obs: wait_timeouts=0 pump_hold_max=1us lock_wait_max=0us drain_max=1us tick_max=0us apply_max=0us persist_max=0us applies_in_worst=0 arc_miss=0 arc_term_miss=0 opid_replay=0 fin_q=0 fin_done=0 fin_drop=0 fin_full=0 pub_p50=0us pub_max=0us inbox_drop=0
2026-10-05T04:06:33.451Z raft-obs: wait_timeouts=0 pump_hold_max=1us lock_wait_max=0us drain_max=1us tick_max=0us apply_max=0us persist_max=0us applies_in_worst=0 arc_miss=0 arc_term_miss=0 opid_replay=0 fin_q=0 fin_done=0 fin_drop=0 fin_full=0 pub_p50=0us pub_max=0us inbox_drop=0
2026-10-05T04:06:33.462Z raft-obs: wait_timeouts=0 pump_hold_max=1us lock_wait_max=0us drain_max=1us tick_max=0us apply_max=0us persist_max=0us applies_in_worst=0 arc_miss=0 arc_term_miss=0 opid_replay=0 fin_q=0 fin_done=0 fin_drop=0 fin_full=0 pub_p50=0us pub_max=0us inbox_drop=0
2026-10-05T04:06:33.467Z raft-obs: wait_timeouts=0 pump_hold_max=1us lock_wait_max=0us drain_max=1us tick_max=0us apply_max=0us persist_max=1us applies_in_worst=0 arc_miss=0 arc_term_miss=0 opid_replay=0 fin_q=0 fin_done=0 fin_drop=0 fin_full=0 pub_p50=0us pub_max=0us inbox_drop=0
2026-10-05T04:06:33.482Z raft-obs: wait_timeouts=0 pump_hold_max=1us lock_wait_max=1us drain_max=0us tick_max=1us apply_max=0us persist_max=1us applies_in_worst=0 arc_miss=0 arc_term_miss=0 opid_replay=0 fin_q=0 fin_done=0 fin_drop=0 fin_full=0 pub_p50=0us pub_max=0us inbox_drop=0
2026-10-05T04:06:33.520Z raft-obs: g2 term 0->1 role FOLLOWER->CANDIDATE leader=-1 commit=0 applied=0 t=1791173193520ms
2026-10-05T04:06:33.520Z raft-obs: tx->1 enq=1 drop=0 sent=0 fail=0 hi=1 rtt_avg=0us get_avg=0us get_max=0ms
2026-10-05T04:06:33.520Z raft-obs: tx->2 enq=1 drop=0 sent=0 fail=0 hi=1 rtt_avg=0us get_avg=0us get_max=0ms
2026-10-05T04:06:33.520Z raft-obs: wait_timeouts=0 pump_hold_max=32092us lock_wait_max=0us drain_max=1us tick_max=32091us apply_max=0us persist_max=0us applies_in_worst=0 arc_miss=0 arc_term_miss=0 opid_replay=0 fin_q=0 fin_done=0 fin_drop=0 fin_full=0 pub_p50=0us pub_max=0us inbox_drop=0
2026-10-05T04:06:33.638Z raft-obs: g2 term 1->1 role CANDIDATE->LEADER leader=0 commit=0 applied=0 t=1791173193638ms
2026-10-05T04:06:33.714Z raft-obs: g0 term 0->1 role FOLLOWER->CANDIDATE leader=-1 commit=0 applied=0 t=1791173193714ms
2026-10-05T04:06:33.807Z raft-obs: g0 term 1->1 role CANDIDATE->LEADER leader=0 commit=0 applied=0 t=1791173193807ms
2026-10-05T04:06:34.340Z raft-host: apply-sleep us=178170 group=0 idx=2 applied=1
2026-10-05T04:06:34.474Z raft-host: apply-sleep us=110127 group=2 idx=2 applied=1
2026-10-05T04:06:35.257Z raft-host: apply-sleep us=46648 group=0 idx=6 applied=4
2026-10-05T04:06:35.534Z raft-host: apply-sleep us=277019 group=2 idx=4 applied=2
2026-10-05T04:06:35.756Z raft-host: apply-sleep us=154239 group=0 idx=7 applied=6
2026-10-05T04:06:35.932Z raft-host: apply-sleep us=24270 group=0 idx=8 applied=7
2026-10-05T04:06:36.077Z raft-host: apply-sleep us=145075 group=2 idx=5 applied=4
2026-10-05T04:06:36.376Z raft-host: apply-sleep us=42247 group=2 idx=6 applied=5
2026-10-05T04:06:36.497Z iostats: get ops=0 bytes=0 errors=0 avg_us=0 p50_us=0 max_us=0 put ops=321 bytes=21037056 errors=0 avg_us=3077 p50_us=821 max_us=29233 wdisk ops=321 bytes=21037056 errors=0 avg_us=64 p50_us=25 max_us=2397
2026-10-05T04:06:37.615Z raft-host: apply-sleep us=176170 group=2 idx=8 applied=7
2026-10-05T04:06:37.615Z report-split nrec=2048 pack_ms=0 push_ms=0 finish_ms=250 skip=0 stale=0 inval=0 rc=0 fail=-/0
2026-10-05T04:06:37.911Z kv-obs: mt_bytes=420175 l0_bytes=0 l0=0 l1=0
2026-10-05T04:06:38.063Z raft-host: gc-pass ms=76 reap=0 frag=0 spread=0 recover=76 fscans=0 fsegs=0 fkeys=0 femit=0 ftomb=0 scans=194 segs=0 keys=4 emit=0 tomb=4
2026-10-05T04:06:38.523Z raft-obs: tx->1 enq=147 drop=0 sent=134 fail=0 hi=5 rtt_avg=168us get_avg=2us get_max=0ms
2026-10-05T04:06:38.523Z raft-obs: tx->2 enq=149 drop=0 sent=109 fail=0 hi=5 rtt_avg=1549us get_avg=1us get_max=0ms
2026-10-05T04:06:38.523Z raft-obs: wait_timeouts=0 pump_hold_max=45952us lock_wait_max=100us drain_max=45951us tick_max=44754us apply_max=3996us persist_max=179914us applies_in_worst=2 arc_miss=0 arc_term_miss=0 opid_replay=0 fin_q=0 fin_done=0 fin_drop=0 fin_full=0 pub_p50=250722us pub_max=250722us inbox_drop=0
2026-10-05T04:06:39.150Z raft-host: gc-pass ms=74 reap=0 frag=0 spread=0 recover=74 fscans=0 fsegs=0 fkeys=0 femit=0 ftomb=0 scans=194 segs=0 keys=0 emit=0 tomb=0
2026-10-05T04:06:40.237Z raft-host: gc-pass ms=74 reap=0 frag=0 spread=0 recover=74 fscans=0 fsegs=0 fkeys=0 femit=0 ftomb=0 scans=194 segs=0 keys=0 emit=0 tomb=0
2026-10-05T04:06:41.330Z raft-host: gc-pass ms=74 reap=0 frag=0 spread=0 recover=74 fscans=0 fsegs=0 fkeys=0 femit=0 ftomb=0 scans=194 segs=0 keys=0 emit=0 tomb=0
2026-10-05T04:06:41.500Z iostats: get ops=0 bytes=0 errors=0 avg_us=0 p50_us=0 max_us=0 put ops=2048 bytes=134217728 errors=0 avg_us=4552 p50_us=620 max_us=85009 wdisk ops=2048 bytes=134217728 errors=0 avg_us=129 p50_us=34 max_us=23385
2026-10-05T04:06:42.418Z raft-host: gc-pass ms=74 reap=0 frag=0 spread=0 recover=74 fscans=0 fsegs=0 fkeys=0 femit=0 ftomb=0 scans=194 segs=0 keys=0 emit=0 tomb=0
2026-10-05T04:06:43.506Z raft-host: gc-pass ms=73 reap=0 frag=0 spread=0 recover=73 fscans=0 fsegs=0 fkeys=0 femit=0 ftomb=0 scans=194 segs=0 keys=0 emit=0 tomb=0
2026-10-05T04:06:43.523Z raft-obs: tx->1 enq=335 drop=0 sent=322 fail=0 hi=5 rtt_avg=119us get_avg=1us get_max=0ms
2026-10-05T04:06:43.523Z raft-obs: tx->2 enq=337 drop=0 sent=297 fail=0 hi=5 rtt_avg=623us get_avg=1us get_max=0ms
2026-10-05T04:06:43.523Z raft-obs: wait_timeouts=0 pump_hold_max=236us lock_wait_max=16us drain_max=36us tick_max=236us apply_max=0us persist_max=22us applies_in_worst=0 arc_miss=0 arc_term_miss=0 opid_replay=0 fin_q=0 fin_done=0 fin_drop=0 fin_full=0 pub_p50=250722us pub_max=0us inbox_drop=0
2026-10-05T04:06:44.594Z raft-host: gc-pass ms=74 reap=0 frag=0 spread=0 recover=74 fscans=0 fsegs=0 fkeys=0 femit=0 ftomb=0 scans=194 segs=0 keys=0 emit=0 tomb=0
2026-10-05T04:06:45.685Z raft-host: gc-pass ms=75 reap=0 frag=0 spread=0 recover=75 fscans=0 fsegs=0 fkeys=0 femit=0 ftomb=0 scans=194 segs=0 keys=0 emit=0 tomb=0
