2026-10-05T04:06:33.104Z Joined cluster with 2 nodes
2026-10-05T04:06:33.120Z heartbeat: enabled (2000 ms interval)
2026-10-05T04:06:33.177Z raft-obs: wait_timeouts=0 pump_hold_max=1us lock_wait_max=1us drain_max=1us tick_max=0us apply_max=0us persist_max=0us applies_in_worst=0 arc_miss=0 arc_term_miss=0 opid_replay=0 fin_q=0 fin_done=0 fin_drop=0 fin_full=0 pub_p50=0us pub_max=0us inbox_drop=0
2026-10-05T04:06:33.177Z kv-obs: mt_bytes=0 l0_bytes=0 l0=0 l1=0
2026-10-05T04:06:33.177Z raft-host: up raft_id=1 n=3 boot=1128786753529586 salt=1744633217630240135 g0=hosted g2=hosted
2026-10-05T04:06:33.177Z efsd node 2 listening on 127.0.0.1:19551, storage=/var/tmp/w23-scratch/s2 (1 paths, stripe=none), used=0, quota=4294967296, direct_io=off, writers=1 shared, build=dca87c71c235-dirty
2026-10-05T04:06:33.188Z raft-obs: wait_timeouts=0 pump_hold_max=1us lock_wait_max=0us drain_max=1us tick_max=0us apply_max=0us persist_max=0us applies_in_worst=0 arc_miss=0 arc_term_miss=0 opid_replay=0 fin_q=0 fin_done=0 fin_drop=0 fin_full=0 pub_p50=0us pub_max=0us inbox_drop=0
2026-10-05T04:06:33.193Z raft-obs: wait_timeouts=0 pump_hold_max=2us lock_wait_max=1us drain_max=1us tick_max=1us apply_max=0us persist_max=0us applies_in_worst=0 arc_miss=0 arc_term_miss=0 opid_replay=0 fin_q=0 fin_done=0 fin_drop=0 fin_full=0 pub_p50=0us pub_max=0us inbox_drop=0
2026-10-05T04:06:33.203Z raft-obs: wait_timeouts=0 pump_hold_max=1us lock_wait_max=0us drain_max=1us tick_max=0us apply_max=0us persist_max=0us applies_in_worst=0 arc_miss=0 arc_term_miss=0 opid_replay=0 fin_q=0 fin_done=0 fin_drop=0 fin_full=0 pub_p50=0us pub_max=0us inbox_drop=0
2026-10-05T04:06:33.210Z raft-obs: wait_timeouts=0 pump_hold_max=1us lock_wait_max=0us drain_max=1us tick_max=0us apply_max=0us persist_max=0us applies_in_worst=0 arc_miss=0 arc_term_miss=0 opid_replay=0 fin_q=0 fin_done=0 fin_drop=0 fin_full=0 pub_p50=0us pub_max=0us inbox_drop=0
2026-10-05T04:06:33.215Z raft-obs: wait_timeouts=0 pump_hold_max=1us lock_wait_max=0us drain_max=1us tick_max=0us apply_max=0us persist_max=0us applies_in_worst=0 arc_miss=0 arc_term_miss=0 opid_replay=0 fin_q=0 fin_done=0 fin_drop=0 fin_full=0 pub_p50=0us pub_max=0us inbox_drop=0
2026-10-05T04:06:33.225Z raft-obs: wait_timeouts=0 pump_hold_max=1us lock_wait_max=0us drain_max=1us tick_max=0us apply_max=0us persist_max=0us applies_in_worst=0 arc_miss=0 arc_term_miss=0 opid_replay=0 fin_q=0 fin_done=0 fin_drop=0 fin_full=0 pub_p50=0us pub_max=0us inbox_drop=0
2026-10-05T04:06:33.230Z raft-obs: wait_timeouts=0 pump_hold_max=1us lock_wait_max=0us drain_max=1us tick_max=0us apply_max=0us persist_max=0us applies_in_worst=0 arc_miss=0 arc_term_miss=0 opid_replay=0 fin_q=0 fin_done=0 fin_drop=0 fin_full=0 pub_p50=0us pub_max=0us inbox_drop=0
2026-10-05T04:06:33.241Z raft-obs: wait_timeouts=0 pump_hold_max=1us lock_wait_max=0us drain_max=0us tick_max=1us apply_max=0us persist_max=0us applies_in_worst=0 arc_miss=0 arc_term_miss=0 opid_replay=0 fin_q=0 fin_done=0 fin_drop=0 fin_full=0 pub_p50=0us pub_max=0us inbox_drop=0
2026-10-05T04:06:33.246Z raft-obs: wait_timeouts=0 pump_hold_max=1us lock_wait_max=0us drain_max=0us tick_max=1us apply_max=0us persist_max=0us applies_in_worst=0 arc_miss=0 arc_term_miss=0 opid_replay=0 fin_q=0 fin_done=0 fin_drop=0 fin_full=0 pub_p50=0us pub_max=0us inbox_drop=0
2026-10-05T04:06:33.262Z raft-obs: wait_timeouts=0 pump_hold_max=1us lock_wait_max=1us drain_max=0us tick_max=1us apply_max=0us persist_max=1us applies_in_worst=0 arc_miss=0 arc_term_miss=0 opid_replay=0 fin_q=0 fin_done=0 fin_drop=0 fin_full=0 pub_p50=0us pub_max=0us inbox_drop=0
2026-10-05T04:06:33.267Z raft-obs: wait_timeouts=0 pump_hold_max=1us lock_wait_max=0us drain_max=1us tick_max=0us apply_max=0us persist_max=0us applies_in_worst=0 arc_miss=0 arc_term_miss=0 opid_replay=0 fin_q=0 fin_done=0 fin_drop=0 fin_full=0 pub_p50=0us pub_max=0us inbox_drop=0
2026-10-05T04:06:33.273Z raft-obs: wait_timeouts=0 pump_hold_max=1us lock_wait_max=0us drain_max=1us tick_max=0us apply_max=0us persist_max=0us applies_in_worst=0 arc_miss=0 arc_term_miss=0 opid_replay=0 fin_q=0 fin_done=0 fin_drop=0 fin_full=0 pub_p50=0us pub_max=0us inbox_drop=0
2026-10-05T04:06:33.278Z raft-obs: wait_timeouts=0 pump_hold_max=1us lock_wait_max=1us drain_max=0us tick_max=1us apply_max=0us persist_max=0us applies_in_worst=0 arc_miss=0 arc_term_miss=0 opid_replay=0 fin_q=0 fin_done=0 fin_drop=0 fin_full=0 pub_p50=0us pub_max=0us inbox_drop=0
2026-10-05T04:06:33.283Z raft-obs: wait_timeouts=0 pump_hold_max=1us lock_wait_max=0us drain_max=1us tick_max=0us apply_max=0us persist_max=0us applies_in_worst=0 arc_miss=0 arc_term_miss=0 opid_replay=0 fin_q=0 fin_done=0 fin_drop=0 fin_full=0 pub_p50=0us pub_max=0us inbox_drop=0
2026-10-05T04:06:33.299Z raft-obs: wait_timeouts=0 pump_hold_max=1us lock_wait_max=1us drain_max=1us tick_max=0us apply_max=0us persist_max=0us applies_in_worst=0 arc_miss=0 arc_term_miss=0 opid_replay=0 fin_q=0 fin_done=0 fin_drop=0 fin_full=0 pub_p50=0us pub_max=0us inbox_drop=0
2026-10-05T04:06:33.310Z raft-obs: wait_timeouts=0 pump_hold_max=2us lock_wait_max=1us drain_max=1us tick_max=1us apply_max=0us persist_max=1us applies_in_worst=0 arc_miss=0 arc_term_miss=0 opid_replay=0 fin_q=0 fin_done=0 fin_drop=0 fin_full=0 pub_p50=0us pub_max=0us inbox_drop=0
2026-10-05T04:06:33.325Z raft-obs: wait_timeouts=0 pump_hold_max=1us lock_wait_max=1us drain_max=0us tick_max=1us apply_max=0us persist_max=1us applies_in_worst=0 arc_miss=0 arc_term_miss=0 opid_replay=0 fin_q=0 fin_done=0 fin_drop=0 fin_full=0 pub_p50=0us pub_max=0us inbox_drop=0
2026-10-05T04:06:33.330Z raft-obs: wait_timeouts=0 pump_hold_max=1us lock_wait_max=0us drain_max=1us tick_max=0us apply_max=0us persist_max=1us applies_in_worst=0 arc_miss=0 arc_term_miss=0 opid_replay=0 fin_q=0 fin_done=0 fin_drop=0 fin_full=0 pub_p50=0us pub_max=0us inbox_drop=0
2026-10-05T04:06:33.335Z raft-obs: wait_timeouts=0 pump_hold_max=1us lock_wait_max=0us drain_max=1us tick_max=0us apply_max=0us persist_max=0us applies_in_worst=0 arc_miss=0 arc_term_miss=0 opid_replay=0 fin_q=0 fin_done=0 fin_drop=0 fin_full=0 pub_p50=0us pub_max=0us inbox_drop=0
2026-10-05T04:06:33.341Z raft-obs: wait_timeouts=0 pump_hold_max=1us lock_wait_max=0us drain_max=1us tick_max=0us apply_max=0us persist_max=0us applies_in_worst=0 arc_miss=0 arc_term_miss=0 opid_replay=0 fin_q=0 fin_done=0 fin_drop=0 fin_full=0 pub_p50=0us pub_max=0us inbox_drop=0
2026-10-05T04:06:33.351Z raft-obs: wait_timeouts=0 pump_hold_max=1us lock_wait_max=0us drain_max=0us tick_max=1us apply_max=0us persist_max=0us applies_in_worst=0 arc_miss=0 arc_term_miss=0 opid_replay=0 fin_q=0 fin_done=0 fin_drop=0 fin_full=0 pub_p50=0us pub_max=0us inbox_drop=0
2026-10-05T04:06:33.356Z raft-obs: wait_timeouts=0 pump_hold_max=1us lock_wait_max=1us drain_max=1us tick_max=0us apply_max=0us persist_max=0us applies_in_worst=0 arc_miss=0 arc_term_miss=0 opid_replay=0 fin_q=0 fin_done=0 fin_drop=0 fin_full=0 pub_p50=0us pub_max=0us inbox_drop=0
2026-10-05T04:06:33.367Z raft-obs: wait_timeouts=0 pump_hold_max=1us lock_wait_max=0us drain_max=1us tick_max=0us apply_max=0us persist_max=1us applies_in_worst=0 arc_miss=0 arc_term_miss=0 opid_replay=0 fin_q=0 fin_done=0 fin_drop=0 fin_full=0 pub_p50=0us pub_max=0us inbox_drop=0
2026-10-05T04:06:33.372Z raft-obs: wait_timeouts=0 pump_hold_max=1us lock_wait_max=1us drain_max=1us tick_max=0us apply_max=0us persist_max=0us applies_in_worst=0 arc_miss=0 arc_term_miss=0 opid_replay=0 fin_q=0 fin_done=0 fin_drop=0 fin_full=0 pub_p50=0us pub_max=0us inbox_drop=0
2026-10-05T04:06:33.377Z raft-obs: wait_timeouts=0 pump_hold_max=1us lock_wait_max=0us drain_max=1us tick_max=0us apply_max=0us persist_max=0us applies_in_worst=0 arc_miss=0 arc_term_miss=0 opid_replay=0 fin_q=0 fin_done=0 fin_drop=0 fin_full=0 pub_p50=0us pub_max=0us inbox_drop=0
2026-10-05T04:06:33.382Z raft-obs: wait_timeouts=0 pump_hold_max=1us lock_wait_max=1us drain_max=1us tick_max=0us apply_max=0us persist_max=0us applies_in_worst=0 arc_miss=0 arc_term_miss=0 opid_replay=0 fin_q=0 fin_done=0 fin_drop=0 fin_full=0 pub_p50=0us pub_max=0us inbox_drop=0
2026-10-05T04:06:33.388Z raft-obs: wait_timeouts=0 pump_hold_max=1us lock_wait_max=0us drain_max=1us tick_max=0us apply_max=0us persist_max=0us applies_in_worst=0 arc_miss=0 arc_term_miss=0 opid_replay=0 fin_q=0 fin_done=0 fin_drop=0 fin_full=0 pub_p50=0us pub_max=0us inbox_drop=0
2026-10-05T04:06:33.393Z raft-obs: wait_timeouts=0 pump_hold_max=1us lock_wait_max=0us drain_max=0us tick_max=1us apply_max=0us persist_max=0us applies_in_worst=0 arc_miss=0 arc_term_miss=0 opid_replay=0 fin_q=0 fin_done=0 fin_drop=0 fin_full=0 pub_p50=0us pub_max=0us inbox_drop=0
2026-10-05T04:06:33.398Z raft-obs: wait_timeouts=0 pump_hold_max=1us lock_wait_max=0us drain_max=0us tick_max=1us apply_max=0us persist_max=1us applies_in_worst=0 arc_miss=0 arc_term_miss=0 opid_replay=0 fin_q=0 fin_done=0 fin_drop=0 fin_full=0 pub_p50=0us pub_max=0us inbox_drop=0
2026-10-05T04:06:33.403Z raft-obs: wait_timeouts=0 pump_hold_max=1us lock_wait_max=0us drain_max=1us tick_max=0us apply_max=0us persist_max=0us applies_in_worst=0 arc_miss=0 arc_term_miss=0 opid_replay=0 fin_q=0 fin_done=0 fin_drop=0 fin_full=0 pub_p50=0us pub_max=0us inbox_drop=0
2026-10-05T04:06:33.408Z raft-obs: wait_timeouts=0 pump_hold_max=1us lock_wait_max=0us drain_max=1us tick_max=0us apply_max=0us persist_max=0us applies_in_worst=0 arc_miss=0 arc_term_miss=0 opid_replay=0 fin_q=0 fin_done=0 fin_drop=0 fin_full=0 pub_p50=0us pub_max=0us inbox_drop=0
2026-10-05T04:06:33.413Z raft-obs: wait_timeouts=0 pump_hold_max=1us lock_wait_max=1us drain_max=0us tick_max=1us apply_max=0us persist_max=0us applies_in_worst=0 arc_miss=0 arc_term_miss=0 opid_replay=0 fin_q=0 fin_done=0 fin_drop=0 fin_full=0 pub_p50=0us pub_max=0us inbox_drop=0
2026-10-05T04:06:33.424Z raft-obs: wait_timeouts=0 pump_hold_max=1us lock_wait_max=1us drain_max=1us tick_max=0us apply_max=0us persist_max=1us applies_in_worst=0 arc_miss=0 arc_term_miss=0 opid_replay=0 fin_q=0 fin_done=0 fin_drop=0 fin_full=0 pub_p50=0us pub_max=0us inbox_drop=0
2026-10-05T04:06:33.429Z raft-obs: wait_timeouts=0 pump_hold_max=1us lock_wait_max=0us drain_max=1us tick_max=0us apply_max=0us persist_max=0us applies_in_worst=0 arc_miss=0 arc_term_miss=0 opid_replay=0 fin_q=0 fin_done=0 fin_drop=0 fin_full=0 pub_p50=0us pub_max=0us inbox_drop=0
2026-10-05T04:06:33.434Z raft-obs: wait_timeouts=0 pump_hold_max=1us lock_wait_max=0us drain_max=0us tick_max=1us apply_max=0us persist_max=0us applies_in_worst=0 arc_miss=0 arc_term_miss=0 opid_replay=0 fin_q=0 fin_done=0 fin_drop=0 fin_full=0 pub_p50=0us pub_max=0us inbox_drop=0
2026-10-05T04:06:33.440Z raft-obs: wait_timeouts=0 pump_hold_max=2us lock_wait_max=0us drain_max=1us tick_max=1us apply_max=0us persist_max=0us applies_in_worst=0 arc_miss=0 arc_term_miss=0 opid_replay=0 fin_q=0 fin_done=0 fin_drop=0 fin_full=0 pub_p50=0us pub_max=0us inbox_drop=0
2026-10-05T04:06:33.445Z raft-obs: wait_timeouts=0 pump_hold_max=1us lock_wait_max=0us drain_max=1us tick_max=0us apply_max=0us persist_max=0us applies_in_worst=0 arc_miss=0 arc_term_miss=0 opid_replay=0 fin_q=0 fin_done=0 fin_drop=0 fin_full=0 pub_p50=0us pub_max=0us inbox_drop=0
2026-10-05T04:06:33.462Z raft-obs: wait_timeouts=0 pump_hold_max=1us lock_wait_max=1us drain_max=1us tick_max=0us apply_max=0us persist_max=1us applies_in_worst=0 arc_miss=0 arc_term_miss=0 opid_replay=0 fin_q=0 fin_done=0 fin_drop=0 fin_full=0 pub_p50=0us pub_max=0us inbox_drop=0
2026-10-05T04:06:33.467Z raft-obs: wait_timeouts=0 pump_hold_max=1us lock_wait_max=0us drain_max=1us tick_max=0us apply_max=0us persist_max=0us applies_in_worst=0 arc_miss=0 arc_term_miss=0 opid_replay=0 fin_q=0 fin_done=0 fin_drop=0 fin_full=0 pub_p50=0us pub_max=0us inbox_drop=0
2026-10-05T04:06:33.472Z raft-obs: wait_timeouts=0 pump_hold_max=1us lock_wait_max=0us drain_max=1us tick_max=0us apply_max=0us persist_max=0us applies_in_worst=0 arc_miss=0 arc_term_miss=0 opid_replay=0 fin_q=0 fin_done=0 fin_drop=0 fin_full=0 pub_p50=0us pub_max=0us inbox_drop=0
2026-10-05T04:06:33.482Z raft-obs: wait_timeouts=0 pump_hold_max=1us lock_wait_max=0us drain_max=1us tick_max=0us apply_max=0us persist_max=1us applies_in_worst=0 arc_miss=0 arc_term_miss=0 opid_replay=0 fin_q=0 fin_done=0 fin_drop=0 fin_full=0 pub_p50=0us pub_max=0us inbox_drop=0
2026-10-05T04:06:33.493Z raft-obs: wait_timeouts=0 pump_hold_max=1us lock_wait_max=0us drain_max=1us tick_max=0us apply_max=0us persist_max=0us applies_in_worst=0 arc_miss=0 arc_term_miss=0 opid_replay=0 fin_q=0 fin_done=0 fin_drop=0 fin_full=0 pub_p50=0us pub_max=0us inbox_drop=0
2026-10-05T04:06:33.498Z raft-obs: wait_timeouts=0 pump_hold_max=1us lock_wait_max=0us drain_max=0us tick_max=1us apply_max=0us persist_max=0us applies_in_worst=0 arc_miss=0 arc_term_miss=0 opid_replay=0 fin_q=0 fin_done=0 fin_drop=0 fin_full=0 pub_p50=0us pub_max=0us inbox_drop=0
2026-10-05T04:06:33.504Z raft-obs: wait_timeouts=0 pump_hold_max=1us lock_wait_max=0us drain_max=0us tick_max=1us apply_max=0us persist_max=1us applies_in_worst=0 arc_miss=0 arc_term_miss=0 opid_replay=0 fin_q=0 fin_done=0 fin_drop=0 fin_full=0 pub_p50=0us pub_max=0us inbox_drop=0
2026-10-05T04:06:33.509Z raft-obs: wait_timeouts=0 pump_hold_max=1us lock_wait_max=0us drain_max=1us tick_max=0us apply_max=0us persist_max=0us applies_in_worst=0 arc_miss=0 arc_term_miss=0 opid_replay=0 fin_q=0 fin_done=0 fin_drop=0 fin_full=0 pub_p50=0us pub_max=0us inbox_drop=0
2026-10-05T04:06:33.514Z raft-obs: wait_timeouts=0 pump_hold_max=1us lock_wait_max=0us drain_max=1us tick_max=0us apply_max=0us persist_max=0us applies_in_worst=0 arc_miss=0 arc_term_miss=0 opid_replay=0 fin_q=0 fin_done=0 fin_drop=0 fin_full=0 pub_p50=0us pub_max=0us inbox_drop=0
2026-10-05T04:06:33.602Z raft-obs: g2 term 0->1 role FOLLOWER->FOLLOWER leader=-1 commit=0 applied=0 t=1791173193602ms
2026-10-05T04:06:33.602Z raft-obs: tx->0 enq=1 drop=0 sent=0 fail=0 hi=1 rtt_avg=0us get_avg=0us get_max=0ms
2026-10-05T04:06:33.602Z raft-obs: wait_timeouts=0 pump_hold_max=82019us lock_wait_max=1us drain_max=82018us tick_max=1us apply_max=0us persist_max=1us applies_in_worst=0 arc_miss=0 arc_term_miss=0 opid_replay=0 fin_q=0 fin_done=0 fin_drop=0 fin_full=0 pub_p50=0us pub_max=0us inbox_drop=0
2026-10-05T04:06:33.761Z raft-obs: g0 term 0->1 role FOLLOWER->FOLLOWER leader=-1 commit=0 applied=0 t=1791173193761ms
2026-10-05T04:06:34.196Z raft-host: gc-pass ms=7 reap=0 frag=0 spread=0 recover=0 fscans=0 fsegs=0 fkeys=0 femit=0 ftomb=0 scans=0 segs=0 keys=0 emit=0 tomb=0
2026-10-05T04:06:35.258Z raft-host: gc-pass ms=46 reap=0 frag=0 spread=0 recover=0 fscans=0 fsegs=0 fkeys=0 femit=0 ftomb=0 scans=0 segs=0 keys=0 emit=0 tomb=0
2026-10-05T04:06:36.502Z iostats: get ops=0 bytes=0 errors=0 avg_us=0 p50_us=0 max_us=0 put ops=333 bytes=21823488 errors=0 avg_us=1292 p50_us=265 max_us=11372 wdisk ops=333 bytes=21823488 errors=0 avg_us=72 p50_us=27 max_us=2496
2026-10-05T04:06:38.180Z kv-obs: mt_bytes=420175 l0_bytes=0 l0=0 l1=0
2026-10-05T04:06:38.603Z raft-obs: tx->0 enq=136 drop=0 sent=110 fail=0 hi=2 rtt_avg=92us get_avg=1us get_max=0ms
2026-10-05T04:06:38.604Z raft-obs: wait_timeouts=0 pump_hold_max=110996us lock_wait_max=1us drain_max=110995us tick_max=1us apply_max=3705us persist_max=150379us applies_in_worst=3 arc_miss=0 arc_term_miss=0 opid_replay=0 fin_q=0 fin_done=0 fin_drop=0 fin_full=0 pub_p50=0us pub_max=0us inbox_drop=0
2026-10-05T04:06:41.506Z iostats: get ops=0 bytes=0 errors=0 avg_us=0 p50_us=0 max_us=0 put ops=2048 bytes=134217728 errors=0 avg_us=6191 p50_us=728 max_us=125118 wdisk ops=2048 bytes=134217728 errors=0 avg_us=128 p50_us=36 max_us=12861
2026-10-05T04:06:43.607Z raft-obs: tx->0 enq=324 drop=0 sent=298 fail=0 hi=2 rtt_avg=61us get_avg=0us get_max=0ms
2026-10-05T04:06:43.607Z raft-obs: wait_timeouts=0 pump_hold_max=55us lock_wait_max=26us drain_max=53us tick_max=52us apply_max=0us persist_max=11us applies_in_worst=0 arc_miss=0 arc_term_miss=0 opid_replay=0 fin_q=0 fin_done=0 fin_drop=0 fin_full=0 pub_p50=0us pub_max=0us inbox_drop=0
