2026-10-05T04:06:34.611Z Joined cluster with 3 nodes
2026-10-05T04:06:34.667Z heartbeat: enabled (2000 ms interval)
2026-10-05T04:06:34.759Z raft-obs: wait_timeouts=0 pump_hold_max=2us lock_wait_max=1us drain_max=1us tick_max=1us apply_max=0us persist_max=0us applies_in_worst=0 arc_miss=0 arc_term_miss=0 opid_replay=0 fin_q=0 fin_done=0 fin_drop=0 fin_full=0 pub_p50=0us pub_max=0us inbox_drop=0
2026-10-05T04:06:34.759Z kv-obs: mt_bytes=0 l0_bytes=0 l0=0 l1=0
2026-10-05T04:06:34.759Z raft-host: up raft_id=2 n=3 boot=1128365310623239 salt=18056913997380022381 g0=hosted g2=hosted
2026-10-05T04:06:34.759Z efsd node 3 listening on 127.0.0.1:19552, storage=/var/tmp/w23-scratch/s3 (1 paths, stripe=none), used=0, quota=4294967296, direct_io=off, writers=1 shared, build=dca87c71c235-dirty
2026-10-05T04:06:34.793Z raft-obs: g2 term 0->1 role FOLLOWER->FOLLOWER leader=0 commit=2 applied=2 t=1791173194793ms
2026-10-05T04:06:34.793Z raft-obs: tx->0 enq=1 drop=0 sent=0 fail=0 hi=1 rtt_avg=0us get_avg=0us get_max=0ms
2026-10-05T04:06:34.793Z raft-obs: wait_timeouts=0 pump_hold_max=33642us lock_wait_max=0us drain_max=33641us tick_max=1us apply_max=17us persist_max=0us applies_in_worst=1 arc_miss=0 arc_term_miss=0 opid_replay=0 fin_q=0 fin_done=0 fin_drop=0 fin_full=0 pub_p50=0us pub_max=0us inbox_drop=0
2026-10-05T04:06:34.921Z raft-obs: g0 term 0->1 role FOLLOWER->FOLLOWER leader=0 commit=2 applied=2 t=1791173194921ms
2026-10-05T04:06:35.803Z raft-host: gc-pass ms=24 reap=0 frag=0 spread=0 recover=0 fscans=0 fsegs=0 fkeys=0 femit=0 ftomb=0 scans=0 segs=0 keys=0 emit=0 tomb=0
2026-10-05T04:06:36.112Z kv-fault: compactor parked (/tmp/efs/fault)
2026-10-05T04:06:36.535Z iostats: get ops=0 bytes=0 errors=0 avg_us=0 p50_us=0 max_us=0 put ops=435 bytes=28508160 errors=0 avg_us=6287 p50_us=3978 max_us=41648 wdisk ops=435 bytes=28508160 errors=0 avg_us=73 p50_us=34 max_us=3112
2026-10-05T04:06:37.721Z kv-fault: compactor released
2026-10-05T04:06:39.760Z kv-obs: mt_bytes=420175 l0_bytes=0 l0=0 l1=0
2026-10-05T04:06:39.797Z raft-obs: tx->0 enq=157 drop=0 sent=123 fail=0 hi=1 rtt_avg=124us get_avg=1us get_max=0ms
2026-10-05T04:06:39.797Z raft-obs: wait_timeouts=0 pump_hold_max=131838us lock_wait_max=2us drain_max=131838us tick_max=3us apply_max=3888us persist_max=184121us applies_in_worst=3 arc_miss=0 arc_term_miss=0 opid_replay=0 fin_q=0 fin_done=0 fin_drop=0 fin_full=0 pub_p50=0us pub_max=0us inbox_drop=0
2026-10-05T04:06:41.537Z iostats: get ops=0 bytes=0 errors=0 avg_us=0 p50_us=0 max_us=0 put ops=2048 bytes=134217728 errors=0 avg_us=4565 p50_us=1386 max_us=58534 wdisk ops=2048 bytes=134217728 errors=0 avg_us=109 p50_us=39 max_us=6153
2026-10-05T04:06:44.797Z raft-obs: tx->0 enq=344 drop=0 sent=310 fail=0 hi=1 rtt_avg=77us get_avg=0us get_max=0ms
2026-10-05T04:06:44.797Z raft-obs: wait_timeouts=0 pump_hold_max=291us lock_wait_max=5us drain_max=130us tick_max=290us apply_max=0us persist_max=2us applies_in_worst=0 arc_miss=0 arc_term_miss=0 opid_replay=0 fin_q=0 fin_done=0 fin_drop=0 fin_full=0 pub_p50=0us pub_max=0us inbox_drop=0
