parallel 210 tests jobs=4 (serial 7 after)
pass basic_empty_file                
pass basic_write_read                
pass basic_append                    
pass basic_seek_read                 
pass basic_oappend_flag              
pass basic_overwrite_middle          
pass basic_read_past_eof             
pass basic_terminal_cp_cat           
pass basic_dup_write                 
pass basic_dd_rw                     
pass basic_o_trunc                   
pass basic_pread_pwrite              
pass basic_chunk_boundary            
pass fsync_reopen_visible            
pass basic_ftruncate_vs_truncate     
pass basic_rdwr_no_reopen            
pass basic_seek_cur_past_eof_write   
pass basic_seek_end_then_write       
pass trunc_shrink                    
pass sparse_write_huge_offset        
pass trunc_grow_sparse               
pass trunc_to_zero                   
pass sparse_st_blocks                
pass dir_mkdir_rmdir                 
pass dir_mkdir_p_terminal            
pass dir_readdir_listing             
pass dir_rename_file                 
pass dir_rename_over_existing        
pass dir_move_into_subdir            
pass dir_rename_dir_with_contents    
pass dir_rename_file_over_dir        
pass dir_rename_dir_over_file        
pass dir_rename_dir_over_nonempty    
pass dir_rename_noreplace            
pass dir_rename_symlink              
pass root_rename_dir_old_name_gone   
pass root_create_unlink_immediate    
pass root_rename_file_old_name_gone  
pass root_rename_from_subdir         
pass root_rename_into_subdir         
pass root_mkdir_rmdir_immediate      
pass dir_times_create                
pass dir_times_unlink                
pass dir_times_mkdir_rmdir           
pass dir_deep_nesting                
pass dir_times_link                  
pass dir_times_write_no_bump         
pass dir_dot_entries                 
pass dir_hidden_files                
pass dir_chmod_and_create_denied     
pass dir_nlink                       
pass dir_times_rename                
pass symlink_create_readlink         
pass symlink_dangling                
pass symlink_to_dir                  
pass symlink_chain                   
pass symlink_absolute                
pass hardlink_shared_data            
pass hardlink_basic                  
pass hardlink_unlink_one             
pass hardlink_terminal_ln            
pass symlink_unlink_keeps_target     
pass hardlink_rename_one_name        
pass symlink_chmod_follows           
pass symlink_relative_after_parent_rename
pass attr_chmod                      
pass attr_chown_self                 
pass attr_utimens                    
pass attr_utimens_ns                 
pass attr_touch_terminal             
pass attr_stat_fields                
pass attr_access                     
pass attr_ctime_after_chmod          
pass perm_file_000_denied            
pass dir_readdir_while_unlink        
pass perm_file_write_only            
pass perm_file_read_only_ops         
pass perm_owner_bits_not_other       
pass perm_create_mode_000_reopen     
pass perm_owner_bits_not_group       
pass perm_open_fd_survives_chmod     
pass perm_owner_utime_readonly       
pass perm_owner_chmod_restore        
pass perm_fchmod                     
pass perm_ftruncate_after_chmod      
pass perm_access_rwx                 
pass perm_exec_denied_no_x           
pass perm_exec_allowed_with_x        
pass perm_suid_sgid_sticky_stored    
pass perm_sticky_owner_can_unlink    
pass perm_chown_other_uid_denied     
pass perm_chown_other_gid_denied     
pass perm_dir_wx_no_r                
pass perm_dir_no_r_list              
pass perm_dir_000_restore            
pass perm_unlink_mode_000_file       
pass perm_dir_readonly_mutate        
pass perm_nested_parent_no_x         
pass perm_symlink_target_denied      
pass perm_rename_into_readonly_dir   
pass perm_hardlink_shares_mode       
pass names_crazy_roundtrip           
pass names_dash_prefix_terminal      
pass names_reserved_dots             
pass names_too_long_component        
pass names_path_too_long             
pass names_near_path_max             
pass names_near_path_max_dir         
pass names_unicode_nfc_nfd_coexist   
pass names_control_and_high_bytes    
pass content_random_roundtrip        
pass content_all_byte_values         
pass content_whitespace_and_line_endings
pass content_nul_and_control         
pass content_random_overwrite_append 
pass dir_deep_nesting_beyond_64      
pass content_random_large_multichunk 
pass err_mkdir_existing              
pass err_rmdir_a_file                
pass err_rmdir_nonempty              
pass err_open_dir_for_write          
pass err_read_from_dir               
pass err_create_excl_existing        
pass err_rename_dir_into_itself      
pass err_hardlink_to_dir             
pass err_unlink_nonexistent          
pass err_hardlink_nonexistent_src    
pass names_crazy_dirs                
pass err_write_readonly_file         
pass err_symlink_loop                
pass err_create_under_a_file         
pass err_unlink_a_directory          
pass err_stat_nonexistent            
pass err_rmdir_dot_dotdot            
pass fsync_write                     
pass fdatasync_write                 
pass fsync_dir                       
pass flock_basic                     
pass unlink_open_file                
pass fcntl_lock_basic                
pass flock_shared_then_exclusive     
pass flock_two_proc_exclusive        
SKIP mmap_write_read                  mmap unsupported: [Errno 19] No such device
pass mmap_private_not_visible        
pass statfs_sane                     
pass fcntl_byte_range_lock           
pass concurrent_creates_same_dir     
pass concurrent_writes_disjoint      
pass concurrent_create_unlink_two_proc
pass concurrent_write_and_readdir    
pass virt_stats_readable             
pass virt_find_query                 
pass virt_find_not_a_real_dir        
pass opt_fallocate                   
pass opt_xattr                       
pass opt_seek_hole_data              
pass opt_copy_file_range             
pass opt_openat                      
pass flock_second_fd_exclusive       
pass direct_aligned_rdwr             
pass direct_unaligned_einval         
pass direct_rmw_4k_in_chunk          
pass concurrent_appends_two_proc     
pass packed_then_grow_past_chunk     
pass writev_readv_chunk_straddle     
pass fcntl_setfl_oappend             
pass zero_length_write               
pass two_fds_size_mtime              
pass trunc_open_other_fd             
pass link_across_dirs                
pass nlink_after_unlink_open         
pass o_nofollow                      
pass last_link_unlink_other_dir      
pass o_directory                     
pass st_ino_unique_hardlink_same     
pass create_excl_two_proc            
pass concurrent_overlap_write        
pass ctime_on_link_rename            
pass fstat_size_after_write          
pass trunc_shrink_same_fd            
pass unlink_open_then_recreate       
pass rename_to_self                  
pass lstat_symlink_size              
pass chmod_preserves_mtime           
pass rename_empty_over_empty_dir     
pass dir_many_files                  
pass case_sensitive_names            
pass o_append_pwrite_absolute        
pass unlink_recreate_new_ino         
pass two_fds_independent_offset      
pass access_f_ok_after_unlink        
pass dir_nlink_after_rmdir_child     
pass write_hole_pread_zeros          
pass rename_file_over_symlink        
pass mkdirat_unlinkat                
pass flock_unlock_on_close           
pass trailing_slash_on_file          
pass creat_existing_dir_eisdir       
pass fsync_then_fstat_size           
pass hardlink_three_names            
pass mtime_bumps_on_write            
pass rename_dir_same_parent          
pass link_of_symlink                 
pass rename_readdir_lookup_consistent
pass concurrent_extend_high_then_low 
pass trunc_zero_then_high_pwrite     
pass mtime_monotonic_many_writes     
pass write_beyond_eof_then_seek_end  
pass concurrent_appends              
pass dir_times_bump_on_child_mutation
pass truncate_big_ftruncate_honest   
pass truncate_big_o_trunc_honest     
pass dir_mkdir_umask                 
pass attr_umask_respected            
pass perm_dir_no_x_search            
pass err_chdir_into_file             
pass chdir_dotdot_after_mkdir        
============================================================
POSIX suite: 216/217 pass, 0 fail, 1 skip, 0 notrun  (76.1s)
wrote /data1/efs/logs/posix-20261006-202114.tsv
results: /data1/efs/logs/posix-20261006-202114.tsv
