Concurrent repeat 1/10
parallel 8 tests jobs=4 (serial 0 after)
pass concurrent_writes_disjoint      
pass concurrent_creates_same_dir     
pass concurrent_create_unlink_two_proc
pass concurrent_overlap_write        
pass concurrent_extend_high_then_low 
pass concurrent_write_and_readdir    
pass concurrent_appends_two_proc     
pass concurrent_appends              
============================================================
POSIX suite: 8/8 pass, 0 fail, 0 skip, 0 notrun  (11.6s)
wrote /data1/efs/logs/posix-20261007-050437.tsv
results: /data1/efs/logs/posix-20261007-050437.tsv
Concurrent repeat 2/10
parallel 8 tests jobs=4 (serial 0 after)
pass concurrent_writes_disjoint      
pass concurrent_appends_two_proc     
pass concurrent_write_and_readdir    
pass concurrent_overlap_write        
pass concurrent_appends              
pass concurrent_extend_high_then_low 
pass concurrent_create_unlink_two_proc
pass concurrent_creates_same_dir     
============================================================
POSIX suite: 8/8 pass, 0 fail, 0 skip, 0 notrun  (11.0s)
wrote /data1/efs/logs/posix-20261007-050449.tsv
results: /data1/efs/logs/posix-20261007-050449.tsv
Concurrent repeat 3/10
parallel 8 tests jobs=4 (serial 0 after)
pass concurrent_writes_disjoint      
pass concurrent_creates_same_dir     
pass concurrent_create_unlink_two_proc
pass concurrent_overlap_write        
pass concurrent_extend_high_then_low 
pass concurrent_write_and_readdir    
pass concurrent_appends_two_proc     
pass concurrent_appends              
============================================================
POSIX suite: 8/8 pass, 0 fail, 0 skip, 0 notrun  (11.6s)
wrote /data1/efs/logs/posix-20261007-050500.tsv
results: /data1/efs/logs/posix-20261007-050500.tsv
Concurrent repeat 4/10
parallel 8 tests jobs=4 (serial 0 after)
pass concurrent_writes_disjoint      
pass concurrent_appends_two_proc     
pass concurrent_write_and_readdir    
pass concurrent_overlap_write        
pass concurrent_extend_high_then_low 
pass concurrent_appends              
pass concurrent_create_unlink_two_proc
pass concurrent_creates_same_dir     
============================================================
POSIX suite: 8/8 pass, 0 fail, 0 skip, 0 notrun  (11.3s)
wrote /data1/efs/logs/posix-20261007-050511.tsv
results: /data1/efs/logs/posix-20261007-050511.tsv
Concurrent repeat 5/10
parallel 8 tests jobs=4 (serial 0 after)
pass concurrent_creates_same_dir     
pass concurrent_writes_disjoint      
pass concurrent_create_unlink_two_proc
pass concurrent_overlap_write        
pass concurrent_extend_high_then_low 
pass concurrent_write_and_readdir    
pass concurrent_appends_two_proc     
pass concurrent_appends              
============================================================
POSIX suite: 8/8 pass, 0 fail, 0 skip, 0 notrun  (11.4s)
wrote /data1/efs/logs/posix-20261007-050523.tsv
results: /data1/efs/logs/posix-20261007-050523.tsv
Concurrent repeat 6/10
parallel 8 tests jobs=4 (serial 0 after)
pass concurrent_writes_disjoint      
pass concurrent_appends_two_proc     
pass concurrent_write_and_readdir    
pass concurrent_overlap_write        
pass concurrent_appends              
pass concurrent_extend_high_then_low 
pass concurrent_create_unlink_two_proc
pass concurrent_creates_same_dir     
============================================================
POSIX suite: 8/8 pass, 0 fail, 0 skip, 0 notrun  (11.3s)
wrote /data1/efs/logs/posix-20261007-050534.tsv
results: /data1/efs/logs/posix-20261007-050534.tsv
Concurrent repeat 7/10
parallel 8 tests jobs=4 (serial 0 after)
pass concurrent_writes_disjoint      
pass concurrent_creates_same_dir     
pass concurrent_create_unlink_two_proc
pass concurrent_overlap_write        
pass concurrent_extend_high_then_low 
pass concurrent_write_and_readdir    
pass concurrent_appends_two_proc     
pass concurrent_appends              
============================================================
POSIX suite: 8/8 pass, 0 fail, 0 skip, 0 notrun  (11.4s)
wrote /data1/efs/logs/posix-20261007-050545.tsv
results: /data1/efs/logs/posix-20261007-050545.tsv
Concurrent repeat 8/10
parallel 8 tests jobs=4 (serial 0 after)
pass concurrent_writes_disjoint      
pass concurrent_appends_two_proc     
pass concurrent_write_and_readdir    
pass concurrent_overlap_write        
pass concurrent_extend_high_then_low 
pass concurrent_appends              
pass concurrent_create_unlink_two_proc
pass concurrent_creates_same_dir     
============================================================
POSIX suite: 8/8 pass, 0 fail, 0 skip, 0 notrun  (11.1s)
wrote /data1/efs/logs/posix-20261007-050557.tsv
results: /data1/efs/logs/posix-20261007-050557.tsv
Concurrent repeat 9/10
parallel 8 tests jobs=4 (serial 0 after)
pass concurrent_creates_same_dir     
pass concurrent_writes_disjoint      
pass concurrent_create_unlink_two_proc
pass concurrent_overlap_write        
pass concurrent_extend_high_then_low 
pass concurrent_write_and_readdir    
pass concurrent_appends_two_proc     
pass concurrent_appends              
============================================================
POSIX suite: 8/8 pass, 0 fail, 0 skip, 0 notrun  (11.3s)
wrote /data1/efs/logs/posix-20261007-050608.tsv
results: /data1/efs/logs/posix-20261007-050608.tsv
Concurrent repeat 10/10
parallel 8 tests jobs=4 (serial 0 after)
pass concurrent_writes_disjoint      
pass concurrent_appends_two_proc     
pass concurrent_write_and_readdir    
pass concurrent_overlap_write        
pass concurrent_appends              
pass concurrent_extend_high_then_low 
pass concurrent_create_unlink_two_proc
pass concurrent_creates_same_dir     
============================================================
POSIX suite: 8/8 pass, 0 fail, 0 skip, 0 notrun  (11.5s)
wrote /data1/efs/logs/posix-20261007-050619.tsv
results: /data1/efs/logs/posix-20261007-050619.tsv
Concurrent 10x8/8 PASS
