Evidence directory: /data1/efs/gc-direct-kbglf4b1
node 1 listening PASS
node 2 listening PASS
node 3 listening PASS
node 4 listening PASS
raft-mkfs rc=0 leader_hint=1 index=2 salt=18088840294352407638
client serving PASS
bulk physical deletion PASS
bulk GC records drained PASS
10 GiB deletion physical inventory/queues and pass accounting PASS
peer mounted PASS
Unmounting /data1/efs/gc-direct-kbglf4b1/peer
Unmounted /data1/efs/gc-direct-kbglf4b1/peer
two-peer adjacent writes and repeated folds complete
fragment files present PASS
span-only truncate then physical reclaim PASS
span-only truncate then physical reclaim PASS
span-only truncate then physical reclaim PASS
span-only truncate then physical reclaim PASS
span-only truncate then physical reclaim PASS
span-only truncate then physical reclaim PASS
span-only truncate then physical reclaim PASS
span-only truncate then physical reclaim PASS
span-only truncate then physical reclaim PASS
span-only truncate then physical reclaim PASS
span-only truncate then physical reclaim PASS
span-only truncate then physical reclaim PASS
fragment files present PASS
GC runs while hardlink remains PASS
hardlink protects stored fragments PASS
GC runs while unlinked inode is open PASS
open unlinked inode retains readable/writable fragments PASS
last close physically reclaims fragments PASS
GC passes, removal bytes and quota reflect last-close deletion PASS
closed-unlinked inode allocated bytes: 15249408 -> 0 PASS
fragment files present PASS
valid late-PUT control accepted on live inode by every member PASS
disk failure visible PASS
failed fragment remains on disk pending retry PASS
Unmounting /data1/efs/gc-direct-kbglf4b1/mnt
ERROR: [Errno 13] Permission denied: '/proc/699071/fd'
Traceback (most recent call last):
  File "/data1/efs/three-gates-bulk-src/tests/live/gc_reclamation.py", line 1205, in <module>
    unmount();stop(crash=True)
    ^^^^^^^^^
  File "/data1/efs/three-gates-bulk-src/tests/live/gc_reclamation.py", line 205, in unmount
    run([source/'scripts/client.sh','stop',mount])
  File "/data1/efs/three-gates-bulk-src/tests/live/gc_reclamation.py", line 140, in run
    return subprocess.run([str(x) for x in args], check=True, timeout=kwargs.pop("timeout",60), env=env, **kwargs)
           ^^^^^^^^^^^^^^^^^^^^^^^^^^^^^^^^^^^^^^^^^^^^^^^^^^^^^^^^^^^^^^^^^^^^^^^^^^^^^^^^^^^^^^^^^^^^^^^^^^^^^^^
  File "/usr/lib64/python3.12/subprocess.py", line 571, in run
    raise CalledProcessError(retcode, process.args,
subprocess.CalledProcessError: Command '['/data1/efs/three-gates-bulk-src/scripts/client.sh', 'stop', '/data1/efs/gc-direct-kbglf4b1/mnt']' returned non-zero exit status 1.
