Evidence directory: /data1/efs/gc-direct-pn4el96c
node 1 listening PASS
node 2 listening PASS
node 3 listening PASS
node 4 listening PASS
raft-mkfs rc=0 leader_hint=1 index=2 salt=13520509085972295475
client serving PASS
live-table idle precondition GC drained PASS
live-table idle elapsed=10s
live-table idle elapsed=70s
live-table idle elapsed=130s
live-table idle elapsed=190s
live-table idle elapsed=250s
live-table idle elapsed=310s
live-table idle elapsed=370s
live-table idle elapsed=430s
live-table idle elapsed=490s
live-table idle elapsed=550s
live-table idle elapsed=610s
live-table idle elapsed=670s
live-table idle elapsed=730s
live-table idle elapsed=790s
live-table idle elapsed=850s
live-table idle elapsed=910s
live-table idle elapsed=970s
live-table idle elapsed=1030s
live-table idle elapsed=1090s
live-table idle elapsed=1150s
live-table idle elapsed=1210s
live-table idle elapsed=1270s
live-table idle elapsed=1330s
live-table idle elapsed=1390s
live-table idle elapsed=1450s
live-table idle elapsed=1510s
live-table idle elapsed=1570s
live-table idle elapsed=1630s
live-table idle elapsed=1690s
live-table idle elapsed=1750s
live-table idle elapsed=1810s
live-table idle elapsed=1870s
live-table idle elapsed=1930s
live-table idle elapsed=1990s
live-table idle elapsed=2050s
live-table idle elapsed=2110s
live-table idle elapsed=2170s
live-table idle elapsed=2230s
live-table idle elapsed=2290s
live-table idle elapsed=2350s
live-table idle elapsed=2410s
live-table idle elapsed=2470s
live-table idle elapsed=2530s
live-table idle elapsed=2590s
live-table idle elapsed=2650s
live-table idle elapsed=2710s
live-table idle elapsed=2770s
live-table idle elapsed=2830s
live-table idle elapsed=2890s
live-table idle elapsed=2950s
live-table idle elapsed=3010s
live-table idle elapsed=3070s
live-table idle elapsed=3130s
live-table idle elapsed=3190s
live-table idle elapsed=3250s
live-table idle elapsed=3310s
live-table idle elapsed=3370s
live-table idle elapsed=3430s
live-table idle elapsed=3490s
live-table idle elapsed=3550s
live-table idle: no slow GC passes; each daemon CPU below 5 percent PASS
idle live-table bulk deletion drained PASS
peer mounted PASS
Unmounting /data1/efs/gc-direct-pn4el96c/peer
Retiring drained efs-fuse PID 992107 for /data1/efs/gc-direct-pn4el96c/peer
Unmounted /data1/efs/gc-direct-pn4el96c/peer
two-peer adjacent writes and repeated folds complete
fragment files present PASS
span-only truncate then physical reclaim PASS
span-only truncate then physical reclaim PASS
span-only truncate then physical reclaim PASS
span-only truncate then physical reclaim PASS
span-only truncate then physical reclaim PASS
span-only truncate then physical reclaim PASS
span-only truncate then physical reclaim PASS
span-only truncate then physical reclaim PASS
span-only truncate then physical reclaim PASS
span-only truncate then physical reclaim PASS
span-only truncate then physical reclaim PASS
span-only truncate then physical reclaim PASS
fragment files present PASS
GC runs while hardlink remains PASS
hardlink protects stored fragments PASS
GC runs while unlinked inode is open PASS
open unlinked inode retains readable/writable fragments PASS
last close physically reclaims fragments PASS
GC passes, removal bytes and quota reflect last-close deletion PASS
closed-unlinked inode allocated bytes: 15249408 -> 0 PASS
fragment files present PASS
valid late-PUT control accepted on live inode by every member PASS
disk failure visible PASS
failed fragment remains on disk pending retry PASS
Unmounting /data1/efs/gc-direct-pn4el96c/mnt
Retiring drained efs-fuse PID 612007 for /data1/efs/gc-direct-pn4el96c/mnt
Unmounted /data1/efs/gc-direct-pn4el96c/mnt
node 1 listening PASS
node 2 listening PASS
node 3 listening PASS
node 4 listening PASS
restart without client reclaims pending fragments PASS
leader reap and fragment queues drain PASS
client serving PASS
cold two-peer fold and live-base reads after GC PASS
fold fragments physically reclaimed PASS
fragment files present PASS
offline fourth member retains reap ledger PASS
Unmounting /data1/efs/gc-direct-pn4el96c/mnt
Retiring drained efs-fuse PID 995153 for /data1/efs/gc-direct-pn4el96c/mnt
Unmounted /data1/efs/gc-direct-pn4el96c/mnt
node 1 listening PASS
node 2 listening PASS
node 3 listening PASS
node 4 listening PASS
rejoined member completes reclamation PASS
queues drain after member rejoins PASS
client serving PASS
sentinel physically reclaimed PASS
all fixture GC records retired PASS
Unmounting /data1/efs/gc-direct-pn4el96c/mnt
Retiring drained efs-fuse PID 996762 for /data1/efs/gc-direct-pn4el96c/mnt
Unmounted /data1/efs/gc-direct-pn4el96c/mnt
node 1 listening PASS
node 2 listening PASS
node 3 listening PASS
node 4 listening PASS
physical inventory empty after restart PASS
restart orphan and GC queues drained PASS
restart quota zero and late PUT fenced on every member PASS
physical fragment inventory empty after restart PASS
GC reclamation direct PASS
