Evidence directory: /data1/efs/gc-direct-fa4aux1l
node 1 listening PASS
node 2 listening PASS
node 3 listening PASS
node 4 listening PASS
raft-mkfs rc=0 leader_hint=1 index=2 salt=11516732443618604380
client serving PASS
IOR independent client 2 mounted PASS
IOR independent client 3 mounted PASS
IOR independent client 4 mounted PASS
IOR independent client 5 mounted PASS
IOR independent client 6 mounted PASS
IOR independent client 7 mounted PASS
IOR independent client 8 mounted PASS
IOR independent client 9 mounted PASS
GC after IOR hard writes PASS
Unmounting /data1/efs/gc-direct-fa4aux1l/ior-client-1
Retiring drained efs-fuse PID 742603 for /data1/efs/gc-direct-fa4aux1l/ior-client-1
Unmounted /data1/efs/gc-direct-fa4aux1l/ior-client-1
Unmounting /data1/efs/gc-direct-fa4aux1l/ior-client-2
Retiring drained efs-fuse PID 742689 for /data1/efs/gc-direct-fa4aux1l/ior-client-2
Unmounted /data1/efs/gc-direct-fa4aux1l/ior-client-2
Unmounting /data1/efs/gc-direct-fa4aux1l/ior-client-3
Retiring drained efs-fuse PID 742715 for /data1/efs/gc-direct-fa4aux1l/ior-client-3
Unmounted /data1/efs/gc-direct-fa4aux1l/ior-client-3
Unmounting /data1/efs/gc-direct-fa4aux1l/ior-client-4
Retiring drained efs-fuse PID 742769 for /data1/efs/gc-direct-fa4aux1l/ior-client-4
Unmounted /data1/efs/gc-direct-fa4aux1l/ior-client-4
Unmounting /data1/efs/gc-direct-fa4aux1l/ior-client-5
Retiring drained efs-fuse PID 742787 for /data1/efs/gc-direct-fa4aux1l/ior-client-5
Unmounted /data1/efs/gc-direct-fa4aux1l/ior-client-5
Unmounting /data1/efs/gc-direct-fa4aux1l/ior-client-6
Retiring drained efs-fuse PID 742805 for /data1/efs/gc-direct-fa4aux1l/ior-client-6
Unmounted /data1/efs/gc-direct-fa4aux1l/ior-client-6
Unmounting /data1/efs/gc-direct-fa4aux1l/ior-client-7
Retiring drained efs-fuse PID 742823 for /data1/efs/gc-direct-fa4aux1l/ior-client-7
Unmounted /data1/efs/gc-direct-fa4aux1l/ior-client-7
Unmounting /data1/efs/gc-direct-fa4aux1l/ior-client-8
Retiring drained efs-fuse PID 742891 for /data1/efs/gc-direct-fa4aux1l/ior-client-8
Unmounted /data1/efs/gc-direct-fa4aux1l/ior-client-8
Unmounting /data1/efs/gc-direct-fa4aux1l/mnt
Retiring drained efs-fuse PID 742532 for /data1/efs/gc-direct-fa4aux1l/mnt
Unmounted /data1/efs/gc-direct-fa4aux1l/mnt
client serving PASS
IOR independent client 2 mounted PASS
IOR independent client 3 mounted PASS
IOR independent client 4 mounted PASS
IOR independent client 5 mounted PASS
IOR independent client 6 mounted PASS
IOR independent client 7 mounted PASS
IOR independent client 8 mounted PASS
IOR independent client 9 mounted PASS
Unmounting /data1/efs/gc-direct-fa4aux1l/ior-client-1
Retiring drained efs-fuse PID 753234 for /data1/efs/gc-direct-fa4aux1l/ior-client-1
Unmounted /data1/efs/gc-direct-fa4aux1l/ior-client-1
Unmounting /data1/efs/gc-direct-fa4aux1l/ior-client-2
Retiring drained efs-fuse PID 753252 for /data1/efs/gc-direct-fa4aux1l/ior-client-2
Unmounted /data1/efs/gc-direct-fa4aux1l/ior-client-2
Unmounting /data1/efs/gc-direct-fa4aux1l/ior-client-3
Retiring drained efs-fuse PID 753270 for /data1/efs/gc-direct-fa4aux1l/ior-client-3
Unmounted /data1/efs/gc-direct-fa4aux1l/ior-client-3
Unmounting /data1/efs/gc-direct-fa4aux1l/ior-client-4
Retiring drained efs-fuse PID 753288 for /data1/efs/gc-direct-fa4aux1l/ior-client-4
Unmounted /data1/efs/gc-direct-fa4aux1l/ior-client-4
Unmounting /data1/efs/gc-direct-fa4aux1l/ior-client-5
Retiring drained efs-fuse PID 753382 for /data1/efs/gc-direct-fa4aux1l/ior-client-5
Unmounted /data1/efs/gc-direct-fa4aux1l/ior-client-5
Unmounting /data1/efs/gc-direct-fa4aux1l/ior-client-6
Retiring drained efs-fuse PID 753450 for /data1/efs/gc-direct-fa4aux1l/ior-client-6
Unmounted /data1/efs/gc-direct-fa4aux1l/ior-client-6
Unmounting /data1/efs/gc-direct-fa4aux1l/ior-client-7
Retiring drained efs-fuse PID 753508 for /data1/efs/gc-direct-fa4aux1l/ior-client-7
Unmounted /data1/efs/gc-direct-fa4aux1l/ior-client-7
Unmounting /data1/efs/gc-direct-fa4aux1l/ior-client-8
Retiring drained efs-fuse PID 753526 for /data1/efs/gc-direct-fa4aux1l/ior-client-8
Unmounted /data1/efs/gc-direct-fa4aux1l/ior-client-8
Unmounting /data1/efs/gc-direct-fa4aux1l/mnt
Retiring drained efs-fuse PID 753216 for /data1/efs/gc-direct-fa4aux1l/mnt
Unmounted /data1/efs/gc-direct-fa4aux1l/mnt
client serving PASS
IOR physical deletion PASS
actual IOR hard ranks=36 cold verify/hardscan and deletion PASS
peer mounted PASS
Unmounting /data1/efs/gc-direct-fa4aux1l/peer
Retiring drained efs-fuse PID 805789 for /data1/efs/gc-direct-fa4aux1l/peer
Unmounted /data1/efs/gc-direct-fa4aux1l/peer
two-peer adjacent writes and repeated folds complete
fragment files present PASS
span-only truncate then physical reclaim PASS
span-only truncate then physical reclaim PASS
span-only truncate then physical reclaim PASS
span-only truncate then physical reclaim PASS
span-only truncate then physical reclaim PASS
span-only truncate then physical reclaim PASS
span-only truncate then physical reclaim PASS
span-only truncate then physical reclaim PASS
span-only truncate then physical reclaim PASS
span-only truncate then physical reclaim PASS
span-only truncate then physical reclaim PASS
span-only truncate then physical reclaim PASS
fragment files present PASS
GC runs while hardlink remains PASS
hardlink protects stored fragments PASS
GC runs while unlinked inode is open PASS
open unlinked inode retains readable/writable fragments PASS
last close physically reclaims fragments PASS
GC passes, removal bytes and quota reflect last-close deletion PASS
closed-unlinked inode allocated bytes: 15179776 -> 0 PASS
fragment files present PASS
valid late-PUT control accepted on live inode by every member PASS
disk failure visible PASS
failed fragment remains on disk pending retry PASS
Unmounting /data1/efs/gc-direct-fa4aux1l/mnt
Retiring drained efs-fuse PID 758374 for /data1/efs/gc-direct-fa4aux1l/mnt
Unmounted /data1/efs/gc-direct-fa4aux1l/mnt
node 1 listening PASS
node 2 listening PASS
node 3 listening PASS
node 4 listening PASS
restart without client reclaims pending fragments PASS
leader reap and fragment queues drain PASS
client serving PASS
cold two-peer fold and live-base reads after GC PASS
fold fragments physically reclaimed PASS
fragment files present PASS
offline fourth member retains reap ledger PASS
Unmounting /data1/efs/gc-direct-fa4aux1l/mnt
Retiring drained efs-fuse PID 809231 for /data1/efs/gc-direct-fa4aux1l/mnt
Unmounted /data1/efs/gc-direct-fa4aux1l/mnt
node 1 listening PASS
node 2 listening PASS
node 3 listening PASS
node 4 listening PASS
rejoined member completes reclamation PASS
queues drain after member rejoins PASS
client serving PASS
sentinel physically reclaimed PASS
all fixture GC records retired PASS
Unmounting /data1/efs/gc-direct-fa4aux1l/mnt
Retiring drained efs-fuse PID 811944 for /data1/efs/gc-direct-fa4aux1l/mnt
Unmounted /data1/efs/gc-direct-fa4aux1l/mnt
node 1 listening PASS
node 2 listening PASS
node 3 listening PASS
node 4 listening PASS
physical inventory empty after restart PASS
restart orphan and GC queues drained PASS
restart quota zero and late PUT fenced on every member PASS
physical fragment inventory empty after restart PASS
GC reclamation direct PASS
