2026-10-08T02:21:42.515Z Joined cluster with 3 nodes
2026-10-08T02:21:42.520Z heartbeat: enabled (2000 ms interval)
2026-10-08T02:21:42.527Z kv-obs: mt_bytes=0 l0_bytes=0 l0=0 l1=0
2026-10-08T02:21:42.527Z raft-host: up raft_id=2 n=4 boot=5264199157123071 salt=9585360524715348574 g0=hosted g2=hosted
2026-10-08T02:21:42.527Z efsd (no git metadata, branch unknown, built 2026-10-08T02:14:05Z on nuc), build=unknown: node 3 listening on 127.0.0.1:26592, storage=/data2/efs/gc-direct-i6ohlme1/n3 (1 paths, stripe=none), used=0, quota=1073741824, direct_io=on, writers=4 shared
2026-10-08T02:21:44.520Z gc-health: stage=0 group=0 elapsed_ms=0 last_pass_age_ms=989 passes=2 sampled=0 pending=0,0 reap=0,0 removed=0 file_bytes=0 payload_bytes=0 delete_errors=0 sweep_errors=0 reap_errors=0 ack_errors=0 missing_exports=0
2026-10-08T02:21:47.529Z kv-obs: mt_bytes=364 l0_bytes=0 l0=0 l1=0
2026-10-08T02:22:00.523Z gc-health: stage=0 group=0 elapsed_ms=0 last_pass_age_ms=934 passes=18 sampled=0 pending=0,0 reap=0,0 removed=0 file_bytes=0 payload_bytes=0 delete_errors=0 sweep_errors=0 reap_errors=0 ack_errors=0 missing_exports=0
2026-10-08T02:22:16.527Z gc-health: stage=0 group=0 elapsed_ms=0 last_pass_age_ms=864 passes=34 sampled=0 pending=0,0 reap=0,0 removed=0 file_bytes=0 payload_bytes=0 delete_errors=0 sweep_errors=0 reap_errors=0 ack_errors=0 missing_exports=0
2026-10-08T02:22:32.530Z gc-health: stage=0 group=0 elapsed_ms=0 last_pass_age_ms=803 passes=50 sampled=0 pending=0,0 reap=0,0 removed=0 file_bytes=0 payload_bytes=0 delete_errors=0 sweep_errors=0 reap_errors=0 ack_errors=0 missing_exports=0
2026-10-08T02:22:48.535Z gc-health: stage=0 group=0 elapsed_ms=0 last_pass_age_ms=736 passes=66 sampled=0 pending=0,0 reap=0,0 removed=0 file_bytes=0 payload_bytes=0 delete_errors=0 sweep_errors=0 reap_errors=0 ack_errors=0 missing_exports=0
2026-10-08T02:23:04.539Z gc-health: stage=0 group=0 elapsed_ms=0 last_pass_age_ms=665 passes=82 sampled=0 pending=0,0 reap=0,0 removed=0 file_bytes=0 payload_bytes=0 delete_errors=0 sweep_errors=0 reap_errors=0 ack_errors=0 missing_exports=0
2026-10-08T02:23:20.543Z gc-health: stage=0 group=0 elapsed_ms=0 last_pass_age_ms=591 passes=98 sampled=0 pending=0,0 reap=0,0 removed=0 file_bytes=0 payload_bytes=0 delete_errors=0 sweep_errors=0 reap_errors=0 ack_errors=0 missing_exports=0
2026-10-08T02:23:36.547Z gc-health: stage=0 group=0 elapsed_ms=0 last_pass_age_ms=515 passes=114 sampled=0 pending=0,0 reap=0,0 removed=0 file_bytes=0 payload_bytes=0 delete_errors=0 sweep_errors=0 reap_errors=0 ack_errors=0 missing_exports=0
2026-10-08T02:23:46.374Z raft-host: applied session index=8 kind=8 shard=0 ino=4276
2026-10-08T02:23:46.376Z store: put O_DIRECT bounce copy (buf align=3104 len=65536)
2026-10-08T02:23:46.382Z iostats: get ops=0 bytes=0 errors=0 avg_us=0 p50_us=0 max_us=0 put ops=1 bytes=65536 errors=0 avg_us=705 p50_us=705 max_us=705 wdisk ops=1 bytes=65536 errors=0 avg_us=599 p50_us=599 max_us=599
2026-10-08T02:23:46.390Z raft-host: applied session index=10 kind=9 shard=0 ino=4276
2026-10-08T02:23:46.413Z raft-host: applied session index=12 kind=8 shard=0 ino=8372
2026-10-08T02:23:46.436Z raft-host: applied session index=14 kind=9 shard=0 ino=8372
2026-10-08T02:23:46.460Z raft-host: applied session index=16 kind=8 shard=0 ino=12468
2026-10-08T02:23:46.479Z raft-host: applied session index=18 kind=9 shard=0 ino=12468
2026-10-08T02:23:46.501Z raft-host: applied session index=20 kind=8 shard=0 ino=16564
2026-10-08T02:23:46.526Z raft-host: applied session index=22 kind=9 shard=0 ino=16564
2026-10-08T02:23:46.543Z raft-host: applied session index=24 kind=8 shard=0 ino=20660
2026-10-08T02:23:46.565Z raft-host: applied session index=26 kind=9 shard=0 ino=20660
2026-10-08T02:23:46.591Z raft-host: applied session index=28 kind=8 shard=0 ino=24756
2026-10-08T02:23:46.614Z raft-host: applied session index=30 kind=9 shard=0 ino=24756
2026-10-08T02:23:46.633Z raft-host: applied session index=32 kind=8 shard=0 ino=28852
2026-10-08T02:23:46.657Z raft-host: applied session index=34 kind=9 shard=0 ino=28852
2026-10-08T02:23:46.683Z raft-host: applied session index=36 kind=8 shard=0 ino=32948
2026-10-08T02:23:46.705Z raft-host: applied session index=38 kind=9 shard=0 ino=32948
2026-10-08T02:23:46.729Z raft-host: applied session index=40 kind=8 shard=0 ino=37044
2026-10-08T02:23:46.752Z raft-host: applied session index=42 kind=9 shard=0 ino=37044
2026-10-08T02:23:46.776Z raft-host: applied session index=44 kind=8 shard=0 ino=41140
2026-10-08T02:23:46.799Z raft-host: applied session index=46 kind=9 shard=0 ino=41140
2026-10-08T02:23:46.820Z raft-host: applied session index=48 kind=8 shard=0 ino=45236
2026-10-08T02:23:46.845Z raft-host: applied session index=50 kind=9 shard=0 ino=45236
2026-10-08T02:23:46.858Z raft-host: applied session index=52 kind=8 shard=0 ino=49332
2026-10-08T02:23:46.881Z raft-host: applied session index=54 kind=9 shard=0 ino=49332
2026-10-08T02:23:46.907Z raft-host: applied session index=56 kind=8 shard=0 ino=53428
2026-10-08T02:23:46.932Z raft-host: applied session index=58 kind=9 shard=0 ino=53428
2026-10-08T02:23:46.953Z raft-host: applied session index=60 kind=8 shard=0 ino=57524
2026-10-08T02:23:46.982Z raft-host: applied session index=62 kind=9 shard=0 ino=57524
2026-10-08T02:23:47.006Z raft-host: applied session index=64 kind=8 shard=0 ino=61620
2026-10-08T02:23:47.031Z raft-host: applied session index=66 kind=9 shard=0 ino=61620
2026-10-08T02:23:47.046Z raft-host: applied session index=68 kind=8 shard=0 ino=65716
2026-10-08T02:23:47.071Z raft-host: applied session index=70 kind=9 shard=0 ino=65716
2026-10-08T02:23:47.096Z raft-host: applied session index=72 kind=8 shard=0 ino=69812
2026-10-08T02:23:47.119Z raft-host: applied session index=74 kind=9 shard=0 ino=69812
2026-10-08T02:23:47.137Z raft-host: applied session index=76 kind=8 shard=0 ino=73908
2026-10-08T02:23:47.163Z raft-host: applied session index=78 kind=9 shard=0 ino=73908
2026-10-08T02:23:47.189Z raft-host: applied session index=80 kind=8 shard=0 ino=78004
2026-10-08T02:23:47.208Z raft-host: applied session index=82 kind=9 shard=0 ino=78004
2026-10-08T02:23:47.233Z raft-host: applied session index=84 kind=8 shard=0 ino=82100
2026-10-08T02:23:47.257Z raft-host: applied session index=86 kind=9 shard=0 ino=82100
2026-10-08T02:23:47.276Z raft-host: applied session index=88 kind=8 shard=0 ino=86196
2026-10-08T02:23:47.300Z raft-host: applied session index=90 kind=9 shard=0 ino=86196
2026-10-08T02:23:47.328Z raft-host: applied session index=92 kind=8 shard=0 ino=90292
2026-10-08T02:23:47.356Z raft-host: applied session index=94 kind=9 shard=0 ino=90292
2026-10-08T02:23:47.382Z raft-host: applied session index=96 kind=8 shard=0 ino=94388
2026-10-08T02:23:47.406Z raft-host: applied session index=98 kind=9 shard=0 ino=94388
2026-10-08T02:23:47.429Z raft-host: applied session index=100 kind=8 shard=0 ino=98484
2026-10-08T02:23:47.455Z raft-host: applied session index=102 kind=9 shard=0 ino=98484
2026-10-08T02:23:47.480Z raft-host: applied session index=104 kind=8 shard=0 ino=102580
2026-10-08T02:23:47.503Z raft-host: applied session index=106 kind=9 shard=0 ino=102580
2026-10-08T02:23:47.525Z raft-host: applied session index=108 kind=8 shard=0 ino=106676
2026-10-08T02:23:47.550Z raft-host: applied session index=110 kind=9 shard=0 ino=106676
2026-10-08T02:23:47.576Z raft-host: applied session index=112 kind=8 shard=0 ino=110772
2026-10-08T02:23:47.582Z kv-obs: mt_bytes=23838 l0_bytes=0 l0=0 l1=0
2026-10-08T02:23:47.600Z raft-host: applied session index=114 kind=9 shard=0 ino=110772
2026-10-08T02:23:47.623Z raft-host: applied session index=116 kind=8 shard=0 ino=114868
2026-10-08T02:23:47.649Z raft-host: applied session index=118 kind=9 shard=0 ino=114868
2026-10-08T02:23:47.673Z raft-host: applied session index=120 kind=8 shard=0 ino=118964
2026-10-08T02:23:47.701Z raft-host: applied session index=122 kind=9 shard=0 ino=118964
2026-10-08T02:23:47.724Z raft-host: applied session index=124 kind=8 shard=0 ino=123060
2026-10-08T02:23:47.749Z raft-host: applied session index=126 kind=9 shard=0 ino=123060
2026-10-08T02:23:47.770Z raft-host: applied session index=128 kind=8 shard=0 ino=127156
2026-10-08T02:23:47.793Z raft-host: applied session index=130 kind=9 shard=0 ino=127156
2026-10-08T02:23:47.812Z raft-host: applied session index=132 kind=8 shard=0 ino=131252
2026-10-08T02:23:47.840Z raft-host: applied session index=134 kind=9 shard=0 ino=131252
2026-10-08T02:23:47.866Z raft-host: applied session index=136 kind=8 shard=0 ino=135348
2026-10-08T02:23:47.891Z raft-host: applied session index=138 kind=9 shard=0 ino=135348
2026-10-08T02:23:47.916Z raft-host: applied session index=140 kind=8 shard=0 ino=139444
2026-10-08T02:23:47.941Z raft-host: applied session index=142 kind=9 shard=0 ino=139444
2026-10-08T02:23:47.967Z raft-host: applied session index=144 kind=8 shard=0 ino=143540
2026-10-08T02:23:47.991Z raft-host: applied session index=146 kind=9 shard=0 ino=143540
2026-10-08T02:23:48.017Z raft-host: applied session index=148 kind=8 shard=0 ino=147636
2026-10-08T02:23:48.043Z raft-host: applied session index=150 kind=9 shard=0 ino=147636
2026-10-08T02:23:48.066Z raft-host: applied session index=152 kind=8 shard=0 ino=151732
2026-10-08T02:23:48.087Z raft-host: applied session index=154 kind=9 shard=0 ino=151732
2026-10-08T02:23:48.113Z raft-host: applied session index=156 kind=8 shard=0 ino=155828
2026-10-08T02:23:48.139Z raft-host: applied session index=158 kind=9 shard=0 ino=155828
2026-10-08T02:23:48.163Z raft-host: applied session index=160 kind=8 shard=0 ino=159924
2026-10-08T02:23:48.186Z raft-host: applied session index=162 kind=9 shard=0 ino=159924
2026-10-08T02:23:48.214Z raft-host: applied session index=164 kind=8 shard=0 ino=164020
2026-10-08T02:23:48.240Z raft-host: applied session index=166 kind=9 shard=0 ino=164020
2026-10-08T02:23:48.263Z raft-host: applied session index=168 kind=8 shard=0 ino=168116
2026-10-08T02:23:48.286Z raft-host: applied session index=170 kind=9 shard=0 ino=168116
2026-10-08T02:23:48.310Z raft-host: applied session index=172 kind=8 shard=0 ino=172212
2026-10-08T02:23:48.334Z raft-host: applied session index=174 kind=9 shard=0 ino=172212
2026-10-08T02:23:48.358Z raft-host: applied session index=176 kind=8 shard=0 ino=176308
2026-10-08T02:23:48.379Z raft-host: applied session index=178 kind=9 shard=0 ino=176308
2026-10-08T02:23:48.400Z raft-host: applied session index=180 kind=8 shard=0 ino=180404
2026-10-08T02:23:48.417Z raft-host: applied session index=182 kind=9 shard=0 ino=180404
2026-10-08T02:23:48.442Z raft-host: applied session index=184 kind=8 shard=0 ino=184500
2026-10-08T02:23:48.468Z raft-host: applied session index=186 kind=9 shard=0 ino=184500
2026-10-08T02:23:48.489Z raft-host: applied session index=188 kind=8 shard=0 ino=188596
2026-10-08T02:23:48.511Z raft-host: applied session index=190 kind=9 shard=0 ino=188596
2026-10-08T02:23:48.536Z raft-host: applied session index=192 kind=8 shard=0 ino=192692
2026-10-08T02:23:48.559Z raft-host: applied session index=194 kind=9 shard=0 ino=192692
2026-10-08T02:23:48.582Z raft-host: applied session index=196 kind=8 shard=0 ino=196788
2026-10-08T02:23:48.605Z raft-host: applied session index=198 kind=9 shard=0 ino=196788
2026-10-08T02:23:48.626Z raft-host: applied session index=200 kind=8 shard=0 ino=200884
2026-10-08T02:23:48.653Z raft-host: applied session index=202 kind=9 shard=0 ino=200884
2026-10-08T02:23:48.674Z raft-host: applied session index=204 kind=8 shard=0 ino=204980
2026-10-08T02:23:48.701Z raft-host: applied session index=206 kind=9 shard=0 ino=204980
2026-10-08T02:23:48.719Z raft-host: applied session index=208 kind=8 shard=0 ino=209076
2026-10-08T02:23:48.744Z raft-host: applied session index=210 kind=9 shard=0 ino=209076
2026-10-08T02:23:48.767Z raft-host: applied session index=212 kind=8 shard=0 ino=213172
2026-10-08T02:23:48.794Z raft-host: applied session index=214 kind=9 shard=0 ino=213172
2026-10-08T02:23:48.812Z raft-host: applied session index=216 kind=8 shard=0 ino=217268
2026-10-08T02:23:48.833Z raft-host: applied session index=218 kind=9 shard=0 ino=217268
2026-10-08T02:23:48.857Z raft-host: applied session index=220 kind=8 shard=0 ino=221364
2026-10-08T02:23:48.878Z raft-host: applied session index=222 kind=9 shard=0 ino=221364
2026-10-08T02:23:48.898Z raft-host: applied session index=224 kind=8 shard=0 ino=225460
2026-10-08T02:23:48.921Z raft-host: applied session index=226 kind=9 shard=0 ino=225460
2026-10-08T02:23:48.940Z raft-host: applied session index=228 kind=8 shard=0 ino=229556
2026-10-08T02:23:48.966Z raft-host: applied session index=230 kind=9 shard=0 ino=229556
2026-10-08T02:23:48.991Z raft-host: applied session index=232 kind=8 shard=0 ino=233652
2026-10-08T02:23:49.010Z raft-host: applied session index=234 kind=9 shard=0 ino=233652
2026-10-08T02:23:49.031Z raft-host: applied session index=236 kind=8 shard=0 ino=237748
2026-10-08T02:23:49.057Z raft-host: applied session index=238 kind=9 shard=0 ino=237748
2026-10-08T02:23:49.082Z raft-host: applied session index=240 kind=8 shard=0 ino=241844
2026-10-08T02:23:49.105Z raft-host: applied session index=242 kind=9 shard=0 ino=241844
2026-10-08T02:23:49.127Z raft-host: applied session index=244 kind=8 shard=0 ino=245940
2026-10-08T02:23:49.153Z raft-host: applied session index=246 kind=9 shard=0 ino=245940
2026-10-08T02:23:49.176Z raft-host: applied session index=248 kind=8 shard=0 ino=250036
2026-10-08T02:23:49.200Z raft-host: applied session index=250 kind=9 shard=0 ino=250036
2026-10-08T02:23:49.211Z raft-host: applied session index=252 kind=8 shard=0 ino=254132
2026-10-08T02:23:49.235Z raft-host: applied session index=254 kind=9 shard=0 ino=254132
2026-10-08T02:23:49.262Z raft-host: applied session index=256 kind=8 shard=0 ino=258228
2026-10-08T02:23:49.289Z raft-host: applied session index=258 kind=9 shard=0 ino=258228
2026-10-08T02:23:49.309Z raft-host: applied session index=260 kind=8 shard=0 ino=262324
2026-10-08T02:23:49.335Z raft-host: applied session index=262 kind=9 shard=0 ino=262324
2026-10-08T02:23:49.359Z raft-host: applied session index=264 kind=8 shard=0 ino=266420
2026-10-08T02:23:49.383Z raft-host: applied session index=266 kind=9 shard=0 ino=266420
2026-10-08T02:23:49.403Z raft-host: applied session index=268 kind=8 shard=0 ino=270516
2026-10-08T02:23:49.428Z raft-host: applied session index=270 kind=9 shard=0 ino=270516
2026-10-08T02:23:49.456Z raft-host: applied session index=272 kind=8 shard=0 ino=274612
2026-10-08T02:23:49.479Z raft-host: applied session index=274 kind=9 shard=0 ino=274612
2026-10-08T02:23:49.506Z raft-host: applied session index=276 kind=8 shard=0 ino=278708
2026-10-08T02:23:49.538Z raft-host: applied session index=278 kind=9 shard=0 ino=278708
2026-10-08T02:23:49.554Z raft-host: applied session index=280 kind=8 shard=0 ino=282804
2026-10-08T02:23:49.575Z raft-host: applied session index=282 kind=9 shard=0 ino=282804
2026-10-08T02:23:49.601Z raft-host: applied session index=284 kind=8 shard=0 ino=286900
2026-10-08T02:23:49.621Z raft-host: applied session index=286 kind=9 shard=0 ino=286900
2026-10-08T02:23:49.647Z raft-host: applied session index=288 kind=8 shard=0 ino=290996
2026-10-08T02:23:49.673Z raft-host: applied session index=290 kind=9 shard=0 ino=290996
2026-10-08T02:23:49.692Z raft-host: applied session index=292 kind=8 shard=0 ino=295092
2026-10-08T02:23:49.716Z raft-host: applied session index=294 kind=9 shard=0 ino=295092
2026-10-08T02:23:49.743Z raft-host: applied session index=296 kind=8 shard=0 ino=299188
2026-10-08T02:23:49.761Z raft-host: applied session index=298 kind=9 shard=0 ino=299188
2026-10-08T02:23:49.783Z raft-host: applied session index=300 kind=8 shard=0 ino=303284
2026-10-08T02:23:49.813Z raft-host: applied session index=302 kind=9 shard=0 ino=303284
2026-10-08T02:23:49.837Z raft-host: applied session index=304 kind=8 shard=0 ino=307380
2026-10-08T02:23:49.862Z raft-host: applied session index=306 kind=9 shard=0 ino=307380
2026-10-08T02:23:49.882Z raft-host: applied session index=308 kind=8 shard=0 ino=311476
2026-10-08T02:23:49.900Z raft-host: applied session index=310 kind=9 shard=0 ino=311476
2026-10-08T02:23:49.925Z raft-host: applied session index=312 kind=8 shard=0 ino=315572
2026-10-08T02:23:49.951Z raft-host: applied session index=314 kind=9 shard=0 ino=315572
2026-10-08T02:23:49.974Z raft-host: applied session index=316 kind=8 shard=0 ino=319668
2026-10-08T02:23:49.998Z raft-host: applied session index=318 kind=9 shard=0 ino=319668
2026-10-08T02:23:50.024Z raft-host: applied session index=320 kind=8 shard=0 ino=323764
2026-10-08T02:23:50.049Z raft-host: applied session index=322 kind=9 shard=0 ino=323764
2026-10-08T02:23:50.073Z raft-host: applied session index=324 kind=8 shard=0 ino=327860
2026-10-08T02:23:50.100Z raft-host: applied session index=326 kind=9 shard=0 ino=327860
2026-10-08T02:23:50.123Z raft-host: applied session index=328 kind=8 shard=0 ino=331956
2026-10-08T02:23:50.146Z raft-host: applied session index=330 kind=9 shard=0 ino=331956
2026-10-08T02:23:50.166Z raft-host: applied session index=332 kind=8 shard=0 ino=336052
2026-10-08T02:23:50.190Z raft-host: applied session index=334 kind=9 shard=0 ino=336052
2026-10-08T02:23:50.212Z raft-host: applied session index=336 kind=8 shard=0 ino=340148
2026-10-08T02:23:50.231Z raft-host: applied session index=338 kind=9 shard=0 ino=340148
2026-10-08T02:23:50.255Z raft-host: applied session index=340 kind=8 shard=0 ino=344244
2026-10-08T02:23:50.276Z raft-host: applied session index=342 kind=9 shard=0 ino=344244
2026-10-08T02:23:50.301Z raft-host: applied session index=344 kind=8 shard=0 ino=348340
2026-10-08T02:23:50.323Z raft-host: applied session index=346 kind=9 shard=0 ino=348340
2026-10-08T02:23:50.347Z raft-host: applied session index=348 kind=8 shard=0 ino=352436
2026-10-08T02:23:50.371Z raft-host: applied session index=350 kind=9 shard=0 ino=352436
2026-10-08T02:23:50.393Z raft-host: applied session index=352 kind=8 shard=0 ino=356532
2026-10-08T02:23:50.419Z raft-host: applied session index=354 kind=9 shard=0 ino=356532
2026-10-08T02:23:50.441Z raft-host: applied session index=356 kind=8 shard=0 ino=360628
2026-10-08T02:23:50.457Z raft-host: applied session index=358 kind=9 shard=0 ino=360628
2026-10-08T02:23:50.481Z raft-host: applied session index=360 kind=8 shard=0 ino=364724
2026-10-08T02:23:50.504Z raft-host: applied session index=362 kind=9 shard=0 ino=364724
2026-10-08T02:23:50.525Z raft-host: applied session index=364 kind=8 shard=0 ino=368820
2026-10-08T02:23:50.553Z raft-host: applied session index=366 kind=9 shard=0 ino=368820
2026-10-08T02:23:50.573Z raft-host: applied session index=368 kind=8 shard=0 ino=372916
2026-10-08T02:23:50.598Z raft-host: applied session index=370 kind=9 shard=0 ino=372916
2026-10-08T02:23:50.621Z raft-host: applied session index=372 kind=8 shard=0 ino=377012
2026-10-08T02:23:50.648Z raft-host: applied session index=374 kind=9 shard=0 ino=377012
2026-10-08T02:23:50.666Z raft-host: applied session index=376 kind=8 shard=0 ino=381108
2026-10-08T02:23:50.692Z raft-host: applied session index=378 kind=9 shard=0 ino=381108
2026-10-08T02:23:50.717Z raft-host: applied session index=380 kind=8 shard=0 ino=385204
2026-10-08T02:23:50.735Z raft-host: applied session index=382 kind=9 shard=0 ino=385204
2026-10-08T02:23:50.754Z raft-host: applied session index=384 kind=8 shard=0 ino=389300
2026-10-08T02:23:50.779Z raft-host: applied session index=386 kind=9 shard=0 ino=389300
2026-10-08T02:23:50.793Z raft-host: applied session index=388 kind=8 shard=0 ino=393396
2026-10-08T02:23:50.816Z raft-host: applied session index=390 kind=9 shard=0 ino=393396
2026-10-08T02:23:50.841Z raft-host: applied session index=392 kind=8 shard=0 ino=397492
2026-10-08T02:23:50.859Z raft-host: applied session index=394 kind=9 shard=0 ino=397492
2026-10-08T02:23:50.879Z raft-host: applied session index=396 kind=8 shard=0 ino=401588
2026-10-08T02:23:50.903Z raft-host: applied session index=398 kind=9 shard=0 ino=401588
2026-10-08T02:23:50.928Z raft-host: applied session index=400 kind=8 shard=0 ino=405684
2026-10-08T02:23:50.951Z raft-host: applied session index=402 kind=9 shard=0 ino=405684
2026-10-08T02:23:50.974Z raft-host: applied session index=404 kind=8 shard=0 ino=409780
2026-10-08T02:23:50.991Z raft-host: applied session index=406 kind=9 shard=0 ino=409780
2026-10-08T02:23:51.010Z raft-host: applied session index=408 kind=8 shard=0 ino=413876
2026-10-08T02:23:51.034Z raft-host: applied session index=410 kind=9 shard=0 ino=413876
2026-10-08T02:23:51.057Z raft-host: applied session index=412 kind=8 shard=0 ino=417972
2026-10-08T02:23:51.081Z raft-host: applied session index=414 kind=9 shard=0 ino=417972
2026-10-08T02:23:51.106Z raft-host: applied session index=416 kind=8 shard=0 ino=422068
2026-10-08T02:23:51.132Z raft-host: applied session index=418 kind=9 shard=0 ino=422068
2026-10-08T02:23:51.157Z raft-host: applied session index=420 kind=8 shard=0 ino=426164
2026-10-08T02:23:51.181Z raft-host: applied session index=422 kind=9 shard=0 ino=426164
2026-10-08T02:23:51.200Z raft-host: applied session index=424 kind=8 shard=0 ino=430260
2026-10-08T02:23:51.221Z raft-host: applied session index=426 kind=9 shard=0 ino=430260
2026-10-08T02:23:51.249Z raft-host: applied session index=428 kind=8 shard=0 ino=434356
2026-10-08T02:23:51.272Z raft-host: applied session index=430 kind=9 shard=0 ino=434356
2026-10-08T02:23:51.290Z raft-host: applied session index=432 kind=8 shard=0 ino=438452
2026-10-08T02:23:51.314Z raft-host: applied session index=434 kind=9 shard=0 ino=438452
2026-10-08T02:23:51.349Z raft-host: applied session index=436 kind=8 shard=0 ino=442548
2026-10-08T02:23:51.387Z iostats: get ops=0 bytes=0 errors=0 avg_us=0 p50_us=0 max_us=0 put ops=79 bytes=5177344 errors=0 avg_us=457 p50_us=408 max_us=2673 wdisk ops=79 bytes=5177344 errors=0 avg_us=401 p50_us=351 max_us=2631
2026-10-08T02:23:51.387Z raft-host: applied session index=438 kind=9 shard=0 ino=442548
2026-10-08T02:23:51.425Z raft-host: applied session index=440 kind=8 shard=0 ino=446644
2026-10-08T02:23:51.447Z raft-host: applied session index=442 kind=9 shard=0 ino=446644
2026-10-08T02:23:51.470Z raft-host: applied session index=444 kind=8 shard=0 ino=450740
2026-10-08T02:23:51.493Z raft-host: applied session index=446 kind=9 shard=0 ino=450740
2026-10-08T02:23:51.516Z raft-host: applied session index=448 kind=8 shard=0 ino=454836
2026-10-08T02:23:51.537Z raft-host: applied session index=450 kind=9 shard=0 ino=454836
2026-10-08T02:23:51.561Z raft-host: applied session index=452 kind=8 shard=0 ino=458932
2026-10-08T02:23:51.585Z raft-host: applied session index=454 kind=9 shard=0 ino=458932
2026-10-08T02:23:51.608Z raft-host: applied session index=456 kind=8 shard=0 ino=463028
2026-10-08T02:23:51.631Z raft-host: applied session index=458 kind=9 shard=0 ino=463028
2026-10-08T02:23:51.655Z raft-host: applied session index=460 kind=8 shard=0 ino=467124
2026-10-08T02:23:51.680Z raft-host: applied session index=462 kind=9 shard=0 ino=467124
2026-10-08T02:23:51.698Z raft-host: applied session index=464 kind=8 shard=0 ino=471220
2026-10-08T02:23:51.722Z raft-host: applied session index=466 kind=9 shard=0 ino=471220
2026-10-08T02:23:51.743Z raft-host: applied session index=468 kind=8 shard=0 ino=475316
2026-10-08T02:23:51.776Z raft-host: applied session index=470 kind=9 shard=0 ino=475316
2026-10-08T02:23:51.818Z raft-host: applied session index=472 kind=8 shard=0 ino=479412
2026-10-08T02:23:51.843Z raft-host: applied session index=474 kind=9 shard=0 ino=479412
2026-10-08T02:23:51.862Z raft-host: applied session index=476 kind=8 shard=0 ino=483508
2026-10-08T02:23:51.883Z raft-host: applied session index=478 kind=9 shard=0 ino=483508
2026-10-08T02:23:51.904Z raft-host: applied session index=480 kind=8 shard=0 ino=487604
2026-10-08T02:23:51.932Z raft-host: applied session index=482 kind=9 shard=0 ino=487604
2026-10-08T02:23:51.953Z raft-host: applied session index=484 kind=8 shard=0 ino=491700
2026-10-08T02:23:51.979Z raft-host: applied session index=486 kind=9 shard=0 ino=491700
2026-10-08T02:23:52.004Z raft-host: applied session index=488 kind=8 shard=0 ino=495796
2026-10-08T02:23:52.035Z raft-host: applied session index=490 kind=9 shard=0 ino=495796
2026-10-08T02:23:52.078Z raft-host: applied session index=492 kind=8 shard=0 ino=499892
2026-10-08T02:23:52.101Z raft-host: applied session index=494 kind=9 shard=0 ino=499892
2026-10-08T02:23:52.123Z raft-host: applied session index=496 kind=8 shard=0 ino=503988
2026-10-08T02:23:52.150Z raft-host: applied session index=498 kind=9 shard=0 ino=503988
2026-10-08T02:23:52.173Z raft-host: applied session index=500 kind=8 shard=0 ino=508084
2026-10-08T02:23:52.201Z raft-host: applied session index=502 kind=9 shard=0 ino=508084
2026-10-08T02:23:52.226Z raft-host: applied session index=504 kind=8 shard=0 ino=512180
2026-10-08T02:23:52.251Z raft-host: applied session index=506 kind=9 shard=0 ino=512180
2026-10-08T02:23:52.276Z raft-host: applied session index=508 kind=8 shard=0 ino=516276
2026-10-08T02:23:52.296Z raft-host: applied session index=510 kind=9 shard=0 ino=516276
2026-10-08T02:23:52.324Z raft-host: applied session index=512 kind=8 shard=0 ino=520372
2026-10-08T02:23:52.350Z raft-host: applied session index=514 kind=9 shard=0 ino=520372
2026-10-08T02:23:52.374Z raft-host: applied session index=516 kind=8 shard=0 ino=524468
2026-10-08T02:23:52.400Z raft-host: applied session index=518 kind=9 shard=0 ino=524468
2026-10-08T02:23:52.426Z raft-host: applied session index=520 kind=8 shard=0 ino=528564
2026-10-08T02:23:52.448Z raft-host: applied session index=522 kind=9 shard=0 ino=528564
2026-10-08T02:23:52.472Z raft-host: applied session index=524 kind=8 shard=0 ino=532660
2026-10-08T02:23:52.499Z raft-host: applied session index=526 kind=9 shard=0 ino=532660
2026-10-08T02:23:52.514Z raft-host: applied session index=528 kind=8 shard=0 ino=536756
2026-10-08T02:23:52.539Z raft-host: applied session index=530 kind=9 shard=0 ino=536756
2026-10-08T02:23:52.550Z gc-health: stage=0 group=0 elapsed_ms=0 last_pass_age_ms=440 passes=130 sampled=0 pending=0,0 reap=0,0 removed=0 file_bytes=0 payload_bytes=0 delete_errors=0 sweep_errors=0 reap_errors=0 ack_errors=0 missing_exports=0
2026-10-08T02:23:52.561Z raft-host: applied session index=532 kind=8 shard=0 ino=540852
2026-10-08T02:23:52.585Z kv-obs: mt_bytes=111601 l0_bytes=0 l0=0 l1=0
2026-10-08T02:23:52.589Z raft-host: applied session index=534 kind=9 shard=0 ino=540852
2026-10-08T02:23:52.614Z raft-host: applied session index=536 kind=8 shard=0 ino=544948
2026-10-08T02:23:52.638Z raft-host: applied session index=538 kind=9 shard=0 ino=544948
2026-10-08T02:23:52.663Z raft-host: applied session index=540 kind=8 shard=0 ino=549044
2026-10-08T02:23:52.686Z raft-host: applied session index=542 kind=9 shard=0 ino=549044
2026-10-08T02:23:52.710Z raft-host: applied session index=544 kind=8 shard=0 ino=553140
2026-10-08T02:23:52.735Z raft-host: applied session index=546 kind=9 shard=0 ino=553140
2026-10-08T02:23:52.758Z raft-host: applied session index=548 kind=8 shard=0 ino=557236
2026-10-08T02:23:52.783Z raft-host: applied session index=550 kind=9 shard=0 ino=557236
2026-10-08T02:23:52.808Z raft-host: applied session index=552 kind=8 shard=0 ino=561332
2026-10-08T02:23:52.833Z raft-host: applied session index=554 kind=9 shard=0 ino=561332
2026-10-08T02:23:52.858Z raft-host: applied session index=556 kind=8 shard=0 ino=565428
2026-10-08T02:23:52.883Z raft-host: applied session index=558 kind=9 shard=0 ino=565428
2026-10-08T02:23:52.906Z raft-host: applied session index=560 kind=8 shard=0 ino=569524
2026-10-08T02:23:52.929Z raft-host: applied session index=562 kind=9 shard=0 ino=569524
2026-10-08T02:23:52.952Z raft-host: applied session index=564 kind=8 shard=0 ino=573620
2026-10-08T02:23:52.979Z raft-host: applied session index=566 kind=9 shard=0 ino=573620
2026-10-08T02:23:52.998Z raft-host: applied session index=568 kind=8 shard=0 ino=577716
2026-10-08T02:23:53.023Z raft-host: applied session index=570 kind=9 shard=0 ino=577716
2026-10-08T02:23:53.049Z raft-host: applied session index=572 kind=8 shard=0 ino=581812
2026-10-08T02:23:53.090Z raft-host: applied session index=575 kind=9 shard=0 ino=581812
2026-10-08T02:23:53.102Z raft-host: applied session index=576 kind=8 shard=0 ino=585908
2026-10-08T02:23:53.127Z raft-host: applied session index=578 kind=9 shard=0 ino=585908
2026-10-08T02:23:53.146Z raft-host: applied session index=580 kind=8 shard=0 ino=590004
2026-10-08T02:23:53.168Z raft-host: applied session index=582 kind=9 shard=0 ino=590004
2026-10-08T02:23:53.180Z raft-host: applied session index=584 kind=8 shard=0 ino=594100
2026-10-08T02:23:53.203Z raft-host: applied session index=586 kind=9 shard=0 ino=594100
2026-10-08T02:23:53.229Z raft-host: applied session index=588 kind=8 shard=0 ino=598196
2026-10-08T02:23:53.253Z raft-host: applied session index=590 kind=9 shard=0 ino=598196
2026-10-08T02:23:53.277Z raft-host: applied session index=592 kind=8 shard=0 ino=602292
2026-10-08T02:23:53.301Z raft-host: applied session index=594 kind=9 shard=0 ino=602292
2026-10-08T02:23:53.321Z raft-host: applied session index=596 kind=8 shard=0 ino=606388
2026-10-08T02:23:53.339Z raft-host: applied session index=598 kind=9 shard=0 ino=606388
2026-10-08T02:23:53.360Z raft-host: applied session index=600 kind=8 shard=0 ino=610484
2026-10-08T02:23:53.385Z raft-host: applied session index=602 kind=9 shard=0 ino=610484
2026-10-08T02:23:53.410Z raft-host: applied session index=604 kind=8 shard=0 ino=614580
2026-10-08T02:23:53.434Z raft-host: applied session index=606 kind=9 shard=0 ino=614580
2026-10-08T02:23:53.454Z raft-host: applied session index=608 kind=8 shard=0 ino=618676
2026-10-08T02:23:53.480Z raft-host: applied session index=610 kind=9 shard=0 ino=618676
2026-10-08T02:23:53.504Z raft-host: applied session index=612 kind=8 shard=0 ino=622772
2026-10-08T02:23:53.530Z raft-host: applied session index=614 kind=9 shard=0 ino=622772
2026-10-08T02:23:53.555Z raft-host: applied session index=616 kind=8 shard=0 ino=626868
2026-10-08T02:23:53.578Z raft-host: applied session index=618 kind=9 shard=0 ino=626868
2026-10-08T02:23:53.602Z raft-host: applied session index=620 kind=8 shard=0 ino=630964
2026-10-08T02:23:53.627Z raft-host: applied session index=622 kind=9 shard=0 ino=630964
2026-10-08T02:23:53.649Z raft-host: applied session index=624 kind=8 shard=0 ino=635060
2026-10-08T02:23:53.667Z raft-host: applied session index=626 kind=9 shard=0 ino=635060
2026-10-08T02:23:53.690Z raft-host: applied session index=628 kind=8 shard=0 ino=639156
2026-10-08T02:23:53.715Z raft-host: applied session index=630 kind=9 shard=0 ino=639156
2026-10-08T02:23:53.742Z raft-host: applied session index=632 kind=8 shard=0 ino=643252
2026-10-08T02:23:53.763Z raft-host: applied session index=634 kind=9 shard=0 ino=643252
2026-10-08T02:23:53.786Z raft-host: applied session index=636 kind=8 shard=0 ino=647348
2026-10-08T02:23:53.808Z raft-host: applied session index=638 kind=9 shard=0 ino=647348
2026-10-08T02:23:53.834Z raft-host: applied session index=640 kind=8 shard=0 ino=651444
2026-10-08T02:23:53.860Z raft-host: applied session index=642 kind=9 shard=0 ino=651444
2026-10-08T02:23:53.883Z raft-host: applied session index=644 kind=8 shard=0 ino=655540
2026-10-08T02:23:53.908Z raft-host: applied session index=646 kind=9 shard=0 ino=655540
2026-10-08T02:23:53.930Z raft-host: applied session index=648 kind=8 shard=0 ino=659636
2026-10-08T02:23:53.956Z raft-host: applied session index=650 kind=9 shard=0 ino=659636
2026-10-08T02:23:53.979Z raft-host: applied session index=652 kind=8 shard=0 ino=663732
2026-10-08T02:23:54.004Z raft-host: applied session index=654 kind=9 shard=0 ino=663732
2026-10-08T02:23:54.028Z raft-host: applied session index=656 kind=8 shard=0 ino=667828
2026-10-08T02:23:54.050Z raft-host: applied session index=658 kind=9 shard=0 ino=667828
2026-10-08T02:23:54.071Z raft-host: applied session index=660 kind=8 shard=0 ino=671924
2026-10-08T02:23:54.091Z raft-host: applied session index=662 kind=9 shard=0 ino=671924
2026-10-08T02:23:54.111Z raft-host: applied session index=664 kind=8 shard=0 ino=676020
2026-10-08T02:23:54.132Z raft-host: applied session index=666 kind=9 shard=0 ino=676020
2026-10-08T02:23:54.159Z raft-host: applied session index=668 kind=8 shard=0 ino=680116
2026-10-08T02:23:54.185Z raft-host: applied session index=670 kind=9 shard=0 ino=680116
2026-10-08T02:23:54.215Z raft-host: applied session index=672 kind=8 shard=0 ino=684212
2026-10-08T02:23:54.237Z raft-host: applied session index=674 kind=9 shard=0 ino=684212
2026-10-08T02:23:54.256Z raft-host: applied session index=676 kind=8 shard=0 ino=688308
2026-10-08T02:23:54.275Z raft-host: applied session index=678 kind=9 shard=0 ino=688308
2026-10-08T02:23:54.303Z raft-host: applied session index=680 kind=8 shard=0 ino=692404
2026-10-08T02:23:54.323Z raft-host: applied session index=682 kind=9 shard=0 ino=692404
2026-10-08T02:23:54.350Z raft-host: applied session index=684 kind=8 shard=0 ino=696500
2026-10-08T02:23:54.376Z raft-host: applied session index=686 kind=9 shard=0 ino=696500
2026-10-08T02:23:54.398Z raft-host: applied session index=688 kind=8 shard=0 ino=700596
2026-10-08T02:23:54.420Z raft-host: applied session index=690 kind=9 shard=0 ino=700596
2026-10-08T02:23:54.448Z raft-host: applied session index=692 kind=8 shard=0 ino=704692
2026-10-08T02:23:54.463Z raft-host: applied session index=694 kind=9 shard=0 ino=704692
2026-10-08T02:23:54.481Z raft-host: applied session index=696 kind=8 shard=0 ino=708788
2026-10-08T02:23:54.504Z raft-host: applied session index=698 kind=9 shard=0 ino=708788
2026-10-08T02:23:54.527Z raft-host: applied session index=700 kind=8 shard=0 ino=712884
2026-10-08T02:23:54.551Z raft-host: applied session index=702 kind=9 shard=0 ino=712884
2026-10-08T02:23:54.572Z raft-host: applied session index=704 kind=8 shard=0 ino=716980
2026-10-08T02:23:54.597Z raft-host: applied session index=706 kind=9 shard=0 ino=716980
2026-10-08T02:23:54.621Z raft-host: applied session index=708 kind=8 shard=0 ino=721076
2026-10-08T02:23:54.648Z raft-host: applied session index=710 kind=9 shard=0 ino=721076
2026-10-08T02:23:54.673Z raft-host: applied session index=712 kind=8 shard=0 ino=725172
2026-10-08T02:23:54.698Z raft-host: applied session index=714 kind=9 shard=0 ino=725172
2026-10-08T02:23:54.722Z raft-host: applied session index=716 kind=8 shard=0 ino=729268
2026-10-08T02:23:54.747Z raft-host: applied session index=718 kind=9 shard=0 ino=729268
2026-10-08T02:23:54.770Z raft-host: applied session index=720 kind=8 shard=0 ino=733364
2026-10-08T02:23:54.793Z raft-host: applied session index=722 kind=9 shard=0 ino=733364
2026-10-08T02:23:54.816Z raft-host: applied session index=724 kind=8 shard=0 ino=737460
2026-10-08T02:23:54.841Z raft-host: applied session index=726 kind=9 shard=0 ino=737460
2026-10-08T02:23:54.864Z raft-host: applied session index=728 kind=8 shard=0 ino=741556
2026-10-08T02:23:54.890Z raft-host: applied session index=730 kind=9 shard=0 ino=741556
2026-10-08T02:23:54.912Z raft-host: applied session index=732 kind=8 shard=0 ino=745652
2026-10-08T02:23:54.937Z raft-host: applied session index=734 kind=9 shard=0 ino=745652
2026-10-08T02:23:54.958Z raft-host: applied session index=736 kind=8 shard=0 ino=749748
2026-10-08T02:23:54.979Z raft-host: applied session index=738 kind=9 shard=0 ino=749748
2026-10-08T02:23:55.002Z raft-host: applied session index=740 kind=8 shard=0 ino=753844
2026-10-08T02:23:55.032Z raft-host: applied session index=742 kind=9 shard=0 ino=753844
2026-10-08T02:23:55.056Z raft-host: applied session index=744 kind=8 shard=0 ino=757940
2026-10-08T02:23:55.078Z raft-host: applied session index=746 kind=9 shard=0 ino=757940
2026-10-08T02:23:55.105Z raft-host: applied session index=748 kind=8 shard=0 ino=762036
2026-10-08T02:23:55.135Z raft-host: applied session index=751 kind=9 shard=0 ino=762036
2026-10-08T02:23:55.145Z raft-host: applied session index=752 kind=8 shard=0 ino=766132
2026-10-08T02:23:55.167Z raft-host: applied session index=754 kind=9 shard=0 ino=766132
2026-10-08T02:23:55.190Z raft-host: applied session index=756 kind=8 shard=0 ino=770228
2026-10-08T02:23:55.211Z raft-host: applied session index=758 kind=9 shard=0 ino=770228
2026-10-08T02:23:55.236Z raft-host: applied session index=760 kind=8 shard=0 ino=774324
2026-10-08T02:23:55.264Z raft-host: applied session index=762 kind=9 shard=0 ino=774324
2026-10-08T02:23:55.290Z raft-host: applied session index=764 kind=8 shard=0 ino=778420
2026-10-08T02:23:55.317Z raft-host: applied session index=766 kind=9 shard=0 ino=778420
2026-10-08T02:23:55.331Z raft-host: applied session index=768 kind=8 shard=0 ino=782516
2026-10-08T02:23:55.356Z raft-host: applied session index=770 kind=9 shard=0 ino=782516
2026-10-08T02:23:55.382Z raft-host: applied session index=772 kind=8 shard=0 ino=786612
2026-10-08T02:23:55.403Z raft-host: applied session index=774 kind=9 shard=0 ino=786612
2026-10-08T02:23:55.426Z raft-host: applied session index=776 kind=8 shard=0 ino=790708
2026-10-08T02:23:55.455Z raft-host: applied session index=778 kind=9 shard=0 ino=790708
2026-10-08T02:23:55.479Z raft-host: applied session index=780 kind=8 shard=0 ino=794804
2026-10-08T02:23:55.498Z raft-host: applied session index=782 kind=9 shard=0 ino=794804
2026-10-08T02:23:55.519Z raft-host: applied session index=784 kind=8 shard=0 ino=798900
2026-10-08T02:23:55.546Z raft-host: applied session index=786 kind=9 shard=0 ino=798900
2026-10-08T02:23:55.568Z raft-host: applied session index=788 kind=8 shard=0 ino=802996
2026-10-08T02:23:55.588Z raft-host: applied session index=790 kind=9 shard=0 ino=802996
2026-10-08T02:23:55.611Z raft-host: applied session index=792 kind=8 shard=0 ino=807092
2026-10-08T02:23:55.635Z raft-host: applied session index=794 kind=9 shard=0 ino=807092
2026-10-08T02:23:55.659Z raft-host: applied session index=796 kind=8 shard=0 ino=811188
2026-10-08T02:23:55.685Z raft-host: applied session index=798 kind=9 shard=0 ino=811188
2026-10-08T02:23:55.710Z raft-host: applied session index=800 kind=8 shard=0 ino=815284
2026-10-08T02:23:55.736Z raft-host: applied session index=802 kind=9 shard=0 ino=815284
2026-10-08T02:23:55.760Z raft-host: applied session index=804 kind=8 shard=0 ino=819380
2026-10-08T02:23:55.786Z raft-host: applied session index=806 kind=9 shard=0 ino=819380
2026-10-08T02:23:55.810Z raft-host: applied session index=808 kind=8 shard=0 ino=823476
2026-10-08T02:23:55.833Z raft-host: applied session index=810 kind=9 shard=0 ino=823476
2026-10-08T02:23:55.860Z raft-host: applied session index=812 kind=8 shard=0 ino=827572
2026-10-08T02:23:55.883Z raft-host: applied session index=814 kind=9 shard=0 ino=827572
2026-10-08T02:23:55.909Z raft-host: applied session index=816 kind=8 shard=0 ino=831668
2026-10-08T02:23:55.933Z raft-host: applied session index=818 kind=9 shard=0 ino=831668
2026-10-08T02:23:55.949Z raft-host: applied session index=820 kind=8 shard=0 ino=835764
2026-10-08T02:23:55.973Z raft-host: applied session index=822 kind=9 shard=0 ino=835764
2026-10-08T02:23:55.998Z raft-host: applied session index=824 kind=8 shard=0 ino=839860
2026-10-08T02:23:56.021Z raft-host: applied session index=826 kind=9 shard=0 ino=839860
2026-10-08T02:23:56.041Z raft-host: applied session index=828 kind=8 shard=0 ino=843956
2026-10-08T02:23:56.064Z raft-host: applied session index=830 kind=9 shard=0 ino=843956
2026-10-08T02:23:56.083Z raft-host: applied session index=832 kind=8 shard=0 ino=848052
2026-10-08T02:23:56.108Z raft-host: applied session index=834 kind=9 shard=0 ino=848052
2026-10-08T02:23:56.134Z raft-host: applied session index=836 kind=8 shard=0 ino=852148
2026-10-08T02:23:56.156Z raft-host: applied session index=838 kind=9 shard=0 ino=852148
2026-10-08T02:23:56.184Z raft-host: applied session index=840 kind=8 shard=0 ino=856244
2026-10-08T02:23:56.204Z raft-host: applied session index=842 kind=9 shard=0 ino=856244
2026-10-08T02:23:56.227Z raft-host: applied session index=844 kind=8 shard=0 ino=860340
2026-10-08T02:23:56.252Z raft-host: applied session index=846 kind=9 shard=0 ino=860340
2026-10-08T02:23:56.282Z raft-host: applied session index=848 kind=8 shard=0 ino=864436
2026-10-08T02:23:56.305Z raft-host: applied session index=850 kind=9 shard=0 ino=864436
2026-10-08T02:23:56.329Z raft-host: applied session index=852 kind=8 shard=0 ino=868532
2026-10-08T02:23:56.350Z raft-host: applied session index=854 kind=9 shard=0 ino=868532
2026-10-08T02:23:56.371Z raft-host: applied session index=856 kind=8 shard=0 ino=872628
2026-10-08T02:23:56.387Z iostats: get ops=0 bytes=0 errors=0 avg_us=0 p50_us=0 max_us=0 put ops=165 bytes=10813440 errors=0 avg_us=432 p50_us=268 max_us=2673 wdisk ops=165 bytes=10813440 errors=0 avg_us=376 p50_us=208 max_us=2631
2026-10-08T02:23:56.394Z raft-host: applied session index=858 kind=9 shard=0 ino=872628
2026-10-08T02:23:56.419Z raft-host: applied session index=860 kind=8 shard=0 ino=876724
2026-10-08T02:23:56.442Z raft-host: applied session index=862 kind=9 shard=0 ino=876724
2026-10-08T02:23:56.466Z raft-host: applied session index=864 kind=8 shard=0 ino=880820
2026-10-08T02:23:56.486Z raft-host: applied session index=866 kind=9 shard=0 ino=880820
2026-10-08T02:23:56.505Z raft-host: applied session index=868 kind=8 shard=0 ino=884916
2026-10-08T02:23:56.529Z raft-host: applied session index=870 kind=9 shard=0 ino=884916
2026-10-08T02:23:56.552Z raft-host: applied session index=872 kind=8 shard=0 ino=889012
2026-10-08T02:23:56.576Z raft-host: applied session index=874 kind=9 shard=0 ino=889012
2026-10-08T02:23:56.595Z raft-host: applied session index=876 kind=8 shard=0 ino=893108
2026-10-08T02:23:56.619Z raft-host: applied session index=878 kind=9 shard=0 ino=893108
2026-10-08T02:23:56.640Z raft-host: applied session index=880 kind=8 shard=0 ino=897204
2026-10-08T02:23:56.664Z raft-host: applied session index=882 kind=9 shard=0 ino=897204
2026-10-08T02:23:56.688Z raft-host: applied session index=884 kind=8 shard=0 ino=901300
2026-10-08T02:23:56.715Z raft-host: applied session index=886 kind=9 shard=0 ino=901300
2026-10-08T02:23:56.737Z raft-host: applied session index=888 kind=8 shard=0 ino=905396
2026-10-08T02:23:56.760Z raft-host: applied session index=890 kind=9 shard=0 ino=905396
2026-10-08T02:23:56.785Z raft-host: applied session index=892 kind=8 shard=0 ino=909492
2026-10-08T02:23:56.810Z raft-host: applied session index=894 kind=9 shard=0 ino=909492
2026-10-08T02:23:56.836Z raft-host: applied session index=896 kind=8 shard=0 ino=913588
2026-10-08T02:23:56.861Z raft-host: applied session index=898 kind=9 shard=0 ino=913588
2026-10-08T02:23:56.886Z raft-host: applied session index=900 kind=8 shard=0 ino=917684
2026-10-08T02:23:56.911Z raft-host: applied session index=902 kind=9 shard=0 ino=917684
2026-10-08T02:23:56.934Z raft-host: applied session index=904 kind=8 shard=0 ino=921780
2026-10-08T02:23:56.958Z raft-host: applied session index=906 kind=9 shard=0 ino=921780
2026-10-08T02:23:56.978Z raft-host: applied session index=908 kind=8 shard=0 ino=925876
2026-10-08T02:23:57.002Z raft-host: applied session index=910 kind=9 shard=0 ino=925876
2026-10-08T02:23:57.024Z raft-host: applied session index=912 kind=8 shard=0 ino=929972
2026-10-08T02:23:57.049Z raft-host: applied session index=914 kind=9 shard=0 ino=929972
2026-10-08T02:23:57.069Z raft-host: applied session index=916 kind=8 shard=0 ino=934068
2026-10-08T02:23:57.093Z raft-host: applied session index=918 kind=9 shard=0 ino=934068
2026-10-08T02:23:57.115Z raft-host: applied session index=920 kind=8 shard=0 ino=938164
2026-10-08T02:23:57.141Z raft-host: applied session index=922 kind=9 shard=0 ino=938164
2026-10-08T02:23:57.159Z raft-host: applied session index=924 kind=8 shard=0 ino=942260
2026-10-08T02:23:57.179Z raft-host: applied session index=926 kind=9 shard=0 ino=942260
2026-10-08T02:23:57.204Z raft-host: applied session index=928 kind=8 shard=0 ino=946356
2026-10-08T02:23:57.232Z raft-host: applied session index=930 kind=9 shard=0 ino=946356
2026-10-08T02:23:57.255Z raft-host: applied session index=932 kind=8 shard=0 ino=950452
2026-10-08T02:23:57.276Z raft-host: applied session index=934 kind=9 shard=0 ino=950452
2026-10-08T02:23:57.297Z raft-host: applied session index=936 kind=8 shard=0 ino=954548
2026-10-08T02:23:57.322Z raft-host: applied session index=938 kind=9 shard=0 ino=954548
2026-10-08T02:23:57.349Z raft-host: applied session index=940 kind=8 shard=0 ino=958644
2026-10-08T02:23:57.369Z raft-host: applied session index=942 kind=9 shard=0 ino=958644
2026-10-08T02:23:57.386Z raft-host: applied session index=944 kind=8 shard=0 ino=962740
2026-10-08T02:23:57.409Z raft-host: applied session index=946 kind=9 shard=0 ino=962740
2026-10-08T02:23:57.433Z raft-host: applied session index=948 kind=8 shard=0 ino=966836
2026-10-08T02:23:57.455Z raft-host: applied session index=950 kind=9 shard=0 ino=966836
2026-10-08T02:23:57.475Z raft-host: applied session index=952 kind=8 shard=0 ino=970932
2026-10-08T02:23:57.501Z raft-host: applied session index=954 kind=9 shard=0 ino=970932
2026-10-08T02:23:57.524Z raft-host: applied session index=956 kind=8 shard=0 ino=975028
2026-10-08T02:23:57.547Z raft-host: applied session index=958 kind=9 shard=0 ino=975028
2026-10-08T02:23:57.572Z raft-host: applied session index=960 kind=8 shard=0 ino=979124
2026-10-08T02:23:57.592Z kv-obs: mt_bytes=200625 l0_bytes=0 l0=0 l1=0
2026-10-08T02:23:57.592Z raft-host: applied session index=962 kind=9 shard=0 ino=979124
2026-10-08T02:23:57.614Z raft-host: applied session index=964 kind=8 shard=0 ino=983220
2026-10-08T02:23:57.634Z raft-host: applied session index=966 kind=9 shard=0 ino=983220
2026-10-08T02:23:57.658Z raft-host: applied session index=968 kind=8 shard=0 ino=987316
2026-10-08T02:23:57.688Z raft-host: applied session index=970 kind=9 shard=0 ino=987316
2026-10-08T02:23:57.706Z raft-host: applied session index=972 kind=8 shard=0 ino=991412
2026-10-08T02:23:57.723Z raft-host: applied session index=974 kind=9 shard=0 ino=991412
2026-10-08T02:23:57.747Z raft-host: applied session index=976 kind=8 shard=0 ino=995508
2026-10-08T02:23:57.774Z raft-host: applied session index=978 kind=9 shard=0 ino=995508
2026-10-08T02:23:57.816Z raft-host: applied session index=980 kind=8 shard=0 ino=999604
2026-10-08T02:23:57.845Z raft-host: applied session index=982 kind=9 shard=0 ino=999604
2026-10-08T02:23:57.863Z raft-host: applied session index=984 kind=8 shard=0 ino=1003700
2026-10-08T02:23:57.889Z raft-host: applied session index=986 kind=9 shard=0 ino=1003700
2026-10-08T02:23:57.913Z raft-host: applied session index=988 kind=8 shard=0 ino=1007796
2026-10-08T02:23:57.933Z raft-host: applied session index=990 kind=9 shard=0 ino=1007796
2026-10-08T02:23:57.948Z raft-host: applied session index=992 kind=8 shard=0 ino=1011892
2026-10-08T02:23:57.973Z raft-host: applied session index=994 kind=9 shard=0 ino=1011892
2026-10-08T02:23:57.997Z raft-host: applied session index=996 kind=8 shard=0 ino=1015988
2026-10-08T02:23:58.021Z raft-host: applied session index=998 kind=9 shard=0 ino=1015988
2026-10-08T02:23:58.043Z raft-host: applied session index=1000 kind=8 shard=0 ino=1020084
2026-10-08T02:23:58.064Z raft-host: applied session index=1002 kind=9 shard=0 ino=1020084
2026-10-08T02:23:58.090Z raft-host: applied session index=1004 kind=8 shard=0 ino=1024180
2026-10-08T02:23:58.116Z raft-host: applied session index=1006 kind=9 shard=0 ino=1024180
2026-10-08T02:23:58.142Z raft-host: applied session index=1008 kind=8 shard=0 ino=1028276
2026-10-08T02:23:58.167Z raft-host: applied session index=1010 kind=9 shard=0 ino=1028276
2026-10-08T02:23:58.194Z raft-host: applied session index=1012 kind=8 shard=0 ino=1032372
2026-10-08T02:23:58.219Z raft-host: applied session index=1014 kind=9 shard=0 ino=1032372
2026-10-08T02:23:58.244Z raft-host: applied session index=1016 kind=8 shard=0 ino=1036468
2026-10-08T02:23:58.260Z raft-host: applied session index=1018 kind=9 shard=0 ino=1036468
2026-10-08T02:23:58.282Z raft-host: applied session index=1020 kind=8 shard=0 ino=1040564
2026-10-08T02:23:58.321Z raft-host: applied session index=1023 kind=9 shard=0 ino=1040564
2026-10-08T02:23:58.331Z raft-host: applied session index=1024 kind=8 shard=0 ino=1044660
2026-10-08T02:23:58.357Z raft-host: applied session index=1026 kind=9 shard=0 ino=1044660
2026-10-08T02:23:58.383Z raft-host: applied session index=1028 kind=8 shard=0 ino=1048756
2026-10-08T02:23:58.405Z raft-host: applied session index=1030 kind=9 shard=0 ino=1048756
2026-10-08T02:24:01.388Z iostats: get ops=0 bytes=0 errors=0 avg_us=0 p50_us=0 max_us=0 put ops=192 bytes=12582912 errors=0 avg_us=440 p50_us=268 max_us=2732 wdisk ops=192 bytes=12582912 errors=0 avg_us=383 p50_us=205 max_us=2664
2026-10-08T02:24:02.604Z kv-obs: mt_bytes=189047 l0_bytes=0 l0=0 l1=0
2026-10-08T02:24:06.392Z iostats: get ops=0 bytes=0 errors=0 avg_us=0 p50_us=0 max_us=0 put ops=192 bytes=12582912 errors=0 avg_us=440 p50_us=268 max_us=2732 wdisk ops=192 bytes=12582912 errors=0 avg_us=383 p50_us=205 max_us=2664
2026-10-08T02:24:07.607Z kv-obs: mt_bytes=175415 l0_bytes=0 l0=0 l1=0
2026-10-08T02:24:08.552Z gc-health: stage=0 group=0 elapsed_ms=0 last_pass_age_ms=374 passes=146 sampled=0 pending=0,0 reap=0,0 removed=93 file_bytes=6475776 payload_bytes=6094848 delete_errors=0 sweep_errors=0 reap_errors=0 ack_errors=0 missing_exports=0
2026-10-08T02:24:11.392Z iostats: get ops=0 bytes=0 errors=0 avg_us=0 p50_us=0 max_us=0 put ops=192 bytes=12582912 errors=0 avg_us=440 p50_us=268 max_us=2732 wdisk ops=192 bytes=12582912 errors=0 avg_us=383 p50_us=205 max_us=2664
2026-10-08T02:24:12.609Z kv-obs: mt_bytes=161278 l0_bytes=0 l0=0 l1=0
2026-10-08T02:24:16.396Z iostats: get ops=0 bytes=0 errors=0 avg_us=0 p50_us=0 max_us=0 put ops=192 bytes=12582912 errors=0 avg_us=440 p50_us=268 max_us=2732 wdisk ops=192 bytes=12582912 errors=0 avg_us=383 p50_us=205 max_us=2664
2026-10-08T02:24:17.619Z kv-obs: mt_bytes=147798 l0_bytes=0 l0=0 l1=0
2026-10-08T02:24:20.320Z raft-host: inbox full, dropped frame type=3 group=0 from=0 len=80 (drop #1)
2026-10-08T02:24:20.321Z raft-host: gc-pass ms=93 orphan=0 reap=0 frag=0 spread=0 recover=0 fscans=0 fsegs=0 fkeys=0 femit=0 ftomb=0 scans=0 segs=0 keys=0 emit=0 tomb=0 reap_scan=0 reap_sweep=0 reap_fence=0 reap_done=0
2026-10-08T02:24:20.321Z raft-host: inbox full, dropped frame type=3 group=2 from=1 len=406 (drop #2)
2026-10-08T02:24:20.324Z raft-host: inbox full, dropped frame type=3 group=0 from=0 len=10716 (drop #3)
2026-10-08T02:24:20.325Z raft-host: inbox full, dropped frame type=3 group=0 from=0 len=10766 (drop #4)
2026-10-08T02:24:20.325Z raft-host: inbox full, dropped frame type=3 group=0 from=0 len=80 (drop #5)
2026-10-08T02:24:20.326Z raft-host: inbox full, dropped frame type=3 group=0 from=0 len=10816 (drop #6)
2026-10-08T02:24:20.326Z raft-host: inbox full, dropped frame type=3 group=0 from=0 len=80 (drop #7)
2026-10-08T02:24:20.326Z raft-host: inbox full, dropped frame type=3 group=0 from=0 len=10866 (drop #8)
2026-10-08T02:24:20.326Z raft-host: inbox full, dropped frame type=3 group=0 from=0 len=80 (drop #9)
2026-10-08T02:24:20.369Z raft-host: applied session index=79 kind=8 shard=0 ino=6479
2026-10-08T02:24:20.376Z raft-host: applied session index=81 kind=9 shard=0 ino=6479
2026-10-08T02:24:20.382Z raft-host: applied session index=83 kind=8 shard=0 ino=10575
2026-10-08T02:24:20.389Z raft-host: applied session index=85 kind=9 shard=0 ino=10575
2026-10-08T02:24:20.395Z raft-host: applied session index=87 kind=8 shard=0 ino=14671
2026-10-08T02:24:20.402Z raft-host: applied session index=89 kind=9 shard=0 ino=14671
2026-10-08T02:24:20.409Z raft-host: applied session index=91 kind=8 shard=0 ino=18767
2026-10-08T02:24:20.416Z raft-host: applied session index=93 kind=9 shard=0 ino=18767
2026-10-08T02:24:20.423Z raft-host: applied session index=95 kind=8 shard=0 ino=22863
2026-10-08T02:24:20.429Z raft-host: applied session index=97 kind=9 shard=0 ino=22863
2026-10-08T02:24:20.435Z raft-host: applied session index=99 kind=8 shard=0 ino=26959
2026-10-08T02:24:20.441Z raft-host: applied session index=101 kind=9 shard=0 ino=26959
2026-10-08T02:24:20.448Z raft-host: applied session index=103 kind=8 shard=0 ino=31055
2026-10-08T02:24:20.454Z raft-host: applied session index=105 kind=9 shard=0 ino=31055
2026-10-08T02:24:20.460Z raft-host: applied session index=107 kind=8 shard=0 ino=35151
2026-10-08T02:24:20.469Z raft-host: applied session index=109 kind=9 shard=0 ino=35151
2026-10-08T02:24:20.480Z raft-host: applied session index=111 kind=8 shard=0 ino=39247
2026-10-08T02:24:20.486Z raft-host: applied session index=113 kind=9 shard=0 ino=39247
2026-10-08T02:24:20.495Z raft-host: applied session index=115 kind=8 shard=0 ino=43343
2026-10-08T02:24:20.505Z raft-host: applied session index=117 kind=9 shard=0 ino=43343
2026-10-08T02:24:20.516Z raft-host: applied session index=119 kind=8 shard=0 ino=47439
2026-10-08T02:24:20.528Z raft-host: applied session index=121 kind=9 shard=0 ino=47439
2026-10-08T02:24:20.536Z raft-host: applied session index=123 kind=8 shard=0 ino=51535
2026-10-08T02:24:20.546Z raft-host: applied session index=125 kind=9 shard=0 ino=51535
2026-10-08T02:24:20.555Z raft-host: applied session index=127 kind=8 shard=0 ino=55631
2026-10-08T02:24:20.566Z raft-host: applied session index=129 kind=9 shard=0 ino=55631
2026-10-08T02:24:20.577Z raft-host: applied session index=131 kind=8 shard=0 ino=59727
2026-10-08T02:24:20.588Z raft-host: applied session index=133 kind=9 shard=0 ino=59727
2026-10-08T02:24:20.599Z raft-host: applied session index=135 kind=8 shard=0 ino=63823
2026-10-08T02:24:20.611Z raft-host: applied session index=137 kind=9 shard=0 ino=63823
2026-10-08T02:24:20.611Z raft-host: inbox full, dropped frame type=3 group=0 from=0 len=11329 (drop #10)
2026-10-08T02:24:20.622Z raft-host: applied session index=139 kind=8 shard=0 ino=67919
2026-10-08T02:24:20.629Z raft-host: applied session index=141 kind=9 shard=0 ino=67919
2026-10-08T02:24:20.640Z raft-host: applied session index=143 kind=8 shard=0 ino=72015
2026-10-08T02:24:20.652Z raft-host: applied session index=145 kind=9 shard=0 ino=72015
2026-10-08T02:24:20.664Z raft-host: applied session index=147 kind=8 shard=0 ino=76111
2026-10-08T02:24:20.675Z raft-host: applied session index=149 kind=9 shard=0 ino=76111
2026-10-08T02:24:20.682Z raft-host: applied session index=151 kind=8 shard=0 ino=80207
2026-10-08T02:24:20.693Z raft-host: applied session index=153 kind=9 shard=0 ino=80207
2026-10-08T02:24:20.703Z raft-host: applied session index=155 kind=8 shard=0 ino=84303
2026-10-08T02:24:20.714Z raft-host: applied session index=157 kind=9 shard=0 ino=84303
2026-10-08T02:24:20.720Z raft-host: applied session index=158 kind=8 shard=0 ino=6479
2026-10-08T02:24:20.742Z raft-host: applied session index=162 kind=9 shard=0 ino=6479
2026-10-08T02:24:20.748Z raft-host: applied session index=163 kind=8 shard=0 ino=10575
2026-10-08T02:24:20.769Z raft-host: applied session index=167 kind=9 shard=0 ino=10575
2026-10-08T02:24:20.775Z raft-host: applied session index=168 kind=8 shard=0 ino=14671
2026-10-08T02:24:20.791Z raft-host: applied session index=172 kind=9 shard=0 ino=14671
2026-10-08T02:24:20.794Z raft-host: applied session index=173 kind=8 shard=0 ino=18767
2026-10-08T02:24:20.814Z raft-host: applied session index=177 kind=9 shard=0 ino=18767
2026-10-08T02:24:20.814Z raft-host: applied session index=178 kind=8 shard=0 ino=22863
2026-10-08T02:24:20.833Z raft-host: applied session index=182 kind=9 shard=0 ino=22863
2026-10-08T02:24:20.840Z raft-host: applied session index=183 kind=8 shard=0 ino=26959
2026-10-08T02:24:20.859Z raft-host: applied session index=187 kind=9 shard=0 ino=26959
2026-10-08T02:24:20.865Z raft-host: applied session index=188 kind=8 shard=0 ino=31055
2026-10-08T02:24:20.886Z raft-host: applied session index=192 kind=9 shard=0 ino=31055
2026-10-08T02:24:20.889Z raft-host: applied session index=193 kind=8 shard=0 ino=35151
2026-10-08T02:24:20.907Z raft-host: applied session index=197 kind=9 shard=0 ino=35151
2026-10-08T02:24:20.910Z raft-host: applied session index=198 kind=8 shard=0 ino=39247
2026-10-08T02:24:20.929Z raft-host: applied session index=202 kind=9 shard=0 ino=39247
2026-10-08T02:24:20.934Z raft-host: applied session index=203 kind=8 shard=0 ino=43343
2026-10-08T02:24:20.952Z raft-host: applied session index=207 kind=9 shard=0 ino=43343
2026-10-08T02:24:20.955Z raft-host: applied session index=208 kind=8 shard=0 ino=47439
2026-10-08T02:24:20.973Z raft-host: applied session index=212 kind=9 shard=0 ino=47439
2026-10-08T02:24:20.978Z raft-host: applied session index=213 kind=8 shard=0 ino=51535
2026-10-08T02:24:20.997Z raft-host: applied session index=217 kind=9 shard=0 ino=51535
2026-10-08T02:24:21.003Z raft-host: applied session index=218 kind=8 shard=0 ino=55631
2026-10-08T02:24:21.022Z raft-host: applied session index=222 kind=9 shard=0 ino=55631
2026-10-08T02:24:21.026Z raft-host: applied session index=223 kind=8 shard=0 ino=59727
2026-10-08T02:24:21.048Z raft-host: applied session index=227 kind=9 shard=0 ino=59727
2026-10-08T02:24:21.053Z raft-host: applied session index=228 kind=8 shard=0 ino=63823
2026-10-08T02:24:21.074Z raft-host: applied session index=232 kind=9 shard=0 ino=63823
2026-10-08T02:24:21.080Z raft-host: applied session index=233 kind=8 shard=0 ino=67919
2026-10-08T02:24:21.112Z raft-host: applied session index=237 kind=9 shard=0 ino=67919
2026-10-08T02:24:21.123Z raft-host: applied session index=238 kind=8 shard=0 ino=72015
2026-10-08T02:24:21.147Z raft-host: applied session index=242 kind=9 shard=0 ino=72015
2026-10-08T02:24:21.152Z raft-host: applied session index=243 kind=8 shard=0 ino=76111
2026-10-08T02:24:21.186Z raft-host: applied session index=247 kind=9 shard=0 ino=76111
2026-10-08T02:24:21.201Z raft-host: applied session index=248 kind=8 shard=0 ino=80207
2026-10-08T02:24:21.244Z raft-host: applied session index=252 kind=9 shard=0 ino=80207
2026-10-08T02:24:21.250Z raft-host: applied session index=253 kind=8 shard=0 ino=84303
2026-10-08T02:24:21.290Z raft-host: applied session index=257 kind=9 shard=0 ino=84303
2026-10-08T02:24:21.349Z raft-host: gc-pass ms=24 orphan=0 reap=0 frag=0 spread=0 recover=0 fscans=0 fsegs=0 fkeys=0 femit=0 ftomb=0 scans=0 segs=0 keys=0 emit=0 tomb=0 reap_scan=0 reap_sweep=0 reap_fence=0 reap_done=0
2026-10-08T02:24:21.921Z iostats: get ops=60 bytes=3932160 errors=0 avg_us=701 p50_us=413 max_us=3156 put ops=272 bytes=17825792 errors=0 avg_us=437 p50_us=174 max_us=2732 wdisk ops=272 bytes=17825792 errors=0 avg_us=383 p50_us=130 max_us=2664
2026-10-08T02:24:21.943Z raft-host: applied session index=414 kind=8 shard=0 ino=4977
2026-10-08T02:24:21.943Z raft-host: applied session index=416 kind=9 shard=0 ino=4977
2026-10-08T02:24:21.943Z raft-host: applied session index=418 kind=8 shard=0 ino=9073
2026-10-08T02:24:21.943Z raft-host: applied session index=420 kind=9 shard=0 ino=9073
2026-10-08T02:24:21.943Z raft-host: applied session index=422 kind=8 shard=0 ino=13169
2026-10-08T02:24:21.943Z raft-host: applied session index=424 kind=9 shard=0 ino=13169
2026-10-08T02:24:21.943Z raft-host: applied session index=426 kind=8 shard=0 ino=17265
2026-10-08T02:24:21.943Z raft-host: applied session index=428 kind=9 shard=0 ino=17265
2026-10-08T02:24:21.943Z raft-host: applied session index=430 kind=8 shard=0 ino=21361
2026-10-08T02:24:21.943Z raft-host: applied session index=432 kind=9 shard=0 ino=21361
2026-10-08T02:24:21.943Z raft-host: applied session index=434 kind=8 shard=0 ino=25457
2026-10-08T02:24:21.956Z raft-host: applied session index=436 kind=9 shard=0 ino=25457
2026-10-08T02:24:21.965Z raft-host: applied session index=438 kind=8 shard=0 ino=29553
2026-10-08T02:24:21.978Z raft-host: applied session index=440 kind=9 shard=0 ino=29553
2026-10-08T02:24:22.003Z raft-host: applied session index=442 kind=8 shard=0 ino=33649
2026-10-08T02:24:22.019Z raft-host: applied session index=444 kind=9 shard=0 ino=33649
2026-10-08T02:24:22.038Z raft-host: applied session index=446 kind=8 shard=0 ino=37745
2026-10-08T02:24:22.054Z raft-host: applied session index=448 kind=9 shard=0 ino=37745
2026-10-08T02:24:22.071Z raft-host: applied session index=450 kind=8 shard=0 ino=41841
2026-10-08T02:24:22.082Z raft-host: applied session index=452 kind=9 shard=0 ino=41841
2026-10-08T02:24:22.104Z raft-host: applied session index=454 kind=8 shard=0 ino=45937
2026-10-08T02:24:22.129Z raft-host: applied session index=456 kind=9 shard=0 ino=45937
2026-10-08T02:24:22.141Z raft-host: applied session index=458 kind=8 shard=0 ino=50033
2026-10-08T02:24:22.153Z raft-host: applied session index=460 kind=9 shard=0 ino=50033
2026-10-08T02:24:22.181Z raft-host: applied session index=462 kind=8 shard=0 ino=54129
2026-10-08T02:24:22.215Z raft-host: applied session index=466 kind=9 shard=0 ino=54129
2026-10-08T02:24:22.235Z raft-host: applied session index=468 kind=8 shard=0 ino=58225
2026-10-08T02:24:22.245Z raft-host: applied session index=470 kind=9 shard=0 ino=58225
2026-10-08T02:24:22.266Z raft-host: applied session index=472 kind=8 shard=0 ino=62321
2026-10-08T02:24:22.277Z raft-host: applied session index=474 kind=9 shard=0 ino=62321
2026-10-08T02:24:22.297Z raft-host: applied session index=476 kind=8 shard=0 ino=66417
2026-10-08T02:24:22.312Z raft-host: applied session index=478 kind=9 shard=0 ino=66417
2026-10-08T02:24:22.329Z raft-host: applied session index=480 kind=8 shard=0 ino=70513
2026-10-08T02:24:22.352Z raft-host: applied session index=482 kind=9 shard=0 ino=70513
2026-10-08T02:24:22.372Z raft-host: applied session index=484 kind=8 shard=0 ino=74609
2026-10-08T02:24:22.384Z raft-host: applied session index=486 kind=9 shard=0 ino=74609
2026-10-08T02:24:22.384Z raft-host: gc-pass ms=31 orphan=0 reap=0 frag=0 spread=0 recover=0 fscans=0 fsegs=0 fkeys=0 femit=0 ftomb=0 scans=0 segs=0 keys=0 emit=0 tomb=0 reap_scan=0 reap_sweep=0 reap_fence=0 reap_done=0
2026-10-08T02:24:22.397Z raft-host: applied session index=488 kind=8 shard=0 ino=78705
2026-10-08T02:24:22.397Z raft-host: applied session index=490 kind=9 shard=0 ino=78705
2026-10-08T02:24:22.397Z raft-host: applied session index=492 kind=8 shard=0 ino=82801
2026-10-08T02:24:22.397Z raft-host: applied session index=494 kind=9 shard=0 ino=82801
2026-10-08T02:24:22.397Z raft-host: applied session index=495 kind=8 shard=0 ino=4977
2026-10-08T02:24:22.397Z raft-host: applied session index=499 kind=9 shard=0 ino=4977
2026-10-08T02:24:22.397Z raft-host: applied session index=500 kind=8 shard=0 ino=9073
2026-10-08T02:24:22.397Z raft-host: applied session index=504 kind=9 shard=0 ino=9073
2026-10-08T02:24:22.397Z raft-host: applied session index=505 kind=8 shard=0 ino=13169
2026-10-08T02:24:22.397Z raft-host: applied session index=509 kind=9 shard=0 ino=13169
2026-10-08T02:24:22.397Z raft-host: applied session index=510 kind=8 shard=0 ino=17265
2026-10-08T02:24:22.397Z raft-host: applied session index=514 kind=9 shard=0 ino=17265
2026-10-08T02:24:22.397Z raft-host: applied session index=515 kind=8 shard=0 ino=21361
2026-10-08T02:24:22.397Z raft-host: applied session index=519 kind=9 shard=0 ino=21361
2026-10-08T02:24:22.397Z raft-host: applied session index=520 kind=8 shard=0 ino=25457
2026-10-08T02:24:22.408Z raft-host: applied session index=524 kind=9 shard=0 ino=25457
2026-10-08T02:24:22.408Z raft-host: applied session index=525 kind=8 shard=0 ino=29553
2026-10-08T02:24:22.408Z raft-host: applied session index=529 kind=9 shard=0 ino=29553
2026-10-08T02:24:22.408Z raft-host: applied session index=530 kind=8 shard=0 ino=33649
2026-10-08T02:24:22.408Z raft-host: applied session index=536 kind=9 shard=0 ino=33649
2026-10-08T02:24:22.408Z raft-host: applied session index=537 kind=8 shard=0 ino=37745
2026-10-08T02:24:22.408Z raft-host: applied session index=541 kind=9 shard=0 ino=37745
2026-10-08T02:24:22.408Z raft-host: applied session index=542 kind=8 shard=0 ino=41841
2026-10-08T02:24:22.408Z raft-host: applied session index=546 kind=9 shard=0 ino=41841
2026-10-08T02:24:22.408Z raft-host: applied session index=547 kind=8 shard=0 ino=45937
2026-10-08T02:24:22.408Z raft-host: applied session index=551 kind=9 shard=0 ino=45937
2026-10-08T02:24:22.408Z raft-host: applied session index=552 kind=8 shard=0 ino=50033
2026-10-08T02:24:22.408Z raft-host: applied session index=556 kind=9 shard=0 ino=50033
2026-10-08T02:24:22.408Z raft-host: applied session index=557 kind=8 shard=0 ino=54129
2026-10-08T02:24:22.408Z raft-host: applied session index=561 kind=9 shard=0 ino=54129
2026-10-08T02:24:22.408Z raft-host: applied session index=562 kind=8 shard=0 ino=58225
2026-10-08T02:24:22.437Z raft-host: applied session index=566 kind=9 shard=0 ino=58225
2026-10-08T02:24:22.440Z raft-host: applied session index=567 kind=8 shard=0 ino=62321
2026-10-08T02:24:22.484Z raft-host: applied session index=571 kind=9 shard=0 ino=62321
2026-10-08T02:24:22.490Z raft-host: applied session index=572 kind=8 shard=0 ino=66417
2026-10-08T02:24:22.528Z raft-host: applied session index=578 kind=9 shard=0 ino=66417
2026-10-08T02:24:22.553Z raft-host: applied session index=579 kind=8 shard=0 ino=70513
2026-10-08T02:24:22.585Z raft-host: applied session index=583 kind=9 shard=0 ino=70513
2026-10-08T02:24:22.591Z raft-host: applied session index=584 kind=8 shard=0 ino=74609
2026-10-08T02:24:22.636Z raft-host: applied session index=588 kind=9 shard=0 ino=74609
2026-10-08T02:24:22.646Z raft-host: applied session index=589 kind=8 shard=0 ino=78705
2026-10-08T02:24:22.693Z raft-host: applied session index=593 kind=9 shard=0 ino=78705
2026-10-08T02:24:22.698Z raft-host: applied session index=594 kind=8 shard=0 ino=82801
2026-10-08T02:24:22.727Z raft-host: applied session index=598 kind=9 shard=0 ino=82801
2026-10-08T02:24:22.896Z kv-obs: mt_bytes=221002 l0_bytes=0 l0=0 l1=0
2026-10-08T02:24:23.056Z raft-host: applied session index=2021 kind=8 shard=0 ino=4816
2026-10-08T02:24:23.071Z raft-host: applied session index=2023 kind=9 shard=0 ino=4816
2026-10-08T02:24:23.095Z raft-host: applied session index=2025 kind=8 shard=0 ino=8912
2026-10-08T02:24:23.126Z raft-host: applied session index=2027 kind=9 shard=0 ino=8912
2026-10-08T02:24:23.134Z raft-host: applied session index=2029 kind=8 shard=0 ino=13008
2026-10-08T02:24:23.158Z raft-host: applied session index=2031 kind=9 shard=0 ino=13008
2026-10-08T02:24:23.183Z raft-host: applied session index=2033 kind=8 shard=0 ino=17104
2026-10-08T02:24:23.203Z raft-host: applied session index=2035 kind=9 shard=0 ino=17104
2026-10-08T02:24:23.236Z raft-host: applied session index=2037 kind=8 shard=0 ino=21200
2026-10-08T02:24:23.260Z raft-host: applied session index=2039 kind=9 shard=0 ino=21200
2026-10-08T02:24:23.273Z raft-host: applied session index=2041 kind=8 shard=0 ino=25296
2026-10-08T02:24:23.298Z raft-host: applied session index=2043 kind=9 shard=0 ino=25296
2026-10-08T02:24:23.324Z raft-host: applied session index=2045 kind=8 shard=0 ino=29392
2026-10-08T02:24:23.355Z raft-host: applied session index=2047 kind=9 shard=0 ino=29392
2026-10-08T02:24:23.381Z raft-host: applied session index=2049 kind=8 shard=0 ino=33488
2026-10-08T02:24:23.393Z raft-host: applied session index=2051 kind=9 shard=0 ino=33488
2026-10-08T02:24:23.398Z raft-host: gc-pass ms=10 orphan=0 reap=0 frag=0 spread=0 recover=0 fscans=0 fsegs=0 fkeys=0 femit=0 ftomb=0 scans=0 segs=0 keys=0 emit=0 tomb=0 reap_scan=0 reap_sweep=0 reap_fence=0 reap_done=0
2026-10-08T02:24:23.418Z raft-host: applied session index=2053 kind=8 shard=0 ino=37584
2026-10-08T02:24:23.430Z raft-host: applied session index=2055 kind=9 shard=0 ino=37584
2026-10-08T02:24:23.441Z raft-host: applied session index=2057 kind=8 shard=0 ino=41680
2026-10-08T02:24:23.454Z raft-host: applied session index=2059 kind=9 shard=0 ino=41680
2026-10-08T02:24:23.465Z raft-host: applied session index=2061 kind=8 shard=0 ino=45776
2026-10-08T02:24:23.475Z raft-host: applied session index=2063 kind=9 shard=0 ino=45776
2026-10-08T02:24:23.486Z raft-host: applied session index=2065 kind=8 shard=0 ino=49872
2026-10-08T02:24:23.493Z raft-host: applied session index=2067 kind=9 shard=0 ino=49872
2026-10-08T02:24:23.504Z raft-host: applied session index=2069 kind=8 shard=0 ino=53968
2026-10-08T02:24:23.514Z raft-host: applied session index=2071 kind=9 shard=0 ino=53968
2026-10-08T02:24:23.523Z raft-host: applied session index=2073 kind=8 shard=0 ino=58064
2026-10-08T02:24:23.535Z raft-host: applied session index=2075 kind=9 shard=0 ino=58064
2026-10-08T02:24:23.545Z raft-host: applied session index=2077 kind=8 shard=0 ino=62160
2026-10-08T02:24:23.560Z raft-host: applied session index=2079 kind=9 shard=0 ino=62160
2026-10-08T02:24:23.570Z raft-host: applied session index=2081 kind=8 shard=0 ino=66256
2026-10-08T02:24:23.580Z raft-host: applied session index=2083 kind=9 shard=0 ino=66256
2026-10-08T02:24:23.590Z raft-host: applied session index=2085 kind=8 shard=0 ino=70352
2026-10-08T02:24:23.603Z raft-host: applied session index=2087 kind=9 shard=0 ino=70352
2026-10-08T02:24:23.618Z raft-host: applied session index=2089 kind=8 shard=0 ino=74448
2026-10-08T02:24:23.628Z raft-host: applied session index=2091 kind=9 shard=0 ino=74448
2026-10-08T02:24:23.655Z raft-host: applied session index=2093 kind=8 shard=0 ino=78544
2026-10-08T02:24:23.666Z raft-host: applied session index=2095 kind=9 shard=0 ino=78544
2026-10-08T02:24:23.687Z raft-host: applied session index=2097 kind=8 shard=0 ino=82640
2026-10-08T02:24:23.696Z raft-host: applied session index=2099 kind=9 shard=0 ino=82640
2026-10-08T02:24:23.702Z raft-host: applied session index=2100 kind=8 shard=0 ino=4816
2026-10-08T02:24:23.733Z raft-host: applied session index=2104 kind=9 shard=0 ino=4816
2026-10-08T02:24:23.738Z raft-host: applied session index=2105 kind=8 shard=0 ino=8912
2026-10-08T02:24:23.778Z raft-host: applied session index=2109 kind=9 shard=0 ino=8912
2026-10-08T02:24:23.782Z raft-host: applied session index=2110 kind=8 shard=0 ino=13008
2026-10-08T02:24:23.813Z raft-host: applied session index=2114 kind=9 shard=0 ino=13008
2026-10-08T02:24:23.818Z raft-host: applied session index=2115 kind=8 shard=0 ino=17104
2026-10-08T02:24:23.849Z raft-host: applied session index=2119 kind=9 shard=0 ino=17104
2026-10-08T02:24:23.863Z raft-host: applied session index=2120 kind=8 shard=0 ino=21200
2026-10-08T02:24:23.893Z raft-host: applied session index=2124 kind=9 shard=0 ino=21200
2026-10-08T02:24:23.898Z raft-host: applied session index=2125 kind=8 shard=0 ino=25296
2026-10-08T02:24:23.935Z raft-host: applied session index=2129 kind=9 shard=0 ino=25296
2026-10-08T02:24:23.940Z raft-host: applied session index=2130 kind=8 shard=0 ino=29392
2026-10-08T02:24:23.981Z raft-host: applied session index=2134 kind=9 shard=0 ino=29392
2026-10-08T02:24:23.995Z raft-host: applied session index=2135 kind=8 shard=0 ino=33488
2026-10-08T02:24:24.042Z raft-host: applied session index=2139 kind=9 shard=0 ino=33488
2026-10-08T02:24:24.055Z raft-host: applied session index=2140 kind=8 shard=0 ino=37584
2026-10-08T02:24:24.101Z raft-host: applied session index=2144 kind=9 shard=0 ino=37584
2026-10-08T02:24:24.113Z raft-host: applied session index=2145 kind=8 shard=0 ino=41680
2026-10-08T02:24:24.174Z raft-host: applied session index=2149 kind=9 shard=0 ino=41680
2026-10-08T02:24:24.186Z raft-host: applied session index=2150 kind=8 shard=0 ino=45776
2026-10-08T02:24:24.247Z raft-host: applied session index=2154 kind=9 shard=0 ino=45776
2026-10-08T02:24:24.259Z raft-host: applied session index=2155 kind=8 shard=0 ino=49872
2026-10-08T02:24:24.314Z raft-host: applied session index=2159 kind=9 shard=0 ino=49872
2026-10-08T02:24:24.318Z raft-host: applied session index=2160 kind=8 shard=0 ino=53968
2026-10-08T02:24:24.394Z raft-host: applied session index=2164 kind=9 shard=0 ino=53968
2026-10-08T02:24:24.417Z raft-host: applied session index=2165 kind=8 shard=0 ino=58064
2026-10-08T02:24:24.471Z raft-host: applied session index=2169 kind=9 shard=0 ino=58064
2026-10-08T02:24:24.477Z raft-host: applied session index=2170 kind=8 shard=0 ino=62160
2026-10-08T02:24:24.545Z raft-host: applied session index=2174 kind=9 shard=0 ino=62160
2026-10-08T02:24:24.554Z gc-health: stage=0 group=0 elapsed_ms=0 last_pass_age_ms=148 passes=162 sampled=0 pending=0,0 reap=0,0 removed=272 file_bytes=18939904 payload_bytes=17825792 delete_errors=0 sweep_errors=0 reap_errors=0 ack_errors=0 missing_exports=0
2026-10-08T02:24:24.573Z raft-host: applied session index=2175 kind=8 shard=0 ino=66256
2026-10-08T02:24:24.606Z raft-host: applied session index=2179 kind=9 shard=0 ino=66256
2026-10-08T02:24:24.621Z raft-host: applied session index=2180 kind=8 shard=0 ino=70352
2026-10-08T02:24:24.650Z raft-host: applied session index=2184 kind=9 shard=0 ino=70352
2026-10-08T02:24:24.662Z raft-host: applied session index=2185 kind=8 shard=0 ino=74448
2026-10-08T02:24:24.712Z raft-host: applied session index=2189 kind=9 shard=0 ino=74448
2026-10-08T02:24:24.728Z raft-host: applied session index=2190 kind=8 shard=0 ino=78544
2026-10-08T02:24:24.776Z raft-host: applied session index=2194 kind=9 shard=0 ino=78544
2026-10-08T02:24:24.788Z raft-host: applied session index=2195 kind=8 shard=0 ino=82640
2026-10-08T02:24:24.839Z raft-host: applied session index=2199 kind=9 shard=0 ino=82640
2026-10-08T02:24:25.993Z raft-host: applied session index=841 kind=8 shard=0 ino=4097
2026-10-08T02:24:26.011Z raft-host: applied session index=843 kind=8 shard=0 ino=4097
2026-10-08T02:24:26.047Z raft-host: apply publish rc=-14 index=846 ino=4097 ci=0 why=6 span=0+0 exp=a1d2e76352ae1964 base_n=0
2026-10-08T02:24:26.061Z raft-host: apply publish rc=-14 index=849 ino=4097 ci=0 why=6 span=0+0 exp=2803bee0fdf1a8a6 base_n=0
2026-10-08T02:24:26.086Z raft-host: apply publish rc=-14 index=852 ino=4097 ci=0 why=6 span=0+0 exp=114b71794a16ec50 base_n=0
2026-10-08T02:24:26.124Z raft-host: apply publish rc=-14 index=855 ino=4097 ci=0 why=6 span=0+0 exp=612807e897242806 base_n=0
2026-10-08T02:24:26.140Z raft-host: apply publish rc=-14 index=858 ino=4097 ci=0 why=6 span=0+0 exp=41869a06d920d6dc base_n=0
2026-10-08T02:24:26.162Z raft-host: apply publish rc=-14 index=861 ino=4097 ci=0 why=6 span=0+0 exp=4f13e95a26286beb base_n=0
2026-10-08T02:24:26.188Z raft-host: apply publish rc=-14 index=864 ino=4097 ci=0 why=6 span=0+0 exp=828511470401c63d base_n=0
2026-10-08T02:24:26.204Z raft-host: apply publish rc=-14 index=867 ino=4097 ci=0 why=6 span=0+0 exp=805c262e59c77105 base_n=0
2026-10-08T02:24:26.231Z raft-host: apply publish rc=-14 index=870 ino=4097 ci=0 why=6 span=0+0 exp=588ac05d29c38835 base_n=0
2026-10-08T02:24:26.246Z raft-host: applied session index=873 kind=9 shard=0 ino=4097
2026-10-08T02:24:26.251Z raft-host: applied session index=874 kind=9 shard=0 ino=4097
2026-10-08T02:24:26.408Z raft-host: applied session index=876 kind=8 shard=0 ino=8193
2026-10-08T02:24:26.464Z raft-host: applied session index=879 kind=9 shard=0 ino=8193
2026-10-08T02:24:26.488Z raft-host: applied session index=880 kind=8 shard=0 ino=8193
2026-10-08T02:24:26.533Z raft-host: applied session index=881 kind=9 shard=0 ino=8193
2026-10-08T02:24:26.551Z raft-host: applied session index=883 kind=8 shard=0 ino=12289
2026-10-08T02:24:26.581Z raft-host: applied session index=887 kind=9 shard=0 ino=12289
2026-10-08T02:24:26.586Z raft-host: applied session index=888 kind=8 shard=0 ino=12289
2026-10-08T02:24:26.590Z raft-host: applied session index=889 kind=9 shard=0 ino=12289
2026-10-08T02:24:26.808Z raft-host: applied session index=895 kind=8 shard=0 ino=16385
2026-10-08T02:24:26.835Z raft-host: applied session index=899 kind=9 shard=0 ino=16385
2026-10-08T02:24:26.840Z raft-host: applied session index=900 kind=8 shard=0 ino=16385
2026-10-08T02:24:26.845Z raft-host: applied session index=901 kind=9 shard=0 ino=16385
2026-10-08T02:24:26.925Z iostats: get ops=139 bytes=9109504 errors=0 avg_us=1365 p50_us=1404 max_us=4584 put ops=371 bytes=24313856 errors=0 avg_us=613 p50_us=1404 max_us=3601 wdisk ops=371 bytes=24313856 errors=0 avg_us=460 p50_us=464 max_us=3543
2026-10-08T02:24:27.822Z raft-host: applied session index=907 kind=8 shard=0 ino=20481
2026-10-08T02:24:27.843Z raft-host: applied session index=911 kind=9 shard=0 ino=20481
2026-10-08T02:24:27.846Z raft-host: applied session index=912 kind=8 shard=0 ino=20481
2026-10-08T02:24:27.849Z raft-host: applied session index=913 kind=9 shard=0 ino=20481
2026-10-08T02:24:27.897Z kv-obs: mt_bytes=258902 l0_bytes=0 l0=0 l1=0
2026-10-08T02:24:28.844Z raft-host: applied session index=917 kind=8 shard=0 ino=24577
2026-10-08T02:24:28.877Z raft-host: applied session index=923 kind=9 shard=0 ino=24577
2026-10-08T02:24:28.880Z raft-host: applied session index=924 kind=8 shard=0 ino=24577
2026-10-08T02:24:28.886Z raft-host: applied session index=925 kind=9 shard=0 ino=24577
2026-10-08T02:24:30.140Z raft-host: applied session index=931 kind=8 shard=0 ino=28673
2026-10-08T02:24:30.157Z raft-host: applied session index=935 kind=9 shard=0 ino=28673
2026-10-08T02:24:30.160Z raft-host: applied session index=936 kind=8 shard=0 ino=28673
2026-10-08T02:24:30.167Z raft-host: applied session index=937 kind=9 shard=0 ino=28673
2026-10-08T02:24:31.175Z raft-host: applied session index=943 kind=8 shard=0 ino=32769
2026-10-08T02:24:31.192Z raft-host: applied session index=947 kind=9 shard=0 ino=32769
2026-10-08T02:24:31.195Z raft-host: applied session index=948 kind=8 shard=0 ino=32769
2026-10-08T02:24:31.203Z raft-host: applied session index=949 kind=9 shard=0 ino=32769
2026-10-08T02:24:31.929Z iostats: get ops=139 bytes=9109504 errors=0 avg_us=1365 p50_us=1404 max_us=4584 put ops=379 bytes=24838144 errors=0 avg_us=689 p50_us=1432 max_us=11819 wdisk ops=379 bytes=24838144 errors=0 avg_us=538 p50_us=412 max_us=11648
2026-10-08T02:24:32.212Z raft-host: applied session index=955 kind=8 shard=0 ino=36865
2026-10-08T02:24:32.228Z raft-host: applied session index=959 kind=9 shard=0 ino=36865
2026-10-08T02:24:32.231Z raft-host: applied session index=960 kind=8 shard=0 ino=36865
2026-10-08T02:24:32.234Z raft-host: applied session index=961 kind=9 shard=0 ino=36865
2026-10-08T02:24:32.900Z kv-obs: mt_bytes=261406 l0_bytes=0 l0=0 l1=0
2026-10-08T02:24:33.226Z raft-host: applied session index=967 kind=8 shard=0 ino=40961
2026-10-08T02:24:33.246Z raft-host: applied session index=971 kind=9 shard=0 ino=40961
2026-10-08T02:24:33.249Z raft-host: applied session index=972 kind=8 shard=0 ino=40961
2026-10-08T02:24:33.252Z raft-host: applied session index=973 kind=9 shard=0 ino=40961
2026-10-08T02:24:34.262Z raft-host: applied session index=979 kind=8 shard=0 ino=45057
2026-10-08T02:24:34.274Z raft-host: applied session index=983 kind=9 shard=0 ino=45057
2026-10-08T02:24:34.281Z raft-host: applied session index=984 kind=8 shard=0 ino=45057
2026-10-08T02:24:34.284Z raft-host: applied session index=985 kind=9 shard=0 ino=45057
2026-10-08T02:24:35.288Z raft-host: applied session index=991 kind=8 shard=0 ino=49153
2026-10-08T02:24:35.304Z raft-host: applied session index=995 kind=9 shard=0 ino=49153
2026-10-08T02:24:35.306Z raft-host: applied session index=996 kind=8 shard=0 ino=49153
2026-10-08T02:24:35.309Z raft-host: applied session index=997 kind=9 shard=0 ino=49153
2026-10-08T02:24:36.316Z raft-host: applied session index=1003 kind=8 shard=0 ino=53249
2026-10-08T02:24:36.334Z raft-host: applied session index=1007 kind=9 shard=0 ino=53249
2026-10-08T02:24:36.336Z raft-host: applied session index=1008 kind=8 shard=0 ino=53249
2026-10-08T02:24:36.339Z raft-host: applied session index=1009 kind=9 shard=0 ino=53249
2026-10-08T02:24:36.929Z iostats: get ops=139 bytes=9109504 errors=0 avg_us=1365 p50_us=1404 max_us=4584 put ops=389 bytes=25493504 errors=0 avg_us=796 p50_us=1266 max_us=11856 wdisk ops=389 bytes=25493504 errors=0 avg_us=646 p50_us=358 max_us=11756
2026-10-08T02:24:37.336Z raft-host: applied session index=1015 kind=8 shard=0 ino=57345
2026-10-08T02:24:37.356Z raft-host: applied session index=1019 kind=9 shard=0 ino=57345
2026-10-08T02:24:37.359Z raft-host: applied session index=1020 kind=8 shard=0 ino=57345
2026-10-08T02:24:37.366Z raft-host: applied session index=1021 kind=9 shard=0 ino=57345
2026-10-08T02:24:37.904Z kv-obs: mt_bytes=264538 l0_bytes=0 l0=0 l1=0
2026-10-08T02:24:38.361Z raft-host: applied session index=1027 kind=8 shard=0 ino=61441
2026-10-08T02:24:39.260Z raft-host: applied session index=1046 kind=9 shard=0 ino=61441
2026-10-08T02:24:39.488Z raft-host: gc-pass ms=19 orphan=0 reap=0 frag=0 spread=0 recover=0 fscans=0 fsegs=0 fkeys=0 femit=0 ftomb=0 scans=0 segs=0 keys=0 emit=0 tomb=0 reap_scan=0 reap_sweep=0 reap_fence=0 reap_done=0
2026-10-08T02:24:39.787Z raft-host: applied session index=1082 kind=8 shard=0 ino=65537
2026-10-08T02:24:39.825Z raft-host: applied session index=1085 kind=9 shard=0 ino=65537
2026-10-08T02:24:40.557Z gc-health: stage=0 group=0 elapsed_ms=0 last_pass_age_ms=64 passes=178 sampled=0 pending=0,0 reap=0,0 removed=382 file_bytes=26599424 payload_bytes=25034752 delete_errors=0 sweep_errors=0 reap_errors=0 ack_errors=0 missing_exports=0
2026-10-08T02:24:41.934Z iostats: get ops=139 bytes=9109504 errors=0 avg_us=1365 p50_us=1404 max_us=4584 put ops=501 bytes=32833536 errors=0 avg_us=935 p50_us=1235 max_us=14744 wdisk ops=501 bytes=32833536 errors=0 avg_us=681 p50_us=463 max_us=14567
2026-10-08T02:24:42.905Z kv-obs: mt_bytes=301637 l0_bytes=0 l0=0 l1=0
2026-10-08T02:24:43.895Z Loaded 4 persisted cluster node(s) from /data2/efs/gc-direct-i6ohlme1/n3/meta/cluster_nodes.bin
2026-10-08T02:24:43.895Z   persisted node 1: 127.0.0.1:26590
2026-10-08T02:24:43.895Z   persisted node 2: 127.0.0.1:26591
2026-10-08T02:24:43.895Z   persisted node 3: 127.0.0.1:26592
2026-10-08T02:24:43.895Z   persisted node 4: 127.0.0.1:26593
2026-10-08T02:24:43.917Z Joined cluster with 4 nodes
2026-10-08T02:24:43.921Z heartbeat: enabled (2000 ms interval)
2026-10-08T02:24:43.944Z raft-host: up raft_id=2 n=4 boot=5478440300434507 salt=2953988285910359892 g0=hosted g2=hosted
2026-10-08T02:24:43.944Z efsd (no git metadata, branch unknown, built 2026-10-08T02:14:05Z on nuc), build=unknown: node 3 listening on 127.0.0.1:26592, storage=/data2/efs/gc-direct-i6ohlme1/n3 (1 paths, stripe=none), used=4194304, quota=1073741824, direct_io=on, writers=4 shared
2026-10-08T02:24:43.944Z kv-obs: mt_bytes=301637 l0_bytes=0 l0=0 l1=0
2026-10-08T02:24:44.908Z iostats: get ops=0 bytes=0 errors=0 avg_us=0 p50_us=0 max_us=0 put ops=0 bytes=0 errors=0 avg_us=0 p50_us=0 max_us=0 wdisk ops=0 bytes=0 errors=0 avg_us=0 p50_us=0 max_us=0
2026-10-08T02:24:44.975Z raft-host: gc-pass ms=26 orphan=0 reap=0 frag=0 spread=0 recover=0 fscans=0 fsegs=0 fkeys=0 femit=0 ftomb=0 scans=0 segs=0 keys=0 emit=0 tomb=0 reap_scan=0 reap_sweep=0 reap_fence=0 reap_done=0
2026-10-08T02:24:45.921Z gc-health: stage=0 group=0 elapsed_ms=0 last_pass_age_ms=946 passes=2 sampled=0 pending=0,0 reap=0,0 removed=0 file_bytes=0 payload_bytes=0 delete_errors=0 sweep_errors=0 reap_errors=0 ack_errors=0 missing_exports=0
2026-10-08T02:24:47.664Z raft-host: applied session index=1188 kind=8 shard=0 ino=8193
2026-10-08T02:24:47.717Z raft-host: applied session index=1189 kind=9 shard=0 ino=8193
2026-10-08T02:24:47.726Z raft-host: applied session index=1190 kind=8 shard=0 ino=4097
2026-10-08T02:24:47.733Z raft-host: applied session index=1191 kind=9 shard=0 ino=4097
2026-10-08T02:24:48.043Z raft-host: gc-pass ms=54 orphan=0 reap=48 frag=6 spread=0 recover=0 fscans=1 fsegs=0 fkeys=198 femit=9 ftomb=189 scans=3 segs=0 keys=254 emit=10 tomb=244 reap_scan=0 reap_sweep=18 reap_fence=25 reap_done=4
2026-10-08T02:24:48.268Z raft-host: applied session index=1197 kind=8 shard=0 ino=69633
2026-10-08T02:24:48.276Z store: put O_DIRECT bounce copy (buf align=3440 len=65536)
2026-10-08T02:24:48.325Z raft-host: applied session index=1200 kind=9 shard=0 ino=69633
2026-10-08T02:24:48.945Z kv-obs: mt_bytes=317830 l0_bytes=0 l0=0 l1=0
2026-10-08T02:24:49.566Z raft-host: gc-pass ms=518 orphan=0 reap=442 frag=6 spread=0 recover=69 fscans=1 fsegs=0 fkeys=215 femit=36 ftomb=179 scans=195 segs=0 keys=299 emit=37 tomb=262 reap_scan=0 reap_sweep=419 reap_fence=23 reap_done=0
2026-10-08T02:24:49.910Z iostats: get ops=56 bytes=3670016 errors=0 avg_us=548 p50_us=546 max_us=918 put ops=54 bytes=3538944 errors=0 avg_us=440 p50_us=217 max_us=1662 wdisk ops=54 bytes=3538944 errors=0 avg_us=228 p50_us=146 max_us=1295
2026-10-08T02:24:50.895Z raft-host: gc-pass ms=323 orphan=0 reap=254 frag=0 spread=0 recover=69 fscans=2 fsegs=0 fkeys=251 femit=37 ftomb=214 scans=196 segs=0 keys=311 emit=38 tomb=273 reap_scan=0 reap_sweep=253 reap_fence=0 reap_done=0
2026-10-08T02:24:52.122Z Loaded 4 persisted cluster node(s) from /data2/efs/gc-direct-i6ohlme1/n3/meta/cluster_nodes.bin
2026-10-08T02:24:52.122Z   persisted node 1: 127.0.0.1:26590
2026-10-08T02:24:52.122Z   persisted node 2: 127.0.0.1:26591
2026-10-08T02:24:52.122Z   persisted node 3: 127.0.0.1:26592
2026-10-08T02:24:52.122Z   persisted node 4: 127.0.0.1:26593
2026-10-08T02:24:52.142Z Joined cluster with 4 nodes
2026-10-08T02:24:52.146Z heartbeat: enabled (2000 ms interval)
2026-10-08T02:24:52.169Z raft-host: up raft_id=2 n=4 boot=5478440300434508 salt=7714337372185758517 g0=hosted g2=hosted
2026-10-08T02:24:52.169Z efsd (no git metadata, branch unknown, built 2026-10-08T02:14:05Z on nuc), build=unknown: node 3 listening on 127.0.0.1:26592, storage=/data2/efs/gc-direct-i6ohlme1/n3 (1 paths, stripe=none), used=3538944, quota=1073741824, direct_io=on, writers=4 shared
2026-10-08T02:24:52.169Z kv-obs: mt_bytes=315750 l0_bytes=0 l0=0 l1=0
2026-10-08T02:24:52.876Z iostats: get ops=0 bytes=0 errors=0 avg_us=0 p50_us=0 max_us=0 put ops=0 bytes=0 errors=0 avg_us=0 p50_us=0 max_us=0 wdisk ops=0 bytes=0 errors=0 avg_us=0 p50_us=0 max_us=0
2026-10-08T02:24:54.146Z gc-health: stage=0 group=0 elapsed_ms=0 last_pass_age_ms=973 passes=2 sampled=0 pending=0,0 reap=0,0 removed=0 file_bytes=0 payload_bytes=0 delete_errors=0 sweep_errors=0 reap_errors=0 ack_errors=0 missing_exports=0
2026-10-08T02:24:57.171Z kv-obs: mt_bytes=313734 l0_bytes=0 l0=0 l1=0
2026-10-08T02:24:57.876Z iostats: get ops=0 bytes=0 errors=0 avg_us=0 p50_us=0 max_us=0 put ops=0 bytes=0 errors=0 avg_us=0 p50_us=0 max_us=0 wdisk ops=0 bytes=0 errors=0 avg_us=0 p50_us=0 max_us=0
2026-10-08T02:25:00.231Z raft-host: gc-pass ms=26 orphan=0 reap=0 frag=0 spread=0 recover=0 fscans=0 fsegs=0 fkeys=0 femit=0 ftomb=0 scans=0 segs=0 keys=0 emit=0 tomb=0 reap_scan=0 reap_sweep=0 reap_fence=0 reap_done=0
2026-10-08T02:25:02.918Z iostats: get ops=0 bytes=0 errors=0 avg_us=0 p50_us=0 max_us=0 put ops=0 bytes=0 errors=0 avg_us=0 p50_us=0 max_us=0 wdisk ops=0 bytes=0 errors=0 avg_us=0 p50_us=0 max_us=0
2026-10-08T02:25:05.283Z raft-host: gc-pass ms=31 orphan=0 reap=0 frag=0 spread=0 recover=0 fscans=0 fsegs=0 fkeys=0 femit=0 ftomb=0 scans=0 segs=0 keys=0 emit=0 tomb=0 reap_scan=0 reap_sweep=0 reap_fence=0 reap_done=0
2026-10-08T02:25:07.379Z Loaded 4 persisted cluster node(s) from /data2/efs/gc-direct-i6ohlme1/n3/meta/cluster_nodes.bin
2026-10-08T02:25:07.379Z   persisted node 1: 127.0.0.1:26590
2026-10-08T02:25:07.379Z   persisted node 2: 127.0.0.1:26591
2026-10-08T02:25:07.379Z   persisted node 3: 127.0.0.1:26592
2026-10-08T02:25:07.379Z   persisted node 4: 127.0.0.1:26593
2026-10-08T02:25:07.398Z Joined cluster with 4 nodes
2026-10-08T02:25:07.401Z heartbeat: enabled (2000 ms interval)
2026-10-08T02:25:07.423Z kv-obs: mt_bytes=301743 l0_bytes=0 l0=0 l1=0
2026-10-08T02:25:07.423Z raft-host: up raft_id=2 n=4 boot=5478440300434509 salt=13725141847272742573 g0=hosted g2=hosted
2026-10-08T02:25:07.423Z efsd (no git metadata, branch unknown, built 2026-10-08T02:14:05Z on nuc), build=unknown: node 3 listening on 127.0.0.1:26592, storage=/data2/efs/gc-direct-i6ohlme1/n3 (1 paths, stripe=none), used=0, quota=1073741824, direct_io=on, writers=4 shared
2026-10-08T02:25:09.402Z gc-health: stage=0 group=0 elapsed_ms=0 last_pass_age_ms=973 passes=2 sampled=0 pending=0,0 reap=0,0 removed=0 file_bytes=0 payload_bytes=0 delete_errors=0 sweep_errors=0 reap_errors=0 ack_errors=0 missing_exports=0
2026-10-08T02:25:10.907Z iostats: get ops=0 bytes=0 errors=0 avg_us=0 p50_us=0 max_us=0 put ops=1 bytes=0 errors=1 avg_us=844 p50_us=844 max_us=844 wdisk ops=1 bytes=65536 errors=1 avg_us=575 p50_us=575 max_us=575
