[run_tests] wait_cluster_idle: Heal idle + matching gen on all nodes
[run_tests]   idle gen=- (1s)
[run_tests] posix: XFS baseline on node9901.ib:/data1/efs
Traceback (most recent call last):
  File "/tmp/efs/tests/posix/posix_suite.py", line 3402, in <module>
    sys.exit(main())
  File "/tmp/efs/tests/posix/posix_suite.py", line 3298, in main
    record(name, st, det)
  File "/tmp/efs/tests/posix/posix_suite.py", line 3191, in record
    flush_tsv()
  File "/tmp/efs/tests/posix/posix_suite.py", line 3157, in flush_tsv
    dt = time.time() - t0
TypeError: unsupported operand type(s) for -: 'float' and 'NoneType'
[run_tests]   baseline: 16 pass
[run_tests] posix: efs on fcstor007.ib:/tmp/efs-mount  (x1)
[run_tests] posix: efs on fcstor008.ib:/tmp/efs-mount  (x1)
[run_tests] posix: efs on fcstor009.ib:/tmp/efs-mount  (x1)
[run_tests] posix: efs on fcstor010.ib:/tmp/efs-mount  (x1)
[run_tests] posix: efs on fcstor011.ib:/tmp/efs-mount  (x1)
[run_tests] posix: efs on fcstor012.ib:/tmp/efs-mount  (x1)
[run_tests] posix: efs on fcstor013.ib:/tmp/efs-mount  (x1)
[run_tests] posix: efs on fcstor014.ib:/tmp/efs-mount  (x1)
[run_tests] posix: efs on fcstor015.ib:/tmp/efs-mount  (x1)
Traceback (most recent call last):
  File "/tmp/efs/tests/posix/posix_suite.py", line 3402, in <module>
    sys.exit(main())
  File "/tmp/efs/tests/posix/posix_suite.py", line 3298, in main
    record(name, st, det)
  File "/tmp/efs/tests/posix/posix_suite.py", line 3191, in record
    flush_tsv()
  File "/tmp/efs/tests/posix/posix_suite.py", line 3157, in flush_tsv
    dt = time.time() - t0
TypeError: unsupported operand type(s) for -: 'float' and 'NoneType'
Traceback (most recent call last):
  File "/tmp/efs/tests/posix/posix_suite.py", line 3402, in <module>
    sys.exit(main())
  File "/tmp/efs/tests/posix/posix_suite.py", line 3298, in main
    record(name, st, det)
  File "/tmp/efs/tests/posix/posix_suite.py", line 3191, in record
    flush_tsv()
  File "/tmp/efs/tests/posix/posix_suite.py", line 3157, in flush_tsv
    dt = time.time() - t0
TypeError: unsupported operand type(s) for -: 'float' and 'NoneType'
Traceback (most recent call last):
  File "/tmp/efs/tests/posix/posix_suite.py", line 3402, in <module>
    sys.exit(main())
  File "/tmp/efs/tests/posix/posix_suite.py", line 3298, in main
    record(name, st, det)
  File "/tmp/efs/tests/posix/posix_suite.py", line 3191, in record
    flush_tsv()
  File "/tmp/efs/tests/posix/posix_suite.py", line 3157, in flush_tsv
    dt = time.time() - t0
TypeError: unsupported operand type(s) for -: 'float' and 'NoneType'
Traceback (most recent call last):
  File "/tmp/efs/tests/posix/posix_suite.py", line 3402, in <module>
    sys.exit(main())
  File "/tmp/efs/tests/posix/posix_suite.py", line 3298, in main
    record(name, st, det)
  File "/tmp/efs/tests/posix/posix_suite.py", line 3191, in record
    flush_tsv()
  File "/tmp/efs/tests/posix/posix_suite.py", line 3157, in flush_tsv
    dt = time.time() - t0
TypeError: unsupported operand type(s) for -: 'float' and 'NoneType'
Traceback (most recent call last):
  File "/tmp/efs/tests/posix/posix_suite.py", line 3402, in <module>
    sys.exit(main())
  File "/tmp/efs/tests/posix/posix_suite.py", line 3298, in main
    record(name, st, det)
  File "/tmp/efs/tests/posix/posix_suite.py", line 3191, in record
    flush_tsv()
  File "/tmp/efs/tests/posix/posix_suite.py", line 3157, in flush_tsv
    dt = time.time() - t0
TypeError: unsupported operand type(s) for -: 'float' and 'NoneType'
Traceback (most recent call last):
  File "/tmp/efs/tests/posix/posix_suite.py", line 3402, in <module>
    sys.exit(main())
  File "/tmp/efs/tests/posix/posix_suite.py", line 3298, in main
    record(name, st, det)
  File "/tmp/efs/tests/posix/posix_suite.py", line 3191, in record
    flush_tsv()
  File "/tmp/efs/tests/posix/posix_suite.py", line 3157, in flush_tsv
    dt = time.time() - t0
TypeError: unsupported operand type(s) for -: 'float' and 'NoneType'
Traceback (most recent call last):
  File "/tmp/efs/tests/posix/posix_suite.py", line 3402, in <module>
    sys.exit(main())
  File "/tmp/efs/tests/posix/posix_suite.py", line 3298, in main
    record(name, st, det)
  File "/tmp/efs/tests/posix/posix_suite.py", line 3191, in record
    flush_tsv()
  File "/tmp/efs/tests/posix/posix_suite.py", line 3157, in flush_tsv
    dt = time.time() - t0
TypeError: unsupported operand type(s) for -: 'float' and 'NoneType'
Traceback (most recent call last):
  File "/tmp/efs/tests/posix/posix_suite.py", line 3402, in <module>
    sys.exit(main())
  File "/tmp/efs/tests/posix/posix_suite.py", line 3298, in main
    record(name, st, det)
  File "/tmp/efs/tests/posix/posix_suite.py", line 3191, in record
    flush_tsv()
  File "/tmp/efs/tests/posix/posix_suite.py", line 3157, in flush_tsv
    dt = time.time() - t0
TypeError: unsupported operand type(s) for -: 'float' and 'NoneType'
Traceback (most recent call last):
  File "/tmp/efs/tests/posix/posix_suite.py", line 3402, in <module>
    sys.exit(main())
  File "/tmp/efs/tests/posix/posix_suite.py", line 3298, in main
    record(name, st, det)
  File "/tmp/efs/tests/posix/posix_suite.py", line 3191, in record
    flush_tsv()
  File "/tmp/efs/tests/posix/posix_suite.py", line 3157, in flush_tsv
    dt = time.time() - t0
TypeError: unsupported operand type(s) for -: 'float' and 'NoneType'
efs-ssh: TIMEOUT after 400s host=fcstor012.ib
[run_tests]   --- compare fcstor012.ib vs XFS baseline ---
================================================================
POSIX baseline comparison: 16 tests
  both pass        : 0
  EFS BUGS         : 0  (baseline PASS, target FAIL)
  both fail (match): 0
  target better    : 0
  not run          : 16  (cut or missing; not a bug)
================================================================

--- not run (suite cut or row missing; not an EFS bug) ---
  basic_append                     [missing] 
  basic_chunk_boundary             [missing] 
  basic_dup_write                  [missing] 
  basic_empty_file                 [missing] 
  basic_o_trunc                    [missing] 
  basic_oappend_flag               [missing] 
  basic_overwrite_middle           [missing] 
  basic_pread_pwrite               [missing] 
  basic_rdwr_no_reopen             [missing] 
  basic_read_past_eof              [missing] 
  basic_seek_cur_past_eof_write    [missing] 
  basic_seek_end_then_write        [missing] 
  basic_seek_read                  [missing] 
  basic_write_read                 [missing] 
  fsync_reopen_visible             [missing] 
  trunc_shrink                     [missing] 
efs-ssh: TIMEOUT after 400s host=fcstor007.ib
[run_tests]   --- compare fcstor007.ib vs XFS baseline ---
================================================================
POSIX baseline comparison: 16 tests
  both pass        : 0
  EFS BUGS         : 0  (baseline PASS, target FAIL)
  both fail (match): 0
  target better    : 0
  not run          : 16  (cut or missing; not a bug)
================================================================

--- not run (suite cut or row missing; not an EFS bug) ---
  basic_append                     [missing] 
  basic_chunk_boundary             [missing] 
  basic_dup_write                  [missing] 
  basic_empty_file                 [missing] 
  basic_o_trunc                    [missing] 
  basic_oappend_flag               [missing] 
  basic_overwrite_middle           [missing] 
  basic_pread_pwrite               [missing] 
  basic_rdwr_no_reopen             [missing] 
  basic_read_past_eof              [missing] 
  basic_seek_cur_past_eof_write    [missing] 
  basic_seek_end_then_write        [missing] 
  basic_seek_read                  [missing] 
  basic_write_read                 [missing] 
  fsync_reopen_visible             [missing] 
  trunc_shrink                     [missing] 
efs-ssh: TIMEOUT after 400s host=fcstor008.ib
[run_tests]   --- compare fcstor008.ib vs XFS baseline ---
================================================================
POSIX baseline comparison: 16 tests
  both pass        : 0
  EFS BUGS         : 0  (baseline PASS, target FAIL)
  both fail (match): 0
  target better    : 0
  not run          : 16  (cut or missing; not a bug)
================================================================

--- not run (suite cut or row missing; not an EFS bug) ---
  basic_append                     [missing] 
  basic_chunk_boundary             [missing] 
  basic_dup_write                  [missing] 
  basic_empty_file                 [missing] 
  basic_o_trunc                    [missing] 
  basic_oappend_flag               [missing] 
  basic_overwrite_middle           [missing] 
  basic_pread_pwrite               [missing] 
  basic_rdwr_no_reopen             [missing] 
  basic_read_past_eof              [missing] 
  basic_seek_cur_past_eof_write    [missing] 
  basic_seek_end_then_write        [missing] 
  basic_seek_read                  [missing] 
  basic_write_read                 [missing] 
  fsync_reopen_visible             [missing] 
  trunc_shrink                     [missing] 
efs-ssh: TIMEOUT after 400s host=fcstor010.ib
efs-ssh: TIMEOUT after 400s host=fcstor013.ib
[run_tests]   --- compare fcstor010.ib vs XFS baseline ---
[run_tests]   --- compare fcstor013.ib vs XFS baseline ---
================================================================
POSIX baseline comparison: 16 tests
  both pass        : 0
  EFS BUGS         : 0  (baseline PASS, target FAIL)
  both fail (match): 0
  target better    : 0
  not run          : 16  (cut or missing; not a bug)
================================================================

--- not run (suite cut or row missing; not an EFS bug) ---
  basic_append                     [missing] 
  basic_chunk_boundary             [missing] 
  basic_dup_write                  [missing] 
  basic_empty_file                 [missing] 
  basic_o_trunc                    [missing] 
  basic_oappend_flag               [missing] 
  basic_overwrite_middle           [missing] 
  basic_pread_pwrite               [missing] 
  basic_rdwr_no_reopen             [missing] 
  basic_read_past_eof              [missing] 
  basic_seek_cur_past_eof_write    [missing] 
  basic_seek_end_then_write        [missing] 
  basic_seek_read                  [missing] 
  basic_write_read                 [missing] 
  fsync_reopen_visible             [missing] 
  trunc_shrink                     [missing] 
================================================================
POSIX baseline comparison: 16 tests
  both pass        : 0
  EFS BUGS         : 0  (baseline PASS, target FAIL)
  both fail (match): 0
  target better    : 0
  not run          : 16  (cut or missing; not a bug)
================================================================

--- not run (suite cut or row missing; not an EFS bug) ---
  basic_append                     [missing] 
  basic_chunk_boundary             [missing] 
  basic_dup_write                  [missing] 
  basic_empty_file                 [missing] 
  basic_o_trunc                    [missing] 
  basic_oappend_flag               [missing] 
  basic_overwrite_middle           [missing] 
  basic_pread_pwrite               [missing] 
  basic_rdwr_no_reopen             [missing] 
  basic_read_past_eof              [missing] 
  basic_seek_cur_past_eof_write    [missing] 
  basic_seek_end_then_write        [missing] 
  basic_seek_read                  [missing] 
  basic_write_read                 [missing] 
  fsync_reopen_visible             [missing] 
  trunc_shrink                     [missing] 
[run_tests]   --- compare fcstor011.ib vs XFS baseline ---
[run_tests]   --- compare fcstor009.ib vs XFS baseline ---
================================================================
POSIX baseline comparison: 16 tests
  both pass        : 1
  EFS BUGS         : 0  (baseline PASS, target FAIL)
  both fail (match): 0
  target better    : 0
  not run          : 15  (cut or missing; not a bug)
================================================================

--- not run (suite cut or row missing; not an EFS bug) ---
  basic_append                     [missing] 
  basic_chunk_boundary             [missing] 
  basic_dup_write                  [missing] 
  basic_empty_file                 [missing] 
  basic_o_trunc                    [missing] 
  basic_oappend_flag               [missing] 
  basic_overwrite_middle           [missing] 
  basic_pread_pwrite               [missing] 
  basic_rdwr_no_reopen             [missing] 
  basic_seek_cur_past_eof_write    [missing] 
  basic_seek_end_then_write        [missing] 
  basic_seek_read                  [missing] 
  basic_write_read                 [missing] 
  fsync_reopen_visible             [missing] 
  trunc_shrink                     [missing] 
================================================================
POSIX baseline comparison: 16 tests
  both pass        : 1
  EFS BUGS         : 0  (baseline PASS, target FAIL)
  both fail (match): 0
  target better    : 0
  not run          : 15  (cut or missing; not a bug)
================================================================

--- not run (suite cut or row missing; not an EFS bug) ---
  basic_append                     [missing] 
  basic_chunk_boundary             [missing] 
  basic_dup_write                  [missing] 
  basic_empty_file                 [missing] 
  basic_o_trunc                    [missing] 
  basic_oappend_flag               [missing] 
  basic_overwrite_middle           [missing] 
  basic_pread_pwrite               [missing] 
  basic_rdwr_no_reopen             [missing] 
  basic_seek_cur_past_eof_write    [missing] 
  basic_seek_end_then_write        [missing] 
  basic_seek_read                  [missing] 
  basic_write_read                 [missing] 
  fsync_reopen_visible             [missing] 
  trunc_shrink                     [missing] 
efs-ssh: TIMEOUT after 400s host=fcstor014.ib
[run_tests]   --- compare fcstor014.ib vs XFS baseline ---
[run_tests]   --- compare fcstor015.ib vs XFS baseline ---
================================================================
POSIX baseline comparison: 16 tests
  both pass        : 0
  EFS BUGS         : 0  (baseline PASS, target FAIL)
  both fail (match): 0
  target better    : 0
  not run          : 16  (cut or missing; not a bug)
================================================================

--- not run (suite cut or row missing; not an EFS bug) ---
  basic_append                     [missing] 
  basic_chunk_boundary             [missing] 
  basic_dup_write                  [missing] 
  basic_empty_file                 [missing] 
  basic_o_trunc                    [missing] 
  basic_oappend_flag               [missing] 
  basic_overwrite_middle           [missing] 
  basic_pread_pwrite               [missing] 
  basic_rdwr_no_reopen             [missing] 
  basic_read_past_eof              [missing] 
  basic_seek_cur_past_eof_write    [missing] 
  basic_seek_end_then_write        [missing] 
  basic_seek_read                  [missing] 
  basic_write_read                 [missing] 
  fsync_reopen_visible             [missing] 
  trunc_shrink                     [missing] 
================================================================
POSIX baseline comparison: 16 tests
  both pass        : 1
  EFS BUGS         : 0  (baseline PASS, target FAIL)
  both fail (match): 0
  target better    : 0
  not run          : 15  (cut or missing; not a bug)
================================================================

--- not run (suite cut or row missing; not an EFS bug) ---
  basic_append                     [missing] 
  basic_chunk_boundary             [missing] 
  basic_empty_file                 [missing] 
  basic_o_trunc                    [missing] 
  basic_oappend_flag               [missing] 
  basic_overwrite_middle           [missing] 
  basic_pread_pwrite               [missing] 
  basic_rdwr_no_reopen             [missing] 
  basic_read_past_eof              [missing] 
  basic_seek_cur_past_eof_write    [missing] 
  basic_seek_end_then_write        [missing] 
  basic_seek_read                  [missing] 
  basic_write_read                 [missing] 
  fsync_reopen_visible             [missing] 
  trunc_shrink                     [missing] 
[run_tests] posix results in /home/erbmi1/git/efs/results/posix/20260922-013820
