Evidence directory: /data1/efs/gc-direct-93eshswn
node 1 listening PASS
node 2 listening PASS
node 3 listening PASS
node 4 listening PASS
raft-mkfs rc=0 leader_hint=1 index=2 salt=9542902602400278940
client serving PASS
Unmounting /data1/efs/gc-direct-93eshswn/mnt
Retiring drained efs-fuse PID 329378 for /data1/efs/gc-direct-93eshswn/mnt
Unmounted /data1/efs/gc-direct-93eshswn/mnt
client serving PASS
failed-publication owned bodies cold verified and reclaimed PASS
failed publication finite admission, retained bytes and recovery {"accepted_writes": 245, "errors": [12, 5], "peak_rss_kib": 89860, "pressure_charges": [["32112640", "0", "33554432", "67108864"]], "cold_bytes_verified": true, "drain_exhaustion": [["267", "67108864", "0", "67108864", "67108864"]]} PASS
Unmounting /data1/efs/gc-direct-93eshswn/mnt
Retiring drained efs-fuse PID 329560 for /data1/efs/gc-direct-93eshswn/mnt
Unmounted /data1/efs/gc-direct-93eshswn/mnt
client serving PASS
sparse-pressure fragments physically reclaimed PASS
sparse concurrent admission, cold bytes/holes and physical reclaim: peak_RSS_kib=121788 retries=0 PASS
peer mounted PASS
Unmounting /data1/efs/gc-direct-93eshswn/peer
Retiring drained efs-fuse PID 330134 for /data1/efs/gc-direct-93eshswn/peer
Unmounted /data1/efs/gc-direct-93eshswn/peer
two-peer adjacent writes and repeated folds complete
fragment files present PASS
span-only truncate then physical reclaim PASS
span-only truncate then physical reclaim PASS
span-only truncate then physical reclaim PASS
span-only truncate then physical reclaim PASS
span-only truncate then physical reclaim PASS
span-only truncate then physical reclaim PASS
span-only truncate then physical reclaim PASS
span-only truncate then physical reclaim PASS
span-only truncate then physical reclaim PASS
span-only truncate then physical reclaim PASS
span-only truncate then physical reclaim PASS
span-only truncate then physical reclaim PASS
fragment files present PASS
GC runs while hardlink remains PASS
hardlink protects stored fragments PASS
GC runs while unlinked inode is open PASS
open unlinked inode retains readable/writable fragments PASS
last close physically reclaims fragments PASS
GC passes, removal bytes and quota reflect last-close deletion PASS
closed-unlinked inode allocated bytes: 15249408 -> 0 PASS
fragment files present PASS
valid late-PUT control accepted on live inode by every member PASS
disk failure visible PASS
failed fragment remains on disk pending retry PASS
Unmounting /data1/efs/gc-direct-93eshswn/mnt
Retiring drained efs-fuse PID 329931 for /data1/efs/gc-direct-93eshswn/mnt
Unmounted /data1/efs/gc-direct-93eshswn/mnt
node 1 listening PASS
node 2 listening PASS
node 3 listening PASS
node 4 listening PASS
restart without client reclaims pending fragments PASS
leader reap and fragment queues drain PASS
client serving PASS
cold two-peer fold and live-base reads after GC PASS
fold fragments physically reclaimed PASS
fragment files present PASS
offline fourth member retains reap ledger PASS
Unmounting /data1/efs/gc-direct-93eshswn/mnt
Retiring drained efs-fuse PID 333109 for /data1/efs/gc-direct-93eshswn/mnt
Unmounted /data1/efs/gc-direct-93eshswn/mnt
node 1 listening PASS
node 2 listening PASS
node 3 listening PASS
node 4 listening PASS
rejoined member completes reclamation PASS
queues drain after member rejoins PASS
client serving PASS
sentinel physically reclaimed PASS
all fixture GC records retired PASS
Unmounting /data1/efs/gc-direct-93eshswn/mnt
Retiring drained efs-fuse PID 334611 for /data1/efs/gc-direct-93eshswn/mnt
Unmounted /data1/efs/gc-direct-93eshswn/mnt
node 1 listening PASS
node 2 listening PASS
node 3 listening PASS
node 4 listening PASS
physical inventory empty after restart PASS
restart orphan and GC queues drained PASS
restart quota zero and late PUT fenced on every member PASS
physical fragment inventory empty after restart PASS
small-memory whole-fixture envelope {"limit_bytes": 1073741824, "peak_bytes": 245190656, "events_before": {"low": "0", "high": "0", "max": "0", "oom": "0", "oom_kill": "0", "oom_group_kill": "0"}, "events_after": {"low": "0", "high": "0", "max": "0", "oom": "0", "oom_kill": "0", "oom_group_kill": "0"}, "scope": "/sys/fs/cgroup/user.slice/user-1001.slice/user@1001.service/app.slice/efs-memory-final-direct-20261007.service"} PASS
GC reclamation direct PASS
