Evidence directory: /data1/efs/gc-direct-_fmf42xf
node 1 listening PASS
node 2 listening PASS
node 3 listening PASS
node 4 listening PASS
raft-mkfs rc=0 leader_hint=1 index=2 salt=3756295267795745443
client serving PASS
twenty-ancestor rename preserves all guards and rejects cycle PASS
Unmounting /data1/efs/gc-direct-_fmf42xf/mnt
Retiring drained efs-fuse PID 1365871 for /data1/efs/gc-direct-_fmf42xf/mnt
Unmounted /data1/efs/gc-direct-_fmf42xf/mnt
client serving PASS
Unmounting /data1/efs/gc-direct-_fmf42xf/mnt
Retiring drained efs-fuse PID 1366051 for /data1/efs/gc-direct-_fmf42xf/mnt
Unmounted /data1/efs/gc-direct-_fmf42xf/mnt
client serving PASS
replacement inode: source=3568 old=288 observed=3568
node 1 authoritative replacement inode PASS
node 2 authoritative replacement inode PASS
node 3 authoritative replacement inode PASS
node 4 authoritative replacement inode PASS
sixteen used-lane empty HASHED rmdir and replacement PASS
Unmounting /data1/efs/gc-direct-_fmf42xf/mnt
Retiring drained efs-fuse PID 1366239 for /data1/efs/gc-direct-_fmf42xf/mnt
Unmounted /data1/efs/gc-direct-_fmf42xf/mnt
client serving PASS
namespace boundary prior GC drained PASS
Unmounting /data1/efs/gc-direct-_fmf42xf/mnt
Retiring drained efs-fuse PID 1366420 for /data1/efs/gc-direct-_fmf42xf/mnt
Unmounted /data1/efs/gc-direct-_fmf42xf/mnt
client serving PASS
Unmounting /data1/efs/gc-direct-_fmf42xf/mnt
Retiring drained efs-fuse PID 1367457 for /data1/efs/gc-direct-_fmf42xf/mnt
Unmounted /data1/efs/gc-direct-_fmf42xf/mnt
node 1 listening PASS
node 2 listening PASS
node 3 listening PASS
node 4 listening PASS
client serving PASS
64-lane empty directory removal/replacement and restart PASS
Unmounting /data1/efs/gc-direct-_fmf42xf/mnt
Retiring drained efs-fuse PID 1368661 for /data1/efs/gc-direct-_fmf42xf/mnt
Unmounted /data1/efs/gc-direct-_fmf42xf/mnt
client serving PASS
64-lane prepare barrier reached PASS
Unmounting /data1/efs/gc-direct-_fmf42xf/mnt
Retiring drained efs-fuse PID 1368746 for /data1/efs/gc-direct-_fmf42xf/mnt
Unmounted /data1/efs/gc-direct-_fmf42xf/mnt
node 1 listening PASS
node 2 listening PASS
node 3 listening PASS
node 4 listening PASS
client serving PASS
fault replacement cleanup drained PASS
Unmounting /data1/efs/gc-direct-_fmf42xf/mnt
Retiring drained efs-fuse PID 1371543 for /data1/efs/gc-direct-_fmf42xf/mnt
Unmounted /data1/efs/gc-direct-_fmf42xf/mnt
client serving PASS
64-lane commit barrier reached PASS
Unmounting /data1/efs/gc-direct-_fmf42xf/mnt
Retiring drained efs-fuse PID 1371625 for /data1/efs/gc-direct-_fmf42xf/mnt
Unmounted /data1/efs/gc-direct-_fmf42xf/mnt
node 1 listening PASS
node 2 listening PASS
node 3 listening PASS
node 4 listening PASS
client serving PASS
fault replacement cleanup drained PASS
64-lane prepared/committed coordinator death and cold atomic recovery PASS
peer mounted PASS
Unmounting /data1/efs/gc-direct-_fmf42xf/peer
Retiring drained efs-fuse PID 1373387 for /data1/efs/gc-direct-_fmf42xf/peer
Unmounted /data1/efs/gc-direct-_fmf42xf/peer
two-peer adjacent writes and repeated folds complete
fragment files present PASS
span-only truncate then physical reclaim PASS
span-only truncate then physical reclaim PASS
span-only truncate then physical reclaim PASS
span-only truncate then physical reclaim PASS
span-only truncate then physical reclaim PASS
span-only truncate then physical reclaim PASS
span-only truncate then physical reclaim PASS
span-only truncate then physical reclaim PASS
span-only truncate then physical reclaim PASS
span-only truncate then physical reclaim PASS
span-only truncate then physical reclaim PASS
span-only truncate then physical reclaim PASS
fragment files present PASS
GC runs while hardlink remains PASS
hardlink protects stored fragments PASS
GC runs while unlinked inode is open PASS
open unlinked inode retains readable/writable fragments PASS
last close physically reclaims fragments PASS
GC passes, removal bytes and quota reflect last-close deletion PASS
closed-unlinked inode allocated bytes: 15249408 -> 0 PASS
fragment files present PASS
valid late-PUT control accepted on live inode by every member PASS
disk failure visible PASS
failed fragment remains on disk pending retry PASS
Unmounting /data1/efs/gc-direct-_fmf42xf/mnt
Retiring drained efs-fuse PID 1373177 for /data1/efs/gc-direct-_fmf42xf/mnt
Unmounted /data1/efs/gc-direct-_fmf42xf/mnt
node 1 listening PASS
node 2 listening PASS
node 3 listening PASS
node 4 listening PASS
restart without client reclaims pending fragments PASS
leader reap and fragment queues drain PASS
client serving PASS
cold two-peer fold and live-base reads after GC PASS
fold fragments physically reclaimed PASS
fragment files present PASS
offline fourth member retains reap ledger PASS
Unmounting /data1/efs/gc-direct-_fmf42xf/mnt
Retiring drained efs-fuse PID 1376612 for /data1/efs/gc-direct-_fmf42xf/mnt
Unmounted /data1/efs/gc-direct-_fmf42xf/mnt
node 1 listening PASS
node 2 listening PASS
node 3 listening PASS
node 4 listening PASS
rejoined member completes reclamation PASS
queues drain after member rejoins PASS
client serving PASS
sentinel physically reclaimed PASS
all fixture GC records retired PASS
Unmounting /data1/efs/gc-direct-_fmf42xf/mnt
Retiring drained efs-fuse PID 1378472 for /data1/efs/gc-direct-_fmf42xf/mnt
Unmounted /data1/efs/gc-direct-_fmf42xf/mnt
node 1 listening PASS
node 2 listening PASS
node 3 listening PASS
node 4 listening PASS
physical inventory empty after restart PASS
restart orphan and GC queues drained PASS
restart quota zero and late PUT fenced on every member PASS
physical fragment inventory empty after restart PASS
GC reclamation direct PASS
