Evidence directory: /data1/efs/gc-direct-bthyk2ga
node 1 listening PASS
node 2 listening PASS
node 3 listening PASS
node 4 listening PASS
raft-mkfs rc=0 leader_hint=2 index=2 salt=9950272591010983925
client serving PASS
twenty-ancestor rename preserves all guards and rejects cycle PASS
Unmounting /data1/efs/gc-direct-bthyk2ga/mnt
Retiring drained efs-fuse PID 1153866 for /data1/efs/gc-direct-bthyk2ga/mnt
Unmounted /data1/efs/gc-direct-bthyk2ga/mnt
client serving PASS
Unmounting /data1/efs/gc-direct-bthyk2ga/mnt
Retiring drained efs-fuse PID 1154154 for /data1/efs/gc-direct-bthyk2ga/mnt
Unmounted /data1/efs/gc-direct-bthyk2ga/mnt
client serving PASS
replacement inode: source=3781 old=309 observed=3781
node 1 authoritative replacement inode PASS
node 2 authoritative replacement inode PASS
node 3 authoritative replacement inode PASS
node 4 authoritative replacement inode PASS
sixteen used-lane empty HASHED rmdir and replacement PASS
Unmounting /data1/efs/gc-direct-bthyk2ga/mnt
Retiring drained efs-fuse PID 1154634 for /data1/efs/gc-direct-bthyk2ga/mnt
Unmounted /data1/efs/gc-direct-bthyk2ga/mnt
client serving PASS
namespace boundary prior GC drained PASS
Unmounting /data1/efs/gc-direct-bthyk2ga/mnt
Retiring drained efs-fuse PID 1155172 for /data1/efs/gc-direct-bthyk2ga/mnt
Unmounted /data1/efs/gc-direct-bthyk2ga/mnt
client serving PASS
Unmounting /data1/efs/gc-direct-bthyk2ga/mnt
Retiring drained efs-fuse PID 1156948 for /data1/efs/gc-direct-bthyk2ga/mnt
Unmounted /data1/efs/gc-direct-bthyk2ga/mnt
node 1 listening PASS
node 2 listening PASS
node 3 listening PASS
node 4 listening PASS
client serving PASS
64-lane empty directory removal/replacement and restart PASS
Unmounting /data1/efs/gc-direct-bthyk2ga/mnt
Retiring drained efs-fuse PID 1158689 for /data1/efs/gc-direct-bthyk2ga/mnt
Unmounted /data1/efs/gc-direct-bthyk2ga/mnt
node 1 listening PASS
node 2 listening PASS
node 3 listening PASS
node 4 listening PASS
client serving PASS
namespace actual envelope: depth=143 accepted, depth=144 refused in 8.004s, restart recovery PASS
peer mounted PASS
Unmounting /data1/efs/gc-direct-bthyk2ga/peer
Retiring drained efs-fuse PID 1176639 for /data1/efs/gc-direct-bthyk2ga/peer
Unmounted /data1/efs/gc-direct-bthyk2ga/peer
two-peer adjacent writes and repeated folds complete
fragment files present PASS
span-only truncate then physical reclaim PASS
span-only truncate then physical reclaim PASS
span-only truncate then physical reclaim PASS
span-only truncate then physical reclaim PASS
span-only truncate then physical reclaim PASS
span-only truncate then physical reclaim PASS
span-only truncate then physical reclaim PASS
span-only truncate then physical reclaim PASS
span-only truncate then physical reclaim PASS
span-only truncate then physical reclaim PASS
span-only truncate then physical reclaim PASS
span-only truncate then physical reclaim PASS
fragment files present PASS
GC runs while hardlink remains PASS
hardlink protects stored fragments PASS
GC runs while unlinked inode is open PASS
open unlinked inode retains readable/writable fragments PASS
last close physically reclaims fragments PASS
GC passes, removal bytes and quota reflect last-close deletion PASS
closed-unlinked inode allocated bytes: 15249408 -> 0 PASS
fragment files present PASS
valid late-PUT control accepted on live inode by every member PASS
disk failure visible PASS
failed fragment remains on disk pending retry PASS
Unmounting /data1/efs/gc-direct-bthyk2ga/mnt
Retiring drained efs-fuse PID 1176007 for /data1/efs/gc-direct-bthyk2ga/mnt
Unmounted /data1/efs/gc-direct-bthyk2ga/mnt
node 1 listening PASS
node 2 listening PASS
node 3 listening PASS
node 4 listening PASS
restart without client reclaims pending fragments PASS
leader reap and fragment queues drain PASS
client serving PASS
cold two-peer fold and live-base reads after GC PASS
fold fragments physically reclaimed PASS
fragment files present PASS
offline fourth member retains reap ledger PASS
Unmounting /data1/efs/gc-direct-bthyk2ga/mnt
Retiring drained efs-fuse PID 1180683 for /data1/efs/gc-direct-bthyk2ga/mnt
Unmounted /data1/efs/gc-direct-bthyk2ga/mnt
node 1 listening PASS
node 2 listening PASS
node 3 listening PASS
node 4 listening PASS
rejoined member completes reclamation PASS
queues drain after member rejoins PASS
client serving PASS
sentinel physically reclaimed PASS
all fixture GC records retired PASS
Unmounting /data1/efs/gc-direct-bthyk2ga/mnt
Retiring drained efs-fuse PID 1181821 for /data1/efs/gc-direct-bthyk2ga/mnt
Unmounted /data1/efs/gc-direct-bthyk2ga/mnt
node 1 listening PASS
node 2 listening PASS
node 3 listening PASS
node 4 listening PASS
physical inventory empty after restart PASS
restart orphan and GC queues drained PASS
restart quota zero and late PUT fenced on every member PASS
physical fragment inventory empty after restart PASS
GC reclamation direct PASS
