Evidence directory: /data1/efs/gc-direct-6e6r1utr
node 1 listening PASS
node 2 listening PASS
node 3 listening PASS
node 4 listening PASS
raft-mkfs rc=0 leader_hint=1 index=2 salt=13795805424076000931
client serving PASS
root rename old-name miss, new inode and old-name reuse PASS
fixtures ready
Unmounting /data1/efs/gc-direct-6e6r1utr/mnt
Retiring drained efs-fuse PID 1136001 for /data1/efs/gc-direct-6e6r1utr/mnt
Unmounted /data1/efs/gc-direct-6e6r1utr/mnt
client serving PASS
{"sequential_bytes": 924975104, "sequential_errors": [], "failures": 0, "first_failures": [], "elapsed": 50.69081351198838, "reader_stopped": true}

bulk mixed-read deletions drained before fault fixture PASS
twenty-ancestor rename preserves all guards and rejects cycle PASS
Unmounting /data1/efs/gc-direct-6e6r1utr/mnt
Retiring drained efs-fuse PID 1144771 for /data1/efs/gc-direct-6e6r1utr/mnt
Unmounted /data1/efs/gc-direct-6e6r1utr/mnt
client serving PASS
Unmounting /data1/efs/gc-direct-6e6r1utr/mnt
Retiring drained efs-fuse PID 1175430 for /data1/efs/gc-direct-6e6r1utr/mnt
Unmounted /data1/efs/gc-direct-6e6r1utr/mnt
client serving PASS
replacement inode: source=3656 old=3800 observed=3656
node 1 authoritative replacement inode PASS
node 2 authoritative replacement inode PASS
node 3 authoritative replacement inode PASS
node 4 authoritative replacement inode PASS
sixteen used-lane empty HASHED rmdir and replacement PASS
Unmounting /data1/efs/gc-direct-6e6r1utr/mnt
Retiring drained efs-fuse PID 1175755 for /data1/efs/gc-direct-6e6r1utr/mnt
Unmounted /data1/efs/gc-direct-6e6r1utr/mnt
client serving PASS
namespace boundary prior GC drained PASS
Unmounting /data1/efs/gc-direct-6e6r1utr/mnt
Retiring drained efs-fuse PID 1175986 for /data1/efs/gc-direct-6e6r1utr/mnt
Unmounted /data1/efs/gc-direct-6e6r1utr/mnt
client serving PASS
Unmounting /data1/efs/gc-direct-6e6r1utr/mnt
Retiring drained efs-fuse PID 1177515 for /data1/efs/gc-direct-6e6r1utr/mnt
Unmounted /data1/efs/gc-direct-6e6r1utr/mnt
node 1 listening PASS
node 2 listening PASS
node 3 listening PASS
node 4 listening PASS
client serving PASS
64-lane empty directory removal/replacement and restart PASS
Unmounting /data1/efs/gc-direct-6e6r1utr/mnt
Retiring drained efs-fuse PID 1179169 for /data1/efs/gc-direct-6e6r1utr/mnt
Unmounted /data1/efs/gc-direct-6e6r1utr/mnt
node 1 listening PASS
node 2 listening PASS
node 3 listening PASS
node 4 listening PASS
client serving PASS
namespace actual envelope: depth=63 accepted, depth=64 refused in 8.008s, restart recovery PASS
peer mounted PASS
Unmounting /data1/efs/gc-direct-6e6r1utr/peer
Retiring drained efs-fuse PID 1183703 for /data1/efs/gc-direct-6e6r1utr/peer
Unmounted /data1/efs/gc-direct-6e6r1utr/peer
two-peer adjacent writes and repeated folds complete
fragment files present PASS
span-only truncate then physical reclaim PASS
span-only truncate then physical reclaim PASS
span-only truncate then physical reclaim PASS
span-only truncate then physical reclaim PASS
span-only truncate then physical reclaim PASS
span-only truncate then physical reclaim PASS
span-only truncate then physical reclaim PASS
span-only truncate then physical reclaim PASS
span-only truncate then physical reclaim PASS
span-only truncate then physical reclaim PASS
span-only truncate then physical reclaim PASS
span-only truncate then physical reclaim PASS
fragment files present PASS
GC runs while hardlink remains PASS
hardlink protects stored fragments PASS
GC runs while unlinked inode is open PASS
open unlinked inode retains readable/writable fragments PASS
last close physically reclaims fragments PASS
GC passes, removal bytes and quota reflect last-close deletion PASS
closed-unlinked inode allocated bytes: 15249408 -> 0 PASS
fragment files present PASS
valid late-PUT control accepted on live inode by every member PASS
disk failure visible PASS
failed fragment remains on disk pending retry PASS
Unmounting /data1/efs/gc-direct-6e6r1utr/mnt
Retiring drained efs-fuse PID 1183505 for /data1/efs/gc-direct-6e6r1utr/mnt
Unmounted /data1/efs/gc-direct-6e6r1utr/mnt
node 1 listening PASS
node 2 listening PASS
node 3 listening PASS
node 4 listening PASS
restart without client reclaims pending fragments PASS
leader reap and fragment queues drain PASS
client serving PASS
cold two-peer fold and live-base reads after GC PASS
fold fragments physically reclaimed PASS
fragment files present PASS
offline fourth member retains reap ledger PASS
Unmounting /data1/efs/gc-direct-6e6r1utr/mnt
Retiring drained efs-fuse PID 1187703 for /data1/efs/gc-direct-6e6r1utr/mnt
Unmounted /data1/efs/gc-direct-6e6r1utr/mnt
node 1 listening PASS
node 2 listening PASS
node 3 listening PASS
node 4 listening PASS
rejoined member completes reclamation PASS
queues drain after member rejoins PASS
client serving PASS
sentinel physically reclaimed PASS
all fixture GC records retired PASS
Unmounting /data1/efs/gc-direct-6e6r1utr/mnt
Retiring drained efs-fuse PID 1189931 for /data1/efs/gc-direct-6e6r1utr/mnt
Unmounted /data1/efs/gc-direct-6e6r1utr/mnt
node 1 listening PASS
node 2 listening PASS
node 3 listening PASS
node 4 listening PASS
physical inventory empty after restart PASS
restart orphan and GC queues drained PASS
restart quota zero and late PUT fenced on every member PASS
physical fragment inventory empty after restart PASS
GC reclamation direct PASS
