[run_tests] wait_cluster_idle: Heal idle + matching gen on all nodes
[run_tests]   idle gen=- (1s)
[run_tests] posix: XFS baseline on node9901.ib:/data1/efs
[run_tests]   baseline: 196 pass
[run_tests] posix: efs on fcstor007.ib:/tmp/efs-mount  (x1)
[run_tests] posix: efs on fcstor009.ib:/tmp/efs-mount  (x1)
[run_tests] posix: efs on fcstor008.ib:/tmp/efs-mount  (x1)
[run_tests] posix: efs on fcstor010.ib:/tmp/efs-mount  (x1)
[run_tests] posix: efs on fcstor011.ib:/tmp/efs-mount  (x1)
[run_tests] posix: efs on fcstor012.ib:/tmp/efs-mount  (x1)
[run_tests] posix: efs on fcstor013.ib:/tmp/efs-mount  (x1)
[run_tests] posix: efs on fcstor014.ib:/tmp/efs-mount  (x1)
[run_tests] posix: efs on fcstor015.ib:/tmp/efs-mount  (x1)
[run_tests]   --- compare fcstor007.ib vs XFS baseline ---
================================================================
POSIX baseline comparison: 201 tests
  both pass        : 186
  EFS BUGS         : 10  (baseline PASS, target FAIL)
  both fail (match): 0
  target better    : 5
  not run          : 0  (cut or missing; not a bug)
================================================================

--- EFS BUGS (pass on baseline, fail on target) ---
  basic_chunk_boundary             [FAIL] straddle chunk boundary: got b'\x00\x00\x00', want b'XYB'
  concurrent_appends               [FAIL] timeout after 30s
  concurrent_creates_same_dir      [FAIL] timeout after 15s
  concurrent_write_and_readdir     [FAIL] timeout after 15s
  dir_deep_nesting                 [FAIL] timeout after 15s
  dir_deep_nesting_beyond_64       [FAIL] timeout after 15s
  mmap_write_read                  [SKIP] mmap unsupported: [Errno 19] No such device
  mtime_monotonic_many_writes      [FAIL] timeout after 15s
  names_crazy_dirs                 [FAIL] timeout after 15s
  names_crazy_roundtrip            [FAIL] timeout after 15s

--- target passes where baseline fails ---
  dir_mkdir_umask                 
  fcntl_byte_range_lock           
  virt_find_not_a_real_dir        
  virt_find_query                 
  virt_stats_readable             
[run_tests]   --- compare fcstor010.ib vs XFS baseline ---
================================================================
POSIX baseline comparison: 201 tests
  both pass        : 186
  EFS BUGS         : 10  (baseline PASS, target FAIL)
  both fail (match): 0
  target better    : 5
  not run          : 0  (cut or missing; not a bug)
================================================================

--- EFS BUGS (pass on baseline, fail on target) ---
  concurrent_appends               [FAIL] timeout after 30s
  concurrent_create_unlink_two_proc [FAIL] create/unlink child rc=1: Traceback (most recent call last):   File "<string>", line 7, in <module> OSError: [Errno 5] Input/output error: '/tmp/efs-mount/posix-fcstor010-xq7wmi37/concurrent_create_unlink_two_proc/c1-21' 
  concurrent_creates_same_dir      [FAIL] timeout after 15s
  concurrent_write_and_readdir     [FAIL] timeout after 15s
  dir_deep_nesting                 [FAIL] timeout after 15s
  dir_deep_nesting_beyond_64       [FAIL] timeout after 15s
  mmap_write_read                  [SKIP] mmap unsupported: [Errno 19] No such device
  mtime_monotonic_many_writes      [FAIL] timeout after 15s
  names_crazy_dirs                 [FAIL] timeout after 15s
  names_crazy_roundtrip            [FAIL] timeout after 15s

--- target passes where baseline fails ---
  dir_mkdir_umask                 
  fcntl_byte_range_lock           
  virt_find_not_a_real_dir        
  virt_find_query                 
  virt_stats_readable             
[run_tests]   --- compare fcstor009.ib vs XFS baseline ---
================================================================
POSIX baseline comparison: 201 tests
  both pass        : 187
  EFS BUGS         : 9  (baseline PASS, target FAIL)
  both fail (match): 0
  target better    : 5
  not run          : 0  (cut or missing; not a bug)
================================================================

--- EFS BUGS (pass on baseline, fail on target) ---
  concurrent_appends               [FAIL] timeout after 30s
  concurrent_creates_same_dir      [FAIL] timeout after 15s
  concurrent_write_and_readdir     [FAIL] timeout after 15s
  dir_deep_nesting                 [FAIL] timeout after 15s
  dir_deep_nesting_beyond_64       [FAIL] timeout after 15s
  mmap_write_read                  [SKIP] mmap unsupported: [Errno 19] No such device
  mtime_monotonic_many_writes      [FAIL] timeout after 15s
  names_crazy_dirs                 [FAIL] timeout after 15s
  names_crazy_roundtrip            [FAIL] timeout after 15s

--- target passes where baseline fails ---
  dir_mkdir_umask                 
  fcntl_byte_range_lock           
  virt_find_not_a_real_dir        
  virt_find_query                 
  virt_stats_readable             
[run_tests]   --- compare fcstor011.ib vs XFS baseline ---
================================================================
POSIX baseline comparison: 201 tests
  both pass        : 190
  EFS BUGS         : 6  (baseline PASS, target FAIL)
  both fail (match): 0
  target better    : 5
  not run          : 0  (cut or missing; not a bug)
================================================================

--- EFS BUGS (pass on baseline, fail on target) ---
  concurrent_creates_same_dir      [FAIL] timeout after 15s
  concurrent_write_and_readdir     [FAIL] timeout after 15s
  dir_deep_nesting                 [FAIL] timeout after 15s
  dir_deep_nesting_beyond_64       [FAIL] timeout after 15s
  mmap_write_read                  [SKIP] mmap unsupported: [Errno 19] No such device
  names_crazy_dirs                 [FAIL] timeout after 15s

--- target passes where baseline fails ---
  dir_mkdir_umask                 
  fcntl_byte_range_lock           
  virt_find_not_a_real_dir        
  virt_find_query                 
  virt_stats_readable             
[run_tests]   --- compare fcstor014.ib vs XFS baseline ---
================================================================
POSIX baseline comparison: 201 tests
  both pass        : 187
  EFS BUGS         : 9  (baseline PASS, target FAIL)
  both fail (match): 0
  target better    : 5
  not run          : 0  (cut or missing; not a bug)
================================================================

--- EFS BUGS (pass on baseline, fail on target) ---
  concurrent_appends               [FAIL] timeout after 30s
  concurrent_creates_same_dir      [FAIL] timeout after 15s
  concurrent_write_and_readdir     [FAIL] timeout after 15s
  dir_deep_nesting                 [FAIL] timeout after 15s
  dir_deep_nesting_beyond_64       [FAIL] timeout after 15s
  mmap_write_read                  [SKIP] mmap unsupported: [Errno 19] No such device
  mtime_monotonic_many_writes      [FAIL] timeout after 15s
  names_crazy_dirs                 [FAIL] timeout after 15s
  names_crazy_roundtrip            [FAIL] timeout after 15s

--- target passes where baseline fails ---
  dir_mkdir_umask                 
  fcntl_byte_range_lock           
  virt_find_not_a_real_dir        
  virt_find_query                 
  virt_stats_readable             
[run_tests]   --- compare fcstor012.ib vs XFS baseline ---
================================================================
POSIX baseline comparison: 201 tests
  both pass        : 187
  EFS BUGS         : 9  (baseline PASS, target FAIL)
  both fail (match): 0
  target better    : 5
  not run          : 0  (cut or missing; not a bug)
================================================================

--- EFS BUGS (pass on baseline, fail on target) ---
  concurrent_appends               [FAIL] timeout after 30s
  concurrent_creates_same_dir      [FAIL] timeout after 15s
  concurrent_write_and_readdir     [FAIL] timeout after 15s
  dir_deep_nesting                 [FAIL] timeout after 15s
  dir_deep_nesting_beyond_64       [FAIL] timeout after 15s
  mmap_write_read                  [SKIP] mmap unsupported: [Errno 19] No such device
  mtime_monotonic_many_writes      [FAIL] timeout after 15s
  names_crazy_dirs                 [FAIL] timeout after 15s
  names_crazy_roundtrip            [FAIL] timeout after 15s

--- target passes where baseline fails ---
  dir_mkdir_umask                 
  fcntl_byte_range_lock           
  virt_find_not_a_real_dir        
  virt_find_query                 
  virt_stats_readable             
[run_tests]   --- compare fcstor013.ib vs XFS baseline ---
================================================================
POSIX baseline comparison: 201 tests
  both pass        : 187
  EFS BUGS         : 9  (baseline PASS, target FAIL)
  both fail (match): 0
  target better    : 5
  not run          : 0  (cut or missing; not a bug)
================================================================

--- EFS BUGS (pass on baseline, fail on target) ---
  concurrent_appends               [FAIL] timeout after 30s
  concurrent_creates_same_dir      [FAIL] timeout after 15s
  concurrent_write_and_readdir     [FAIL] timeout after 15s
  dir_deep_nesting                 [FAIL] timeout after 15s
  dir_deep_nesting_beyond_64       [FAIL] timeout after 15s
  mmap_write_read                  [SKIP] mmap unsupported: [Errno 19] No such device
  mtime_monotonic_many_writes      [FAIL] timeout after 15s
  names_crazy_dirs                 [FAIL] timeout after 15s
  names_crazy_roundtrip            [FAIL] timeout after 15s

--- target passes where baseline fails ---
  dir_mkdir_umask                 
  fcntl_byte_range_lock           
  virt_find_not_a_real_dir        
  virt_find_query                 
  virt_stats_readable             
[run_tests]   --- compare fcstor008.ib vs XFS baseline ---
================================================================
POSIX baseline comparison: 201 tests
  both pass        : 187
  EFS BUGS         : 9  (baseline PASS, target FAIL)
  both fail (match): 0
  target better    : 5
  not run          : 0  (cut or missing; not a bug)
================================================================

--- EFS BUGS (pass on baseline, fail on target) ---
  concurrent_appends               [FAIL] timeout after 30s
  concurrent_creates_same_dir      [FAIL] timeout after 15s
  concurrent_write_and_readdir     [FAIL] timeout after 15s
  dir_deep_nesting                 [FAIL] timeout after 15s
  dir_deep_nesting_beyond_64       [FAIL] timeout after 15s
  mmap_write_read                  [SKIP] mmap unsupported: [Errno 19] No such device
  mtime_monotonic_many_writes      [FAIL] timeout after 15s
  names_crazy_dirs                 [FAIL] timeout after 15s
  names_crazy_roundtrip            [FAIL] timeout after 15s

--- target passes where baseline fails ---
  dir_mkdir_umask                 
  fcntl_byte_range_lock           
  virt_find_not_a_real_dir        
  virt_find_query                 
  virt_stats_readable             
[run_tests]   --- compare fcstor015.ib vs XFS baseline ---
================================================================
POSIX baseline comparison: 201 tests
  both pass        : 188
  EFS BUGS         : 8  (baseline PASS, target FAIL)
  both fail (match): 0
  target better    : 5
  not run          : 0  (cut or missing; not a bug)
================================================================

--- EFS BUGS (pass on baseline, fail on target) ---
  concurrent_appends               [FAIL] timeout after 30s
  concurrent_creates_same_dir      [FAIL] timeout after 15s
  concurrent_write_and_readdir     [FAIL] timeout after 15s
  dir_deep_nesting                 [FAIL] timeout after 15s
  dir_deep_nesting_beyond_64       [FAIL] timeout after 15s
  mmap_write_read                  [SKIP] mmap unsupported: [Errno 19] No such device
  names_crazy_dirs                 [FAIL] timeout after 15s
  names_crazy_roundtrip            [FAIL] timeout after 15s

--- target passes where baseline fails ---
  dir_mkdir_umask                 
  fcntl_byte_range_lock           
  virt_find_not_a_real_dir        
  virt_find_query                 
  virt_stats_readable             
[run_tests] posix results in /home/erbmi1/git/efs/results/posix/20260922-015936
