Evidence directory: /data1/efs/gc-buffered-i32nxyti
node 1 listening PASS
node 2 listening PASS
node 3 listening PASS
node 4 listening PASS
raft-mkfs rc=0 leader_hint=2 index=2 salt=16974471432600843729
client serving PASS
Unmounting /data1/efs/gc-buffered-i32nxyti/mnt
Retiring drained efs-fuse PID 228505 for /data1/efs/gc-buffered-i32nxyti/mnt
Unmounted /data1/efs/gc-buffered-i32nxyti/mnt
client serving PASS
Unmounting /data1/efs/gc-buffered-i32nxyti/mnt
Retiring drained efs-fuse PID 228740 for /data1/efs/gc-buffered-i32nxyti/mnt
Unmounted /data1/efs/gc-buffered-i32nxyti/mnt
client serving PASS
Unmounting /data1/efs/gc-buffered-i32nxyti/mnt
Retiring drained efs-fuse PID 228797 for /data1/efs/gc-buffered-i32nxyti/mnt
Unmounted /data1/efs/gc-buffered-i32nxyti/mnt
client serving PASS
Unmounting /data1/efs/gc-buffered-i32nxyti/mnt
Retiring drained efs-fuse PID 228857 for /data1/efs/gc-buffered-i32nxyti/mnt
Unmounted /data1/efs/gc-buffered-i32nxyti/mnt
client serving PASS
Unmounting /data1/efs/gc-buffered-i32nxyti/mnt
Retiring drained efs-fuse PID 229061 for /data1/efs/gc-buffered-i32nxyti/mnt
Unmounted /data1/efs/gc-buffered-i32nxyti/mnt
client serving PASS
Unmounting /data1/efs/gc-buffered-i32nxyti/mnt
Retiring drained efs-fuse PID 229172 for /data1/efs/gc-buffered-i32nxyti/mnt
Unmounted /data1/efs/gc-buffered-i32nxyti/mnt
client serving PASS
Unmounting /data1/efs/gc-buffered-i32nxyti/mnt
Retiring drained efs-fuse PID 229346 for /data1/efs/gc-buffered-i32nxyti/mnt
Unmounted /data1/efs/gc-buffered-i32nxyti/mnt
client serving PASS
Unmounting /data1/efs/gc-buffered-i32nxyti/mnt
Retiring drained efs-fuse PID 229569 for /data1/efs/gc-buffered-i32nxyti/mnt
Unmounted /data1/efs/gc-buffered-i32nxyti/mnt
client serving PASS
Unmounting /data1/efs/gc-buffered-i32nxyti/mnt
Retiring drained efs-fuse PID 229620 for /data1/efs/gc-buffered-i32nxyti/mnt
Unmounted /data1/efs/gc-buffered-i32nxyti/mnt
client serving PASS
Unmounting /data1/efs/gc-buffered-i32nxyti/mnt
Retiring drained efs-fuse PID 229669 for /data1/efs/gc-buffered-i32nxyti/mnt
Unmounted /data1/efs/gc-buffered-i32nxyti/mnt
client serving PASS
Unmounting /data1/efs/gc-buffered-i32nxyti/mnt
Retiring drained efs-fuse PID 229885 for /data1/efs/gc-buffered-i32nxyti/mnt
Unmounted /data1/efs/gc-buffered-i32nxyti/mnt
client serving PASS
Unmounting /data1/efs/gc-buffered-i32nxyti/mnt
Retiring drained efs-fuse PID 229931 for /data1/efs/gc-buffered-i32nxyti/mnt
Unmounted /data1/efs/gc-buffered-i32nxyti/mnt
client serving PASS
Unmounting /data1/efs/gc-buffered-i32nxyti/mnt
Retiring drained efs-fuse PID 229975 for /data1/efs/gc-buffered-i32nxyti/mnt
Unmounted /data1/efs/gc-buffered-i32nxyti/mnt
client serving PASS
Unmounting /data1/efs/gc-buffered-i32nxyti/mnt
Retiring drained efs-fuse PID 230186 for /data1/efs/gc-buffered-i32nxyti/mnt
Unmounted /data1/efs/gc-buffered-i32nxyti/mnt
client serving PASS
Unmounting /data1/efs/gc-buffered-i32nxyti/mnt
Retiring drained efs-fuse PID 230234 for /data1/efs/gc-buffered-i32nxyti/mnt
Unmounted /data1/efs/gc-buffered-i32nxyti/mnt
client serving PASS
Unmounting /data1/efs/gc-buffered-i32nxyti/mnt
Retiring drained efs-fuse PID 230335 for /data1/efs/gc-buffered-i32nxyti/mnt
Unmounted /data1/efs/gc-buffered-i32nxyti/mnt
client serving PASS
opposite directory moves preserve acyclic ancestry and make progress PASS
twenty-ancestor rename preserves all guards and rejects cycle PASS
Unmounting /data1/efs/gc-buffered-i32nxyti/mnt
Retiring drained efs-fuse PID 230495 for /data1/efs/gc-buffered-i32nxyti/mnt
Unmounted /data1/efs/gc-buffered-i32nxyti/mnt
client serving PASS
Unmounting /data1/efs/gc-buffered-i32nxyti/mnt
Retiring drained efs-fuse PID 230746 for /data1/efs/gc-buffered-i32nxyti/mnt
Unmounted /data1/efs/gc-buffered-i32nxyti/mnt
client serving PASS
replacement inode: source=2116 old=3892 observed=2116
node 1 authoritative replacement inode PASS
node 2 authoritative replacement inode PASS
node 3 authoritative replacement inode PASS
node 4 authoritative replacement inode PASS
sixteen used-lane empty HASHED rmdir and replacement PASS
Unmounting /data1/efs/gc-buffered-i32nxyti/mnt
Retiring drained efs-fuse PID 231191 for /data1/efs/gc-buffered-i32nxyti/mnt
Unmounted /data1/efs/gc-buffered-i32nxyti/mnt
client serving PASS
namespace boundary prior GC drained PASS
over-envelope rmdir rejects before PREPARE/DROP and preserves directory PASS
Unmounting /data1/efs/gc-buffered-i32nxyti/mnt
ERROR: PID 231433 does not own drained endpoint; retained
Traceback (most recent call last):
  File "/data1/efs/three-gates-repeat-src/tests/live/gc_reclamation.py", line 616, in <module>
    unmount();stop();start();mount_client()
    ^^^^^^^^^
  File "/data1/efs/three-gates-repeat-src/tests/live/gc_reclamation.py", line 173, in unmount
    run([source/'scripts/client.sh','stop',mount])
  File "/data1/efs/three-gates-repeat-src/tests/live/gc_reclamation.py", line 108, in run
    return subprocess.run([str(x) for x in args], check=True, timeout=kwargs.pop("timeout",60), env=env, **kwargs)
           ^^^^^^^^^^^^^^^^^^^^^^^^^^^^^^^^^^^^^^^^^^^^^^^^^^^^^^^^^^^^^^^^^^^^^^^^^^^^^^^^^^^^^^^^^^^^^^^^^^^^^^^
  File "/usr/lib64/python3.12/subprocess.py", line 571, in run
    raise CalledProcessError(retcode, process.args,
subprocess.CalledProcessError: Command '['/data1/efs/three-gates-repeat-src/scripts/client.sh', 'stop', '/data1/efs/gc-buffered-i32nxyti/mnt']' returned non-zero exit status 1.
