kv-fault: compactor parked (/data2/efs/three-gates-kv-steady-fault)
sample phase=baseline writes=0 rss_kib=10956 mt_bytes=0 l0_bytes=0 l0=0 l1=0 hot=0
sample phase=fill writes=16 rss_kib=27548 mt_bytes=0 l0_bytes=134218000 l0=16 l1=0 hot=0
sample phase=fill writes=32 rss_kib=27548 mt_bytes=0 l0_bytes=268436000 l0=32 l1=0 hot=0
sample phase=fill writes=48 rss_kib=27548 mt_bytes=0 l0_bytes=402654000 l0=48 l1=0 hot=0
sample phase=fill writes=64 rss_kib=27548 mt_bytes=0 l0_bytes=536872000 l0=64 l1=0 hot=0
sample phase=fill writes=80 rss_kib=27548 mt_bytes=0 l0_bytes=671090000 l0=80 l1=0 hot=0
sample phase=fill writes=96 rss_kib=27548 mt_bytes=0 l0_bytes=805308000 l0=96 l1=0 hot=0
sample phase=fill writes=112 rss_kib=27548 mt_bytes=0 l0_bytes=939526000 l0=112 l1=0 hot=0
sample phase=fill writes=128 rss_kib=27548 mt_bytes=0 l0_bytes=1073744000 l0=128 l1=0 hot=1
sample phase=cap writes=128 rss_kib=27548 mt_bytes=0 l0_bytes=1073744000 l0=128 l1=0 hot=1
kv-compact: backpressure n_l0=128
sample phase=deferred writes=1 rss_kib=35612 mt_bytes=8388664 l0_bytes=1073744000 l0=128 l1=0 hot=1
sample phase=deferred writes=2 rss_kib=43804 mt_bytes=16777328 l0_bytes=1073744000 l0=128 l1=0 hot=1
sample phase=deferred writes=3 rss_kib=51996 mt_bytes=25165992 l0_bytes=1073744000 l0=128 l1=0 hot=1
sample phase=deferred writes=4 rss_kib=60188 mt_bytes=33554656 l0_bytes=1073744000 l0=128 l1=0 hot=1
sample phase=deferred writes=5 rss_kib=68380 mt_bytes=41943320 l0_bytes=1073744000 l0=128 l1=0 hot=1
sample phase=deferred writes=6 rss_kib=76572 mt_bytes=50331984 l0_bytes=1073744000 l0=128 l1=0 hot=1
sample phase=deferred writes=7 rss_kib=84764 mt_bytes=58720648 l0_bytes=1073744000 l0=128 l1=0 hot=1
sample phase=deferred writes=8 rss_kib=92956 mt_bytes=67109312 l0_bytes=1073744000 l0=128 l1=0 hot=1
kv-fault: compactor released
kv-compact: start l0=128 inputs=128 range=256 l0only=0
kv-compact: end bytes=1073744000 ms=1089 l0=0 l1=16 rc=0
sample phase=recovered writes=8 rss_kib=200940 mt_bytes=0 l0_bytes=67109000 l0=1 l1=16 hot=0
kv-compact: start l0=4 inputs=4 range=257 l0only=0
kv-compact: end bytes=67109000 ms=105 l0=1 l1=17 rc=0
kv-compact: start l0=1 inputs=2 range=257 l0only=0
kv-compact: end bytes=67109000 ms=91 l0=1 l1=17 rc=0
kv-compact: start l0=4 inputs=5 range=257 l0only=0
kv-compact: end bytes=67109000 ms=81 l0=0 l1=17 rc=0
recovery_seconds=2
sample phase=steady writes=1 rss_kib=200940 mt_bytes=0 l0_bytes=0 l0=0 l1=17 hot=0
kv-compact: start l0=4 inputs=5 range=257 l0only=0
kv-compact: end bytes=67109000 ms=103 l0=1 l1=17 rc=0
kv-compact: start l0=1 inputs=2 range=257 l0only=0
kv-compact: end bytes=67109000 ms=83 l0=1 l1=17 rc=0
sample phase=steady writes=2 rss_kib=200940 mt_bytes=0 l0_bytes=25165875 l0=3 l1=17 hot=0
kv-compact: start l0=4 inputs=5 range=257 l0only=0
kv-compact: end bytes=67109000 ms=102 l0=1 l1=17 rc=0
kv-compact: start l0=1 inputs=2 range=257 l0only=0
kv-compact: end bytes=67109000 ms=87 l0=1 l1=17 rc=0
kv-compact: start l0=4 inputs=5 range=257 l0only=0
kv-compact: end bytes=67109000 ms=97 l0=1 l1=17 rc=0
kv-compact: start l0=1 inputs=2 range=257 l0only=0
kv-compact: end bytes=67109000 ms=93 l0=1 l1=17 rc=0
kv-compact: start l0=1 inputs=2 range=257 l0only=0
kv-compact: end bytes=67109000 ms=69 l0=0 l1=17 rc=0
sample phase=steady writes=3 rss_kib=200940 mt_bytes=0 l0_bytes=0 l0=0 l1=17 hot=0
kv-compact: start l0=4 inputs=5 range=257 l0only=0
kv-compact: end bytes=67109000 ms=106 l0=1 l1=17 rc=0
kv-compact: start l0=1 inputs=2 range=257 l0only=0
kv-compact: end bytes=67109000 ms=79 l0=1 l1=17 rc=0
sample phase=steady writes=4 rss_kib=200940 mt_bytes=0 l0_bytes=25165875 l0=3 l1=17 hot=0
production 1-GiB cap, finite post-cap growth, idle drain and durable reopen PASS
