Evidence directory: /data1/efs/gc-buffered-6xc0n_8k
node 1 listening PASS
node 2 listening PASS
node 3 listening PASS
node 4 listening PASS
raft-mkfs rc=0 leader_hint=2 index=2 salt=2811731603836400344
client serving PASS
Unmounting /data1/efs/gc-buffered-6xc0n_8k/mnt
Retiring drained efs-fuse PID 216805 for /data1/efs/gc-buffered-6xc0n_8k/mnt
Unmounted /data1/efs/gc-buffered-6xc0n_8k/mnt
client serving PASS
Unmounting /data1/efs/gc-buffered-6xc0n_8k/mnt
Retiring drained efs-fuse PID 216875 for /data1/efs/gc-buffered-6xc0n_8k/mnt
Unmounted /data1/efs/gc-buffered-6xc0n_8k/mnt
client serving PASS
Unmounting /data1/efs/gc-buffered-6xc0n_8k/mnt
Retiring drained efs-fuse PID 217104 for /data1/efs/gc-buffered-6xc0n_8k/mnt
Unmounted /data1/efs/gc-buffered-6xc0n_8k/mnt
client serving PASS
Unmounting /data1/efs/gc-buffered-6xc0n_8k/mnt
Retiring drained efs-fuse PID 217178 for /data1/efs/gc-buffered-6xc0n_8k/mnt
Unmounted /data1/efs/gc-buffered-6xc0n_8k/mnt
client serving PASS
Unmounting /data1/efs/gc-buffered-6xc0n_8k/mnt
Retiring drained efs-fuse PID 217243 for /data1/efs/gc-buffered-6xc0n_8k/mnt
Unmounted /data1/efs/gc-buffered-6xc0n_8k/mnt
client serving PASS
Unmounting /data1/efs/gc-buffered-6xc0n_8k/mnt
Retiring drained efs-fuse PID 217428 for /data1/efs/gc-buffered-6xc0n_8k/mnt
Unmounted /data1/efs/gc-buffered-6xc0n_8k/mnt
client serving PASS
Unmounting /data1/efs/gc-buffered-6xc0n_8k/mnt
Retiring drained efs-fuse PID 217544 for /data1/efs/gc-buffered-6xc0n_8k/mnt
Unmounted /data1/efs/gc-buffered-6xc0n_8k/mnt
client serving PASS
Unmounting /data1/efs/gc-buffered-6xc0n_8k/mnt
Retiring drained efs-fuse PID 217593 for /data1/efs/gc-buffered-6xc0n_8k/mnt
Unmounted /data1/efs/gc-buffered-6xc0n_8k/mnt
client serving PASS
Unmounting /data1/efs/gc-buffered-6xc0n_8k/mnt
Retiring drained efs-fuse PID 217749 for /data1/efs/gc-buffered-6xc0n_8k/mnt
Unmounted /data1/efs/gc-buffered-6xc0n_8k/mnt
client serving PASS
Unmounting /data1/efs/gc-buffered-6xc0n_8k/mnt
Retiring drained efs-fuse PID 217866 for /data1/efs/gc-buffered-6xc0n_8k/mnt
ERROR: cannot identify mount for efs-fuse PID 217866
Traceback (most recent call last):
  File "/data1/efs/three-gates-final-src/tests/live/gc_reclamation.py", line 310, in <module>
    unmount();mount_client()
    ^^^^^^^^^
  File "/data1/efs/three-gates-final-src/tests/live/gc_reclamation.py", line 173, in unmount
    run([source/'scripts/client.sh','stop',mount])
  File "/data1/efs/three-gates-final-src/tests/live/gc_reclamation.py", line 108, in run
    return subprocess.run([str(x) for x in args], check=True, timeout=kwargs.pop("timeout",60), env=env, **kwargs)
           ^^^^^^^^^^^^^^^^^^^^^^^^^^^^^^^^^^^^^^^^^^^^^^^^^^^^^^^^^^^^^^^^^^^^^^^^^^^^^^^^^^^^^^^^^^^^^^^^^^^^^^^
  File "/usr/lib64/python3.12/subprocess.py", line 571, in run
    raise CalledProcessError(retcode, process.args,
subprocess.CalledProcessError: Command '['/data1/efs/three-gates-final-src/scripts/client.sh', 'stop', '/data1/efs/gc-buffered-6xc0n_8k/mnt']' returned non-zero exit status 1.
