unmounting /data1/efs/mnt2
Unmounting /data1/efs/mnt2
Retiring drained efs-fuse PID 472120 for /data1/efs/mnt2
Unmounted /data1/efs/mnt2
unmounting /data1/efs/mnt
Unmounting /data1/efs/mnt
Retiring drained efs-fuse PID 478493 for /data1/efs/mnt
Unmounted /data1/efs/mnt
stopping n1 (pid 471628)
stopping n2 (pid 471683)
stopping n3 (pid 471938)
stopping n4 (pid 472004)
amd-efs stopped
n1 up on 127.0.0.1:17432
n2 up on 127.0.0.1:17433
n3 up on 127.0.0.1:17434
n4 up on 127.0.0.1:17435
already formatted (rm /data1/efs/.mkfs-done + wipe n* to redo)
Stop with: /data1/efs/src/scripts/client.sh stop /data1/efs/mnt
Logging efs-fuse to /data1/efs/efs-fuse-mnt.log
Mounted /data1/efs/mnt
Stop with: /data1/efs/src/scripts/client.sh stop /data1/efs/mnt2
Logging efs-fuse to /data1/efs/efs-fuse-mnt2.log
Mounted /data1/efs/mnt2
amd-efs up: n1..n4 on 127.0.0.1:17432/17433/17434/17435, mounted at /data1/efs/mnt + /data1/efs/mnt2
parallel 210 tests jobs=4 (serial 7 after)
pass basic_oappend_flag              
pass basic_write_read                
pass basic_empty_file                
pass basic_append                    
pass basic_seek_read                 
pass basic_overwrite_middle          
pass basic_read_past_eof             
pass basic_terminal_cp_cat           
pass basic_dd_rw                     
pass basic_o_trunc                   
pass basic_pread_pwrite              
pass basic_dup_write                 
pass basic_chunk_boundary            
pass fsync_reopen_visible            
pass basic_ftruncate_vs_truncate     
pass basic_seek_end_then_write       
pass basic_seek_cur_past_eof_write   
pass basic_rdwr_no_reopen            
pass trunc_shrink                    
pass trunc_grow_sparse               
pass sparse_write_huge_offset        
pass trunc_to_zero                   
pass sparse_st_blocks                
pass dir_mkdir_rmdir                 
pass dir_mkdir_p_terminal            
pass dir_rename_file                 
pass dir_rename_over_existing        
pass dir_rename_dir_with_contents    
pass dir_move_into_subdir            
pass dir_rename_file_over_dir        
pass dir_rename_dir_over_file        
pass dir_rename_dir_over_nonempty    
pass dir_rename_noreplace            
pass dir_readdir_listing             
pass dir_rename_symlink              
pass root_rename_dir_old_name_gone   
pass root_rename_file_old_name_gone  
pass root_rename_from_subdir         
pass root_rename_into_subdir         
pass root_create_unlink_immediate    
pass root_mkdir_rmdir_immediate      
pass dir_deep_nesting                
pass dir_times_create                
pass dir_times_unlink                
pass dir_many_files                  
pass dir_times_write_no_bump         
pass dir_dot_entries                 
pass dir_times_link                  
pass dir_hidden_files                
pass dir_chmod_and_create_denied     
pass dir_nlink                       
pass symlink_create_readlink         
pass symlink_to_dir                  
pass dir_readdir_while_unlink        
pass symlink_dangling                
pass symlink_chain                   
pass symlink_absolute                
pass dir_times_mkdir_rmdir           
pass hardlink_basic                  
pass hardlink_shared_data            
pass hardlink_unlink_one             
pass hardlink_terminal_ln            
pass hardlink_rename_one_name        
pass symlink_unlink_keeps_target     
pass symlink_relative_after_parent_rename
pass symlink_chmod_follows           
pass attr_chmod                      
pass attr_chown_self                 
pass attr_utimens                    
pass attr_utimens_ns                 
pass attr_touch_terminal             
pass attr_stat_fields                
pass attr_access                     
pass perm_file_000_denied            
pass attr_ctime_after_chmod          
pass perm_file_write_only            
pass perm_file_read_only_ops         
pass perm_owner_bits_not_other       
pass perm_owner_bits_not_group       
pass perm_create_mode_000_reopen     
pass perm_open_fd_survives_chmod     
pass perm_owner_chmod_restore        
pass perm_owner_utime_readonly       
pass perm_fchmod                     
pass perm_ftruncate_after_chmod      
pass perm_access_rwx                 
pass perm_exec_denied_no_x           
pass perm_suid_sgid_sticky_stored    
pass perm_exec_allowed_with_x        
pass perm_sticky_owner_can_unlink    
pass perm_chown_other_uid_denied     
pass perm_chown_other_gid_denied     
pass perm_dir_readonly_mutate        
pass perm_dir_no_r_list              
pass perm_dir_wx_no_r                
pass perm_dir_000_restore            
pass perm_unlink_mode_000_file       
pass perm_nested_parent_no_x         
pass perm_rename_into_readonly_dir   
pass perm_symlink_target_denied      
pass perm_hardlink_shares_mode       
pass names_dash_prefix_terminal      
pass names_too_long_component        
pass names_reserved_dots             
pass dir_times_rename                
pass names_crazy_roundtrip           
pass names_near_path_max             
pass names_near_path_max_dir         
pass names_path_too_long             
pass names_unicode_nfc_nfd_coexist   
pass names_control_and_high_bytes    
pass content_all_byte_values         
pass content_random_roundtrip        
pass content_whitespace_and_line_endings
pass content_nul_and_control         
pass content_random_overwrite_append 
pass content_random_large_multichunk 
pass dir_deep_nesting_beyond_64      
pass err_mkdir_existing              
pass names_crazy_dirs                
pass err_rmdir_nonempty              
pass err_rmdir_a_file                
pass err_open_dir_for_write          
pass err_read_from_dir               
pass err_create_excl_existing        
pass err_rename_dir_into_itself      
pass err_hardlink_to_dir             
pass err_unlink_nonexistent          
pass err_hardlink_nonexistent_src    
pass err_write_readonly_file         
pass err_symlink_loop                
pass err_create_under_a_file         
pass err_stat_nonexistent            
pass err_unlink_a_directory          
pass err_rmdir_dot_dotdot            
pass fsync_write                     
pass fdatasync_write                 
pass fsync_dir                       
pass unlink_open_file                
pass flock_basic                     
pass fcntl_lock_basic                
pass flock_shared_then_exclusive     
pass flock_two_proc_exclusive        
SKIP mmap_write_read                  mmap unsupported: [Errno 19] No such device
pass mmap_private_not_visible        
pass statfs_sane                     
pass fcntl_byte_range_lock           
pass concurrent_writes_disjoint      
pass concurrent_appends_two_proc     
pass concurrent_creates_same_dir     
pass virt_stats_readable             
pass virt_find_query                 
pass concurrent_create_unlink_two_proc
pass concurrent_write_and_readdir    
pass virt_find_not_a_real_dir        
pass opt_fallocate                   
pass opt_xattr                       
pass opt_seek_hole_data              
pass concurrent_appends              
pass opt_copy_file_range             
pass opt_openat                      
pass flock_second_fd_exclusive       
pass direct_aligned_rdwr             
pass direct_unaligned_einval         
pass direct_rmw_4k_in_chunk          
pass packed_then_grow_past_chunk     
pass writev_readv_chunk_straddle     
pass zero_length_write               
pass fcntl_setfl_oappend             
pass two_fds_size_mtime              
pass trunc_open_other_fd             
pass nlink_after_unlink_open         
pass link_across_dirs                
pass last_link_unlink_other_dir      
pass o_nofollow                      
pass o_directory                     
pass st_ino_unique_hardlink_same     
pass create_excl_two_proc            
pass concurrent_overlap_write        
pass fstat_size_after_write          
pass trunc_shrink_same_fd            
pass unlink_open_then_recreate       
pass rename_to_self                  
pass rename_empty_over_empty_dir     
pass lstat_symlink_size              
pass chmod_preserves_mtime           
pass unlink_recreate_new_ino         
pass case_sensitive_names            
pass o_append_pwrite_absolute        
pass two_fds_independent_offset      
pass dir_nlink_after_rmdir_child     
pass access_f_ok_after_unlink        
pass write_hole_pread_zeros          
pass hardlink_three_names            
pass rename_file_over_symlink        
pass flock_unlock_on_close           
pass mkdirat_unlinkat                
pass trailing_slash_on_file          
pass creat_existing_dir_eisdir       
pass fsync_then_fstat_size           
pass mtime_bumps_on_write            
pass rename_dir_same_parent          
pass rename_readdir_lookup_consistent
pass link_of_symlink                 
pass concurrent_extend_high_then_low 
pass trunc_zero_then_high_pwrite     
pass write_beyond_eof_then_seek_end  
pass mtime_monotonic_many_writes     
pass ctime_on_link_rename            
pass dir_times_bump_on_child_mutation
pass truncate_big_ftruncate_honest   
pass truncate_big_o_trunc_honest     
pass dir_mkdir_umask                 
pass attr_umask_respected            
pass perm_dir_no_x_search            
pass err_chdir_into_file             
pass chdir_dotdot_after_mkdir        
============================================================
POSIX suite: 216/217 pass, 0 fail, 1 skip, 0 notrun  (18.5s)
wrote /data1/efs/logs/posix-20261007-232709.tsv
results: /data1/efs/logs/posix-20261007-232709.tsv
prepared /data1/efs/mnt/posix-2c-20261007-232727 (64 testdirs)
pass peer_mkdir_visible              
pass peer_create_visible             
pass peer_write_read                 
pass peer_listdir_siblings           
pass peer_shared_creat               
pass peer_open_existing              
pass peer_creat_excl_eexist          
pass peer_stat_size                  
pass peer_rename_visible             
pass peer_mkdir_then_create          
pass peer_shared_pwrite              
pass peer_unlink_gone                
pass peer_chmod_visible              
pass peer_utimens_visible            
pass peer_dir_mtime_bump_visible     
pass peer_truncate_visible           
pass peer_hardlink_visible           
pass peer_symlink_visible            
pass peer_negative_dentry            
pass peer_fsync_then_read            
pass peer_mkdir_rmdir_recreate       
pass peer_oappend                    
pass peer_rename_over                
pass peer_flock_exclusive            
pass peer_unlink_while_b_has_fd      
pass peer_rmdir_gone                 
pass peer_nlink_after_link           
pass peer_hardlink_write             
pass peer_rename_dir                 
pass peer_o_trunc_visible            
pass peer_unlink_recreate            
pass peer_lstat_symlink_size         
pass peer_listdir_after_unlink       
pass peer_chmod_via_hardlink         
pass peer_sparse_size                
pass peer_overlap_pwrite_same_range  
pass peer_overlap_pwrite_partial     
pass peer_overlap_pwrite_chunk_straddle
pass peer_concurrent_append          
pass peer_append_while_truncate      
pass peer_disjoint_extend            
pass peer_disjoint_extend_reverse_completion
pass peer_extend_and_truncate        
pass peer_stat_during_extend         
pass peer_trunc_then_pwrite_old_fd   
pass peer_trunc_zero_then_high_pwrite
pass peer_pwrite_then_peer_truncate  
pass peer_rename_same_src_two_dst    
pass peer_rename_vs_unlink_src       
pass peer_rename_vs_unlink_dst       
pass peer_rename_across_dirs_chase   
pass peer_creat_excl_race            
pass peer_create_unlink_stat_churn   
pass peer_negative_after_unlink      
pass peer_rename_negative            
pass peer_unlink_recreate_stale_ino  
pass peer_open_unlink_nlink          
pass peer_open_rename_fd             
pass peer_unlink_recreate_old_fd     
pass peer_concurrent_hardlink        
pass peer_concurrent_unlink_hardlinks
pass peer_fcntl_range_conflict       
pass peer_fcntl_range_adjacent       
pass peer_mtime_no_regress           
============================================================
POSIX 2-client: 64/64 pass, 0 fail  (7.4s)
wrote /data1/efs/logs/posix2c-20261007-232727.tsv
results: /data1/efs/logs/posix2c-20261007-232727.tsv
pass small_file                      
pass closed_but_not_fsynced          
pass fsynced_file                    
pass multichunk_file                 
pass chunk_boundary_write            
pass overwrite_middle                
pass appended_file                   
pass sparse_file                     
pass truncate_shrink                 
pass truncate_extend                 
pass empty_file                      
pass dd_written_file                 
pass many_files_in_one_dir           
pass deep_tree                       
pass strange_names                   
pass renamed_file                    
pass renamed_across_dirs             
pass unlinked_file                   
pass removed_dir                     
pass hardlinks                       
pass hardlink_after_unlink           
pass symlinks                        
pass file_mode                       
pass dir_mode                        
pass size_and_mtime                  
pass large_file_size_only            

prepare: pass=26 fail=0 total=26 in 4.6s
Unmounting /data1/efs/mnt
Retiring drained efs-fuse PID 480144 for /data1/efs/mnt
Unmounted /data1/efs/mnt
Stop with: /data1/efs/src/scripts/client.sh stop /data1/efs/mnt
Logging efs-fuse to /data1/efs/efs-fuse-mnt.log
Mounted /data1/efs/mnt
pass small_file                      
pass closed_but_not_fsynced          
pass fsynced_file                    
pass multichunk_file                 
pass chunk_boundary_write            
pass overwrite_middle                
pass appended_file                   
pass sparse_file                     
pass truncate_shrink                 
pass truncate_extend                 
pass empty_file                      
pass dd_written_file                 
pass many_files_in_one_dir           
pass deep_tree                       
pass strange_names                   
pass renamed_file                    
pass renamed_across_dirs             
pass unlinked_file                   
pass removed_dir                     
pass hardlinks                       
pass hardlink_after_unlink           
pass symlinks                        
pass file_mode                       
pass dir_mode                        
pass size_and_mtime                  
pass large_file_size_only            

verify: pass=26 fail=0 total=26 in 3.9s
results: /data1/efs/logs/persist-{prepare,verify}-20261007-232735.tsv
n1 up (pid 479772, 127.0.0.1:17432)
n2 up (pid 479849, 127.0.0.1:17433)
n3 up (pid 480009, 127.0.0.1:17434)
n4 up (pid 480062, 127.0.0.1:17435)
mount: /data1/efs/mnt
mount: /data1/efs/mnt2
Cluster nodes (4):
  node 1: 127.0.0.1:17432  up  used=74.44 MiB  quota=37.50 GiB (0.2%)  storage(1):
      /data1/efs/n1
  node 2: 127.0.0.1:17433  up  used=59.38 MiB  quota=37.50 GiB (0.2%)  storage(1):
      /data1/efs/n2
  node 3: 127.0.0.1:17434  up  used=74.44 MiB  quota=37.50 GiB (0.2%)  storage(1):
      /data1/efs/n3
  node 4: 127.0.0.1:17435  up  used=63.62 MiB  quota=37.50 GiB (0.2%)  storage(1):
      /data1/efs/n4
Usable (2+1 logical): used=181.25 MiB  free=99.82 GiB  capacity=100.00 GiB (0.2%)
Cluster state: OK (4 up, 0 down)
Versions: efsd pre-v0.2.0-2ba0d7cc (branch devel, built 2026-10-08T03:24:03Z) — 4/4 identical
Node 127.0.0.1:17432 state: active
Heal:
  node 1: idle
  node 2: idle
  node 3: idle
  node 4: idle
Filesystem      Size  Used Avail Use% Mounted on
efs-fuse        100G  182M  100G   1% /data1/efs/mnt
