 Percent |	Source code & Disassembly of efs-bench for cycles (1 samples, percent: local period)
----------------------------------------------------------------------------------------------------
         : 0      0x40f580 <shard_io_thread.part.0.constprop.0>:
    0.00 :   40f580:        pushq   %rbp
    0.00 :   40f581:        movq    %rsp, %rbp
    0.00 :   40f584:        pushq   %r15
    0.00 :   40f586:        pushq   %r14
  100.00 :   40f588:        pushq   %r13
    0.00 :   40f58a:        pushq   %r12
    0.00 :   40f58c:        pushq   %rbx
    0.00 :   40f58d:        movq    %rdi, %rbx
    0.00 :   40f590:        andq    $-0x20, %rsp
    0.00 :   40f594:        subq    $0x20, %rsp
    0.00 :   40f598:        movl    0x201c(%rdi), %r11d
    0.00 :   40f59f:        testl   %r11d, %r11d
    0.00 :   40f5a2:        je      0x40f730 <shard_io_thread.part.0.constprop.0+0x1b0>
    0.00 :   40f5a8:        movl    $0x4201, %ecx
    0.00 :   40f5ad:        movl    $0x4281, %r13d
    0.00 :   40f5b3:        movl    $0x281, %eax
    0.00 :   40f5b8:        movl    $0x201, %edx
    0.00 :   40f5bd:        movl    0x2020(%rbx), %r9d
    0.00 :   40f5c4:        movl    0x2018(%rbx), %r10d
    0.00 :   40f5cb:        leaq    0x8(%rbx), %r14
    0.00 :   40f5cf:        movq    %r14, %rdi
    0.00 :   40f5d2:        testl   %r9d, %r9d
    0.00 :   40f5d5:        cmovel  %edx, %eax
    0.00 :   40f5d8:        cmovel  %ecx, %r13d
    0.00 :   40f5dc:        testl   %r10d, %r10d
    0.00 :   40f5df:        movl    $0x1a4, %edx
    0.00 :   40f5e4:        cmovel  %eax, %r13d
    0.00 :   40f5e8:        xorl    %eax, %eax
    0.00 :   40f5ea:        movl    %r13d, %esi
    0.00 :   40f5ed:        callq   0x403a30 <_init+0xa30>
    0.00 :   40f5f2:        movl    %eax, %r12d
    0.00 :   40f5f5:        testl   %eax, %eax
    0.00 :   40f5f7:        js      0x40f890 <shard_io_thread.part.0.constprop.0+0x310>
    0.00 :   40f5fd:        movl    0x2018(%rbx), %esi
    0.00 :   40f603:        movl    0x2010(%rbx), %edx
    0.00 :   40f609:        testl   %esi, %esi
    0.00 :   40f60b:        je      0x40f750 <shard_io_thread.part.0.constprop.0+0x1d0>
    0.00 :   40f611:        leal    0xfff(%rdx), %r13d
    0.00 :   40f618:        movl    $0x1000, %eax
    0.00 :   40f61d:        andl    $0xfffff000, %r13d
    0.00 :   40f624:        cmpl    %eax, %r13d
    0.00 :   40f627:        cmovbl  %eax, %r13d
    0.00 :   40f62b:        cmpq    $0x0, 0x2028(%rbx)
    0.00 :   40f633:        je      0x40fa20 <shard_io_thread.part.0.constprop.0+0x4a0>
    0.00 :   40f639:        addl    $0x1000, %edx
    0.00 :   40f63f:        cmpl    %edx, %r13d
    0.00 :   40f642:        cmovbl  %edx, %r13d
    0.00 :   40f646:        movq    0x2008(%rbx), %r15
    0.00 :   40f64d:        testl   $0xfff, %r15d
    0.00 :   40f654:        jne     0x40f7b0 <shard_io_thread.part.0.constprop.0+0x230>
    0.00 :   40f65a:        movl    0x2010(%rbx), %eax
    0.00 :   40f660:        testl   %eax, %eax
    0.00 :   40f662:        je      0x40f7b0 <shard_io_thread.part.0.constprop.0+0x230>
    0.00 :   40f668:        testl   $0xfff, %eax
    0.00 :   40f66d:        jne     0x40f7b0 <shard_io_thread.part.0.constprop.0+0x230>
    0.00 :   40f673:        movq    0x2028(%rbx), %rax
    0.00 :   40f67a:        testq   %rax, %rax
    0.00 :   40f67d:        je      0x40fb52 <shard_io_thread.part.0.constprop.0+0x5d2>
    0.00 :   40f683:        movq    %fs:-0x720d0, %r13
    0.00 :   40f68c:        testq   %r13, %r13
    0.00 :   40f68f:        je      0x40fb9f <shard_io_thread.part.0.constprop.0+0x61f>
    0.00 :   40f695:        vmovdqu8        (%rax), %ymm0
    0.00 :   40f69b:        movl    $0xfe0, %edx
    0.00 :   40f6a0:        xorl    %esi, %esi
    0.00 :   40f6a2:        leaq    0x20(%r13), %rdi
    0.00 :   40f6a6:        vmovdqu8        %ymm0, (%r13)
    0.00 :   40f6ad:        vzeroupper
    0.00 :   40f6b0:        callq   0x4030d0 <_init+0xd0>
    0.00 :   40f6b5:        movl    0xf8ee9(%rip), %edx  # 0x5085a4 <once_zc.1>
    0.00 :   40f6bb:        testl   %edx, %edx
    0.00 :   40f6bd:        je      0x40fb67 <shard_io_thread.part.0.constprop.0+0x5e7>
    0.00 :   40f6c3:        movq    0x2008(%rbx), %rax
    0.00 :   40f6ca:        movq    %r13, 0x10(%rsp)
    0.00 :   40f6cf:        movl    $0x2, %r14d
    0.00 :   40f6d5:        movq    %rsp, %r13
    0.00 :   40f6d8:        movq    $0x1000, 0x18(%rsp)
    0.00 :   40f6e1:        movq    %rax, (%rsp)
    0.00 :   40f6e5:        movl    0x2010(%rbx), %eax
    0.00 :   40f6eb:        movq    %rax, 0x8(%rsp)
    0.00 :   40f6f0:        movl    %r14d, %edx
    0.00 :   40f6f3:        movq    %r13, %rsi
    0.00 :   40f6f6:        movl    %r12d, %edi
    0.00 :   40f6f9:        callq   0x403800 <_init+0x800>
    0.00 :   40f6fe:        testq   %rax, %rax
    0.00 :   40f701:        jg      0x40fad0 <shard_io_thread.part.0.constprop.0+0x550>
    0.00 :   40f707:        je      0x40f713 <shard_io_thread.part.0.constprop.0+0x193>
    0.00 :   40f709:        callq   0x4036f0 <_init+0x6f0>
    0.00 :   40f70e:        cmpl    $0x4, (%rax)
    0.00 :   40f711:        je      0x40f6f0 <shard_io_thread.part.0.constprop.0+0x170>
    0.00 :   40f713:        movl    %r12d, %edi
    0.00 :   40f716:        callq   0x403140 <_init+0x140>
    0.00 :   40f71b:        movl    $0xffffffff, %eax
    0.00 :   40f720:        movl    %eax, 0x2030(%rbx)
    0.00 :   40f726:        jmp     0x40f79e <shard_io_thread.part.0.constprop.0+0x21e>
    0.00 :   40f728:        nopl    (%rax,%rax)
    0.00 :   40f730:        movl    $0x4241, %ecx
    0.00 :   40f735:        movl    $0x42c1, %r13d
    0.00 :   40f73b:        movl    $0x2c1, %eax
    0.00 :   40f740:        movl    $0x241, %edx
    0.00 :   40f745:        jmp     0x40f5bd <shard_io_thread.part.0.constprop.0+0x3d>
    0.00 :   40f74a:        nopw    (%rax,%rax)
    0.00 :   40f750:        xorl    %r13d, %r13d
    0.00 :   40f753:        testq   %rdx, %rdx
    0.00 :   40f756:        jne     0x40f772 <shard_io_thread.part.0.constprop.0+0x1f2>
    0.00 :   40f758:        jmp     0x40f8f0 <shard_io_thread.part.0.constprop.0+0x370>
    0.00 :   40f75d:        nopl    (%rax)
    0.00 :   40f760:        movl    0x2010(%rbx), %edx
    0.00 :   40f766:        addq    %rax, %r13
    0.00 :   40f769:        cmpq    %rdx, %r13
    0.00 :   40f76c:        jae     0x40f8f0 <shard_io_thread.part.0.constprop.0+0x370>
    0.00 :   40f772:        movq    0x2008(%rbx), %rsi
    0.00 :   40f779:        subq    %r13, %rdx
    0.00 :   40f77c:        movl    %r12d, %edi
    0.00 :   40f77f:        addq    %r13, %rsi
    0.00 :   40f782:        callq   0x4039a0 <_init+0x9a0>
    0.00 :   40f787:        testq   %rax, %rax
    0.00 :   40f78a:        jg      0x40f760 <shard_io_thread.part.0.constprop.0+0x1e0>
    0.00 :   40f78c:        movl    %r12d, %edi
    0.00 :   40f78f:        callq   0x403140 <_init+0x140>
    0.00 :   40f794:        movl    $0xffffffff, 0x2030(%rbx)
    0.00 :   40f79e:        leaq    -0x28(%rbp), %rsp
    0.00 :   40f7a2:        popq    %rbx
    0.00 :   40f7a3:        popq    %r12
    0.00 :   40f7a5:        popq    %r13
    0.00 :   40f7a7:        popq    %r14
    0.00 :   40f7a9:        popq    %r15
    0.00 :   40f7ab:        popq    %rbp
    0.00 :   40f7ac:        retq
    0.00 :   40f7ad:        nopl    (%rax)
    0.00 :   40f7b0:        movl    %r13d, %r14d
    0.00 :   40f7b3:        cmpl    %r13d, %fs:-0x720e0
    0.00 :   40f7bc:        jb      0x40f960 <shard_io_thread.part.0.constprop.0+0x3e0>
    0.00 :   40f7c2:        cmpq    $0x0, 0x2028(%rbx)
    0.00 :   40f7ca:        je      0x40f7da <shard_io_thread.part.0.constprop.0+0x25a>
    0.00 :   40f7cc:        movl    0xf8dce(%rip), %eax  # 0x5085a0 <once_bounce.0>
    0.00 :   40f7d2:        testl   %eax, %eax
    0.00 :   40f7d4:        je      0x40f9b0 <shard_io_thread.part.0.constprop.0+0x430>
    0.00 :   40f7da:        movq    0x2008(%rbx), %rsi
    0.00 :   40f7e1:        movq    %fs:-0x720d8, %rdi
    0.00 :   40f7ea:        movl    0x2010(%rbx), %edx
    0.00 :   40f7f0:        callq   0x403a10 <_init+0xa10>
    0.00 :   40f7f5:        movl    0x2010(%rbx), %edi
    0.00 :   40f7fb:        cmpl    %r13d, %edi
    0.00 :   40f7fe:        jb      0x40f920 <shard_io_thread.part.0.constprop.0+0x3a0>
    0.00 :   40f804:        movq    0x2028(%rbx), %rax
    0.00 :   40f80b:        movq    %fs:-0x720d8, %r15
    0.00 :   40f814:        testq   %rax, %rax
    0.00 :   40f817:        je      0x40f82f <shard_io_thread.part.0.constprop.0+0x2af>
    0.00 :   40f819:        vmovdqu8        (%rax), %ymm0
    0.00 :   40f81f:        movl    0x2010(%rbx), %eax
    0.00 :   40f825:        vmovdqu8        %ymm0, (%r15,%rax)
    0.00 :   40f82c:        vzeroupper
    0.00 :   40f82f:        xorl    %r13d, %r13d
    0.00 :   40f832:        nopw    %cs:(%rax,%rax)
    0.00 :   40f83d:        nopl    (%rax)
    0.00 :   40f840:        movq    %r14, %rdx
    0.00 :   40f843:        leaq    (%r15,%r13), %rsi
    0.00 :   40f847:        movl    %r12d, %edi
    0.00 :   40f84a:        subq    %r13, %rdx
    0.00 :   40f84d:        callq   0x4039a0 <_init+0x9a0>
    0.00 :   40f852:        testq   %rax, %rax
    0.00 :   40f855:        jle     0x40f78c <shard_io_thread.part.0.constprop.0+0x20c>
    0.00 :   40f85b:        addq    %rax, %r13
    0.00 :   40f85e:        cmpq    %r14, %r13
    0.00 :   40f861:        jb      0x40f840 <shard_io_thread.part.0.constprop.0+0x2c0>
    0.00 :   40f863:        movl    %r12d, %edi
    0.00 :   40f866:        callq   0x403140 <_init+0x140>
    0.00 :   40f86b:        movl    $0x0, 0x2030(%rbx)
    0.00 :   40f875:        leaq    -0x28(%rbp), %rsp
    0.00 :   40f879:        popq    %rbx
    0.00 :   40f87a:        popq    %r12
    0.00 :   40f87c:        popq    %r13
    0.00 :   40f87e:        popq    %r14
    0.00 :   40f880:        popq    %r15
    0.00 :   40f882:        popq    %rbp
    0.00 :   40f883:        retq
    0.00 :   40f884:        nopw    %cs:(%rax,%rax)
    0.00 :   40f88f:        nop
    0.00 :   40f890:        callq   0x4036f0 <_init+0x6f0>
    0.00 :   40f895:        movl    (%rax), %eax
    0.00 :   40f897:        cmpl    $0x11, %eax
    0.00 :   40f89a:        je      0x40fa00 <shard_io_thread.part.0.constprop.0+0x480>
    0.00 :   40f8a0:        cmpl    $0x2, %eax
    0.00 :   40f8a3:        jne     0x40f794 <shard_io_thread.part.0.constprop.0+0x214>
    0.00 :   40f8a9:        movl    0x201c(%rbx), %edi
    0.00 :   40f8af:        testl   %edi, %edi
    0.00 :   40f8b1:        jne     0x40fb20 <shard_io_thread.part.0.constprop.0+0x5a0>
    0.00 :   40f8b7:        movq    %r14, %rdi
    0.00 :   40f8ba:        callq   0x40f440 <make_dir_for_file>
    0.00 :   40f8bf:        movl    $0x1a4, %edx
    0.00 :   40f8c4:        movl    %r13d, %esi
    0.00 :   40f8c7:        movq    %r14, %rdi
    0.00 :   40f8ca:        xorl    %eax, %eax
    0.00 :   40f8cc:        callq   0x403a30 <_init+0xa30>
    0.00 :   40f8d1:        movl    %eax, %r12d
    0.00 :   40f8d4:        testl   %eax, %eax
    0.00 :   40f8d6:        jns     0x40f5fd <shard_io_thread.part.0.constprop.0+0x7d>
    0.00 :   40f8dc:        jmp     0x40f794 <shard_io_thread.part.0.constprop.0+0x214>
    0.00 :   40f8e1:        nopw    %cs:(%rax,%rax)
    0.00 :   40f8ec:        nopl    (%rax)
    0.00 :   40f8f0:        movq    0x2028(%rbx), %rsi
    0.00 :   40f8f7:        testq   %rsi, %rsi
    0.00 :   40f8fa:        je      0x40f863 <shard_io_thread.part.0.constprop.0+0x2e3>
    0.00 :   40f900:        movl    $0x20, %edx
    0.00 :   40f905:        movl    %r12d, %edi
    0.00 :   40f908:        callq   0x4039a0 <_init+0x9a0>
    0.00 :   40f90d:        cmpq    $0x20, %rax
    0.00 :   40f911:        je      0x40f863 <shard_io_thread.part.0.constprop.0+0x2e3>
    0.00 :   40f917:        jmp     0x40f78c <shard_io_thread.part.0.constprop.0+0x20c>
    0.00 :   40f91c:        nopl    (%rax)
    0.00 :   40f920:        movl    %r13d, %edx
    0.00 :   40f923:        xorl    %esi, %esi
    0.00 :   40f925:        subl    %edi, %edx
    0.00 :   40f927:        addq    %fs:-0x720d8, %rdi
    0.00 :   40f930:        callq   0x4030d0 <_init+0xd0>
    0.00 :   40f935:        jmp     0x40f804 <shard_io_thread.part.0.constprop.0+0x284>
    0.00 :   40f93a:        nopw    (%rax,%rax)
    0.00 :   40f940:        cmpl    $0xfff, %fs:-0x720e0
    0.00 :   40f94c:        movl    $0x1000, %r14d
    0.00 :   40f952:        movl    $0x1000, %r13d
    0.00 :   40f958:        ja      0x40f7da <shard_io_thread.part.0.constprop.0+0x25a>
    0.00 :   40f95e:        nop
    0.00 :   40f960:        movq    %fs:-0x720d8, %rdi
    0.00 :   40f969:        callq   0x4033f0 <_init+0x3f0>
    0.00 :   40f96e:        movq    %fs:0x0, %rax
    0.00 :   40f977:        movq    %r14, %rdx
    0.00 :   40f97a:        movl    $0x1000, %esi
    0.00 :   40f97f:        movq    $0x0, %fs:-0x720d8
    0.00 :   40f98c:        leaq    -0x720d8(%rax), %rdi
    0.00 :   40f993:        callq   0x403110 <_init+0x110>
    0.00 :   40f998:        testl   %eax, %eax
    0.00 :   40f99a:        jne     0x40fb2f <shard_io_thread.part.0.constprop.0+0x5af>
    0.00 :   40f9a0:        movl    %r13d, %fs:-0x720e0
    0.00 :   40f9a9:        jmp     0x40f7c2 <shard_io_thread.part.0.constprop.0+0x242>
    0.00 :   40f9ae:        nop
    0.00 :   40f9b0:        xorl    %eax, %eax
    0.00 :   40f9b2:        movl    $0x1, %edx
    0.00 :   40f9b7:        lock
    0.00 :   40f9b8:        cmpxchgl        %edx, 0xf8be1(%rip)  # 0x5085a0 <once_bounce.0>
    0.00 :   40f9bf:        movl    0x2010(%rbx), %ecx
    0.00 :   40f9c5:        movq    0x2008(%rbx), %rsi
    0.00 :   40f9cc:        jne     0x40f7e1 <shard_io_thread.part.0.constprop.0+0x261>
    0.00 :   40f9d2:        movq    0xf8ba7(%rip), %rdi  # 0x508580 <stderr@GLIBC_2.2.5>
    0.00 :   40f9d9:        movl    %esi, %edx
    0.00 :   40f9db:        xorl    %eax, %eax
    0.00 :   40f9dd:        andl    $0xfff, %edx
    0.00 :   40f9e3:        movl    $0x4b3318, %esi
    0.00 :   40f9e8:        callq   0x403960 <_init+0x960>
    0.00 :   40f9ed:        jmp     0x40f7da <shard_io_thread.part.0.constprop.0+0x25a>
    0.00 :   40f9f2:        nopw    %cs:(%rax,%rax)
    0.00 :   40f9fd:        nopl    (%rax)
    0.00 :   40fa00:        movl    0x2020(%rbx), %r8d
    0.00 :   40fa07:        testl   %r8d, %r8d
    0.00 :   40fa0a:        je      0x40f794 <shard_io_thread.part.0.constprop.0+0x214>
    0.00 :   40fa10:        movl    $0xfffffffc, 0x2030(%rbx)
    0.00 :   40fa1a:        jmp     0x40f79e <shard_io_thread.part.0.constprop.0+0x21e>
    0.00 :   40fa1f:        nop
    0.00 :   40fa20:        testl   %edx, %edx
    0.00 :   40fa22:        je      0x40f940 <shard_io_thread.part.0.constprop.0+0x3c0>
    0.00 :   40fa28:        movq    $-0x700bc, %rax
    0.00 :   40fa2f:        movl    %fs:(%rax), %ecx
    0.00 :   40fa32:        testl   %ecx, %ecx
    0.00 :   40fa34:        je      0x40faa7 <shard_io_thread.part.0.constprop.0+0x527>
    0.00 :   40fa36:        movl    $0x5085c0, %edi
    0.00 :   40fa3b:        movl    %r13d, %r14d
    0.00 :   40fa3e:        callq   0x403910 <_init+0x910>
    0.00 :   40fa43:        movq    0xf8b66(%rip), %r15  # 0x5085b0 <zero_dio.3>
    0.00 :   40fa4a:        testq   %r15, %r15
    0.00 :   40fa4d:        je      0x40fa58 <shard_io_thread.part.0.constprop.0+0x4d8>
    0.00 :   40fa4f:        cmpl    %r13d, 0xf8b52(%rip)  # 0x5085a8 <zero_dio_alloc.2>
    0.00 :   40fa56:        jae     0x40fa98 <shard_io_thread.part.0.constprop.0+0x518>
    0.00 :   40fa58:        movq    %rsp, %rdi
    0.00 :   40fa5b:        movq    %r14, %rdx
    0.00 :   40fa5e:        movl    $0x1000, %esi
    0.00 :   40fa63:        movq    $0x0, (%rsp)
    0.00 :   40fa6b:        callq   0x403110 <_init+0x110>
    0.00 :   40fa70:        testl   %eax, %eax
    0.00 :   40fa72:        jne     0x40fbd7 <shard_io_thread.part.0.constprop.0+0x657>
    0.00 :   40fa78:        movq    (%rsp), %rdi
    0.00 :   40fa7c:        movq    %r14, %rdx
    0.00 :   40fa7f:        xorl    %esi, %esi
    0.00 :   40fa81:        callq   0x4030d0 <_init+0xd0>
    0.00 :   40fa86:        movq    (%rsp), %r15
    0.00 :   40fa8a:        movl    %r13d, 0xf8b17(%rip)  # 0x5085a8 <zero_dio_alloc.2>
    0.00 :   40fa91:        movq    %r15, 0xf8b18(%rip)  # 0x5085b0 <zero_dio.3>
    0.00 :   40fa98:        movl    $0x5085c0, %edi
    0.00 :   40fa9d:        callq   0x4039e0 <_init+0x9e0>
    0.00 :   40faa2:        jmp     0x40f82f <shard_io_thread.part.0.constprop.0+0x2af>
    0.00 :   40faa7:        movq    0x2008(%rbx), %rdi
    0.00 :   40faae:        movl    %edx, %esi
    0.00 :   40fab0:        callq   0x435b90 <efs_bytes_are_zero>
    0.00 :   40fab5:        testl   %eax, %eax
    0.00 :   40fab7:        jne     0x40fa36 <shard_io_thread.part.0.constprop.0+0x4b6>
    0.00 :   40fabd:        jmp     0x40f646 <shard_io_thread.part.0.constprop.0+0xc6>
    0.00 :   40fac2:        nopw    %cs:(%rax,%rax)
    0.00 :   40facd:        nopl    (%rax)
    0.00 :   40fad0:        movq    0x8(%r13), %rdx
    0.00 :   40fad4:        cmpq    %rdx, %rax
    0.00 :   40fad7:        jb      0x40fbf8 <shard_io_thread.part.0.constprop.0+0x678>
    0.00 :   40fadd:        movq    %rax, %rcx
    0.00 :   40fae0:        subq    %rdx, %rcx
    0.00 :   40fae3:        cmpl    $0x1, %r14d
    0.00 :   40fae7:        je      0x40faef <shard_io_thread.part.0.constprop.0+0x56f>
    0.00 :   40fae9:        cmpq    0x18(%r13), %rcx
    0.00 :   40faed:        jb      0x40fafe <shard_io_thread.part.0.constprop.0+0x57e>
    0.00 :   40faef:        movl    %r12d, %edi
    0.00 :   40faf2:        callq   0x403140 <_init+0x140>
    0.00 :   40faf7:        xorl    %eax, %eax
    0.00 :   40faf9:        jmp     0x40f720 <shard_io_thread.part.0.constprop.0+0x1a0>
    0.00 :   40fafe:        addq    $0x10, %r13
    0.00 :   40fb02:        testq   %rcx, %rcx
    0.00 :   40fb05:        jne     0x40fb5a <shard_io_thread.part.0.constprop.0+0x5da>
    0.00 :   40fb07:        movl    $0x1, %r14d
    0.00 :   40fb0d:        jmp     0x40f6f0 <shard_io_thread.part.0.constprop.0+0x170>
    0.00 :   40fb12:        nopw    %cs:(%rax,%rax)
    0.00 :   40fb1d:        nopl    (%rax)
    0.00 :   40fb20:        movl    $0xfffffffd, 0x2030(%rbx)
    0.00 :   40fb2a:        jmp     0x40f79e <shard_io_thread.part.0.constprop.0+0x21e>
    0.00 :   40fb2f:        movl    %r12d, %edi
    0.00 :   40fb32:        movl    $0x0, %fs:-0x720e0
    0.00 :   40fb3e:        callq   0x403140 <_init+0x140>
    0.00 :   40fb43:        movl    $0xfffffffe, 0x2030(%rbx)
    0.00 :   40fb4d:        jmp     0x40f79e <shard_io_thread.part.0.constprop.0+0x21e>
    0.00 :   40fb52:        movl    %r13d, %r14d
    0.00 :   40fb55:        jmp     0x40f82f <shard_io_thread.part.0.constprop.0+0x2af>
    0.00 :   40fb5a:        subq    %rax, %rdx
    0.00 :   40fb5d:        addq    %rcx, (%r13)
    0.00 :   40fb61:        addq    %rdx, 0x8(%r13)
    0.00 :   40fb65:        jmp     0x40fb07 <shard_io_thread.part.0.constprop.0+0x587>
    0.00 :   40fb67:        xorl    %eax, %eax
    0.00 :   40fb69:        movl    $0x1, %edx
    0.00 :   40fb6e:        lock
    0.00 :   40fb6f:        cmpxchgl        %edx, 0xf8a2e(%rip)  # 0x5085a4 <once_zc.1>
    0.00 :   40fb76:        movl    0x2010(%rbx), %edx
    0.00 :   40fb7c:        jne     0x40fb91 <shard_io_thread.part.0.constprop.0+0x611>
    0.00 :   40fb7e:        movq    0xf89fb(%rip), %rdi  # 0x508580 <stderr@GLIBC_2.2.5>
    0.00 :   40fb85:        movl    $0x4b32d8, %esi
    0.00 :   40fb8a:        xorl    %eax, %eax
    0.00 :   40fb8c:        callq   0x403960 <_init+0x960>
    0.00 :   40fb91:        movq    %fs:-0x720d0, %r13
    0.00 :   40fb9a:        jmp     0x40f6c3 <shard_io_thread.part.0.constprop.0+0x143>
    0.00 :   40fb9f:        movq    %fs:0x0, %rax
    0.00 :   40fba8:        movl    $0x1000, %edx
    0.00 :   40fbad:        movl    $0x1000, %esi
    0.00 :   40fbb2:        leaq    -0x720d0(%rax), %rdi
    0.00 :   40fbb9:        callq   0x403110 <_init+0x110>
    0.00 :   40fbbe:        testl   %eax, %eax
    0.00 :   40fbc0:        jne     0x40fc05 <shard_io_thread.part.0.constprop.0+0x685>
    0.00 :   40fbc2:        movq    0x2028(%rbx), %rax
    0.00 :   40fbc9:        movq    %fs:-0x720d0, %r13
    0.00 :   40fbd2:        jmp     0x40f695 <shard_io_thread.part.0.constprop.0+0x115>
    0.00 :   40fbd7:        movl    $0x5085c0, %edi
    0.00 :   40fbdc:        callq   0x4039e0 <_init+0x9e0>
    0.00 :   40fbe1:        movl    %r12d, %edi
    0.00 :   40fbe4:        callq   0x403140 <_init+0x140>
    0.00 :   40fbe9:        movl    $0xfffffffe, 0x2030(%rbx)
    0.00 :   40fbf3:        jmp     0x40f79e <shard_io_thread.part.0.constprop.0+0x21e>
    0.00 :   40fbf8:        addq    %rax, (%r13)
    0.00 :   40fbfc:        subq    %rax, 0x8(%r13)
    0.00 :   40fc00:        jmp     0x40f6f0 <shard_io_thread.part.0.constprop.0+0x170>
    0.00 :   40fc05:        movl    %r12d, %edi
    0.00 :   40fc08:        movq    $0x0, %fs:-0x720d0
    0.00 :   40fc15:        callq   0x403140 <_init+0x140>
    0.00 :   40fc1a:        movl    $0xfffffffe, %eax
    0.00 :   40fc1f:        jmp     0x40f720 <shard_io_thread.part.0.constprop.0+0x1a0>
