ftruncate: Input/output error
fchmod: No such file or directory
/tmp/efs-mount/wide_shallow/bucket_00023/w0005729: No such file or directory
/tmp/efs-mount/wide_shallow/bucket_00023/w0005781: futimens: Input/output error
/tmp/efs-mount/wide_shallow/bucket_00022/w0006312: futimens: Input/output error
/tmp/efs-mount/wide_shallow/bucket_00022/w0006388: fchmod: No such file or directory
/tmp/efs-mount/wide_shallow/bucket_00024/w0002291: futimens: Input/output error
/tmp/efs-mount/wide_shallow/bucket_00022/w0006418: futimens: Input/output error
fchmod: No such file or directory
/tmp/efs-mount/wide_shallow/bucket_00021/w0006942: No such file or directory
fchmod: No such file or directory
/tmp/efs-mount/wide_shallow/bucket_00022/w0006609: No such file or directory
/tmp/efs-mount/wide_shallow/bucket_00028/w0000486: fchmod: No such file or directory
/tmp/efs-mount/wide_shallow/bucket_00024/w0002818: fchmod: No such file or directory
/tmp/efs-mount/wide_shallow/bucket_00025/w0003230: futimens: Input/output error
/tmp/efs-mount/wide_shallow/bucket_00025/w0003260: futimens: Input/output error
/tmp/efs-mount/wide_shallow/bucket_00023/w0006866: fchmod: No such file or directory
fchmod: No such file or directory
/tmp/efs-mount/wide_shallow/bucket_00025/w0003321: No such file or directory
/tmp/efs-mount/wide_shallow/bucket_00023/w0006901: futimens: Input/output error
/tmp/efs-mount/wide_shallow/bucket_00025/w0003329: futimens: Input/output error
fchmod: No such file or directory
/tmp/efs-mount/wide_shallow/bucket_00024/w0003436: No such file or directory
/tmp/efs-mount/wide_shallow/bucket_00027/w0000059: futimens: Input/output error
/tmp/efs-mount/wide_shallow/bucket_00025/w0003535: futimens: Input/output error
/tmp/efs-mount/links_and_specials/symlinks/s000184: symlinkat: File exists
/tmp/efs-mount/wide_shallow/bucket_00028/w0001589: futimens: Input/output error
/tmp/efs-mount/wide_shallow/bucket_00022/w0007763: futimens: Input/output error
efs-ssh: TIMEOUT after 180s host=fcstor007.ib
