efs-bg: start 2026-09-30T06:55:21Z host=fcstor007 name=cst146 screen=efs-cst146
STATS=6000 ELAPSED=10.946825618
lines=83071
--- >10ms lines (non-idle):
881431 02:55:24.227308 <... restart_syscall resumed>) = -1 ETIMEDOUT (Connection timed out) <0.414535>
881437 02:55:24.266105 <... restart_syscall resumed>) = 0 <0.453337>
881447 02:55:24.798734 <... read resumed>"8\0\0\0\3\0\0\0Je\6\0\0\0\0\0\1\0\0\0\0\0\0\0_\301\3\0_\301\3\0"..., 1052672) = 56 <0.985977>
881437 02:55:24.799797 <... poll resumed>) = 1 ([{fd=9, revents=POLLIN}]) <0.533625>
881429 02:55:24.799965 <... read resumed>"1\0\0\0\1\0\0\0Le\6\0\0\0\0\0\1\0\0\0\0\0\0\0_\301\3\0_\301\3\0"..., 1052672) = 49 <0.987181>
881427 02:55:24.800943 <... read resumed>"8\0\0\0\3\0\0\0Ne\6\0\0\0\0\0\354\17\0\0\0\0\0\0_\301\3\0_\301\3\0"..., 1052672) = 56 <0.988155>
881431 02:55:25.248015 <... futex resumed>) = -1 ETIMEDOUT (Connection timed out) <0.999998>
881437 02:55:25.270250 <... poll resumed>) = 1 ([{fd=9, revents=POLLIN}]) <0.022256>
881429 02:55:25.270391 <... read resumed>"8\0\0\0\3\0\0\0Xh\6\0\0\0\0\0\213`\1\0\0\0\0\0_\301\3\0_\301\3\0"..., 1052672) = 56 <0.022928>
881427 02:55:25.271830 <... read resumed>".\0\0\0\1\0\0\0Zh\6\0\0\0\0\0\213\0\0\0\0\0\0\0_\301\3\0_\301\3\0"..., 1052672) = 46 <0.023778>
881431 02:55:26.269490 <... futex resumed>) = -1 ETIMEDOUT (Connection timed out) <1.000038>
881437 02:55:26.291970 <... poll resumed>) = 1 ([{fd=9, revents=POLLIN}]) <0.022640>
881429 02:55:26.292096 <... read resumed>"8\0\0\0\3\0\0\0\24o\6\0\0\0\0\0\213`\1\0\0\0\0\0_\301\3\0_\301\3\0"..., 1052672) = 56 <0.023280>
881447 02:55:26.293546 <... read resumed>".\0\0\0\1\0\0\0\26o\6\0\0\0\0\0\213\0\0\0\0\0\0\0_\301\3\0_\301\3\0"..., 1052672) = 46 <0.024162>
881431 02:55:27.291233 <... futex resumed>) = -1 ETIMEDOUT (Connection timed out) <1.000042>
881427 02:55:27.312725 <... read resumed>"8\0\0\0\3\0\0\0\330u\6\0\0\0\0\0\213`\1\0\0\0\0\0_\301\3\0_\301\3\0"..., 1052672) = 56 <0.022527>
881437 02:55:27.313303 <... poll resumed>) = 1 ([{fd=9, revents=POLLIN}]) <0.020863>
881447 02:55:27.314402 <... read resumed>".\0\0\0\1\0\0\0\332u\6\0\0\0\0\0\213\0\0\0\0\0\0\0_\301\3\0_\301\3\0"..., 1052672) = 46 <0.023641>
881431 02:55:28.312708 <... futex resumed>) = -1 ETIMEDOUT (Connection timed out) <1.000040>
881429 02:55:28.334549 <... read resumed>"8\0\0\0\3\0\0\0\234|\6\0\0\0\0\0\213`\1\0\0\0\0\0_\301\3\0_\301\3\0"..., 1052672) = 56 <0.022869>
881437 02:55:28.335327 <... poll resumed>) = 1 ([{fd=9, revents=POLLIN}]) <0.021390>
881447 02:55:28.336426 <... read resumed>".\0\0\0\1\0\0\0\236|\6\0\0\0\0\0\213\0\0\0\0\0\0\0_\301\3\0_\301\3\0"..., 1052672) = 46 <0.024165>
881431 02:55:29.334537 <... futex resumed>) = -1 ETIMEDOUT (Connection timed out) <1.000043>
881447 02:55:29.356735 <... read resumed>".\0\0\0\1\0\0\0^\203\6\0\0\0\0\0\213\0\0\0\0\0\0\0_\301\3\0_\301\3\0"..., 1052672) = 46 <0.024166>
881437 02:55:29.357640 <... poll resumed>) = 1 ([{fd=9, revents=POLLIN}]) <0.022834>
881427 02:55:29.357773 <... read resumed>"8\0\0\0\3\0\0\0`\203\6\0\0\0\0\0\213`\1\0\0\0\0\0_\301\3\0_\301\3\0"..., 1052672) = 56 <0.023496>
881431 02:55:30.355861 <... futex resumed>) = -1 ETIMEDOUT (Connection timed out) <1.000039>
881447 02:55:30.377114 <... read resumed>"8\0\0\0\3\0\0\0$\212\6\0\0\0\0\0\213`\1\0\0\0\0\0_\301\3\0_\301\3\0"..., 1052672) = 56 <0.023239>
881437 02:55:30.377755 <... poll resumed>) = 1 ([{fd=9, revents=POLLIN}]) <0.021589>
881427 02:55:30.378834 <... read resumed>".\0\0\0\1\0\0\0&\212\6\0\0\0\0\0\213\0\0\0\0\0\0\0_\301\3\0_\301\3\0"..., 1052672) = 46 <0.024367>
881431 02:55:31.377108 <... futex resumed>) = -1 ETIMEDOUT (Connection timed out) <1.000042>
881427 02:55:31.398548 <... read resumed>"8\0\0\0\3\0\0\0\340\220\6\0\0\0\0\0\213`\1\0\0\0\0\0_\301\3\0_\301\3\0"..., 1052672) = 56 <0.022779>
881437 02:55:31.399086 <... poll resumed>) = 1 ([{fd=9, revents=POLLIN}]) <0.021019>
881447 02:55:31.400268 <... read resumed>".\0\0\0\1\0\0\0\342\220\6\0\0\0\0\0\213\0\0\0\0\0\0\0_\301\3\0_\301\3\0"..., 1052672) = 46 <0.023883>
881431 02:55:32.398534 <... futex resumed>) = -1 ETIMEDOUT (Connection timed out) <1.000044>
881429 02:55:32.420018 <... read resumed>"8\0\0\0\3\0\0\0\240\227\6\0\0\0\0\0\213`\1\0\0\0\0\0_\301\3\0_\301\3\0"..., 1052672) = 56 <0.023121>
881437 02:55:32.420487 <... poll resumed>) = 1 ([{fd=9, revents=POLLIN}]) <0.021388>
881447 02:55:32.421616 <... read resumed>".\0\0\0\1\0\0\0\242\227\6\0\0\0\0\0\213\0\0\0\0\0\0\0_\301\3\0_\301\3\0"..., 1052672) = 46 <0.024159>
--- futex/poll >10ms by tid:
      9 881437 <...
      1 881431 <...
CST_DONE
efs-bg: end 2026-09-30T06:55:38Z rc=0
