Evidence directory: /data1/efs/gc-direct-w2_s7bps
node 1 listening PASS
node 2 listening PASS
node 3 listening PASS
node 4 listening PASS
raft-mkfs rc=0 leader_hint=1 index=2 salt=18121943510910902430
client serving PASS
fixtures ready
Unmounting /data1/efs/gc-direct-w2_s7bps/mnt
Retiring drained efs-fuse PID 3405850 for /data1/efs/gc-direct-w2_s7bps/mnt
Unmounted /data1/efs/gc-direct-w2_s7bps/mnt
client serving PASS
{"sequential_bytes": 896401408, "sequential_errors": [], "failures": 0, "first_failures": [], "elapsed": 54.183935379987815, "reader_stopped": true}

peer mounted PASS
Unmounting /data1/efs/gc-direct-w2_s7bps/peer
Retiring drained efs-fuse PID 3425111 for /data1/efs/gc-direct-w2_s7bps/peer
Unmounted /data1/efs/gc-direct-w2_s7bps/peer
two-peer adjacent writes and repeated folds complete
fragment files present PASS
span-only truncate then physical reclaim PASS
span-only truncate then physical reclaim PASS
span-only truncate then physical reclaim PASS
span-only truncate then physical reclaim PASS
span-only truncate then physical reclaim PASS
span-only truncate then physical reclaim PASS
span-only truncate then physical reclaim PASS
span-only truncate then physical reclaim PASS
span-only truncate then physical reclaim PASS
span-only truncate then physical reclaim PASS
span-only truncate then physical reclaim PASS
span-only truncate then physical reclaim PASS
fragment files present PASS
GC runs while hardlink remains PASS
hardlink protects stored fragments PASS
GC runs while unlinked inode is open PASS
open unlinked inode retains readable/writable fragments PASS
last close physically reclaims fragments PASS
GC passes, removal bytes and quota reflect last-close deletion PASS
closed-unlinked inode allocated bytes: 15249408 -> 0 PASS
fragment files present PASS
valid late-PUT control accepted on live inode by every member PASS
disk failure visible PASS
failed fragment remains on disk pending retry PASS
Unmounting /data1/efs/gc-direct-w2_s7bps/mnt
Retiring drained efs-fuse PID 3416272 for /data1/efs/gc-direct-w2_s7bps/mnt
Unmounted /data1/efs/gc-direct-w2_s7bps/mnt
node 1 listening PASS
node 2 listening PASS
node 3 listening PASS
node 4 listening PASS
restart without client reclaims pending fragments PASS
Traceback (most recent call last):
  File "/data1/efs/gates30-src/tests/live/gc_reclamation.py", line 801, in <module>
    reply=valid_put(node,ino)
^^^^^^^^^^^^^^^^^^^^^^^^^^^^^^
  File "/data1/efs/gates30-src/tests/live/gc_reclamation.py", line 106, in wait
    (work/'failed-status.json').write_text(json.dumps(status(),indent=2))
    ^^^^^^^^^^^^^^^^^^^^^^^^^^^^^^^^^^^^^^^^
AssertionError: leader reap and fragment queues drain timed out
