gcc -O3 -g -fno-omit-frame-pointer -march=native -mtune=native -std=c99 -Wall -Wextra -D_GNU_SOURCE -Wno-stringop-truncation -Wno-format-truncation -DEFS_BUILD_ID='"5868ec7389ae-dirty"' -DEFS_VERSION='"v0.1.0-pre-alpha-118-g5868ec73-dirty"' -DEFS_GIT_BRANCH='"devel"' -DEFS_BUILD_TIME='"2026-10-07T07:47:40Z"'  -I/usr/include/fuse3 -Iinclude -Isrc/common -Ideps/blake3 -c -o src/client/efs_fuse.o src/client/efs_fuse.c
gcc -O3 -g -fno-omit-frame-pointer -march=native -mtune=native -std=c99 -Wall -Wextra -D_GNU_SOURCE -Wno-stringop-truncation -Wno-format-truncation -DEFS_BUILD_ID='"5868ec7389ae-dirty"' -DEFS_VERSION='"v0.1.0-pre-alpha-118-g5868ec73-dirty"' -DEFS_GIT_BRANCH='"devel"' -DEFS_BUILD_TIME='"2026-10-07T07:47:40Z"'  -Iinclude -Isrc/common -Ideps/blake3 -c -o src/common/publication.o src/common/publication.c
gcc -O3 -g -fno-omit-frame-pointer -march=native -mtune=native -std=c99 -Wall -Wextra -D_GNU_SOURCE -Wno-stringop-truncation -Wno-format-truncation -DEFS_BUILD_ID='"5868ec7389ae-dirty"' -DEFS_VERSION='"v0.1.0-pre-alpha-118-g5868ec73-dirty"' -DEFS_GIT_BRANCH='"devel"' -DEFS_BUILD_TIME='"2026-10-07T07:47:40Z"'  -Iinclude -Isrc/common -Ideps/blake3 -c -o src/common/publication_ack.o src/common/publication_ack.c
gcc -O3 -g -fno-omit-frame-pointer -march=native -mtune=native -std=c99 -Wall -Wextra -D_GNU_SOURCE -Wno-stringop-truncation -Wno-format-truncation -DEFS_BUILD_ID='"5868ec7389ae-dirty"' -DEFS_VERSION='"v0.1.0-pre-alpha-118-g5868ec73-dirty"' -DEFS_GIT_BRANCH='"devel"' -DEFS_BUILD_TIME='"2026-10-07T07:47:40Z"'  -Iinclude -Isrc/common -Ideps/blake3 -c -o src/common/common.o src/common/common.c
gcc -O3 -g -fno-omit-frame-pointer -march=native -mtune=native -std=c99 -Wall -Wextra -D_GNU_SOURCE -Wno-stringop-truncation -Wno-format-truncation -DEFS_BUILD_ID='"5868ec7389ae-dirty"' -DEFS_VERSION='"v0.1.0-pre-alpha-118-g5868ec73-dirty"' -DEFS_GIT_BRANCH='"devel"' -DEFS_BUILD_TIME='"2026-10-07T07:47:40Z"'  -Iinclude -Isrc/common -Ideps/blake3 -c -o src/common/log_ts.o src/common/log_ts.c
gcc -O3 -g -fno-omit-frame-pointer -march=native -mtune=native -std=c99 -Wall -Wextra -D_GNU_SOURCE -Wno-stringop-truncation -Wno-format-truncation -DEFS_BUILD_ID='"5868ec7389ae-dirty"' -DEFS_VERSION='"v0.1.0-pre-alpha-118-g5868ec73-dirty"' -DEFS_GIT_BRANCH='"devel"' -DEFS_BUILD_TIME='"2026-10-07T07:47:40Z"'  -Iinclude -Isrc/common -Ideps/blake3 -c -o src/common/version.o src/common/version.c
gcc -O3 -g -fno-omit-frame-pointer -march=native -mtune=native -std=c99 -Wall -Wextra -D_GNU_SOURCE -Wno-stringop-truncation -Wno-format-truncation -DEFS_BUILD_ID='"5868ec7389ae-dirty"' -DEFS_VERSION='"v0.1.0-pre-alpha-118-g5868ec73-dirty"' -DEFS_GIT_BRANCH='"devel"' -DEFS_BUILD_TIME='"2026-10-07T07:47:40Z"'  -Iinclude -Isrc/common -Ideps/blake3 -c -o src/common/protocol.o src/common/protocol.c
gcc -O3 -g -fno-omit-frame-pointer -march=native -mtune=native -std=c99 -Wall -Wextra -D_GNU_SOURCE -Wno-stringop-truncation -Wno-format-truncation -DEFS_BUILD_ID='"5868ec7389ae-dirty"' -DEFS_VERSION='"v0.1.0-pre-alpha-118-g5868ec73-dirty"' -DEFS_GIT_BRANCH='"devel"' -DEFS_BUILD_TIME='"2026-10-07T07:47:40Z"'  -Iinclude -Isrc/common -Ideps/blake3 -c -o src/wire/wire.o src/wire/wire.c
gcc -O3 -g -fno-omit-frame-pointer -march=native -mtune=native -std=c99 -Wall -Wextra -D_GNU_SOURCE -Wno-stringop-truncation -Wno-format-truncation -DEFS_BUILD_ID='"5868ec7389ae-dirty"' -DEFS_VERSION='"v0.1.0-pre-alpha-118-g5868ec73-dirty"' -DEFS_GIT_BRANCH='"devel"' -DEFS_BUILD_TIME='"2026-10-07T07:47:40Z"'  -Iinclude -Isrc/common -Ideps/blake3 -c -o src/data/erasure.o src/data/erasure.c
gcc -O3 -g -fno-omit-frame-pointer -march=native -mtune=native -std=c99 -Wall -Wextra -D_GNU_SOURCE -Wno-stringop-truncation -Wno-format-truncation -DEFS_BUILD_ID='"5868ec7389ae-dirty"' -DEFS_VERSION='"v0.1.0-pre-alpha-118-g5868ec73-dirty"' -DEFS_GIT_BRANCH='"devel"' -DEFS_BUILD_TIME='"2026-10-07T07:47:40Z"'  -Iinclude -Isrc/common -Ideps/blake3 -c -o src/data/store_mem.o src/data/store_mem.c
gcc -O3 -g -fno-omit-frame-pointer -march=native -mtune=native -std=c99 -Wall -Wextra -D_GNU_SOURCE -Wno-stringop-truncation -Wno-format-truncation -DEFS_BUILD_ID='"5868ec7389ae-dirty"' -DEFS_VERSION='"v0.1.0-pre-alpha-118-g5868ec73-dirty"' -DEFS_GIT_BRANCH='"devel"' -DEFS_BUILD_TIME='"2026-10-07T07:47:40Z"'  -Iinclude -Isrc/common -Ideps/blake3 -c -o src/data/transport_loop.o src/data/transport_loop.c
gcc -O3 -g -fno-omit-frame-pointer -march=native -mtune=native -std=c99 -Wall -Wextra -D_GNU_SOURCE -Wno-stringop-truncation -Wno-format-truncation -DEFS_BUILD_ID='"5868ec7389ae-dirty"' -DEFS_VERSION='"v0.1.0-pre-alpha-118-g5868ec73-dirty"' -DEFS_GIT_BRANCH='"devel"' -DEFS_BUILD_TIME='"2026-10-07T07:47:40Z"'  -Iinclude -Isrc/common -Ideps/blake3 -c -o src/data/transport_conn.o src/data/transport_conn.c
gcc -O3 -g -fno-omit-frame-pointer -march=native -mtune=native -std=c99 -Wall -Wextra -D_GNU_SOURCE -Wno-stringop-truncation -Wno-format-truncation -DEFS_BUILD_ID='"5868ec7389ae-dirty"' -DEFS_VERSION='"v0.1.0-pre-alpha-118-g5868ec73-dirty"' -DEFS_GIT_BRANCH='"devel"' -DEFS_BUILD_TIME='"2026-10-07T07:47:40Z"'  -Iinclude -Isrc/common -Ideps/blake3 -c -o src/kv/kv_mem.o src/kv/kv_mem.c
gcc -O3 -g -fno-omit-frame-pointer -march=native -mtune=native -std=c99 -Wall -Wextra -D_GNU_SOURCE -Wno-stringop-truncation -Wno-format-truncation -DEFS_BUILD_ID='"5868ec7389ae-dirty"' -DEFS_VERSION='"v0.1.0-pre-alpha-118-g5868ec73-dirty"' -DEFS_GIT_BRANCH='"devel"' -DEFS_BUILD_TIME='"2026-10-07T07:47:40Z"'  -Iinclude -Isrc/common -Ideps/blake3 -c -o src/kv/kv_key.o src/kv/kv_key.c
gcc -O3 -g -fno-omit-frame-pointer -march=native -mtune=native -std=c99 -Wall -Wextra -D_GNU_SOURCE -Wno-stringop-truncation -Wno-format-truncation -DEFS_BUILD_ID='"5868ec7389ae-dirty"' -DEFS_VERSION='"v0.1.0-pre-alpha-118-g5868ec73-dirty"' -DEFS_GIT_BRANCH='"devel"' -DEFS_BUILD_TIME='"2026-10-07T07:47:40Z"'  -Iinclude -Isrc/common -Ideps/blake3 -c -o src/kv/kv_lsm.o src/kv/kv_lsm.c
gcc -O3 -g -fno-omit-frame-pointer -march=native -mtune=native -std=c99 -Wall -Wextra -D_GNU_SOURCE -Wno-stringop-truncation -Wno-format-truncation -DEFS_BUILD_ID='"5868ec7389ae-dirty"' -DEFS_VERSION='"v0.1.0-pre-alpha-118-g5868ec73-dirty"' -DEFS_GIT_BRANCH='"devel"' -DEFS_BUILD_TIME='"2026-10-07T07:47:40Z"'  -Iinclude -Isrc/common -Ideps/blake3 -c -o src/kv/kv_compact.o src/kv/kv_compact.c
gcc -O3 -g -fno-omit-frame-pointer -march=native -mtune=native -std=c99 -Wall -Wextra -D_GNU_SOURCE -Wno-stringop-truncation -Wno-format-truncation -DEFS_BUILD_ID='"5868ec7389ae-dirty"' -DEFS_VERSION='"v0.1.0-pre-alpha-118-g5868ec73-dirty"' -DEFS_GIT_BRANCH='"devel"' -DEFS_BUILD_TIME='"2026-10-07T07:47:40Z"'  -Iinclude -Isrc/common -Ideps/blake3 -c -o src/kv/kv_wal.o src/kv/kv_wal.c
gcc -O3 -g -fno-omit-frame-pointer -march=native -mtune=native -std=c99 -Wall -Wextra -D_GNU_SOURCE -Wno-stringop-truncation -Wno-format-truncation -DEFS_BUILD_ID='"5868ec7389ae-dirty"' -DEFS_VERSION='"v0.1.0-pre-alpha-118-g5868ec73-dirty"' -DEFS_GIT_BRANCH='"devel"' -DEFS_BUILD_TIME='"2026-10-07T07:47:40Z"'  -Iinclude -Isrc/common -Ideps/blake3 -c -o src/kv/kv_seg.o src/kv/kv_seg.c
gcc -O3 -g -fno-omit-frame-pointer -march=native -mtune=native -std=c99 -Wall -Wextra -D_GNU_SOURCE -Wno-stringop-truncation -Wno-format-truncation -DEFS_BUILD_ID='"5868ec7389ae-dirty"' -DEFS_VERSION='"v0.1.0-pre-alpha-118-g5868ec73-dirty"' -DEFS_GIT_BRANCH='"devel"' -DEFS_BUILD_TIME='"2026-10-07T07:47:40Z"'  -Iinclude -Isrc/common -Ideps/blake3 -c -o src/kv/kv_snap.o src/kv/kv_snap.c
gcc -O3 -g -fno-omit-frame-pointer -march=native -mtune=native -std=c99 -Wall -Wextra -D_GNU_SOURCE -Wno-stringop-truncation -Wno-format-truncation -DEFS_BUILD_ID='"5868ec7389ae-dirty"' -DEFS_VERSION='"v0.1.0-pre-alpha-118-g5868ec73-dirty"' -DEFS_GIT_BRANCH='"devel"' -DEFS_BUILD_TIME='"2026-10-07T07:47:40Z"'  -Iinclude -Isrc/common -Ideps/blake3 -c -o src/meta/metadata.o src/meta/metadata.c
gcc -O3 -g -fno-omit-frame-pointer -march=native -mtune=native -std=c99 -Wall -Wextra -D_GNU_SOURCE -Wno-stringop-truncation -Wno-format-truncation -DEFS_BUILD_ID='"5868ec7389ae-dirty"' -DEFS_VERSION='"v0.1.0-pre-alpha-118-g5868ec73-dirty"' -DEFS_GIT_BRANCH='"devel"' -DEFS_BUILD_TIME='"2026-10-07T07:47:40Z"'  -Iinclude -Isrc/common -Ideps/blake3 -c -o src/meta/meta_apply.o src/meta/meta_apply.c
gcc -O3 -g -fno-omit-frame-pointer -march=native -mtune=native -std=c99 -Wall -Wextra -D_GNU_SOURCE -Wno-stringop-truncation -Wno-format-truncation -DEFS_BUILD_ID='"5868ec7389ae-dirty"' -DEFS_VERSION='"v0.1.0-pre-alpha-118-g5868ec73-dirty"' -DEFS_GIT_BRANCH='"devel"' -DEFS_BUILD_TIME='"2026-10-07T07:47:40Z"'  -Iinclude -Isrc/common -Ideps/blake3 -c -o src/meta/txn.o src/meta/txn.c
gcc -O3 -g -fno-omit-frame-pointer -march=native -mtune=native -std=c99 -Wall -Wextra -D_GNU_SOURCE -Wno-stringop-truncation -Wno-format-truncation -DEFS_BUILD_ID='"5868ec7389ae-dirty"' -DEFS_VERSION='"v0.1.0-pre-alpha-118-g5868ec73-dirty"' -DEFS_GIT_BRANCH='"devel"' -DEFS_BUILD_TIME='"2026-10-07T07:47:40Z"'  -Iinclude -Isrc/common -Ideps/blake3 -c -o src/meta/session.o src/meta/session.c
gcc -O3 -g -fno-omit-frame-pointer -march=native -mtune=native -std=c99 -Wall -Wextra -D_GNU_SOURCE -Wno-stringop-truncation -Wno-format-truncation -DEFS_BUILD_ID='"5868ec7389ae-dirty"' -DEFS_VERSION='"v0.1.0-pre-alpha-118-g5868ec73-dirty"' -DEFS_GIT_BRANCH='"devel"' -DEFS_BUILD_TIME='"2026-10-07T07:47:40Z"'  -Iinclude -Isrc/common -Ideps/blake3 -c -o src/meta/lock.o src/meta/lock.c
gcc -O3 -g -fno-omit-frame-pointer -march=native -mtune=native -std=c99 -Wall -Wextra -D_GNU_SOURCE -Wno-stringop-truncation -Wno-format-truncation -DEFS_BUILD_ID='"5868ec7389ae-dirty"' -DEFS_VERSION='"v0.1.0-pre-alpha-118-g5868ec73-dirty"' -DEFS_GIT_BRANCH='"devel"' -DEFS_BUILD_TIME='"2026-10-07T07:47:40Z"'  -Iinclude -Isrc/common -Ideps/blake3 -c -o src/meta/dir_layout.o src/meta/dir_layout.c
gcc -O3 -g -fno-omit-frame-pointer -march=native -mtune=native -std=c99 -Wall -Wextra -D_GNU_SOURCE -Wno-stringop-truncation -Wno-format-truncation -DEFS_BUILD_ID='"5868ec7389ae-dirty"' -DEFS_VERSION='"v0.1.0-pre-alpha-118-g5868ec73-dirty"' -DEFS_GIT_BRANCH='"devel"' -DEFS_BUILD_TIME='"2026-10-07T07:47:40Z"'  -Iinclude -Isrc/common -Ideps/blake3 -c -o src/meta/dir_spread.o src/meta/dir_spread.c
gcc -O3 -g -fno-omit-frame-pointer -march=native -mtune=native -std=c99 -Wall -Wextra -D_GNU_SOURCE -Wno-stringop-truncation -Wno-format-truncation -DEFS_BUILD_ID='"5868ec7389ae-dirty"' -DEFS_VERSION='"v0.1.0-pre-alpha-118-g5868ec73-dirty"' -DEFS_GIT_BRANCH='"devel"' -DEFS_BUILD_TIME='"2026-10-07T07:47:40Z"'  -Iinclude -Isrc/common -Ideps/blake3 -c -o src/sim/opid.o src/sim/opid.c
gcc -O3 -g -fno-omit-frame-pointer -march=native -mtune=native -std=c99 -Wall -Wextra -D_GNU_SOURCE -Wno-stringop-truncation -Wno-format-truncation -DEFS_BUILD_ID='"5868ec7389ae-dirty"' -DEFS_VERSION='"v0.1.0-pre-alpha-118-g5868ec73-dirty"' -DEFS_GIT_BRANCH='"devel"' -DEFS_BUILD_TIME='"2026-10-07T07:47:40Z"'  -Iinclude -Isrc/common -Ideps/blake3 -c -o src/raft/raft.o src/raft/raft.c
gcc -O3 -g -fno-omit-frame-pointer -march=native -mtune=native -std=c99 -Wall -Wextra -D_GNU_SOURCE -Wno-stringop-truncation -Wno-format-truncation -DEFS_BUILD_ID='"5868ec7389ae-dirty"' -DEFS_VERSION='"v0.1.0-pre-alpha-118-g5868ec73-dirty"' -DEFS_GIT_BRANCH='"devel"' -DEFS_BUILD_TIME='"2026-10-07T07:47:40Z"'  -Iinclude -Isrc/common -Ideps/blake3 -c -o src/raft/raft_mem.o src/raft/raft_mem.c
gcc -O3 -g -fno-omit-frame-pointer -march=native -mtune=native -std=c99 -Wall -Wextra -D_GNU_SOURCE -Wno-stringop-truncation -Wno-format-truncation -DEFS_BUILD_ID='"5868ec7389ae-dirty"' -DEFS_VERSION='"v0.1.0-pre-alpha-118-g5868ec73-dirty"' -DEFS_GIT_BRANCH='"devel"' -DEFS_BUILD_TIME='"2026-10-07T07:47:40Z"'  -Iinclude -Isrc/common -Ideps/blake3 -c -o src/raft/raft_disk.o src/raft/raft_disk.c
gcc -O3 -g -fno-omit-frame-pointer -march=native -mtune=native -std=c99 -Wall -Wextra -D_GNU_SOURCE -Wno-stringop-truncation -Wno-format-truncation -DEFS_BUILD_ID='"5868ec7389ae-dirty"' -DEFS_VERSION='"v0.1.0-pre-alpha-118-g5868ec73-dirty"' -DEFS_GIT_BRANCH='"devel"' -DEFS_BUILD_TIME='"2026-10-07T07:47:40Z"'  -Iinclude -Isrc/common -Ideps/blake3 -c -o src/raft/raft_log.o src/raft/raft_log.c
gcc -O3 -g -fno-omit-frame-pointer -march=native -mtune=native -std=c99 -Wall -Wextra -D_GNU_SOURCE -Wno-stringop-truncation -Wno-format-truncation -DEFS_BUILD_ID='"5868ec7389ae-dirty"' -DEFS_VERSION='"v0.1.0-pre-alpha-118-g5868ec73-dirty"' -DEFS_GIT_BRANCH='"devel"' -DEFS_BUILD_TIME='"2026-10-07T07:47:40Z"'  -Iinclude -Isrc/common -Ideps/blake3 -c -o src/common/placement.o src/common/placement.c
gcc -O3 -g -fno-omit-frame-pointer -march=native -mtune=native -std=c99 -Wall -Wextra -D_GNU_SOURCE -Wno-stringop-truncation -Wno-format-truncation -DEFS_BUILD_ID='"5868ec7389ae-dirty"' -DEFS_VERSION='"v0.1.0-pre-alpha-118-g5868ec73-dirty"' -DEFS_GIT_BRANCH='"devel"' -DEFS_BUILD_TIME='"2026-10-07T07:47:40Z"'  -Iinclude -Isrc/common -Ideps/blake3 -c -o src/common/checksum.o src/common/checksum.c
gcc -O3 -g -fno-omit-frame-pointer -march=native -mtune=native -std=c99 -Wall -Wextra -D_GNU_SOURCE -Wno-stringop-truncation -Wno-format-truncation -DEFS_BUILD_ID='"5868ec7389ae-dirty"' -DEFS_VERSION='"v0.1.0-pre-alpha-118-g5868ec73-dirty"' -DEFS_GIT_BRANCH='"devel"' -DEFS_BUILD_TIME='"2026-10-07T07:47:40Z"'  -Iinclude -Isrc/common -Ideps/blake3 -c -o src/common/network.o src/common/network.c
gcc -O3 -g -fno-omit-frame-pointer -march=native -mtune=native -std=c99 -Wall -Wextra -D_GNU_SOURCE -Wno-stringop-truncation -Wno-format-truncation -DEFS_BUILD_ID='"5868ec7389ae-dirty"' -DEFS_VERSION='"v0.1.0-pre-alpha-118-g5868ec73-dirty"' -DEFS_GIT_BRANCH='"devel"' -DEFS_BUILD_TIME='"2026-10-07T07:47:40Z"'  -Iinclude -Isrc/common -Ideps/blake3 -c -o src/common/rdma.o src/common/rdma.c
gcc -O3 -g -fno-omit-frame-pointer -march=native -mtune=native -std=c99 -Wall -Wextra -D_GNU_SOURCE -Wno-stringop-truncation -Wno-format-truncation -DEFS_BUILD_ID='"5868ec7389ae-dirty"' -DEFS_VERSION='"v0.1.0-pre-alpha-118-g5868ec73-dirty"' -DEFS_GIT_BRANCH='"devel"' -DEFS_BUILD_TIME='"2026-10-07T07:47:40Z"'  -Iinclude -Isrc/common -Ideps/blake3 -c -o deps/blake3/blake3.o deps/blake3/blake3.c
gcc -O3 -g -fno-omit-frame-pointer -march=native -mtune=native -std=c99 -Wall -Wextra -D_GNU_SOURCE -Wno-stringop-truncation -Wno-format-truncation -DEFS_BUILD_ID='"5868ec7389ae-dirty"' -DEFS_VERSION='"v0.1.0-pre-alpha-118-g5868ec73-dirty"' -DEFS_GIT_BRANCH='"devel"' -DEFS_BUILD_TIME='"2026-10-07T07:47:40Z"'  -Iinclude -Isrc/common -Ideps/blake3 -c -o deps/blake3/blake3_portable.o deps/blake3/blake3_portable.c
gcc -O3 -g -fno-omit-frame-pointer -march=native -mtune=native -std=c99 -Wall -Wextra -D_GNU_SOURCE -Wno-stringop-truncation -Wno-format-truncation -DEFS_BUILD_ID='"5868ec7389ae-dirty"' -DEFS_VERSION='"v0.1.0-pre-alpha-118-g5868ec73-dirty"' -DEFS_GIT_BRANCH='"devel"' -DEFS_BUILD_TIME='"2026-10-07T07:47:40Z"'  -Iinclude -Isrc/common -Ideps/blake3 -c -o deps/blake3/blake3_dispatch.o deps/blake3/blake3_dispatch.c
gcc -O3 -g -fno-omit-frame-pointer -march=native -mtune=native -std=c99 -Wall -Wextra -D_GNU_SOURCE -Wno-stringop-truncation -Wno-format-truncation -DEFS_BUILD_ID='"5868ec7389ae-dirty"' -DEFS_VERSION='"v0.1.0-pre-alpha-118-g5868ec73-dirty"' -DEFS_GIT_BRANCH='"devel"' -DEFS_BUILD_TIME='"2026-10-07T07:47:40Z"'  -Iinclude -Isrc/common -Ideps/blake3 -msse2 -c -o deps/blake3/blake3_sse2.o deps/blake3/blake3_sse2.c
gcc -O3 -g -fno-omit-frame-pointer -march=native -mtune=native -std=c99 -Wall -Wextra -D_GNU_SOURCE -Wno-stringop-truncation -Wno-format-truncation -DEFS_BUILD_ID='"5868ec7389ae-dirty"' -DEFS_VERSION='"v0.1.0-pre-alpha-118-g5868ec73-dirty"' -DEFS_GIT_BRANCH='"devel"' -DEFS_BUILD_TIME='"2026-10-07T07:47:40Z"'  -Iinclude -Isrc/common -Ideps/blake3 -msse4.1 -c -o deps/blake3/blake3_sse41.o deps/blake3/blake3_sse41.c
gcc -O3 -g -fno-omit-frame-pointer -march=native -mtune=native -std=c99 -Wall -Wextra -D_GNU_SOURCE -Wno-stringop-truncation -Wno-format-truncation -DEFS_BUILD_ID='"5868ec7389ae-dirty"' -DEFS_VERSION='"v0.1.0-pre-alpha-118-g5868ec73-dirty"' -DEFS_GIT_BRANCH='"devel"' -DEFS_BUILD_TIME='"2026-10-07T07:47:40Z"'  -Iinclude -Isrc/common -Ideps/blake3 -mavx2 -maes -c -o deps/blake3/blake3_avx2.o deps/blake3/blake3_avx2.c
gcc -O3 -g -fno-omit-frame-pointer -march=native -mtune=native -std=c99 -Wall -Wextra -D_GNU_SOURCE -Wno-stringop-truncation -Wno-format-truncation -DEFS_BUILD_ID='"5868ec7389ae-dirty"' -DEFS_VERSION='"v0.1.0-pre-alpha-118-g5868ec73-dirty"' -DEFS_GIT_BRANCH='"devel"' -DEFS_BUILD_TIME='"2026-10-07T07:47:40Z"'  -Iinclude -Isrc/common -Ideps/blake3 -mavx512f -mavx512vl -c -o deps/blake3/blake3_avx512.o deps/blake3/blake3_avx512.c
gcc -O3 -g -fno-omit-frame-pointer -march=native -mtune=native -std=c99 -Wall -Wextra -D_GNU_SOURCE -Wno-stringop-truncation -Wno-format-truncation -DEFS_BUILD_ID='"5868ec7389ae-dirty"' -DEFS_VERSION='"v0.1.0-pre-alpha-118-g5868ec73-dirty"' -DEFS_GIT_BRANCH='"devel"' -DEFS_BUILD_TIME='"2026-10-07T07:47:40Z"'  -Iinclude -Isrc/common -Ideps/blake3 -c -o src/client/client.o src/client/client.c
gcc -O3 -g -fno-omit-frame-pointer -march=native -mtune=native -std=c99 -Wall -Wextra -D_GNU_SOURCE -Wno-stringop-truncation -Wno-format-truncation -DEFS_BUILD_ID='"5868ec7389ae-dirty"' -DEFS_VERSION='"v0.1.0-pre-alpha-118-g5868ec73-dirty"' -DEFS_GIT_BRANCH='"devel"' -DEFS_BUILD_TIME='"2026-10-07T07:47:40Z"'  -Iinclude -Isrc/common -Ideps/blake3 -c -o src/client/ops.o src/client/ops.c
gcc -O3 -g -fno-omit-frame-pointer -march=native -mtune=native -std=c99 -Wall -Wextra -D_GNU_SOURCE -Wno-stringop-truncation -Wno-format-truncation -DEFS_BUILD_ID='"5868ec7389ae-dirty"' -DEFS_VERSION='"v0.1.0-pre-alpha-118-g5868ec73-dirty"' -DEFS_GIT_BRANCH='"devel"' -DEFS_BUILD_TIME='"2026-10-07T07:47:40Z"'  -Iinclude -Isrc/common -Ideps/blake3 -c -o src/client/read.o src/client/read.c
gcc -O3 -g -fno-omit-frame-pointer -march=native -mtune=native -std=c99 -Wall -Wextra -D_GNU_SOURCE -Wno-stringop-truncation -Wno-format-truncation -DEFS_BUILD_ID='"5868ec7389ae-dirty"' -DEFS_VERSION='"v0.1.0-pre-alpha-118-g5868ec73-dirty"' -DEFS_GIT_BRANCH='"devel"' -DEFS_BUILD_TIME='"2026-10-07T07:47:40Z"'  -Iinclude -Isrc/common -Ideps/blake3 -c -o src/client/write.o src/client/write.c
gcc -O3 -g -fno-omit-frame-pointer -march=native -mtune=native -std=c99 -Wall -Wextra -D_GNU_SOURCE -Wno-stringop-truncation -Wno-format-truncation -DEFS_BUILD_ID='"5868ec7389ae-dirty"' -DEFS_VERSION='"v0.1.0-pre-alpha-118-g5868ec73-dirty"' -DEFS_GIT_BRANCH='"devel"' -DEFS_BUILD_TIME='"2026-10-07T07:47:40Z"'  -Iinclude -Isrc/common -Ideps/blake3 -c -o src/client/bufpool.o src/client/bufpool.c
gcc -O3 -g -fno-omit-frame-pointer -march=native -mtune=native -std=c99 -Wall -Wextra -D_GNU_SOURCE -Wno-stringop-truncation -Wno-format-truncation -DEFS_BUILD_ID='"5868ec7389ae-dirty"' -DEFS_VERSION='"v0.1.0-pre-alpha-118-g5868ec73-dirty"' -DEFS_GIT_BRANCH='"devel"' -DEFS_BUILD_TIME='"2026-10-07T07:47:40Z"'  -Iinclude -Isrc/common -Ideps/blake3 -c -o src/client/writer_state.o src/client/writer_state.c
gcc -O3 -g -fno-omit-frame-pointer -march=native -mtune=native -std=c99 -Wall -Wextra -D_GNU_SOURCE -Wno-stringop-truncation -Wno-format-truncation -DEFS_BUILD_ID='"5868ec7389ae-dirty"' -DEFS_VERSION='"v0.1.0-pre-alpha-118-g5868ec73-dirty"' -DEFS_GIT_BRANCH='"devel"' -DEFS_BUILD_TIME='"2026-10-07T07:47:40Z"'  -Iinclude -Isrc/common -Ideps/blake3 -c -o src/client/publication_ack_owner.o src/client/publication_ack_owner.c
gcc -O3 -g -fno-omit-frame-pointer -march=native -mtune=native -std=c99 -Wall -Wextra -D_GNU_SOURCE -Wno-stringop-truncation -Wno-format-truncation -DEFS_BUILD_ID='"5868ec7389ae-dirty"' -DEFS_VERSION='"v0.1.0-pre-alpha-118-g5868ec73-dirty"' -DEFS_GIT_BRANCH='"devel"' -DEFS_BUILD_TIME='"2026-10-07T07:47:40Z"'  -Iinclude -Isrc/common -Ideps/blake3 -c -o src/client/inode_rpc.o src/client/inode_rpc.c
gcc -O3 -g -fno-omit-frame-pointer -march=native -mtune=native -std=c99 -Wall -Wextra -D_GNU_SOURCE -Wno-stringop-truncation -Wno-format-truncation -DEFS_BUILD_ID='"5868ec7389ae-dirty"' -DEFS_VERSION='"v0.1.0-pre-alpha-118-g5868ec73-dirty"' -DEFS_GIT_BRANCH='"devel"' -DEFS_BUILD_TIME='"2026-10-07T07:47:40Z"'  -Iinclude -Isrc/common -Ideps/blake3 -c -o src/client/stage_evict.o src/client/stage_evict.c
gcc -O3 -g -fno-omit-frame-pointer -march=native -mtune=native -std=c99 -Wall -Wextra -D_GNU_SOURCE -Wno-stringop-truncation -Wno-format-truncation -DEFS_BUILD_ID='"5868ec7389ae-dirty"' -DEFS_VERSION='"v0.1.0-pre-alpha-118-g5868ec73-dirty"' -DEFS_GIT_BRANCH='"devel"' -DEFS_BUILD_TIME='"2026-10-07T07:47:40Z"'  -Iinclude -Isrc/common -Ideps/blake3 -c -o src/client/node_cache.o src/client/node_cache.c
ar rcs libefs.a src/common/publication.o src/common/publication_ack.o src/common/common.o src/common/log_ts.o src/common/version.o src/common/protocol.o src/wire/wire.o src/data/erasure.o src/data/store_mem.o src/data/transport_loop.o src/data/transport_conn.o src/kv/kv_mem.o src/kv/kv_key.o src/kv/kv_lsm.o src/kv/kv_compact.o src/kv/kv_wal.o src/kv/kv_seg.o src/kv/kv_snap.o src/meta/metadata.o src/meta/meta_apply.o src/meta/txn.o src/meta/session.o src/meta/lock.o src/meta/dir_layout.o src/meta/dir_spread.o src/sim/opid.o src/raft/raft.o src/raft/raft_mem.o src/raft/raft_disk.o src/raft/raft_log.o src/common/placement.o src/common/checksum.o src/common/network.o src/common/rdma.o deps/blake3/blake3.o deps/blake3/blake3_portable.o deps/blake3/blake3_dispatch.o deps/blake3/blake3_sse2.o deps/blake3/blake3_sse41.o deps/blake3/blake3_avx2.o deps/blake3/blake3_avx512.o src/client/client.o src/client/ops.o src/client/read.o src/client/write.o src/client/bufpool.o src/client/writer_state.o src/client/publication_ack_owner.o src/client/inode_rpc.o src/client/stage_evict.o src/client/node_cache.o
gcc -O3 -g -fno-omit-frame-pointer -march=native -mtune=native -std=c99 -Wall -Wextra -D_GNU_SOURCE -Wno-stringop-truncation -Wno-format-truncation -DEFS_BUILD_ID='"5868ec7389ae-dirty"' -DEFS_VERSION='"v0.1.0-pre-alpha-118-g5868ec73-dirty"' -DEFS_GIT_BRANCH='"devel"' -DEFS_BUILD_TIME='"2026-10-07T07:47:40Z"'  -Iinclude -Isrc/common -Ideps/blake3 -I/usr/include/fuse3 -o efs-fuse src/client/efs_fuse.o libefs.a -lpthread -lm -ldl -libverbs -lfuse3 -lpthread
GETCHUNKS fan-out: inherited deadline and caller TLS restoration PASS
Unmounting /data1/efs/mnt2
Retiring drained efs-fuse PID 4081732 for /data1/efs/mnt2
Unmounted /data1/efs/mnt2
Unmounting /data1/efs/mnt
Retiring drained efs-fuse PID 4081699 for /data1/efs/mnt
Unmounted /data1/efs/mnt
n1 already running (pid 4035399)
n2 already running (pid 4035480)
n3 already running (pid 4035579)
n4 already running (pid 4035612)
already formatted (rm /data1/efs/.mkfs-done + wipe n* to redo)
Stop with: /data1/efs/src/scripts/client.sh stop /data1/efs/mnt
Logging efs-fuse to /data1/efs/efs-fuse-mnt.log
Mounted /data1/efs/mnt
Stop with: /data1/efs/src/scripts/client.sh stop /data1/efs/mnt2
Logging efs-fuse to /data1/efs/efs-fuse-mnt2.log
Mounted /data1/efs/mnt2
nuc-efs up: n1..n4 on 127.0.0.1:17432/17433/17434/17435, mounted at /data1/efs/mnt + /data1/efs/mnt2
4035399 /data1/efs/src/efsd --node-id 1 --addr 127.0.0.1 --port 17432 --storage /data1/efs/n1 --quota 187.5G --direct-io
4035480 /data1/efs/src/efsd --node-id 2 --addr 127.0.0.1 --port 17433 --storage /data1/efs/n2 --quota 187.5G --direct-io --join 127.0.0.1:17432
4035579 /data1/efs/src/efsd --node-id 3 --addr 127.0.0.1 --port 17434 --storage /data2/efs/n3 --quota 187.5G --direct-io --join 127.0.0.1:17432
4035612 /data1/efs/src/efsd --node-id 4 --addr 127.0.0.1 --port 17435 --storage /data2/efs/n4 --quota 187.5G --direct-io --join 127.0.0.1:17432
38f91598ce3adc1c56c4d7de162a96b07f1ad1235f9cbb0fc011f1191ca04ca1  efs-fuse
parallel 210 tests jobs=4 (serial 7 after)
pass basic_write_read                
pass basic_empty_file                
pass basic_oappend_flag              
pass basic_append                    
pass basic_overwrite_middle          
pass basic_seek_read                 
pass basic_read_past_eof             
pass basic_terminal_cp_cat           
pass basic_dup_write                 
pass basic_dd_rw                     
pass basic_o_trunc                   
pass basic_pread_pwrite              
pass basic_chunk_boundary            
pass basic_ftruncate_vs_truncate     
pass fsync_reopen_visible            
pass basic_seek_end_then_write       
pass basic_seek_cur_past_eof_write   
pass basic_rdwr_no_reopen            
pass trunc_shrink                    
pass sparse_write_huge_offset        
pass trunc_grow_sparse               
pass trunc_to_zero                   
pass sparse_st_blocks                
pass dir_mkdir_rmdir                 
pass dir_mkdir_p_terminal            
pass dir_readdir_listing             
pass dir_rename_file                 
pass dir_rename_file_over_dir        
pass dir_rename_over_existing        
pass dir_move_into_subdir            
pass dir_rename_dir_with_contents    
pass dir_rename_dir_over_file        
pass dir_rename_noreplace            
pass dir_rename_dir_over_nonempty    
pass dir_rename_symlink              
pass root_rename_dir_old_name_gone   
pass root_rename_file_old_name_gone  
pass root_rename_into_subdir         
pass root_create_unlink_immediate    
pass root_mkdir_rmdir_immediate      
pass root_rename_from_subdir         
pass dir_times_create                
pass dir_times_unlink                
pass dir_times_mkdir_rmdir           
pass dir_deep_nesting                
pass dir_times_link                  
pass dir_times_write_no_bump         
pass dir_dot_entries                 
pass dir_hidden_files                
pass dir_chmod_and_create_denied     
pass dir_nlink                       
pass dir_times_rename                
pass symlink_create_readlink         
pass symlink_to_dir                  
pass symlink_dangling                
pass symlink_chain                   
pass symlink_absolute                
pass hardlink_shared_data            
pass hardlink_basic                  
pass hardlink_unlink_one             
pass hardlink_terminal_ln            
pass symlink_unlink_keeps_target     
pass hardlink_rename_one_name        
pass symlink_chmod_follows           
pass symlink_relative_after_parent_rename
pass attr_chmod                      
pass attr_chown_self                 
pass attr_utimens                    
pass attr_utimens_ns                 
pass attr_touch_terminal             
pass attr_stat_fields                
pass attr_access                     
pass attr_ctime_after_chmod          
pass perm_file_000_denied            
pass dir_readdir_while_unlink        
pass perm_file_write_only            
pass perm_file_read_only_ops         
pass perm_owner_bits_not_other       
pass perm_owner_bits_not_group       
pass perm_create_mode_000_reopen     
pass perm_open_fd_survives_chmod     
pass perm_owner_utime_readonly       
pass perm_fchmod                     
pass perm_owner_chmod_restore        
pass perm_ftruncate_after_chmod      
pass perm_access_rwx                 
pass perm_exec_denied_no_x           
pass perm_suid_sgid_sticky_stored    
pass perm_sticky_owner_can_unlink    
pass perm_exec_allowed_with_x        
pass perm_chown_other_uid_denied     
pass perm_chown_other_gid_denied     
pass perm_dir_readonly_mutate        
pass perm_dir_wx_no_r                
pass perm_dir_000_restore            
pass perm_dir_no_r_list              
pass perm_unlink_mode_000_file       
pass perm_nested_parent_no_x         
pass perm_rename_into_readonly_dir   
pass perm_symlink_target_denied      
pass names_dash_prefix_terminal      
pass perm_hardlink_shares_mode       
pass names_crazy_roundtrip           
pass names_too_long_component        
pass names_reserved_dots             
pass names_near_path_max             
pass names_near_path_max_dir         
pass names_path_too_long             
pass names_unicode_nfc_nfd_coexist   
pass names_control_and_high_bytes    
pass content_random_roundtrip        
pass content_all_byte_values         
pass content_whitespace_and_line_endings
pass content_nul_and_control         
pass dir_deep_nesting_beyond_64      
pass content_random_overwrite_append 
pass err_mkdir_existing              
pass content_random_large_multichunk 
pass err_rmdir_nonempty              
pass err_rmdir_a_file                
pass err_open_dir_for_write          
pass err_read_from_dir               
pass err_create_excl_existing        
pass err_rename_dir_into_itself      
pass err_hardlink_to_dir             
pass names_crazy_dirs                
pass err_unlink_nonexistent          
pass err_hardlink_nonexistent_src    
pass err_symlink_loop                
pass err_write_readonly_file         
pass err_create_under_a_file         
pass err_stat_nonexistent            
pass err_unlink_a_directory          
pass err_rmdir_dot_dotdot            
pass fsync_write                     
pass fdatasync_write                 
pass fsync_dir                       
pass unlink_open_file                
pass fcntl_lock_basic                
pass flock_basic                     
pass flock_shared_then_exclusive     
pass flock_two_proc_exclusive        
SKIP mmap_write_read                  mmap unsupported: [Errno 19] No such device
pass mmap_private_not_visible        
pass statfs_sane                     
pass fcntl_byte_range_lock           
pass concurrent_creates_same_dir     
pass concurrent_writes_disjoint      
pass concurrent_create_unlink_two_proc
pass concurrent_write_and_readdir    
pass virt_stats_readable             
pass virt_find_query                 
pass virt_find_not_a_real_dir        
pass opt_fallocate                   
pass opt_xattr                       
pass opt_seek_hole_data              
pass opt_copy_file_range             
pass opt_openat                      
pass flock_second_fd_exclusive       
pass direct_aligned_rdwr             
pass direct_unaligned_einval         
pass direct_rmw_4k_in_chunk          
pass packed_then_grow_past_chunk     
pass concurrent_appends_two_proc     
pass writev_readv_chunk_straddle     
pass zero_length_write               
pass fcntl_setfl_oappend             
pass two_fds_size_mtime              
pass trunc_open_other_fd             
pass link_across_dirs                
pass nlink_after_unlink_open         
pass o_nofollow                      
pass last_link_unlink_other_dir      
pass o_directory                     
pass st_ino_unique_hardlink_same     
pass create_excl_two_proc            
pass concurrent_overlap_write        
pass fstat_size_after_write          
pass trunc_shrink_same_fd            
pass unlink_open_then_recreate       
pass rename_to_self                  
pass ctime_on_link_rename            
pass rename_empty_over_empty_dir     
pass lstat_symlink_size              
pass chmod_preserves_mtime           
pass dir_many_files                  
pass case_sensitive_names            
pass o_append_pwrite_absolute        
pass unlink_recreate_new_ino         
pass two_fds_independent_offset      
pass dir_nlink_after_rmdir_child     
pass access_f_ok_after_unlink        
pass write_hole_pread_zeros          
pass rename_file_over_symlink        
pass mkdirat_unlinkat                
pass trailing_slash_on_file          
pass flock_unlock_on_close           
pass hardlink_three_names            
pass creat_existing_dir_eisdir       
pass fsync_then_fstat_size           
pass mtime_bumps_on_write            
pass rename_dir_same_parent          
pass rename_readdir_lookup_consistent
pass link_of_symlink                 
pass concurrent_extend_high_then_low 
pass trunc_zero_then_high_pwrite     
pass write_beyond_eof_then_seek_end  
pass mtime_monotonic_many_writes     
FAIL concurrent_appends               append record b'W2S0000' count 0, want 1
pass dir_times_bump_on_child_mutation
pass truncate_big_ftruncate_honest   
pass truncate_big_o_trunc_honest     
pass dir_mkdir_umask                 
pass attr_umask_respected            
pass perm_dir_no_x_search            
pass err_chdir_into_file             
pass chdir_dotdot_after_mkdir        
============================================================
POSIX suite: 215/217 pass, 1 fail, 1 skip, 0 notrun  (64.4s)
wrote /data1/efs/logs/posix-20261007-034748.tsv
results: /data1/efs/logs/posix-20261007-034748.tsv
