FUSE_CHECK fstype=fuse.efs-fuse mnt=/tmp/efs-mount
FUSE_OK
sw-1m: (g=0): rw=write, bs=(R) 1024KiB-1024KiB, (W) 1024KiB-1024KiB, (T) 1024KiB-1024KiB, ioengine=psync, iodepth=1
...
fio-3.35
Starting 9 processes
sw-1m: Laying out IO file (1 file / 2048MiB)
sw-1m: Laying out IO file (1 file / 2048MiB)
sw-1m: Laying out IO file (1 file / 2048MiB)
sw-1m: Laying out IO file (1 file / 2048MiB)
sw-1m: Laying out IO file (1 file / 2048MiB)
sw-1m: Laying out IO file (1 file / 2048MiB)
sw-1m: Laying out IO file (1 file / 2048MiB)
sw-1m: Laying out IO file (1 file / 2048MiB)
sw-1m: Laying out IO file (1 file / 2048MiB)

sw-1m: (groupid=0, jobs=9): err= 0: pid=1358782: Sun Aug 30 03:02:27 2026
  write: IOPS=372, BW=373MiB/s (391MB/s)(18.0GiB/49474msec); 0 zone resets
    clat (usec): min=325, max=1275.9k, avg=15751.35, stdev=26567.29
     lat (usec): min=353, max=1275.9k, avg=15781.89, stdev=26566.09
    clat percentiles (usec):
     |  1.00th=[   449],  5.00th=[   506], 10.00th=[   766], 20.00th=[   873],
     | 30.00th=[  1045], 40.00th=[  7046], 50.00th=[ 10159], 60.00th=[ 15139],
     | 70.00th=[ 20055], 80.00th=[ 26870], 90.00th=[ 38011], 95.00th=[ 47449],
     | 99.00th=[ 67634], 99.50th=[ 79168], 99.90th=[295699], 99.95th=[599786],
     | 99.99th=[985662]
   bw (  KiB/s): min=40960, max=8644608, per=100.00%, avg=586470.50, stdev=114144.50, samples=570
   iops        : min=   40, max= 8442, avg=572.71, stdev=111.47, samples=570
  lat (usec)   : 500=4.47%, 750=5.26%, 1000=19.67%
  lat (msec)   : 2=1.74%, 4=1.69%, 10=16.95%, 20=19.94%, 50=26.26%
  lat (msec)   : 100=3.85%, 250=0.07%, 500=0.04%, 750=0.03%, 1000=0.02%
  lat (msec)   : 2000=0.01%
  cpu          : usr=0.13%, sys=0.05%, ctx=18526, majf=0, minf=87
  IO depths    : 1=100.0%, 2=0.0%, 4=0.0%, 8=0.0%, 16=0.0%, 32=0.0%, >=64=0.0%
     submit    : 0=0.0%, 4=100.0%, 8=0.0%, 16=0.0%, 32=0.0%, 64=0.0%, >=64=0.0%
     complete  : 0=0.0%, 4=100.0%, 8=0.0%, 16=0.0%, 32=0.0%, 64=0.0%, >=64=0.0%
     issued rwts: total=0,18432,0,0 short=0,0,0,0 dropped=0,0,0,0
     latency   : target=0, window=0, percentile=100.00%, depth=1

Run status group 0 (all jobs):
  WRITE: bw=373MiB/s (391MB/s), 373MiB/s-373MiB/s (391MB/s-391MB/s), io=18.0GiB (19.3GB), run=49474-49474msec
