FUSE_CHECK fstype=fuse.efs-fuse mnt=/tmp/efs-mount
FUSE_OK
sw-1m: (g=0): rw=write, bs=(R) 1024KiB-1024KiB, (W) 1024KiB-1024KiB, (T) 1024KiB-1024KiB, ioengine=psync, iodepth=1
...
fio-3.35
Starting 9 processes
sw-1m: Laying out IO file (1 file / 2048MiB)
sw-1m: Laying out IO file (1 file / 2048MiB)
sw-1m: Laying out IO file (1 file / 2048MiB)
sw-1m: Laying out IO file (1 file / 2048MiB)
sw-1m: Laying out IO file (1 file / 2048MiB)
sw-1m: Laying out IO file (1 file / 2048MiB)
sw-1m: Laying out IO file (1 file / 2048MiB)
sw-1m: Laying out IO file (1 file / 2048MiB)
sw-1m: Laying out IO file (1 file / 2048MiB)

sw-1m: (groupid=0, jobs=9): err= 0: pid=1214415: Sun Aug 30 03:02:26 2026
  write: IOPS=385, BW=385MiB/s (404MB/s)(18.0GiB/47815msec); 0 zone resets
    clat (usec): min=306, max=978991, avg=15847.16, stdev=25954.13
     lat (usec): min=329, max=979016, avg=15876.99, stdev=25953.09
    clat percentiles (usec):
     |  1.00th=[   457],  5.00th=[   506], 10.00th=[   717], 20.00th=[   848],
     | 30.00th=[   996], 40.00th=[  6915], 50.00th=[  9896], 60.00th=[ 15008],
     | 70.00th=[ 20317], 80.00th=[ 27132], 90.00th=[ 38011], 95.00th=[ 47973],
     | 99.00th=[ 69731], 99.50th=[ 82314], 99.90th=[295699], 99.95th=[608175],
     | 99.99th=[977273]
   bw (  KiB/s): min=24576, max=8654592, per=100.00%, avg=584589.94, stdev=113736.41, samples=575
   iops        : min=   24, max= 8450, avg=570.86, stdev=111.05, samples=575
  lat (usec)   : 500=4.29%, 750=6.36%, 1000=19.48%
  lat (msec)   : 2=1.27%, 4=1.87%, 10=16.77%, 20=19.41%, 50=26.18%
  lat (msec)   : 100=4.17%, 250=0.08%, 500=0.04%, 750=0.04%, 1000=0.02%
  cpu          : usr=0.13%, sys=0.05%, ctx=18515, majf=0, minf=103
  IO depths    : 1=100.0%, 2=0.0%, 4=0.0%, 8=0.0%, 16=0.0%, 32=0.0%, >=64=0.0%
     submit    : 0=0.0%, 4=100.0%, 8=0.0%, 16=0.0%, 32=0.0%, 64=0.0%, >=64=0.0%
     complete  : 0=0.0%, 4=100.0%, 8=0.0%, 16=0.0%, 32=0.0%, 64=0.0%, >=64=0.0%
     issued rwts: total=0,18432,0,0 short=0,0,0,0 dropped=0,0,0,0
     latency   : target=0, window=0, percentile=100.00%, depth=1

Run status group 0 (all jobs):
  WRITE: bw=385MiB/s (404MB/s), 385MiB/s-385MiB/s (404MB/s-404MB/s), io=18.0GiB (19.3GB), run=47815-47815msec
