FUSE_CHECK fstype=fuse.efs-fuse mnt=/tmp/efs-mount
FUSE_OK
sw-1m: (g=0): rw=write, bs=(R) 1024KiB-1024KiB, (W) 1024KiB-1024KiB, (T) 1024KiB-1024KiB, ioengine=psync, iodepth=1
...
fio-3.35
Starting 9 processes
sw-1m: Laying out IO file (1 file / 2048MiB)
sw-1m: Laying out IO file (1 file / 2048MiB)
sw-1m: Laying out IO file (1 file / 2048MiB)
sw-1m: Laying out IO file (1 file / 2048MiB)
sw-1m: Laying out IO file (1 file / 2048MiB)
sw-1m: Laying out IO file (1 file / 2048MiB)
sw-1m: Laying out IO file (1 file / 2048MiB)
sw-1m: Laying out IO file (1 file / 2048MiB)
sw-1m: Laying out IO file (1 file / 2048MiB)

sw-1m: (groupid=0, jobs=9): err= 0: pid=3733354: Sun Aug 30 03:02:27 2026
  write: IOPS=372, BW=372MiB/s (390MB/s)(18.0GiB/49518msec); 0 zone resets
    clat (usec): min=297, max=1286.8k, avg=15790.74, stdev=28015.99
     lat (usec): min=325, max=1286.8k, avg=15822.53, stdev=28014.32
    clat percentiles (usec):
     |  1.00th=[    453],  5.00th=[    506], 10.00th=[    816],
     | 20.00th=[    938], 30.00th=[   1205], 40.00th=[   7242],
     | 50.00th=[  10159], 60.00th=[  15139], 70.00th=[  20055],
     | 80.00th=[  26870], 90.00th=[  37487], 95.00th=[  46924],
     | 99.00th=[  68682], 99.50th=[  78119], 99.90th=[ 181404],
     | 99.95th=[ 591397], 99.99th=[1283458]
   bw (  KiB/s): min=24576, max=8613764, per=100.00%, avg=585347.49, stdev=113284.86, samples=574
   iops        : min=   24, max= 8411, avg=571.61, stdev=110.62, samples=574
  lat (usec)   : 500=4.52%, 750=4.45%, 1000=17.08%
  lat (msec)   : 2=4.54%, 4=1.93%, 10=17.14%, 20=20.17%, 50=26.12%
  lat (msec)   : 100=3.90%, 250=0.07%, 500=0.04%, 750=0.02%, 1000=0.02%
  lat (msec)   : 2000=0.02%
  cpu          : usr=0.14%, sys=0.05%, ctx=18541, majf=0, minf=93
  IO depths    : 1=100.0%, 2=0.0%, 4=0.0%, 8=0.0%, 16=0.0%, 32=0.0%, >=64=0.0%
     submit    : 0=0.0%, 4=100.0%, 8=0.0%, 16=0.0%, 32=0.0%, 64=0.0%, >=64=0.0%
     complete  : 0=0.0%, 4=100.0%, 8=0.0%, 16=0.0%, 32=0.0%, 64=0.0%, >=64=0.0%
     issued rwts: total=0,18432,0,0 short=0,0,0,0 dropped=0,0,0,0
     latency   : target=0, window=0, percentile=100.00%, depth=1

Run status group 0 (all jobs):
  WRITE: bw=372MiB/s (390MB/s), 372MiB/s-372MiB/s (390MB/s-390MB/s), io=18.0GiB (19.3GB), run=49518-49518msec
