FUSE_CHECK fstype=fuse.efs-fuse mnt=/tmp/efs-mount
FUSE_OK
sw-1m: (g=0): rw=write, bs=(R) 1024KiB-1024KiB, (W) 1024KiB-1024KiB, (T) 1024KiB-1024KiB, ioengine=psync, iodepth=1
...
fio-3.35
Starting 9 processes
sw-1m: Laying out IO file (1 file / 2048MiB)
sw-1m: Laying out IO file (1 file / 2048MiB)
sw-1m: Laying out IO file (1 file / 2048MiB)
sw-1m: Laying out IO file (1 file / 2048MiB)
sw-1m: Laying out IO file (1 file / 2048MiB)
sw-1m: Laying out IO file (1 file / 2048MiB)
sw-1m: Laying out IO file (1 file / 2048MiB)
sw-1m: Laying out IO file (1 file / 2048MiB)
sw-1m: Laying out IO file (1 file / 2048MiB)

sw-1m: (groupid=0, jobs=9): err= 0: pid=1094382: Sun Aug 30 03:02:27 2026
  write: IOPS=372, BW=373MiB/s (391MB/s)(18.0GiB/49463msec); 0 zone resets
    clat (usec): min=303, max=986838, avg=15847.32, stdev=25975.77
     lat (usec): min=336, max=986864, avg=15877.70, stdev=25974.49
    clat percentiles (usec):
     |  1.00th=[   445],  5.00th=[   506], 10.00th=[   742], 20.00th=[   881],
     | 30.00th=[  1029], 40.00th=[  6980], 50.00th=[  9896], 60.00th=[ 14877],
     | 70.00th=[ 20055], 80.00th=[ 27132], 90.00th=[ 38011], 95.00th=[ 49021],
     | 99.00th=[ 70779], 99.50th=[ 82314], 99.90th=[299893], 99.95th=[583009],
     | 99.99th=[960496]
   bw (  KiB/s): min=24576, max=8644356, per=100.00%, avg=586866.66, stdev=113676.84, samples=574
   iops        : min=   24, max= 8440, avg=573.08, stdev=110.99, samples=574
  lat (usec)   : 500=4.17%, 750=5.99%, 1000=19.24%
  lat (msec)   : 2=1.84%, 4=1.68%, 10=17.29%, 20=19.74%, 50=25.50%
  lat (msec)   : 100=4.32%, 250=0.11%, 500=0.06%, 750=0.03%, 1000=0.03%
  cpu          : usr=0.13%, sys=0.05%, ctx=18535, majf=0, minf=93
  IO depths    : 1=100.0%, 2=0.0%, 4=0.0%, 8=0.0%, 16=0.0%, 32=0.0%, >=64=0.0%
     submit    : 0=0.0%, 4=100.0%, 8=0.0%, 16=0.0%, 32=0.0%, 64=0.0%, >=64=0.0%
     complete  : 0=0.0%, 4=100.0%, 8=0.0%, 16=0.0%, 32=0.0%, 64=0.0%, >=64=0.0%
     issued rwts: total=0,18432,0,0 short=0,0,0,0 dropped=0,0,0,0
     latency   : target=0, window=0, percentile=100.00%, depth=1

Run status group 0 (all jobs):
  WRITE: bw=373MiB/s (391MB/s), 373MiB/s-373MiB/s (391MB/s-391MB/s), io=18.0GiB (19.3GB), run=49463-49463msec
