FUSE_CHECK fstype=fuse.efs-fuse mnt=/tmp/efs-mount
FUSE_OK
sw-1m: (g=0): rw=write, bs=(R) 1024KiB-1024KiB, (W) 1024KiB-1024KiB, (T) 1024KiB-1024KiB, ioengine=psync, iodepth=1
...
fio-3.35
Starting 9 processes
sw-1m: Laying out IO file (1 file / 2048MiB)
sw-1m: Laying out IO file (1 file / 2048MiB)
sw-1m: Laying out IO file (1 file / 2048MiB)
sw-1m: Laying out IO file (1 file / 2048MiB)
sw-1m: Laying out IO file (1 file / 2048MiB)
sw-1m: Laying out IO file (1 file / 2048MiB)
sw-1m: Laying out IO file (1 file / 2048MiB)
sw-1m: Laying out IO file (1 file / 2048MiB)
sw-1m: Laying out IO file (1 file / 2048MiB)

sw-1m: (groupid=0, jobs=9): err= 0: pid=1229654: Sun Aug 30 03:02:26 2026
  write: IOPS=382, BW=383MiB/s (401MB/s)(18.0GiB/48144msec); 0 zone resets
    clat (usec): min=327, max=1301.5k, avg=15783.45, stdev=27462.53
     lat (usec): min=352, max=1301.5k, avg=15812.63, stdev=27461.73
    clat percentiles (usec):
     |  1.00th=[    461],  5.00th=[    515], 10.00th=[    775],
     | 20.00th=[    873], 30.00th=[   1582], 40.00th=[   7308],
     | 50.00th=[   9896], 60.00th=[  14877], 70.00th=[  19792],
     | 80.00th=[  26608], 90.00th=[  37487], 95.00th=[  47449],
     | 99.00th=[  69731], 99.50th=[  79168], 99.90th=[ 202376],
     | 99.95th=[ 633340], 99.99th=[1283458]
   bw (  KiB/s): min=49152, max=8654609, per=100.00%, avg=588734.26, stdev=114108.53, samples=571
   iops        : min=   48, max= 8450, avg=574.91, stdev=111.41, samples=571
  lat (usec)   : 500=3.54%, 750=5.67%, 1000=18.65%
  lat (msec)   : 2=2.46%, 4=1.66%, 10=18.13%, 20=20.26%, 50=25.43%
  lat (msec)   : 100=4.04%, 250=0.07%, 500=0.02%, 750=0.05%, 1000=0.01%
  lat (msec)   : 2000=0.01%
  cpu          : usr=0.13%, sys=0.05%, ctx=18531, majf=0, minf=89
  IO depths    : 1=100.0%, 2=0.0%, 4=0.0%, 8=0.0%, 16=0.0%, 32=0.0%, >=64=0.0%
     submit    : 0=0.0%, 4=100.0%, 8=0.0%, 16=0.0%, 32=0.0%, 64=0.0%, >=64=0.0%
     complete  : 0=0.0%, 4=100.0%, 8=0.0%, 16=0.0%, 32=0.0%, 64=0.0%, >=64=0.0%
     issued rwts: total=0,18432,0,0 short=0,0,0,0 dropped=0,0,0,0
     latency   : target=0, window=0, percentile=100.00%, depth=1

Run status group 0 (all jobs):
  WRITE: bw=383MiB/s (401MB/s), 383MiB/s-383MiB/s (401MB/s-401MB/s), io=18.0GiB (19.3GB), run=48144-48144msec
