FUSE_CHECK fstype=fuse.efs-fuse mnt=/tmp/efs-mount
FUSE_OK
sw-1m: (g=0): rw=write, bs=(R) 1024KiB-1024KiB, (W) 1024KiB-1024KiB, (T) 1024KiB-1024KiB, ioengine=psync, iodepth=1
...
fio-3.35
Starting 9 processes
sw-1m: Laying out IO file (1 file / 2048MiB)
sw-1m: Laying out IO file (1 file / 2048MiB)
sw-1m: Laying out IO file (1 file / 2048MiB)
sw-1m: Laying out IO file (1 file / 2048MiB)
sw-1m: Laying out IO file (1 file / 2048MiB)
sw-1m: Laying out IO file (1 file / 2048MiB)
sw-1m: Laying out IO file (1 file / 2048MiB)
sw-1m: Laying out IO file (1 file / 2048MiB)
sw-1m: Laying out IO file (1 file / 2048MiB)

sw-1m: (groupid=0, jobs=9): err= 0: pid=951702: Sun Aug 30 03:02:24 2026
  write: IOPS=396, BW=396MiB/s (416MB/s)(18.0GiB/46487msec); 0 zone resets
    clat (usec): min=282, max=1278.5k, avg=15906.13, stdev=27534.62
     lat (usec): min=305, max=1278.5k, avg=15935.87, stdev=27533.64
    clat percentiles (usec):
     |  1.00th=[    453],  5.00th=[    515], 10.00th=[    775],
     | 20.00th=[    857], 30.00th=[   1188], 40.00th=[   7242],
     | 50.00th=[  10290], 60.00th=[  15139], 70.00th=[  20317],
     | 80.00th=[  26870], 90.00th=[  38011], 95.00th=[  47973],
     | 99.00th=[  68682], 99.50th=[  79168], 99.90th=[ 287310],
     | 99.95th=[ 408945], 99.99th=[1266680]
   bw (  KiB/s): min=90112, max=8650752, per=100.00%, avg=587025.66, stdev=113670.65, samples=574
   iops        : min=   88, max= 8448, avg=573.27, stdev=111.01, samples=574
  lat (usec)   : 500=3.72%, 750=6.03%, 1000=19.64%
  lat (msec)   : 2=1.17%, 4=1.74%, 10=17.13%, 20=20.03%, 50=26.35%
  lat (msec)   : 100=4.02%, 250=0.08%, 500=0.05%, 750=0.02%, 1000=0.01%
  lat (msec)   : 2000=0.02%
  cpu          : usr=0.13%, sys=0.06%, ctx=18513, majf=0, minf=107
  IO depths    : 1=100.0%, 2=0.0%, 4=0.0%, 8=0.0%, 16=0.0%, 32=0.0%, >=64=0.0%
     submit    : 0=0.0%, 4=100.0%, 8=0.0%, 16=0.0%, 32=0.0%, 64=0.0%, >=64=0.0%
     complete  : 0=0.0%, 4=100.0%, 8=0.0%, 16=0.0%, 32=0.0%, 64=0.0%, >=64=0.0%
     issued rwts: total=0,18432,0,0 short=0,0,0,0 dropped=0,0,0,0
     latency   : target=0, window=0, percentile=100.00%, depth=1

Run status group 0 (all jobs):
  WRITE: bw=396MiB/s (416MB/s), 396MiB/s-396MiB/s (416MB/s-416MB/s), io=18.0GiB (19.3GB), run=46487-46487msec
