FUSE_CHECK fstype=fuse.efs-fuse mnt=/tmp/efs-mount
FUSE_OK
sw-1m: (g=0): rw=write, bs=(R) 1024KiB-1024KiB, (W) 1024KiB-1024KiB, (T) 1024KiB-1024KiB, ioengine=psync, iodepth=1
...
fio-3.35
Starting 9 processes
sw-1m: Laying out IO file (1 file / 2048MiB)
sw-1m: Laying out IO file (1 file / 2048MiB)
sw-1m: Laying out IO file (1 file / 2048MiB)
sw-1m: Laying out IO file (1 file / 2048MiB)
sw-1m: Laying out IO file (1 file / 2048MiB)
sw-1m: Laying out IO file (1 file / 2048MiB)
sw-1m: Laying out IO file (1 file / 2048MiB)
sw-1m: Laying out IO file (1 file / 2048MiB)
sw-1m: Laying out IO file (1 file / 2048MiB)

sw-1m: (groupid=0, jobs=9): err= 0: pid=1339979: Sun Aug 30 03:02:27 2026
  write: IOPS=372, BW=373MiB/s (391MB/s)(18.0GiB/49455msec); 0 zone resets
    clat (usec): min=311, max=1298.0k, avg=15797.12, stdev=27504.50
     lat (usec): min=340, max=1298.0k, avg=15827.34, stdev=27503.39
    clat percentiles (usec):
     |  1.00th=[    461],  5.00th=[    510], 10.00th=[    758],
     | 20.00th=[    865], 30.00th=[   1045], 40.00th=[   7177],
     | 50.00th=[  10159], 60.00th=[  14877], 70.00th=[  19792],
     | 80.00th=[  27132], 90.00th=[  37487], 95.00th=[  47973],
     | 99.00th=[  68682], 99.50th=[  78119], 99.90th=[ 204473],
     | 99.95th=[ 583009], 99.99th=[1283458]
   bw (  KiB/s): min=98304, max=8650752, per=100.00%, avg=588275.15, stdev=114216.10, samples=569
   iops        : min=   96, max= 8448, avg=574.47, stdev=111.54, samples=569
  lat (usec)   : 500=3.92%, 750=5.94%, 1000=19.57%
  lat (msec)   : 2=1.56%, 4=1.73%, 10=16.97%, 20=20.50%, 50=25.59%
  lat (msec)   : 100=4.07%, 250=0.05%, 500=0.04%, 750=0.04%, 1000=0.01%
  lat (msec)   : 2000=0.02%
  cpu          : usr=0.13%, sys=0.05%, ctx=18513, majf=0, minf=103
  IO depths    : 1=100.0%, 2=0.0%, 4=0.0%, 8=0.0%, 16=0.0%, 32=0.0%, >=64=0.0%
     submit    : 0=0.0%, 4=100.0%, 8=0.0%, 16=0.0%, 32=0.0%, 64=0.0%, >=64=0.0%
     complete  : 0=0.0%, 4=100.0%, 8=0.0%, 16=0.0%, 32=0.0%, 64=0.0%, >=64=0.0%
     issued rwts: total=0,18432,0,0 short=0,0,0,0 dropped=0,0,0,0
     latency   : target=0, window=0, percentile=100.00%, depth=1

Run status group 0 (all jobs):
  WRITE: bw=373MiB/s (391MB/s), 373MiB/s-373MiB/s (391MB/s-391MB/s), io=18.0GiB (19.3GB), run=49455-49455msec
