FUSE_CHECK fstype=fuse.efs-fuse mnt=/tmp/efs-mount
FUSE_OK
sw-1m: (g=0): rw=write, bs=(R) 1024KiB-1024KiB, (W) 1024KiB-1024KiB, (T) 1024KiB-1024KiB, ioengine=psync, iodepth=1
...
fio-3.35
Starting 9 processes
sw-1m: Laying out IO file (1 file / 2048MiB)
sw-1m: Laying out IO file (1 file / 2048MiB)
sw-1m: Laying out IO file (1 file / 2048MiB)
sw-1m: Laying out IO file (1 file / 2048MiB)
sw-1m: Laying out IO file (1 file / 2048MiB)
sw-1m: Laying out IO file (1 file / 2048MiB)
sw-1m: Laying out IO file (1 file / 2048MiB)
sw-1m: Laying out IO file (1 file / 2048MiB)
sw-1m: Laying out IO file (1 file / 2048MiB)

sw-1m: (groupid=0, jobs=9): err= 0: pid=1170945: Sun Aug 30 03:02:26 2026
  write: IOPS=382, BW=382MiB/s (401MB/s)(18.0GiB/48204msec); 0 zone resets
    clat (usec): min=316, max=1301.1k, avg=15791.67, stdev=27642.73
     lat (usec): min=346, max=1301.1k, avg=15821.61, stdev=27641.89
    clat percentiles (usec):
     |  1.00th=[    457],  5.00th=[    510], 10.00th=[    766],
     | 20.00th=[    865], 30.00th=[   1139], 40.00th=[   7177],
     | 50.00th=[  10159], 60.00th=[  15008], 70.00th=[  20055],
     | 80.00th=[  26870], 90.00th=[  38011], 95.00th=[  47449],
     | 99.00th=[  67634], 99.50th=[  78119], 99.90th=[ 204473],
     | 99.95th=[ 574620], 99.99th=[1300235]
   bw (  KiB/s): min=61440, max=8646656, per=100.00%, avg=587610.69, stdev=113987.52, samples=571
   iops        : min=   60, max= 8444, avg=573.83, stdev=111.32, samples=571
  lat (usec)   : 500=3.86%, 750=5.83%, 1000=19.67%
  lat (msec)   : 2=1.21%, 4=1.75%, 10=17.43%, 20=20.22%, 50=25.88%
  lat (msec)   : 100=3.98%, 250=0.07%, 500=0.04%, 750=0.03%, 1000=0.01%
  lat (msec)   : 2000=0.02%
  cpu          : usr=0.14%, sys=0.05%, ctx=18527, majf=0, minf=88
  IO depths    : 1=100.0%, 2=0.0%, 4=0.0%, 8=0.0%, 16=0.0%, 32=0.0%, >=64=0.0%
     submit    : 0=0.0%, 4=100.0%, 8=0.0%, 16=0.0%, 32=0.0%, 64=0.0%, >=64=0.0%
     complete  : 0=0.0%, 4=100.0%, 8=0.0%, 16=0.0%, 32=0.0%, 64=0.0%, >=64=0.0%
     issued rwts: total=0,18432,0,0 short=0,0,0,0 dropped=0,0,0,0
     latency   : target=0, window=0, percentile=100.00%, depth=1

Run status group 0 (all jobs):
  WRITE: bw=382MiB/s (401MB/s), 382MiB/s-382MiB/s (401MB/s-401MB/s), io=18.0GiB (19.3GB), run=48204-48204msec
