FUSE_CHECK fstype=fuse.efs-fuse mnt=/tmp/efs-mount
FUSE_OK
sw-1m: (g=0): rw=write, bs=(R) 1024KiB-1024KiB, (W) 1024KiB-1024KiB, (T) 1024KiB-1024KiB, ioengine=psync, iodepth=1
...
fio-3.35
Starting 9 processes
sw-1m: Laying out IO file (1 file / 2048MiB)
sw-1m: Laying out IO file (1 file / 2048MiB)
sw-1m: Laying out IO file (1 file / 2048MiB)
sw-1m: Laying out IO file (1 file / 2048MiB)
sw-1m: Laying out IO file (1 file / 2048MiB)
sw-1m: Laying out IO file (1 file / 2048MiB)
sw-1m: Laying out IO file (1 file / 2048MiB)
sw-1m: Laying out IO file (1 file / 2048MiB)
sw-1m: Laying out IO file (1 file / 2048MiB)

sw-1m: (groupid=0, jobs=9): err= 0: pid=3733498: Sun Aug 30 03:03:23 2026
  write: IOPS=351, BW=352MiB/s (369MB/s)(18.0GiB/52425msec); 0 zone resets
    clat (usec): min=319, max=1331.8k, avg=16370.71, stdev=29741.08
     lat (usec): min=348, max=1331.8k, avg=16401.14, stdev=29739.71
    clat percentiles (usec):
     |  1.00th=[   429],  5.00th=[   486], 10.00th=[   586], 20.00th=[   783],
     | 30.00th=[  1188], 40.00th=[  7439], 50.00th=[ 10552], 60.00th=[ 15401],
     | 70.00th=[ 20317], 80.00th=[ 27132], 90.00th=[ 38536], 95.00th=[ 48497],
     | 99.00th=[ 70779], 99.50th=[ 81265], 99.90th=[509608], 99.95th=[616563],
     | 99.99th=[918553]
   bw (  KiB/s): min=34816, max=8704000, per=100.00%, avg=561067.40, stdev=112779.87, samples=598
   iops        : min=   34, max= 8500, avg=547.92, stdev=110.14, samples=598
  lat (usec)   : 500=6.40%, 750=11.92%, 1000=9.59%
  lat (msec)   : 2=3.28%, 4=1.61%, 10=16.13%, 20=20.52%, 50=26.01%
  lat (msec)   : 100=4.25%, 250=0.09%, 500=0.09%, 750=0.07%, 1000=0.03%
  lat (msec)   : 2000=0.01%
  cpu          : usr=0.12%, sys=0.06%, ctx=18547, majf=0, minf=102
  IO depths    : 1=100.0%, 2=0.0%, 4=0.0%, 8=0.0%, 16=0.0%, 32=0.0%, >=64=0.0%
     submit    : 0=0.0%, 4=100.0%, 8=0.0%, 16=0.0%, 32=0.0%, 64=0.0%, >=64=0.0%
     complete  : 0=0.0%, 4=100.0%, 8=0.0%, 16=0.0%, 32=0.0%, 64=0.0%, >=64=0.0%
     issued rwts: total=0,18432,0,0 short=0,0,0,0 dropped=0,0,0,0
     latency   : target=0, window=0, percentile=100.00%, depth=1

Run status group 0 (all jobs):
  WRITE: bw=352MiB/s (369MB/s), 352MiB/s-352MiB/s (369MB/s-369MB/s), io=18.0GiB (19.3GB), run=52425-52425msec
