FUSE_CHECK fstype=fuse.efs-fuse mnt=/tmp/efs-mount
FUSE_OK
sw-1m: (g=0): rw=write, bs=(R) 1024KiB-1024KiB, (W) 1024KiB-1024KiB, (T) 1024KiB-1024KiB, ioengine=psync, iodepth=1
...
fio-3.35
Starting 9 processes
sw-1m: Laying out IO file (1 file / 2048MiB)
sw-1m: Laying out IO file (1 file / 2048MiB)
sw-1m: Laying out IO file (1 file / 2048MiB)
sw-1m: Laying out IO file (1 file / 2048MiB)
sw-1m: Laying out IO file (1 file / 2048MiB)
sw-1m: Laying out IO file (1 file / 2048MiB)
sw-1m: Laying out IO file (1 file / 2048MiB)
sw-1m: Laying out IO file (1 file / 2048MiB)
sw-1m: Laying out IO file (1 file / 2048MiB)

sw-1m: (groupid=0, jobs=9): err= 0: pid=1340143: Sun Aug 30 03:03:22 2026
  write: IOPS=359, BW=360MiB/s (377MB/s)(18.0GiB/51210msec); 0 zone resets
    clat (usec): min=337, max=930268, avg=16348.18, stdev=29320.65
     lat (usec): min=362, max=930294, avg=16379.83, stdev=29318.73
    clat percentiles (usec):
     |  1.00th=[   445],  5.00th=[   506], 10.00th=[   594], 20.00th=[   758],
     | 30.00th=[  1467], 40.00th=[  7635], 50.00th=[ 10421], 60.00th=[ 15139],
     | 70.00th=[ 20055], 80.00th=[ 26870], 90.00th=[ 38536], 95.00th=[ 48497],
     | 99.00th=[ 69731], 99.50th=[ 82314], 99.90th=[425722], 99.95th=[599786],
     | 99.99th=[910164]
   bw (  KiB/s): min=24576, max=8722432, per=100.00%, avg=561161.80, stdev=113229.07, samples=596
   iops        : min=   24, max= 8518, avg=547.99, stdev=110.58, samples=596
  lat (usec)   : 500=4.54%, 750=15.10%, 1000=8.64%
  lat (msec)   : 2=2.09%, 4=1.60%, 10=17.10%, 20=21.04%, 50=25.34%
  lat (msec)   : 100=4.26%, 250=0.10%, 500=0.11%, 750=0.04%, 1000=0.05%
  cpu          : usr=0.13%, sys=0.05%, ctx=18554, majf=0, minf=101
  IO depths    : 1=100.0%, 2=0.0%, 4=0.0%, 8=0.0%, 16=0.0%, 32=0.0%, >=64=0.0%
     submit    : 0=0.0%, 4=100.0%, 8=0.0%, 16=0.0%, 32=0.0%, 64=0.0%, >=64=0.0%
     complete  : 0=0.0%, 4=100.0%, 8=0.0%, 16=0.0%, 32=0.0%, 64=0.0%, >=64=0.0%
     issued rwts: total=0,18432,0,0 short=0,0,0,0 dropped=0,0,0,0
     latency   : target=0, window=0, percentile=100.00%, depth=1

Run status group 0 (all jobs):
  WRITE: bw=360MiB/s (377MB/s), 360MiB/s-360MiB/s (377MB/s-377MB/s), io=18.0GiB (19.3GB), run=51210-51210msec
