FUSE_CHECK fstype=fuse.efs-fuse mnt=/tmp/efs-mount
FUSE_OK
sw-1m: (g=0): rw=write, bs=(R) 1024KiB-1024KiB, (W) 1024KiB-1024KiB, (T) 1024KiB-1024KiB, ioengine=psync, iodepth=1
...
fio-3.35
Starting 9 processes
sw-1m: Laying out IO file (1 file / 2048MiB)
sw-1m: Laying out IO file (1 file / 2048MiB)
sw-1m: Laying out IO file (1 file / 2048MiB)
sw-1m: Laying out IO file (1 file / 2048MiB)
sw-1m: Laying out IO file (1 file / 2048MiB)
sw-1m: Laying out IO file (1 file / 2048MiB)
sw-1m: Laying out IO file (1 file / 2048MiB)
sw-1m: Laying out IO file (1 file / 2048MiB)
sw-1m: Laying out IO file (1 file / 2048MiB)

sw-1m: (groupid=0, jobs=9): err= 0: pid=1229801: Sun Aug 30 03:03:22 2026
  write: IOPS=360, BW=360MiB/s (378MB/s)(18.0GiB/51179msec); 0 zone resets
    clat (usec): min=314, max=1231.9k, avg=16244.18, stdev=29144.08
     lat (usec): min=329, max=1231.9k, avg=16274.43, stdev=29142.87
    clat percentiles (usec):
     |  1.00th=[   441],  5.00th=[   502], 10.00th=[   644], 20.00th=[   848],
     | 30.00th=[  1188], 40.00th=[  7242], 50.00th=[ 10159], 60.00th=[ 15139],
     | 70.00th=[ 20055], 80.00th=[ 26870], 90.00th=[ 38011], 95.00th=[ 48497],
     | 99.00th=[ 72877], 99.50th=[ 83362], 99.90th=[421528], 99.95th=[599786],
     | 99.99th=[910164]
   bw (  KiB/s): min=43008, max=8707865, per=100.00%, avg=565320.08, stdev=113279.95, samples=593
   iops        : min=   42, max= 8502, avg=552.03, stdev=110.60, samples=593
  lat (usec)   : 500=4.89%, 750=9.57%, 1000=12.73%
  lat (msec)   : 2=3.71%, 4=1.96%, 10=16.80%, 20=20.19%, 50=25.71%
  lat (msec)   : 100=4.12%, 250=0.10%, 500=0.11%, 750=0.05%, 1000=0.03%
  lat (msec)   : 2000=0.01%
  cpu          : usr=0.13%, sys=0.05%, ctx=18531, majf=0, minf=105
  IO depths    : 1=100.0%, 2=0.0%, 4=0.0%, 8=0.0%, 16=0.0%, 32=0.0%, >=64=0.0%
     submit    : 0=0.0%, 4=100.0%, 8=0.0%, 16=0.0%, 32=0.0%, 64=0.0%, >=64=0.0%
     complete  : 0=0.0%, 4=100.0%, 8=0.0%, 16=0.0%, 32=0.0%, 64=0.0%, >=64=0.0%
     issued rwts: total=0,18432,0,0 short=0,0,0,0 dropped=0,0,0,0
     latency   : target=0, window=0, percentile=100.00%, depth=1

Run status group 0 (all jobs):
  WRITE: bw=360MiB/s (378MB/s), 360MiB/s-360MiB/s (378MB/s-378MB/s), io=18.0GiB (19.3GB), run=51179-51179msec
