FUSE_CHECK fstype=fuse.efs-fuse mnt=/tmp/efs-mount
FUSE_OK
sw-1m: (g=0): rw=write, bs=(R) 1024KiB-1024KiB, (W) 1024KiB-1024KiB, (T) 1024KiB-1024KiB, ioengine=psync, iodepth=1
...
fio-3.35
Starting 9 processes
sw-1m: Laying out IO file (1 file / 2048MiB)
sw-1m: Laying out IO file (1 file / 2048MiB)
sw-1m: Laying out IO file (1 file / 2048MiB)
sw-1m: Laying out IO file (1 file / 2048MiB)
sw-1m: Laying out IO file (1 file / 2048MiB)
sw-1m: Laying out IO file (1 file / 2048MiB)
sw-1m: Laying out IO file (1 file / 2048MiB)
sw-1m: Laying out IO file (1 file / 2048MiB)
sw-1m: Laying out IO file (1 file / 2048MiB)

sw-1m: (groupid=0, jobs=9): err= 0: pid=1214559: Sun Aug 30 03:03:20 2026
  write: IOPS=370, BW=370MiB/s (388MB/s)(18.0GiB/49792msec); 0 zone resets
    clat (usec): min=325, max=1002.3k, avg=16312.83, stdev=28818.43
     lat (usec): min=352, max=1002.3k, avg=16343.90, stdev=28816.71
    clat percentiles (usec):
     |  1.00th=[   449],  5.00th=[   506], 10.00th=[   603], 20.00th=[   758],
     | 30.00th=[  1156], 40.00th=[  7308], 50.00th=[ 10159], 60.00th=[ 15401],
     | 70.00th=[ 20579], 80.00th=[ 27132], 90.00th=[ 38011], 95.00th=[ 47973],
     | 99.00th=[ 70779], 99.50th=[ 82314], 99.90th=[413139], 99.95th=[599786],
     | 99.99th=[893387]
   bw (  KiB/s): min=20480, max=8687385, per=100.00%, avg=566446.42, stdev=112825.45, samples=594
   iops        : min=   20, max= 8482, avg=553.14, stdev=110.16, samples=594
  lat (usec)   : 500=4.62%, 750=14.96%, 1000=9.15%
  lat (msec)   : 2=2.00%, 4=1.86%, 10=17.02%, 20=19.54%, 50=26.47%
  lat (msec)   : 100=4.07%, 250=0.10%, 500=0.12%, 750=0.04%, 1000=0.04%
  lat (msec)   : 2000=0.01%
  cpu          : usr=0.13%, sys=0.06%, ctx=18541, majf=0, minf=93
  IO depths    : 1=100.0%, 2=0.0%, 4=0.0%, 8=0.0%, 16=0.0%, 32=0.0%, >=64=0.0%
     submit    : 0=0.0%, 4=100.0%, 8=0.0%, 16=0.0%, 32=0.0%, 64=0.0%, >=64=0.0%
     complete  : 0=0.0%, 4=100.0%, 8=0.0%, 16=0.0%, 32=0.0%, 64=0.0%, >=64=0.0%
     issued rwts: total=0,18432,0,0 short=0,0,0,0 dropped=0,0,0,0
     latency   : target=0, window=0, percentile=100.00%, depth=1

Run status group 0 (all jobs):
  WRITE: bw=370MiB/s (388MB/s), 370MiB/s-370MiB/s (388MB/s-388MB/s), io=18.0GiB (19.3GB), run=49792-49792msec
