FUSE_CHECK fstype=fuse.efs-fuse mnt=/tmp/efs-mount
FUSE_OK
sw-1m: (g=0): rw=write, bs=(R) 1024KiB-1024KiB, (W) 1024KiB-1024KiB, (T) 1024KiB-1024KiB, ioengine=psync, iodepth=1
...
fio-3.35
Starting 9 processes
sw-1m: Laying out IO file (1 file / 2048MiB)
sw-1m: Laying out IO file (1 file / 2048MiB)
sw-1m: Laying out IO file (1 file / 2048MiB)
sw-1m: Laying out IO file (1 file / 2048MiB)
sw-1m: Laying out IO file (1 file / 2048MiB)
sw-1m: Laying out IO file (1 file / 2048MiB)
sw-1m: Laying out IO file (1 file / 2048MiB)
sw-1m: Laying out IO file (1 file / 2048MiB)
sw-1m: Laying out IO file (1 file / 2048MiB)

sw-1m: (groupid=0, jobs=9): err= 0: pid=951848: Sun Aug 30 03:03:23 2026
  write: IOPS=352, BW=352MiB/s (369MB/s)(18.0GiB/52334msec); 0 zone resets
    clat (usec): min=310, max=1231.3k, avg=16314.73, stdev=30154.54
     lat (usec): min=335, max=1231.3k, avg=16346.59, stdev=30152.73
    clat percentiles (usec):
     |  1.00th=[    437],  5.00th=[    506], 10.00th=[    594],
     | 20.00th=[    701], 30.00th=[   1598], 40.00th=[   7635],
     | 50.00th=[  10683], 60.00th=[  15401], 70.00th=[  20317],
     | 80.00th=[  26870], 90.00th=[  37487], 95.00th=[  47973],
     | 99.00th=[  68682], 99.50th=[  83362], 99.90th=[ 396362],
     | 99.95th=[ 792724], 99.99th=[1019216]
   bw (  KiB/s): min=40960, max=8763198, per=100.00%, avg=564020.98, stdev=113640.55, samples=597
   iops        : min=   40, max= 8556, avg=550.77, stdev=110.95, samples=597
  lat (usec)   : 500=4.36%, 750=18.74%, 1000=5.82%
  lat (msec)   : 2=1.34%, 4=1.80%, 10=16.68%, 20=20.94%, 50=26.01%
  lat (msec)   : 100=4.04%, 250=0.09%, 500=0.10%, 750=0.03%, 1000=0.04%
  lat (msec)   : 2000=0.01%
  cpu          : usr=0.13%, sys=0.05%, ctx=18599, majf=0, minf=85
  IO depths    : 1=100.0%, 2=0.0%, 4=0.0%, 8=0.0%, 16=0.0%, 32=0.0%, >=64=0.0%
     submit    : 0=0.0%, 4=100.0%, 8=0.0%, 16=0.0%, 32=0.0%, 64=0.0%, >=64=0.0%
     complete  : 0=0.0%, 4=100.0%, 8=0.0%, 16=0.0%, 32=0.0%, 64=0.0%, >=64=0.0%
     issued rwts: total=0,18432,0,0 short=0,0,0,0 dropped=0,0,0,0
     latency   : target=0, window=0, percentile=100.00%, depth=1

Run status group 0 (all jobs):
  WRITE: bw=352MiB/s (369MB/s), 352MiB/s-352MiB/s (369MB/s-369MB/s), io=18.0GiB (19.3GB), run=52334-52334msec
