FUSE_CHECK fstype=fuse.efs-fuse mnt=/tmp/efs-mount
FUSE_OK
sw-1m: (g=0): rw=write, bs=(R) 1024KiB-1024KiB, (W) 1024KiB-1024KiB, (T) 1024KiB-1024KiB, ioengine=psync, iodepth=1
...
fio-3.35
Starting 9 processes
sw-1m: Laying out IO file (1 file / 2048MiB)
sw-1m: Laying out IO file (1 file / 2048MiB)
sw-1m: Laying out IO file (1 file / 2048MiB)
sw-1m: Laying out IO file (1 file / 2048MiB)
sw-1m: Laying out IO file (1 file / 2048MiB)
sw-1m: Laying out IO file (1 file / 2048MiB)
sw-1m: Laying out IO file (1 file / 2048MiB)
sw-1m: Laying out IO file (1 file / 2048MiB)
sw-1m: Laying out IO file (1 file / 2048MiB)

sw-1m: (groupid=0, jobs=9): err= 0: pid=1171110: Sun Aug 30 03:03:22 2026
  write: IOPS=359, BW=360MiB/s (377MB/s)(18.0GiB/51214msec); 0 zone resets
    clat (usec): min=280, max=1312.9k, avg=16223.00, stdev=29820.36
     lat (usec): min=304, max=1312.9k, avg=16253.05, stdev=29819.42
    clat percentiles (usec):
     |  1.00th=[    449],  5.00th=[    502], 10.00th=[    652],
     | 20.00th=[    857], 30.00th=[   1418], 40.00th=[   7308],
     | 50.00th=[  10159], 60.00th=[  15139], 70.00th=[  19792],
     | 80.00th=[  27132], 90.00th=[  38011], 95.00th=[  47449],
     | 99.00th=[  70779], 99.50th=[  81265], 99.90th=[ 408945],
     | 99.95th=[ 616563], 99.99th=[1283458]
   bw (  KiB/s): min=36864, max=8689116, per=100.00%, avg=567139.75, stdev=112975.65, samples=593
   iops        : min=   36, max= 8482, avg=553.79, stdev=110.28, samples=593
  lat (usec)   : 500=4.96%, 750=9.32%, 1000=12.04%
  lat (msec)   : 2=4.36%, 4=1.87%, 10=17.21%, 20=20.38%, 50=25.66%
  lat (msec)   : 100=3.92%, 250=0.07%, 500=0.12%, 750=0.04%, 1000=0.03%
  lat (msec)   : 2000=0.01%
  cpu          : usr=0.13%, sys=0.05%, ctx=18550, majf=0, minf=94
  IO depths    : 1=100.0%, 2=0.0%, 4=0.0%, 8=0.0%, 16=0.0%, 32=0.0%, >=64=0.0%
     submit    : 0=0.0%, 4=100.0%, 8=0.0%, 16=0.0%, 32=0.0%, 64=0.0%, >=64=0.0%
     complete  : 0=0.0%, 4=100.0%, 8=0.0%, 16=0.0%, 32=0.0%, 64=0.0%, >=64=0.0%
     issued rwts: total=0,18432,0,0 short=0,0,0,0 dropped=0,0,0,0
     latency   : target=0, window=0, percentile=100.00%, depth=1

Run status group 0 (all jobs):
  WRITE: bw=360MiB/s (377MB/s), 360MiB/s-360MiB/s (377MB/s-377MB/s), io=18.0GiB (19.3GB), run=51214-51214msec
