FUSE_CHECK fstype=fuse.efs-fuse mnt=/tmp/efs-mount
FUSE_OK
sw-1m: (g=0): rw=write, bs=(R) 1024KiB-1024KiB, (W) 1024KiB-1024KiB, (T) 1024KiB-1024KiB, ioengine=psync, iodepth=1
...
fio-3.35
Starting 9 processes
sw-1m: Laying out IO file (1 file / 2048MiB)
sw-1m: Laying out IO file (1 file / 2048MiB)
sw-1m: Laying out IO file (1 file / 2048MiB)
sw-1m: Laying out IO file (1 file / 2048MiB)
sw-1m: Laying out IO file (1 file / 2048MiB)
sw-1m: Laying out IO file (1 file / 2048MiB)
sw-1m: Laying out IO file (1 file / 2048MiB)
sw-1m: Laying out IO file (1 file / 2048MiB)
sw-1m: Laying out IO file (1 file / 2048MiB)

sw-1m: (groupid=0, jobs=9): err= 0: pid=1094529: Sun Aug 30 03:03:22 2026
  write: IOPS=359, BW=360MiB/s (377MB/s)(18.0GiB/51210msec); 0 zone resets
    clat (usec): min=330, max=890266, avg=16281.02, stdev=28920.59
     lat (usec): min=356, max=890292, avg=16311.33, stdev=28919.50
    clat percentiles (usec):
     |  1.00th=[   441],  5.00th=[   502], 10.00th=[   586], 20.00th=[   766],
     | 30.00th=[  1188], 40.00th=[  7242], 50.00th=[ 10290], 60.00th=[ 15270],
     | 70.00th=[ 20317], 80.00th=[ 27395], 90.00th=[ 38536], 95.00th=[ 47973],
     | 99.00th=[ 69731], 99.50th=[ 81265], 99.90th=[497026], 99.95th=[641729],
     | 99.99th=[884999]
   bw (  KiB/s): min=26624, max=8695808, per=100.00%, avg=563584.92, stdev=112865.19, samples=596
   iops        : min=   26, max= 8492, avg=550.35, stdev=110.22, samples=596
  lat (usec)   : 500=4.90%, 750=14.31%, 1000=8.96%
  lat (msec)   : 2=3.00%, 4=1.82%, 10=16.50%, 20=19.97%, 50=26.27%
  lat (msec)   : 100=4.01%, 250=0.07%, 500=0.10%, 750=0.07%, 1000=0.03%
  cpu          : usr=0.12%, sys=0.05%, ctx=18556, majf=0, minf=95
  IO depths    : 1=100.0%, 2=0.0%, 4=0.0%, 8=0.0%, 16=0.0%, 32=0.0%, >=64=0.0%
     submit    : 0=0.0%, 4=100.0%, 8=0.0%, 16=0.0%, 32=0.0%, 64=0.0%, >=64=0.0%
     complete  : 0=0.0%, 4=100.0%, 8=0.0%, 16=0.0%, 32=0.0%, 64=0.0%, >=64=0.0%
     issued rwts: total=0,18432,0,0 short=0,0,0,0 dropped=0,0,0,0
     latency   : target=0, window=0, percentile=100.00%, depth=1

Run status group 0 (all jobs):
  WRITE: bw=360MiB/s (377MB/s), 360MiB/s-360MiB/s (377MB/s-377MB/s), io=18.0GiB (19.3GB), run=51210-51210msec
