FUSE_CHECK fstype=fuse.efs-fuse mnt=/tmp/efs-mount
FUSE_OK
sw-1m: (g=0): rw=write, bs=(R) 1024KiB-1024KiB, (W) 1024KiB-1024KiB, (T) 1024KiB-1024KiB, ioengine=psync, iodepth=1
...
fio-3.35
Starting 9 processes
sw-1m: Laying out IO file (1 file / 2048MiB)
sw-1m: Laying out IO file (1 file / 2048MiB)
sw-1m: Laying out IO file (1 file / 2048MiB)
sw-1m: Laying out IO file (1 file / 2048MiB)
sw-1m: Laying out IO file (1 file / 2048MiB)
sw-1m: Laying out IO file (1 file / 2048MiB)
sw-1m: Laying out IO file (1 file / 2048MiB)
sw-1m: Laying out IO file (1 file / 2048MiB)
sw-1m: Laying out IO file (1 file / 2048MiB)

sw-1m: (groupid=0, jobs=9): err= 0: pid=1602079: Sun Aug 30 03:03:22 2026
  write: IOPS=360, BW=360MiB/s (378MB/s)(18.0GiB/51163msec); 0 zone resets
    clat (usec): min=334, max=1004.2k, avg=16217.06, stdev=29359.25
     lat (usec): min=359, max=1004.2k, avg=16248.38, stdev=29357.65
    clat percentiles (usec):
     |  1.00th=[   441],  5.00th=[   502], 10.00th=[   611], 20.00th=[   807],
     | 30.00th=[  1074], 40.00th=[  6980], 50.00th=[  9896], 60.00th=[ 15270],
     | 70.00th=[ 20317], 80.00th=[ 27132], 90.00th=[ 38011], 95.00th=[ 48497],
     | 99.00th=[ 73925], 99.50th=[ 85459], 99.90th=[400557], 99.95th=[633340],
     | 99.99th=[901776]
   bw (  KiB/s): min=28672, max=8687616, per=100.00%, avg=565762.28, stdev=112927.93, samples=594
   iops        : min=   28, max= 8484, avg=552.50, stdev=110.28, samples=594
  lat (usec)   : 500=4.42%, 750=12.21%, 1000=11.89%
  lat (msec)   : 2=3.19%, 4=1.89%, 10=16.61%, 20=19.34%, 50=26.03%
  lat (msec)   : 100=4.11%, 250=0.11%, 500=0.10%, 750=0.05%, 1000=0.04%
  lat (msec)   : 2000=0.01%
  cpu          : usr=0.13%, sys=0.05%, ctx=18554, majf=0, minf=109
  IO depths    : 1=100.0%, 2=0.0%, 4=0.0%, 8=0.0%, 16=0.0%, 32=0.0%, >=64=0.0%
     submit    : 0=0.0%, 4=100.0%, 8=0.0%, 16=0.0%, 32=0.0%, 64=0.0%, >=64=0.0%
     complete  : 0=0.0%, 4=100.0%, 8=0.0%, 16=0.0%, 32=0.0%, 64=0.0%, >=64=0.0%
     issued rwts: total=0,18432,0,0 short=0,0,0,0 dropped=0,0,0,0
     latency   : target=0, window=0, percentile=100.00%, depth=1

Run status group 0 (all jobs):
  WRITE: bw=360MiB/s (378MB/s), 360MiB/s-360MiB/s (378MB/s-378MB/s), io=18.0GiB (19.3GB), run=51163-51163msec
