FUSE_CHECK fstype=fuse.efs-fuse mnt=/tmp/efs-mount
FUSE_OK
sw-1m: (g=0): rw=write, bs=(R) 1024KiB-1024KiB, (W) 1024KiB-1024KiB, (T) 1024KiB-1024KiB, ioengine=psync, iodepth=1
...
fio-3.35
Starting 9 processes
sw-1m: Laying out IO file (1 file / 2048MiB)
sw-1m: Laying out IO file (1 file / 2048MiB)
sw-1m: Laying out IO file (1 file / 2048MiB)
sw-1m: Laying out IO file (1 file / 2048MiB)
sw-1m: Laying out IO file (1 file / 2048MiB)
sw-1m: Laying out IO file (1 file / 2048MiB)
sw-1m: Laying out IO file (1 file / 2048MiB)
sw-1m: Laying out IO file (1 file / 2048MiB)
sw-1m: Laying out IO file (1 file / 2048MiB)

sw-1m: (groupid=0, jobs=9): err= 0: pid=1358926: Sun Aug 30 03:03:22 2026
  write: IOPS=360, BW=360MiB/s (378MB/s)(18.0GiB/51134msec); 0 zone resets
    clat (usec): min=308, max=1287.2k, avg=16270.07, stdev=30686.47
     lat (usec): min=334, max=1287.2k, avg=16300.95, stdev=30685.10
    clat percentiles (usec):
     |  1.00th=[    449],  5.00th=[    506], 10.00th=[    627],
     | 20.00th=[    824], 30.00th=[   1172], 40.00th=[   7177],
     | 50.00th=[  10028], 60.00th=[  15270], 70.00th=[  20055],
     | 80.00th=[  27132], 90.00th=[  38536], 95.00th=[  48497],
     | 99.00th=[  70779], 99.50th=[  80217], 99.90th=[ 358613],
     | 99.95th=[ 801113], 99.99th=[1010828]
   bw (  KiB/s): min=22528, max=8632320, per=100.00%, avg=570077.66, stdev=112491.00, samples=589
   iops        : min=   22, max= 8430, avg=556.72, stdev=109.85, samples=589
  lat (usec)   : 500=4.24%, 750=11.51%, 1000=11.72%
  lat (msec)   : 2=3.77%, 4=1.86%, 10=16.79%, 20=19.80%, 50=25.81%
  lat (msec)   : 100=4.26%, 250=0.08%, 500=0.09%, 750=0.02%, 1000=0.05%
  lat (msec)   : 2000=0.01%
  cpu          : usr=0.13%, sys=0.05%, ctx=18540, majf=0, minf=85
  IO depths    : 1=100.0%, 2=0.0%, 4=0.0%, 8=0.0%, 16=0.0%, 32=0.0%, >=64=0.0%
     submit    : 0=0.0%, 4=100.0%, 8=0.0%, 16=0.0%, 32=0.0%, 64=0.0%, >=64=0.0%
     complete  : 0=0.0%, 4=100.0%, 8=0.0%, 16=0.0%, 32=0.0%, 64=0.0%, >=64=0.0%
     issued rwts: total=0,18432,0,0 short=0,0,0,0 dropped=0,0,0,0
     latency   : target=0, window=0, percentile=100.00%, depth=1

Run status group 0 (all jobs):
  WRITE: bw=360MiB/s (378MB/s), 360MiB/s-360MiB/s (378MB/s-378MB/s), io=18.0GiB (19.3GB), run=51134-51134msec
