FUSE_CHECK fstype=fuse.efs-fuse mnt=/tmp/efs-mount
FUSE_OK
sw-1m: (g=0): rw=write, bs=(R) 1024KiB-1024KiB, (W) 1024KiB-1024KiB, (T) 1024KiB-1024KiB, ioengine=psync, iodepth=1
...
fio-3.35
Starting 9 processes
sw-1m: Laying out IO file (1 file / 2048MiB)
sw-1m: Laying out IO file (1 file / 2048MiB)
sw-1m: Laying out IO file (1 file / 2048MiB)
sw-1m: Laying out IO file (1 file / 2048MiB)
sw-1m: Laying out IO file (1 file / 2048MiB)
sw-1m: Laying out IO file (1 file / 2048MiB)
sw-1m: Laying out IO file (1 file / 2048MiB)
sw-1m: Laying out IO file (1 file / 2048MiB)
sw-1m: Laying out IO file (1 file / 2048MiB)

sw-1m: (groupid=0, jobs=9): err= 0: pid=1359049: Sun Aug 30 03:04:18 2026
  write: IOPS=356, BW=356MiB/s (374MB/s)(18.0GiB/51746msec); 0 zone resets
    clat (usec): min=309, max=1162.5k, avg=16608.38, stdev=29975.29
     lat (usec): min=337, max=1162.5k, avg=16639.74, stdev=29973.44
    clat percentiles (usec):
     |  1.00th=[    420],  5.00th=[    494], 10.00th=[    553],
     | 20.00th=[    701], 30.00th=[   1020], 40.00th=[   7308],
     | 50.00th=[  10290], 60.00th=[  15533], 70.00th=[  20579],
     | 80.00th=[  27657], 90.00th=[  39060], 95.00th=[  49546],
     | 99.00th=[  74974], 99.50th=[  86508], 99.90th=[ 434111],
     | 99.95th=[ 658506], 99.99th=[1149240]
   bw (  KiB/s): min=34816, max=8797890, per=100.00%, avg=558819.31, stdev=113484.29, samples=602
   iops        : min=   34, max= 8589, avg=545.68, stdev=110.79, samples=602
  lat (usec)   : 500=5.65%, 750=18.13%, 1000=6.11%
  lat (msec)   : 2=0.99%, 4=1.59%, 10=16.91%, 20=19.48%, 50=26.36%
  lat (msec)   : 100=4.45%, 250=0.19%, 500=0.09%, 750=0.02%, 1000=0.03%
  lat (msec)   : 2000=0.01%
  cpu          : usr=0.13%, sys=0.05%, ctx=18573, majf=0, minf=103
  IO depths    : 1=100.0%, 2=0.0%, 4=0.0%, 8=0.0%, 16=0.0%, 32=0.0%, >=64=0.0%
     submit    : 0=0.0%, 4=100.0%, 8=0.0%, 16=0.0%, 32=0.0%, 64=0.0%, >=64=0.0%
     complete  : 0=0.0%, 4=100.0%, 8=0.0%, 16=0.0%, 32=0.0%, 64=0.0%, >=64=0.0%
     issued rwts: total=0,18432,0,0 short=0,0,0,0 dropped=0,0,0,0
     latency   : target=0, window=0, percentile=100.00%, depth=1

Run status group 0 (all jobs):
  WRITE: bw=356MiB/s (374MB/s), 356MiB/s-356MiB/s (374MB/s-374MB/s), io=18.0GiB (19.3GB), run=51746-51746msec
