FUSE_CHECK fstype=fuse.efs-fuse mnt=/tmp/efs-mount
FUSE_OK
sw-1m: (g=0): rw=write, bs=(R) 1024KiB-1024KiB, (W) 1024KiB-1024KiB, (T) 1024KiB-1024KiB, ioengine=psync, iodepth=1
...
fio-3.35
Starting 9 processes
sw-1m: Laying out IO file (1 file / 2048MiB)
sw-1m: Laying out IO file (1 file / 2048MiB)
sw-1m: Laying out IO file (1 file / 2048MiB)
sw-1m: Laying out IO file (1 file / 2048MiB)
sw-1m: Laying out IO file (1 file / 2048MiB)
sw-1m: Laying out IO file (1 file / 2048MiB)
sw-1m: Laying out IO file (1 file / 2048MiB)
sw-1m: Laying out IO file (1 file / 2048MiB)
sw-1m: Laying out IO file (1 file / 2048MiB)

sw-1m: (groupid=0, jobs=9): err= 0: pid=1602203: Sun Aug 30 03:04:18 2026
  write: IOPS=356, BW=356MiB/s (373MB/s)(18.0GiB/51754msec); 0 zone resets
    clat (usec): min=315, max=1195.7k, avg=16611.51, stdev=31419.56
     lat (usec): min=348, max=1195.7k, avg=16642.31, stdev=31418.12
    clat percentiles (usec):
     |  1.00th=[    412],  5.00th=[    494], 10.00th=[    537],
     | 20.00th=[    685], 30.00th=[   1037], 40.00th=[   7111],
     | 50.00th=[  10159], 60.00th=[  15401], 70.00th=[  20841],
     | 80.00th=[  28181], 90.00th=[  39584], 95.00th=[  50070],
     | 99.00th=[  73925], 99.50th=[  86508], 99.90th=[ 438305],
     | 99.95th=[ 666895], 99.99th=[1166017]
   bw (  KiB/s): min=47104, max=8720384, per=100.00%, avg=560643.20, stdev=112814.22, samples=598
   iops        : min=   46, max= 8516, avg=547.44, stdev=110.17, samples=598
  lat (usec)   : 500=5.74%, 750=17.46%, 1000=6.36%
  lat (msec)   : 2=2.14%, 4=1.58%, 10=16.46%, 20=19.22%, 50=26.08%
  lat (msec)   : 100=4.63%, 250=0.20%, 500=0.04%, 750=0.04%, 1000=0.02%
  lat (msec)   : 2000=0.02%
  cpu          : usr=0.13%, sys=0.05%, ctx=18552, majf=0, minf=101
  IO depths    : 1=100.0%, 2=0.0%, 4=0.0%, 8=0.0%, 16=0.0%, 32=0.0%, >=64=0.0%
     submit    : 0=0.0%, 4=100.0%, 8=0.0%, 16=0.0%, 32=0.0%, 64=0.0%, >=64=0.0%
     complete  : 0=0.0%, 4=100.0%, 8=0.0%, 16=0.0%, 32=0.0%, 64=0.0%, >=64=0.0%
     issued rwts: total=0,18432,0,0 short=0,0,0,0 dropped=0,0,0,0
     latency   : target=0, window=0, percentile=100.00%, depth=1

Run status group 0 (all jobs):
  WRITE: bw=356MiB/s (373MB/s), 356MiB/s-356MiB/s (373MB/s-373MB/s), io=18.0GiB (19.3GB), run=51754-51754msec
