FUSE_CHECK fstype=fuse.efs-fuse mnt=/tmp/efs-mount
FUSE_OK
sw-1m: (g=0): rw=write, bs=(R) 1024KiB-1024KiB, (W) 1024KiB-1024KiB, (T) 1024KiB-1024KiB, ioengine=psync, iodepth=1
...
fio-3.35
Starting 9 processes
sw-1m: Laying out IO file (1 file / 2048MiB)
sw-1m: Laying out IO file (1 file / 2048MiB)
sw-1m: Laying out IO file (1 file / 2048MiB)
sw-1m: Laying out IO file (1 file / 2048MiB)
sw-1m: Laying out IO file (1 file / 2048MiB)
sw-1m: Laying out IO file (1 file / 2048MiB)
sw-1m: Laying out IO file (1 file / 2048MiB)
sw-1m: Laying out IO file (1 file / 2048MiB)
sw-1m: Laying out IO file (1 file / 2048MiB)

sw-1m: (groupid=0, jobs=9): err= 0: pid=951970: Sun Aug 30 03:04:18 2026
  write: IOPS=356, BW=356MiB/s (374MB/s)(18.0GiB/51709msec); 0 zone resets
    clat (usec): min=320, max=1189.2k, avg=16706.31, stdev=31133.48
     lat (usec): min=346, max=1189.2k, avg=16736.35, stdev=31132.49
    clat percentiles (usec):
     |  1.00th=[    424],  5.00th=[    494], 10.00th=[    570],
     | 20.00th=[    807], 30.00th=[   1418], 40.00th=[   7504],
     | 50.00th=[  10814], 60.00th=[  15664], 70.00th=[  21103],
     | 80.00th=[  27657], 90.00th=[  38536], 95.00th=[  49021],
     | 99.00th=[  71828], 99.50th=[  84411], 99.90th=[ 438305],
     | 99.95th=[ 666895], 99.99th=[1182794]
   bw (  KiB/s): min=32768, max=8638464, per=100.00%, avg=555375.71, stdev=111196.54, samples=604
   iops        : min=   32, max= 8436, avg=542.36, stdev=108.59, samples=604
  lat (usec)   : 500=5.52%, 750=12.85%, 1000=6.64%
  lat (msec)   : 2=5.55%, 4=1.71%, 10=16.48%, 20=19.57%, 50=26.99%
  lat (msec)   : 100=4.40%, 250=0.17%, 500=0.04%, 750=0.04%, 1000=0.02%
  lat (msec)   : 2000=0.02%
  cpu          : usr=0.12%, sys=0.05%, ctx=18519, majf=0, minf=88
  IO depths    : 1=100.0%, 2=0.0%, 4=0.0%, 8=0.0%, 16=0.0%, 32=0.0%, >=64=0.0%
     submit    : 0=0.0%, 4=100.0%, 8=0.0%, 16=0.0%, 32=0.0%, 64=0.0%, >=64=0.0%
     complete  : 0=0.0%, 4=100.0%, 8=0.0%, 16=0.0%, 32=0.0%, 64=0.0%, >=64=0.0%
     issued rwts: total=0,18432,0,0 short=0,0,0,0 dropped=0,0,0,0
     latency   : target=0, window=0, percentile=100.00%, depth=1

Run status group 0 (all jobs):
  WRITE: bw=356MiB/s (374MB/s), 356MiB/s-356MiB/s (374MB/s-374MB/s), io=18.0GiB (19.3GB), run=51709-51709msec
