FUSE_CHECK fstype=fuse.efs-fuse mnt=/tmp/efs-mount
FUSE_OK
sw-1m: (g=0): rw=write, bs=(R) 1024KiB-1024KiB, (W) 1024KiB-1024KiB, (T) 1024KiB-1024KiB, ioengine=psync, iodepth=1
...
fio-3.35
Starting 9 processes
sw-1m: Laying out IO file (1 file / 2048MiB)
sw-1m: Laying out IO file (1 file / 2048MiB)
sw-1m: Laying out IO file (1 file / 2048MiB)
sw-1m: Laying out IO file (1 file / 2048MiB)
sw-1m: Laying out IO file (1 file / 2048MiB)
sw-1m: Laying out IO file (1 file / 2048MiB)
sw-1m: Laying out IO file (1 file / 2048MiB)
sw-1m: Laying out IO file (1 file / 2048MiB)
sw-1m: Laying out IO file (1 file / 2048MiB)

sw-1m: (groupid=0, jobs=9): err= 0: pid=1171233: Sun Aug 30 03:04:18 2026
  write: IOPS=356, BW=356MiB/s (373MB/s)(18.0GiB/51752msec); 0 zone resets
    clat (usec): min=297, max=1190.2k, avg=16582.41, stdev=30750.02
     lat (usec): min=325, max=1190.3k, avg=16613.49, stdev=30748.50
    clat percentiles (usec):
     |  1.00th=[    416],  5.00th=[    490], 10.00th=[    529],
     | 20.00th=[    644], 30.00th=[    889], 40.00th=[   7308],
     | 50.00th=[  10290], 60.00th=[  15401], 70.00th=[  20579],
     | 80.00th=[  27657], 90.00th=[  39060], 95.00th=[  50070],
     | 99.00th=[  74974], 99.50th=[  85459], 99.90th=[ 434111],
     | 99.95th=[ 658506], 99.99th=[1166017]
   bw (  KiB/s): min=26624, max=8794112, per=100.00%, avg=559011.81, stdev=113594.40, samples=601
   iops        : min=   26, max= 8588, avg=545.91, stdev=110.93, samples=601
  lat (usec)   : 500=6.50%, 750=19.91%, 1000=4.09%
  lat (msec)   : 2=0.64%, 4=1.76%, 10=16.54%, 20=19.80%, 50=25.80%
  lat (msec)   : 100=4.63%, 250=0.20%, 500=0.05%, 750=0.04%, 1000=0.01%
  lat (msec)   : 2000=0.02%
  cpu          : usr=0.12%, sys=0.05%, ctx=18541, majf=0, minf=85
  IO depths    : 1=100.0%, 2=0.0%, 4=0.0%, 8=0.0%, 16=0.0%, 32=0.0%, >=64=0.0%
     submit    : 0=0.0%, 4=100.0%, 8=0.0%, 16=0.0%, 32=0.0%, 64=0.0%, >=64=0.0%
     complete  : 0=0.0%, 4=100.0%, 8=0.0%, 16=0.0%, 32=0.0%, 64=0.0%, >=64=0.0%
     issued rwts: total=0,18432,0,0 short=0,0,0,0 dropped=0,0,0,0
     latency   : target=0, window=0, percentile=100.00%, depth=1

Run status group 0 (all jobs):
  WRITE: bw=356MiB/s (373MB/s), 356MiB/s-356MiB/s (373MB/s-373MB/s), io=18.0GiB (19.3GB), run=51752-51752msec
