FUSE_CHECK fstype=fuse.efs-fuse mnt=/tmp/efs-mount
FUSE_OK
sw-1m: (g=0): rw=write, bs=(R) 1024KiB-1024KiB, (W) 1024KiB-1024KiB, (T) 1024KiB-1024KiB, ioengine=psync, iodepth=1
...
fio-3.35
Starting 9 processes
sw-1m: Laying out IO file (1 file / 2048MiB)
sw-1m: Laying out IO file (1 file / 2048MiB)
sw-1m: Laying out IO file (1 file / 2048MiB)
sw-1m: Laying out IO file (1 file / 2048MiB)
sw-1m: Laying out IO file (1 file / 2048MiB)
sw-1m: Laying out IO file (1 file / 2048MiB)
sw-1m: Laying out IO file (1 file / 2048MiB)
sw-1m: Laying out IO file (1 file / 2048MiB)
sw-1m: Laying out IO file (1 file / 2048MiB)

sw-1m: (groupid=0, jobs=9): err= 0: pid=1229924: Sun Aug 30 03:04:21 2026
  write: IOPS=338, BW=338MiB/s (355MB/s)(18.0GiB/54519msec); 0 zone resets
    clat (usec): min=310, max=1190.2k, avg=16570.41, stdev=30575.01
     lat (usec): min=334, max=1190.2k, avg=16601.79, stdev=30573.24
    clat percentiles (usec):
     |  1.00th=[    437],  5.00th=[    498], 10.00th=[    545],
     | 20.00th=[    701], 30.00th=[    963], 40.00th=[   7373],
     | 50.00th=[  10683], 60.00th=[  15533], 70.00th=[  20579],
     | 80.00th=[  27657], 90.00th=[  39060], 95.00th=[  49546],
     | 99.00th=[  73925], 99.50th=[  87557], 99.90th=[ 438305],
     | 99.95th=[ 658506], 99.99th=[1149240]
   bw (  KiB/s): min=32768, max=8752839, per=100.00%, avg=558680.83, stdev=112933.69, samples=602
   iops        : min=   32, max= 8545, avg=545.55, stdev=110.25, samples=602
  lat (usec)   : 500=5.43%, 750=17.72%, 1000=7.13%
  lat (msec)   : 2=0.86%, 4=1.41%, 10=16.47%, 20=20.31%, 50=25.86%
  lat (msec)   : 100=4.49%, 250=0.20%, 500=0.08%, 750=0.03%, 1000=0.02%
  lat (msec)   : 2000=0.02%
  cpu          : usr=0.12%, sys=0.05%, ctx=18709, majf=0, minf=99
  IO depths    : 1=100.0%, 2=0.0%, 4=0.0%, 8=0.0%, 16=0.0%, 32=0.0%, >=64=0.0%
     submit    : 0=0.0%, 4=100.0%, 8=0.0%, 16=0.0%, 32=0.0%, 64=0.0%, >=64=0.0%
     complete  : 0=0.0%, 4=100.0%, 8=0.0%, 16=0.0%, 32=0.0%, 64=0.0%, >=64=0.0%
     issued rwts: total=0,18432,0,0 short=0,0,0,0 dropped=0,0,0,0
     latency   : target=0, window=0, percentile=100.00%, depth=1

Run status group 0 (all jobs):
  WRITE: bw=338MiB/s (355MB/s), 338MiB/s-338MiB/s (355MB/s-355MB/s), io=18.0GiB (19.3GB), run=54519-54519msec
