FUSE_CHECK fstype=fuse.efs-fuse mnt=/tmp/efs-mount
FUSE_OK
sw-1m: (g=0): rw=write, bs=(R) 1024KiB-1024KiB, (W) 1024KiB-1024KiB, (T) 1024KiB-1024KiB, ioengine=psync, iodepth=1
...
fio-3.35
Starting 9 processes
sw-1m: Laying out IO file (1 file / 2048MiB)
sw-1m: Laying out IO file (1 file / 2048MiB)
sw-1m: Laying out IO file (1 file / 2048MiB)
sw-1m: Laying out IO file (1 file / 2048MiB)
sw-1m: Laying out IO file (1 file / 2048MiB)
sw-1m: Laying out IO file (1 file / 2048MiB)
sw-1m: Laying out IO file (1 file / 2048MiB)
sw-1m: Laying out IO file (1 file / 2048MiB)
sw-1m: Laying out IO file (1 file / 2048MiB)

sw-1m: (groupid=0, jobs=9): err= 0: pid=3733619: Sun Aug 30 03:04:21 2026
  write: IOPS=338, BW=339MiB/s (355MB/s)(18.0GiB/54391msec); 0 zone resets
    clat (usec): min=292, max=1177.6k, avg=16603.30, stdev=31382.22
     lat (usec): min=324, max=1177.7k, avg=16635.70, stdev=31379.95
    clat percentiles (usec):
     |  1.00th=[    396],  5.00th=[    482], 10.00th=[    545],
     | 20.00th=[    668], 30.00th=[    947], 40.00th=[   7373],
     | 50.00th=[  10552], 60.00th=[  15664], 70.00th=[  20841],
     | 80.00th=[  27657], 90.00th=[  38536], 95.00th=[  49546],
     | 99.00th=[  73925], 99.50th=[  85459], 99.90th=[ 379585],
     | 99.95th=[ 666895], 99.99th=[1166017]
   bw (  KiB/s): min=32768, max=8722432, per=100.00%, avg=559280.33, stdev=112688.34, samples=600
   iops        : min=   32, max= 8518, avg=546.17, stdev=110.05, samples=600
  lat (usec)   : 500=7.09%, 750=19.31%, 1000=3.78%
  lat (msec)   : 2=0.67%, 4=1.75%, 10=16.47%, 20=19.66%, 50=26.49%
  lat (msec)   : 100=4.48%, 250=0.17%, 500=0.07%, 750=0.02%, 1000=0.02%
  lat (msec)   : 2000=0.03%
  cpu          : usr=0.13%, sys=0.05%, ctx=18547, majf=0, minf=87
  IO depths    : 1=100.0%, 2=0.0%, 4=0.0%, 8=0.0%, 16=0.0%, 32=0.0%, >=64=0.0%
     submit    : 0=0.0%, 4=100.0%, 8=0.0%, 16=0.0%, 32=0.0%, 64=0.0%, >=64=0.0%
     complete  : 0=0.0%, 4=100.0%, 8=0.0%, 16=0.0%, 32=0.0%, 64=0.0%, >=64=0.0%
     issued rwts: total=0,18432,0,0 short=0,0,0,0 dropped=0,0,0,0
     latency   : target=0, window=0, percentile=100.00%, depth=1

Run status group 0 (all jobs):
  WRITE: bw=339MiB/s (355MB/s), 339MiB/s-339MiB/s (355MB/s-355MB/s), io=18.0GiB (19.3GB), run=54391-54391msec
