FUSE_CHECK fstype=fuse.efs-fuse mnt=/tmp/efs-mount
FUSE_OK
sw-1m: (g=0): rw=write, bs=(R) 1024KiB-1024KiB, (W) 1024KiB-1024KiB, (T) 1024KiB-1024KiB, ioengine=psync, iodepth=1
...
fio-3.35
Starting 9 processes
sw-1m: Laying out IO file (1 file / 2048MiB)
sw-1m: Laying out IO file (1 file / 2048MiB)
sw-1m: Laying out IO file (1 file / 2048MiB)
sw-1m: Laying out IO file (1 file / 2048MiB)
sw-1m: Laying out IO file (1 file / 2048MiB)
sw-1m: Laying out IO file (1 file / 2048MiB)
sw-1m: Laying out IO file (1 file / 2048MiB)
sw-1m: Laying out IO file (1 file / 2048MiB)
sw-1m: Laying out IO file (1 file / 2048MiB)

sw-1m: (groupid=0, jobs=9): err= 0: pid=1094653: Sun Aug 30 03:04:21 2026
  write: IOPS=338, BW=339MiB/s (355MB/s)(18.0GiB/54442msec); 0 zone resets
    clat (usec): min=294, max=1160.5k, avg=16487.38, stdev=30124.32
     lat (usec): min=324, max=1160.5k, avg=16519.85, stdev=30121.99
    clat percentiles (usec):
     |  1.00th=[    404],  5.00th=[    482], 10.00th=[    537],
     | 20.00th=[    627], 30.00th=[    791], 40.00th=[   7177],
     | 50.00th=[  10290], 60.00th=[  15533], 70.00th=[  20579],
     | 80.00th=[  27657], 90.00th=[  39060], 95.00th=[  50070],
     | 99.00th=[  74974], 99.50th=[  87557], 99.90th=[ 421528],
     | 99.95th=[ 666895], 99.99th=[1149240]
   bw (  KiB/s): min=45056, max=8875627, per=100.00%, avg=563604.99, stdev=115136.16, samples=596
   iops        : min=   44, max= 8662, avg=550.27, stdev=112.36, samples=596
  lat (usec)   : 500=6.97%, 750=22.09%, 1000=2.07%
  lat (msec)   : 2=0.62%, 4=1.58%, 10=16.22%, 20=19.69%, 50=25.80%
  lat (msec)   : 100=4.64%, 250=0.20%, 500=0.05%, 750=0.03%, 1000=0.03%
  lat (msec)   : 2000=0.01%
  cpu          : usr=0.13%, sys=0.05%, ctx=18655, majf=0, minf=93
  IO depths    : 1=100.0%, 2=0.0%, 4=0.0%, 8=0.0%, 16=0.0%, 32=0.0%, >=64=0.0%
     submit    : 0=0.0%, 4=100.0%, 8=0.0%, 16=0.0%, 32=0.0%, 64=0.0%, >=64=0.0%
     complete  : 0=0.0%, 4=100.0%, 8=0.0%, 16=0.0%, 32=0.0%, 64=0.0%, >=64=0.0%
     issued rwts: total=0,18432,0,0 short=0,0,0,0 dropped=0,0,0,0
     latency   : target=0, window=0, percentile=100.00%, depth=1

Run status group 0 (all jobs):
  WRITE: bw=339MiB/s (355MB/s), 339MiB/s-339MiB/s (355MB/s-355MB/s), io=18.0GiB (19.3GB), run=54442-54442msec
