FUSE_CHECK fstype=fuse.efs-fuse mnt=/tmp/efs-mount
FUSE_OK
sw-1m: (g=0): rw=write, bs=(R) 1024KiB-1024KiB, (W) 1024KiB-1024KiB, (T) 1024KiB-1024KiB, ioengine=psync, iodepth=1
...
fio-3.35
Starting 9 processes
sw-1m: Laying out IO file (1 file / 2048MiB)
sw-1m: Laying out IO file (1 file / 2048MiB)
sw-1m: Laying out IO file (1 file / 2048MiB)
sw-1m: Laying out IO file (1 file / 2048MiB)
sw-1m: Laying out IO file (1 file / 2048MiB)
sw-1m: Laying out IO file (1 file / 2048MiB)
sw-1m: Laying out IO file (1 file / 2048MiB)
sw-1m: Laying out IO file (1 file / 2048MiB)
sw-1m: Laying out IO file (1 file / 2048MiB)

sw-1m: (groupid=0, jobs=9): err= 0: pid=1214683: Sun Aug 30 03:04:21 2026
  write: IOPS=338, BW=339MiB/s (355MB/s)(18.0GiB/54444msec); 0 zone resets
    clat (usec): min=322, max=1165.2k, avg=16647.93, stdev=31110.63
     lat (usec): min=338, max=1165.2k, avg=16678.66, stdev=31109.40
    clat percentiles (usec):
     |  1.00th=[    453],  5.00th=[    506], 10.00th=[    644],
     | 20.00th=[    865], 30.00th=[   1336], 40.00th=[   7373],
     | 50.00th=[  10421], 60.00th=[  15533], 70.00th=[  20841],
     | 80.00th=[  27657], 90.00th=[  39060], 95.00th=[  49546],
     | 99.00th=[  73925], 99.50th=[  85459], 99.90th=[ 434111],
     | 99.95th=[ 650118], 99.99th=[1166017]
   bw (  KiB/s): min=30720, max=8663040, per=100.00%, avg=555261.47, stdev=111832.48, samples=601
   iops        : min=   30, max= 8460, avg=542.20, stdev=109.21, samples=601
  lat (usec)   : 500=4.25%, 750=9.73%, 1000=11.85%
  lat (msec)   : 2=5.09%, 4=1.55%, 10=16.66%, 20=19.70%, 50=26.33%
  lat (msec)   : 100=4.53%, 250=0.18%, 500=0.07%, 750=0.02%, 1000=0.01%
  lat (msec)   : 2000=0.03%
  cpu          : usr=0.12%, sys=0.05%, ctx=18537, majf=0, minf=94
  IO depths    : 1=100.0%, 2=0.0%, 4=0.0%, 8=0.0%, 16=0.0%, 32=0.0%, >=64=0.0%
     submit    : 0=0.0%, 4=100.0%, 8=0.0%, 16=0.0%, 32=0.0%, 64=0.0%, >=64=0.0%
     complete  : 0=0.0%, 4=100.0%, 8=0.0%, 16=0.0%, 32=0.0%, 64=0.0%, >=64=0.0%
     issued rwts: total=0,18432,0,0 short=0,0,0,0 dropped=0,0,0,0
     latency   : target=0, window=0, percentile=100.00%, depth=1

Run status group 0 (all jobs):
  WRITE: bw=339MiB/s (355MB/s), 339MiB/s-339MiB/s (355MB/s-355MB/s), io=18.0GiB (19.3GB), run=54444-54444msec
