FUSE_CHECK fstype=fuse.efs-fuse mnt=/tmp/efs-mount
FUSE_OK
sw-1m: (g=0): rw=write, bs=(R) 1024KiB-1024KiB, (W) 1024KiB-1024KiB, (T) 1024KiB-1024KiB, ioengine=psync, iodepth=1
...
fio-3.35
Starting 9 processes
sw-1m: Laying out IO file (1 file / 2048MiB)
sw-1m: Laying out IO file (1 file / 2048MiB)
sw-1m: Laying out IO file (1 file / 2048MiB)
sw-1m: Laying out IO file (1 file / 2048MiB)
sw-1m: Laying out IO file (1 file / 2048MiB)
sw-1m: Laying out IO file (1 file / 2048MiB)
sw-1m: Laying out IO file (1 file / 2048MiB)
sw-1m: Laying out IO file (1 file / 2048MiB)
sw-1m: Laying out IO file (1 file / 2048MiB)

sw-1m: (groupid=0, jobs=9): err= 0: pid=1340266: Sun Aug 30 03:04:21 2026
  write: IOPS=337, BW=338MiB/s (354MB/s)(18.0GiB/54538msec); 0 zone resets
    clat (usec): min=324, max=1180.3k, avg=16669.34, stdev=31942.40
     lat (usec): min=350, max=1180.4k, avg=16701.19, stdev=31940.69
    clat percentiles (usec):
     |  1.00th=[    449],  5.00th=[    498], 10.00th=[    578],
     | 20.00th=[    766], 30.00th=[    988], 40.00th=[   7046],
     | 50.00th=[  10290], 60.00th=[  15533], 70.00th=[  20841],
     | 80.00th=[  28181], 90.00th=[  39584], 95.00th=[  50070],
     | 99.00th=[  72877], 99.50th=[  84411], 99.90th=[ 438305],
     | 99.95th=[ 683672], 99.99th=[1149240]
   bw (  KiB/s): min=32768, max=8718336, per=100.00%, avg=556239.95, stdev=112535.11, samples=601
   iops        : min=   32, max= 8514, avg=543.20, stdev=109.90, samples=601
  lat (usec)   : 500=5.42%, 750=13.43%, 1000=11.44%
  lat (msec)   : 2=2.05%, 4=1.73%, 10=15.42%, 20=19.29%, 50=26.14%
  lat (msec)   : 100=4.75%, 250=0.22%, 500=0.05%, 750=0.03%, 1000=0.01%
  lat (msec)   : 2000=0.03%
  cpu          : usr=0.12%, sys=0.05%, ctx=18545, majf=0, minf=85
  IO depths    : 1=100.0%, 2=0.0%, 4=0.0%, 8=0.0%, 16=0.0%, 32=0.0%, >=64=0.0%
     submit    : 0=0.0%, 4=100.0%, 8=0.0%, 16=0.0%, 32=0.0%, 64=0.0%, >=64=0.0%
     complete  : 0=0.0%, 4=100.0%, 8=0.0%, 16=0.0%, 32=0.0%, 64=0.0%, >=64=0.0%
     issued rwts: total=0,18432,0,0 short=0,0,0,0 dropped=0,0,0,0
     latency   : target=0, window=0, percentile=100.00%, depth=1

Run status group 0 (all jobs):
  WRITE: bw=338MiB/s (354MB/s), 338MiB/s-338MiB/s (354MB/s-354MB/s), io=18.0GiB (19.3GB), run=54538-54538msec
