FUSE_CHECK fstype=fuse.efs-fuse mnt=/tmp/efs-mount
FUSE_OK
sw-1m: (g=0): rw=write, bs=(R) 1024KiB-1024KiB, (W) 1024KiB-1024KiB, (T) 1024KiB-1024KiB, ioengine=psync, iodepth=1
...
fio-3.35
Starting 9 processes
sw-1m: Laying out IO file (1 file / 2048MiB)
sw-1m: Laying out IO file (1 file / 2048MiB)
sw-1m: Laying out IO file (1 file / 2048MiB)
sw-1m: Laying out IO file (1 file / 2048MiB)
sw-1m: Laying out IO file (1 file / 2048MiB)
sw-1m: Laying out IO file (1 file / 2048MiB)
sw-1m: Laying out IO file (1 file / 2048MiB)
sw-1m: Laying out IO file (1 file / 2048MiB)
sw-1m: Laying out IO file (1 file / 2048MiB)

sw-1m: (groupid=0, jobs=9): err= 0: pid=1094774: Sun Aug 30 03:05:18 2026
  write: IOPS=342, BW=343MiB/s (360MB/s)(18.0GiB/53739msec); 0 zone resets
    clat (usec): min=308, max=1082.5k, avg=17049.79, stdev=30538.70
     lat (usec): min=343, max=1082.5k, avg=17080.57, stdev=30537.02
    clat percentiles (usec):
     |  1.00th=[    383],  5.00th=[    474], 10.00th=[    510],
     | 20.00th=[    611], 30.00th=[    824], 40.00th=[   7439],
     | 50.00th=[  10552], 60.00th=[  16057], 70.00th=[  21365],
     | 80.00th=[  28443], 90.00th=[  40633], 95.00th=[  51643],
     | 99.00th=[  76022], 99.50th=[  88605], 99.90th=[ 463471],
     | 99.95th=[ 557843], 99.99th=[1061159]
   bw (  KiB/s): min=28672, max=8726528, per=100.00%, avg=542657.16, stdev=111411.63, samples=617
   iops        : min=   28, max= 8522, avg=529.94, stdev=108.80, samples=617
  lat (usec)   : 500=8.85%, 750=19.57%, 1000=2.20%
  lat (msec)   : 2=0.58%, 4=1.69%, 10=15.98%, 20=19.35%, 50=26.11%
  lat (msec)   : 100=5.35%, 250=0.17%, 500=0.09%, 750=0.04%, 2000=0.03%
  cpu          : usr=0.12%, sys=0.05%, ctx=18528, majf=0, minf=98
  IO depths    : 1=100.0%, 2=0.0%, 4=0.0%, 8=0.0%, 16=0.0%, 32=0.0%, >=64=0.0%
     submit    : 0=0.0%, 4=100.0%, 8=0.0%, 16=0.0%, 32=0.0%, 64=0.0%, >=64=0.0%
     complete  : 0=0.0%, 4=100.0%, 8=0.0%, 16=0.0%, 32=0.0%, 64=0.0%, >=64=0.0%
     issued rwts: total=0,18432,0,0 short=0,0,0,0 dropped=0,0,0,0
     latency   : target=0, window=0, percentile=100.00%, depth=1

Run status group 0 (all jobs):
  WRITE: bw=343MiB/s (360MB/s), 343MiB/s-343MiB/s (360MB/s-360MB/s), io=18.0GiB (19.3GB), run=53739-53739msec
