FUSE_CHECK fstype=fuse.efs-fuse mnt=/tmp/efs-mount
FUSE_OK
sw-1m: (g=0): rw=write, bs=(R) 1024KiB-1024KiB, (W) 1024KiB-1024KiB, (T) 1024KiB-1024KiB, ioengine=psync, iodepth=1
...
fio-3.35
Starting 9 processes
sw-1m: Laying out IO file (1 file / 2048MiB)
sw-1m: Laying out IO file (1 file / 2048MiB)
sw-1m: Laying out IO file (1 file / 2048MiB)
sw-1m: Laying out IO file (1 file / 2048MiB)
sw-1m: Laying out IO file (1 file / 2048MiB)
sw-1m: Laying out IO file (1 file / 2048MiB)
sw-1m: Laying out IO file (1 file / 2048MiB)
sw-1m: Laying out IO file (1 file / 2048MiB)
sw-1m: Laying out IO file (1 file / 2048MiB)

sw-1m: (groupid=0, jobs=9): err= 0: pid=1359172: Sun Aug 30 03:05:18 2026
  write: IOPS=345, BW=345MiB/s (362MB/s)(18.0GiB/53420msec); 0 zone resets
    clat (usec): min=292, max=1565.0k, avg=17209.23, stdev=31285.47
     lat (usec): min=317, max=1565.1k, avg=17242.22, stdev=31282.97
    clat percentiles (usec):
     |  1.00th=[    404],  5.00th=[    482], 10.00th=[    529],
     | 20.00th=[    685], 30.00th=[    930], 40.00th=[   7504],
     | 50.00th=[  10683], 60.00th=[  16057], 70.00th=[  21365],
     | 80.00th=[  28705], 90.00th=[  41157], 95.00th=[  52167],
     | 99.00th=[  78119], 99.50th=[  90702], 99.90th=[ 450888],
     | 99.95th=[ 574620], 99.99th=[1098908]
   bw (  KiB/s): min=30720, max=8695808, per=100.00%, avg=540095.19, stdev=110504.86, samples=622
   iops        : min=   30, max= 8492, avg=527.44, stdev=107.91, samples=622
  lat (usec)   : 500=7.58%, 750=15.63%, 1000=7.42%
  lat (msec)   : 2=0.76%, 4=1.77%, 10=15.61%, 20=19.08%, 50=26.50%
  lat (msec)   : 100=5.28%, 250=0.20%, 500=0.09%, 750=0.04%, 2000=0.03%
  cpu          : usr=0.13%, sys=0.05%, ctx=18613, majf=0, minf=88
  IO depths    : 1=100.0%, 2=0.0%, 4=0.0%, 8=0.0%, 16=0.0%, 32=0.0%, >=64=0.0%
     submit    : 0=0.0%, 4=100.0%, 8=0.0%, 16=0.0%, 32=0.0%, 64=0.0%, >=64=0.0%
     complete  : 0=0.0%, 4=100.0%, 8=0.0%, 16=0.0%, 32=0.0%, 64=0.0%, >=64=0.0%
     issued rwts: total=0,18432,0,0 short=0,0,0,0 dropped=0,0,0,0
     latency   : target=0, window=0, percentile=100.00%, depth=1

Run status group 0 (all jobs):
  WRITE: bw=345MiB/s (362MB/s), 345MiB/s-345MiB/s (362MB/s-362MB/s), io=18.0GiB (19.3GB), run=53420-53420msec
