FUSE_CHECK fstype=fuse.efs-fuse mnt=/tmp/efs-mount
FUSE_OK
sw-1m: (g=0): rw=write, bs=(R) 1024KiB-1024KiB, (W) 1024KiB-1024KiB, (T) 1024KiB-1024KiB, ioengine=psync, iodepth=1
...
fio-3.35
Starting 9 processes
sw-1m: Laying out IO file (1 file / 2048MiB)
sw-1m: Laying out IO file (1 file / 2048MiB)
sw-1m: Laying out IO file (1 file / 2048MiB)
sw-1m: Laying out IO file (1 file / 2048MiB)
sw-1m: Laying out IO file (1 file / 2048MiB)
sw-1m: Laying out IO file (1 file / 2048MiB)
sw-1m: Laying out IO file (1 file / 2048MiB)
sw-1m: Laying out IO file (1 file / 2048MiB)
sw-1m: Laying out IO file (1 file / 2048MiB)

sw-1m: (groupid=0, jobs=9): err= 0: pid=1602325: Sun Aug 30 03:05:18 2026
  write: IOPS=342, BW=343MiB/s (360MB/s)(18.0GiB/53748msec); 0 zone resets
    clat (usec): min=270, max=1095.4k, avg=17204.86, stdev=29928.71
     lat (usec): min=294, max=1095.4k, avg=17236.24, stdev=29927.04
    clat percentiles (usec):
     |  1.00th=[    408],  5.00th=[    494], 10.00th=[    529],
     | 20.00th=[    635], 30.00th=[    914], 40.00th=[   7635],
     | 50.00th=[  11076], 60.00th=[  16319], 70.00th=[  21365],
     | 80.00th=[  28967], 90.00th=[  40633], 95.00th=[  51643],
     | 99.00th=[  76022], 99.50th=[  88605], 99.90th=[ 455082],
     | 99.95th=[ 557843], 99.99th=[1098908]
   bw (  KiB/s): min=20480, max=8714240, per=100.00%, avg=539153.27, stdev=110635.71, samples=625
   iops        : min=   20, max= 8510, avg=526.52, stdev=108.04, samples=625
  lat (usec)   : 500=6.14%, 750=21.16%, 1000=2.98%
  lat (msec)   : 2=0.70%, 4=1.85%, 10=15.40%, 20=19.55%, 50=26.76%
  lat (msec)   : 100=5.12%, 250=0.19%, 500=0.10%, 750=0.04%, 1000=0.01%
  lat (msec)   : 2000=0.02%
  cpu          : usr=0.13%, sys=0.04%, ctx=18527, majf=0, minf=103
  IO depths    : 1=100.0%, 2=0.0%, 4=0.0%, 8=0.0%, 16=0.0%, 32=0.0%, >=64=0.0%
     submit    : 0=0.0%, 4=100.0%, 8=0.0%, 16=0.0%, 32=0.0%, 64=0.0%, >=64=0.0%
     complete  : 0=0.0%, 4=100.0%, 8=0.0%, 16=0.0%, 32=0.0%, 64=0.0%, >=64=0.0%
     issued rwts: total=0,18432,0,0 short=0,0,0,0 dropped=0,0,0,0
     latency   : target=0, window=0, percentile=100.00%, depth=1

Run status group 0 (all jobs):
  WRITE: bw=343MiB/s (360MB/s), 343MiB/s-343MiB/s (360MB/s-360MB/s), io=18.0GiB (19.3GB), run=53748-53748msec
