FUSE_CHECK fstype=fuse.efs-fuse mnt=/tmp/efs-mount
FUSE_OK
sw-1m: (g=0): rw=write, bs=(R) 1024KiB-1024KiB, (W) 1024KiB-1024KiB, (T) 1024KiB-1024KiB, ioengine=psync, iodepth=1
...
fio-3.35
Starting 9 processes
sw-1m: Laying out IO file (1 file / 2048MiB)
sw-1m: Laying out IO file (1 file / 2048MiB)
sw-1m: Laying out IO file (1 file / 2048MiB)
sw-1m: Laying out IO file (1 file / 2048MiB)
sw-1m: Laying out IO file (1 file / 2048MiB)
sw-1m: Laying out IO file (1 file / 2048MiB)
sw-1m: Laying out IO file (1 file / 2048MiB)
sw-1m: Laying out IO file (1 file / 2048MiB)
sw-1m: Laying out IO file (1 file / 2048MiB)

sw-1m: (groupid=0, jobs=9): err= 0: pid=952092: Sun Aug 30 03:05:18 2026
  write: IOPS=343, BW=344MiB/s (361MB/s)(18.0GiB/53591msec); 0 zone resets
    clat (usec): min=313, max=1109.8k, avg=17090.55, stdev=30707.42
     lat (usec): min=338, max=1109.9k, avg=17124.38, stdev=30704.54
    clat percentiles (usec):
     |  1.00th=[    429],  5.00th=[    502], 10.00th=[    603],
     | 20.00th=[    742], 30.00th=[   2114], 40.00th=[   7767],
     | 50.00th=[  10814], 60.00th=[  16057], 70.00th=[  21365],
     | 80.00th=[  28443], 90.00th=[  40109], 95.00th=[  50594],
     | 99.00th=[  74974], 99.50th=[  88605], 99.90th=[ 450888],
     | 99.95th=[ 599786], 99.99th=[1098908]
   bw (  KiB/s): min=18432, max=8722432, per=100.00%, avg=543742.58, stdev=111199.91, samples=618
   iops        : min=   18, max= 8518, avg=531.00, stdev=108.59, samples=618
  lat (usec)   : 500=5.00%, 750=15.87%, 1000=8.23%
  lat (msec)   : 2=0.81%, 4=1.86%, 10=16.67%, 20=19.60%, 50=26.66%
  lat (msec)   : 100=4.97%, 250=0.17%, 500=0.09%, 750=0.03%, 1000=0.01%
  lat (msec)   : 2000=0.03%
  cpu          : usr=0.13%, sys=0.05%, ctx=18539, majf=0, minf=89
  IO depths    : 1=100.0%, 2=0.0%, 4=0.0%, 8=0.0%, 16=0.0%, 32=0.0%, >=64=0.0%
     submit    : 0=0.0%, 4=100.0%, 8=0.0%, 16=0.0%, 32=0.0%, 64=0.0%, >=64=0.0%
     complete  : 0=0.0%, 4=100.0%, 8=0.0%, 16=0.0%, 32=0.0%, 64=0.0%, >=64=0.0%
     issued rwts: total=0,18432,0,0 short=0,0,0,0 dropped=0,0,0,0
     latency   : target=0, window=0, percentile=100.00%, depth=1

Run status group 0 (all jobs):
  WRITE: bw=344MiB/s (361MB/s), 344MiB/s-344MiB/s (361MB/s-361MB/s), io=18.0GiB (19.3GB), run=53591-53591msec
