FUSE_CHECK fstype=fuse.efs-fuse mnt=/tmp/efs-mount
FUSE_OK
sw-1m: (g=0): rw=write, bs=(R) 1024KiB-1024KiB, (W) 1024KiB-1024KiB, (T) 1024KiB-1024KiB, ioengine=psync, iodepth=1
...
fio-3.35
Starting 9 processes
sw-1m: Laying out IO file (1 file / 2048MiB)
sw-1m: Laying out IO file (1 file / 2048MiB)
sw-1m: Laying out IO file (1 file / 2048MiB)
sw-1m: Laying out IO file (1 file / 2048MiB)
sw-1m: Laying out IO file (1 file / 2048MiB)
sw-1m: Laying out IO file (1 file / 2048MiB)
sw-1m: Laying out IO file (1 file / 2048MiB)
sw-1m: Laying out IO file (1 file / 2048MiB)
sw-1m: Laying out IO file (1 file / 2048MiB)

sw-1m: (groupid=0, jobs=9): err= 0: pid=1171354: Sun Aug 30 03:05:15 2026
  write: IOPS=360, BW=361MiB/s (378MB/s)(18.0GiB/51117msec); 0 zone resets
    clat (usec): min=310, max=1077.7k, avg=16944.58, stdev=29980.87
     lat (usec): min=326, max=1077.7k, avg=16976.75, stdev=29978.62
    clat percentiles (usec):
     |  1.00th=[    400],  5.00th=[    486], 10.00th=[    529],
     | 20.00th=[    627], 30.00th=[    873], 40.00th=[   7570],
     | 50.00th=[  10683], 60.00th=[  16057], 70.00th=[  21103],
     | 80.00th=[  28443], 90.00th=[  40109], 95.00th=[  50594],
     | 99.00th=[  76022], 99.50th=[  88605], 99.90th=[ 455082],
     | 99.95th=[ 530580], 99.99th=[1061159]
   bw (  KiB/s): min=20480, max=8886272, per=100.00%, avg=548318.45, stdev=114003.18, samples=612
   iops        : min=   20, max= 8678, avg=535.42, stdev=111.33, samples=612
  lat (usec)   : 500=6.86%, 750=20.87%, 1000=2.85%
  lat (msec)   : 2=0.71%, 4=1.72%, 10=15.72%, 20=19.51%, 50=26.51%
  lat (msec)   : 100=4.93%, 250=0.16%, 500=0.10%, 750=0.03%, 1000=0.01%
  lat (msec)   : 2000=0.02%
  cpu          : usr=0.13%, sys=0.06%, ctx=18637, majf=0, minf=90
  IO depths    : 1=100.0%, 2=0.0%, 4=0.0%, 8=0.0%, 16=0.0%, 32=0.0%, >=64=0.0%
     submit    : 0=0.0%, 4=100.0%, 8=0.0%, 16=0.0%, 32=0.0%, 64=0.0%, >=64=0.0%
     complete  : 0=0.0%, 4=100.0%, 8=0.0%, 16=0.0%, 32=0.0%, 64=0.0%, >=64=0.0%
     issued rwts: total=0,18432,0,0 short=0,0,0,0 dropped=0,0,0,0
     latency   : target=0, window=0, percentile=100.00%, depth=1

Run status group 0 (all jobs):
  WRITE: bw=361MiB/s (378MB/s), 361MiB/s-361MiB/s (378MB/s-378MB/s), io=18.0GiB (19.3GB), run=51117-51117msec
