FUSE_CHECK fstype=fuse.efs-fuse mnt=/tmp/efs-mount
FUSE_OK
sw-1m: (g=0): rw=write, bs=(R) 1024KiB-1024KiB, (W) 1024KiB-1024KiB, (T) 1024KiB-1024KiB, ioengine=psync, iodepth=1
...
fio-3.35
Starting 9 processes
sw-1m: Laying out IO file (1 file / 2048MiB)
sw-1m: Laying out IO file (1 file / 2048MiB)
sw-1m: Laying out IO file (1 file / 2048MiB)
sw-1m: Laying out IO file (1 file / 2048MiB)
sw-1m: Laying out IO file (1 file / 2048MiB)
sw-1m: Laying out IO file (1 file / 2048MiB)
sw-1m: Laying out IO file (1 file / 2048MiB)
sw-1m: Laying out IO file (1 file / 2048MiB)
sw-1m: Laying out IO file (1 file / 2048MiB)

sw-1m: (groupid=0, jobs=9): err= 0: pid=1230045: Sun Aug 30 03:05:18 2026
  write: IOPS=342, BW=343MiB/s (359MB/s)(18.0GiB/53783msec); 0 zone resets
    clat (usec): min=303, max=1590.3k, avg=17112.77, stdev=30448.11
     lat (usec): min=322, max=1590.3k, avg=17145.04, stdev=30445.83
    clat percentiles (usec):
     |  1.00th=[    408],  5.00th=[    490], 10.00th=[    537],
     | 20.00th=[    652], 30.00th=[    988], 40.00th=[   7570],
     | 50.00th=[  10814], 60.00th=[  16057], 70.00th=[  21365],
     | 80.00th=[  28705], 90.00th=[  40633], 95.00th=[  50594],
     | 99.00th=[  76022], 99.50th=[  89654], 99.90th=[ 463471],
     | 99.95th=[ 599786], 99.99th=[1082131]
   bw (  KiB/s): min=28672, max=8763392, per=100.00%, avg=546544.50, stdev=111943.85, samples=615
   iops        : min=   28, max= 8558, avg=533.73, stdev=109.32, samples=615
  lat (usec)   : 500=6.35%, 750=19.49%, 1000=4.19%
  lat (msec)   : 2=0.78%, 4=1.73%, 10=16.04%, 20=19.35%, 50=26.85%
  lat (msec)   : 100=4.89%, 250=0.16%, 500=0.09%, 750=0.07%, 2000=0.02%
  cpu          : usr=0.13%, sys=0.04%, ctx=18531, majf=0, minf=104
  IO depths    : 1=100.0%, 2=0.0%, 4=0.0%, 8=0.0%, 16=0.0%, 32=0.0%, >=64=0.0%
     submit    : 0=0.0%, 4=100.0%, 8=0.0%, 16=0.0%, 32=0.0%, 64=0.0%, >=64=0.0%
     complete  : 0=0.0%, 4=100.0%, 8=0.0%, 16=0.0%, 32=0.0%, 64=0.0%, >=64=0.0%
     issued rwts: total=0,18432,0,0 short=0,0,0,0 dropped=0,0,0,0
     latency   : target=0, window=0, percentile=100.00%, depth=1

Run status group 0 (all jobs):
  WRITE: bw=343MiB/s (359MB/s), 343MiB/s-343MiB/s (359MB/s-359MB/s), io=18.0GiB (19.3GB), run=53783-53783msec
