FUSE_CHECK fstype=fuse.efs-fuse mnt=/tmp/efs-mount
FUSE_OK
sw-1m: (g=0): rw=write, bs=(R) 1024KiB-1024KiB, (W) 1024KiB-1024KiB, (T) 1024KiB-1024KiB, ioengine=psync, iodepth=1
...
fio-3.35
Starting 9 processes
sw-1m: Laying out IO file (1 file / 2048MiB)
sw-1m: Laying out IO file (1 file / 2048MiB)
sw-1m: Laying out IO file (1 file / 2048MiB)
sw-1m: Laying out IO file (1 file / 2048MiB)
sw-1m: Laying out IO file (1 file / 2048MiB)
sw-1m: Laying out IO file (1 file / 2048MiB)
sw-1m: Laying out IO file (1 file / 2048MiB)
sw-1m: Laying out IO file (1 file / 2048MiB)
sw-1m: Laying out IO file (1 file / 2048MiB)

sw-1m: (groupid=0, jobs=9): err= 0: pid=1340388: Sun Aug 30 03:05:18 2026
  write: IOPS=343, BW=344MiB/s (361MB/s)(18.0GiB/53589msec); 0 zone resets
    clat (usec): min=309, max=1058.6k, avg=17095.69, stdev=29184.96
     lat (usec): min=334, max=1058.6k, avg=17127.35, stdev=29183.05
    clat percentiles (usec):
     |  1.00th=[    429],  5.00th=[    494], 10.00th=[    586],
     | 20.00th=[    766], 30.00th=[   1319], 40.00th=[   7701],
     | 50.00th=[  10683], 60.00th=[  16057], 70.00th=[  21103],
     | 80.00th=[  28443], 90.00th=[  40109], 95.00th=[  51643],
     | 99.00th=[  76022], 99.50th=[  85459], 99.90th=[ 463471],
     | 99.95th=[ 557843], 99.99th=[1052771]
   bw (  KiB/s): min=24576, max=8679424, per=100.00%, avg=542338.72, stdev=110659.89, samples=618
   iops        : min=   24, max= 8476, avg=529.63, stdev=108.07, samples=618
  lat (usec)   : 500=5.55%, 750=13.67%, 1000=8.19%
  lat (msec)   : 2=3.27%, 4=1.76%, 10=16.07%, 20=19.74%, 50=26.17%
  lat (msec)   : 100=5.24%, 250=0.17%, 500=0.10%, 750=0.04%, 1000=0.01%
  lat (msec)   : 2000=0.02%
  cpu          : usr=0.13%, sys=0.05%, ctx=18532, majf=0, minf=96
  IO depths    : 1=100.0%, 2=0.0%, 4=0.0%, 8=0.0%, 16=0.0%, 32=0.0%, >=64=0.0%
     submit    : 0=0.0%, 4=100.0%, 8=0.0%, 16=0.0%, 32=0.0%, 64=0.0%, >=64=0.0%
     complete  : 0=0.0%, 4=100.0%, 8=0.0%, 16=0.0%, 32=0.0%, 64=0.0%, >=64=0.0%
     issued rwts: total=0,18432,0,0 short=0,0,0,0 dropped=0,0,0,0
     latency   : target=0, window=0, percentile=100.00%, depth=1

Run status group 0 (all jobs):
  WRITE: bw=344MiB/s (361MB/s), 344MiB/s-344MiB/s (361MB/s-361MB/s), io=18.0GiB (19.3GB), run=53589-53589msec
