FUSE_CHECK fstype=fuse.efs-fuse mnt=/tmp/efs-mount
FUSE_OK
sw-1m: (g=0): rw=write, bs=(R) 1024KiB-1024KiB, (W) 1024KiB-1024KiB, (T) 1024KiB-1024KiB, ioengine=psync, iodepth=1
...
fio-3.35
Starting 9 processes
sw-1m: Laying out IO file (1 file / 2048MiB)
sw-1m: Laying out IO file (1 file / 2048MiB)
sw-1m: Laying out IO file (1 file / 2048MiB)
sw-1m: Laying out IO file (1 file / 2048MiB)
sw-1m: Laying out IO file (1 file / 2048MiB)
sw-1m: Laying out IO file (1 file / 2048MiB)
sw-1m: Laying out IO file (1 file / 2048MiB)
sw-1m: Laying out IO file (1 file / 2048MiB)
sw-1m: Laying out IO file (1 file / 2048MiB)

sw-1m: (groupid=0, jobs=9): err= 0: pid=3733741: Sun Aug 30 03:05:18 2026
  write: IOPS=342, BW=343MiB/s (359MB/s)(18.0GiB/53795msec); 0 zone resets
    clat (usec): min=306, max=1076.7k, avg=17057.06, stdev=29890.45
     lat (usec): min=335, max=1076.7k, avg=17089.73, stdev=29888.20
    clat percentiles (usec):
     |  1.00th=[    429],  5.00th=[    490], 10.00th=[    553],
     | 20.00th=[    676], 30.00th=[    930], 40.00th=[   7570],
     | 50.00th=[  10421], 60.00th=[  15795], 70.00th=[  21103],
     | 80.00th=[  28705], 90.00th=[  40633], 95.00th=[  51643],
     | 99.00th=[  76022], 99.50th=[  90702], 99.90th=[ 459277],
     | 99.95th=[ 549454], 99.99th=[1069548]
   bw (  KiB/s): min=20480, max=8775680, per=100.00%, avg=544768.27, stdev=112041.80, samples=617
   iops        : min=   20, max= 8570, avg=532.00, stdev=109.42, samples=617
  lat (usec)   : 500=6.21%, 750=19.34%, 1000=4.76%
  lat (msec)   : 2=0.88%, 4=1.84%, 10=16.12%, 20=19.11%, 50=26.05%
  lat (msec)   : 100=5.33%, 250=0.20%, 500=0.10%, 750=0.04%, 1000=0.01%
  lat (msec)   : 2000=0.02%
  cpu          : usr=0.13%, sys=0.05%, ctx=18531, majf=0, minf=93
  IO depths    : 1=100.0%, 2=0.0%, 4=0.0%, 8=0.0%, 16=0.0%, 32=0.0%, >=64=0.0%
     submit    : 0=0.0%, 4=100.0%, 8=0.0%, 16=0.0%, 32=0.0%, 64=0.0%, >=64=0.0%
     complete  : 0=0.0%, 4=100.0%, 8=0.0%, 16=0.0%, 32=0.0%, 64=0.0%, >=64=0.0%
     issued rwts: total=0,18432,0,0 short=0,0,0,0 dropped=0,0,0,0
     latency   : target=0, window=0, percentile=100.00%, depth=1

Run status group 0 (all jobs):
  WRITE: bw=343MiB/s (359MB/s), 343MiB/s-343MiB/s (359MB/s-359MB/s), io=18.0GiB (19.3GB), run=53795-53795msec
