FUSE_CHECK fstype=fuse.efs-fuse mnt=/tmp/efs-mount
FUSE_OK
sw-1m: (g=0): rw=write, bs=(R) 1024KiB-1024KiB, (W) 1024KiB-1024KiB, (T) 1024KiB-1024KiB, ioengine=psync, iodepth=1
...
fio-3.35
Starting 9 processes
sw-1m: Laying out IO file (1 file / 2048MiB)
sw-1m: Laying out IO file (1 file / 2048MiB)
sw-1m: Laying out IO file (1 file / 2048MiB)
sw-1m: Laying out IO file (1 file / 2048MiB)
sw-1m: Laying out IO file (1 file / 2048MiB)
sw-1m: Laying out IO file (1 file / 2048MiB)
sw-1m: Laying out IO file (1 file / 2048MiB)
sw-1m: Laying out IO file (1 file / 2048MiB)
sw-1m: Laying out IO file (1 file / 2048MiB)

sw-1m: (groupid=0, jobs=9): err= 0: pid=1094896: Sun Aug 30 03:06:15 2026
  write: IOPS=344, BW=345MiB/s (361MB/s)(18.0GiB/53485msec); 0 zone resets
    clat (usec): min=310, max=480518, avg=17196.01, stdev=21380.14
     lat (usec): min=336, max=480544, avg=17227.62, stdev=21376.88
    clat percentiles (usec):
     |  1.00th=[   400],  5.00th=[   474], 10.00th=[   537], 20.00th=[   676],
     | 30.00th=[   914], 40.00th=[  8225], 50.00th=[ 11338], 60.00th=[ 16712],
     | 70.00th=[ 22152], 80.00th=[ 29492], 90.00th=[ 41681], 95.00th=[ 52691],
     | 99.00th=[ 78119], 99.50th=[ 90702], 99.90th=[206570], 99.95th=[358613],
     | 99.99th=[476054]
   bw (  KiB/s): min=90112, max=8758699, per=100.00%, avg=533720.04, stdev=110584.74, samples=630
   iops        : min=   88, max= 8549, avg=521.15, stdev=107.94, samples=630
  lat (usec)   : 500=8.05%, 750=16.70%, 1000=5.58%
  lat (msec)   : 2=0.59%, 4=1.29%, 10=14.49%, 20=20.13%, 50=27.17%
  lat (msec)   : 100=5.67%, 250=0.24%, 500=0.09%
  cpu          : usr=0.13%, sys=0.05%, ctx=18541, majf=0, minf=83
  IO depths    : 1=100.0%, 2=0.0%, 4=0.0%, 8=0.0%, 16=0.0%, 32=0.0%, >=64=0.0%
     submit    : 0=0.0%, 4=100.0%, 8=0.0%, 16=0.0%, 32=0.0%, 64=0.0%, >=64=0.0%
     complete  : 0=0.0%, 4=100.0%, 8=0.0%, 16=0.0%, 32=0.0%, 64=0.0%, >=64=0.0%
     issued rwts: total=0,18432,0,0 short=0,0,0,0 dropped=0,0,0,0
     latency   : target=0, window=0, percentile=100.00%, depth=1

Run status group 0 (all jobs):
  WRITE: bw=345MiB/s (361MB/s), 345MiB/s-345MiB/s (361MB/s-361MB/s), io=18.0GiB (19.3GB), run=53485-53485msec
