FUSE_CHECK fstype=fuse.efs-fuse mnt=/tmp/efs-mount
FUSE_OK
sw-1m: (g=0): rw=write, bs=(R) 1024KiB-1024KiB, (W) 1024KiB-1024KiB, (T) 1024KiB-1024KiB, ioengine=psync, iodepth=1
...
fio-3.35
Starting 9 processes
sw-1m: Laying out IO file (1 file / 2048MiB)
sw-1m: Laying out IO file (1 file / 2048MiB)
sw-1m: Laying out IO file (1 file / 2048MiB)
sw-1m: Laying out IO file (1 file / 2048MiB)
sw-1m: Laying out IO file (1 file / 2048MiB)
sw-1m: Laying out IO file (1 file / 2048MiB)
sw-1m: Laying out IO file (1 file / 2048MiB)
sw-1m: Laying out IO file (1 file / 2048MiB)
sw-1m: Laying out IO file (1 file / 2048MiB)

sw-1m: (groupid=0, jobs=9): err= 0: pid=1214926: Sun Aug 30 03:06:15 2026
  write: IOPS=346, BW=346MiB/s (363MB/s)(18.0GiB/53209msec); 0 zone resets
    clat (usec): min=343, max=498719, avg=17028.87, stdev=21163.90
     lat (usec): min=371, max=498753, avg=17060.95, stdev=21161.22
    clat percentiles (usec):
     |  1.00th=[   420],  5.00th=[   494], 10.00th=[   529], 20.00th=[   635],
     | 30.00th=[   914], 40.00th=[  7701], 50.00th=[ 10683], 60.00th=[ 16319],
     | 70.00th=[ 21890], 80.00th=[ 29754], 90.00th=[ 41681], 95.00th=[ 53740],
     | 99.00th=[ 79168], 99.50th=[ 93848], 99.90th=[202376], 99.95th=[283116],
     | 99.99th=[463471]
   bw (  KiB/s): min=88064, max=8722213, per=100.00%, avg=538410.11, stdev=110575.08, samples=624
   iops        : min=   86, max= 8516, avg=525.77, stdev=107.96, samples=624
  lat (usec)   : 500=5.78%, 750=20.24%, 1000=4.41%
  lat (msec)   : 2=0.78%, 4=1.91%, 10=15.19%, 20=19.14%, 50=26.26%
  lat (msec)   : 100=5.90%, 250=0.31%, 500=0.09%
  cpu          : usr=0.13%, sys=0.05%, ctx=18538, majf=0, minf=104
  IO depths    : 1=100.0%, 2=0.0%, 4=0.0%, 8=0.0%, 16=0.0%, 32=0.0%, >=64=0.0%
     submit    : 0=0.0%, 4=100.0%, 8=0.0%, 16=0.0%, 32=0.0%, 64=0.0%, >=64=0.0%
     complete  : 0=0.0%, 4=100.0%, 8=0.0%, 16=0.0%, 32=0.0%, 64=0.0%, >=64=0.0%
     issued rwts: total=0,18432,0,0 short=0,0,0,0 dropped=0,0,0,0
     latency   : target=0, window=0, percentile=100.00%, depth=1

Run status group 0 (all jobs):
  WRITE: bw=346MiB/s (363MB/s), 346MiB/s-346MiB/s (363MB/s-363MB/s), io=18.0GiB (19.3GB), run=53209-53209msec
