FUSE_CHECK fstype=fuse.efs-fuse mnt=/tmp/efs-mount
FUSE_OK
sw-1m: (g=0): rw=write, bs=(R) 1024KiB-1024KiB, (W) 1024KiB-1024KiB, (T) 1024KiB-1024KiB, ioengine=psync, iodepth=1
...
fio-3.35
Starting 9 processes
sw-1m: Laying out IO file (1 file / 2048MiB)
sw-1m: Laying out IO file (1 file / 2048MiB)
sw-1m: Laying out IO file (1 file / 2048MiB)
sw-1m: Laying out IO file (1 file / 2048MiB)
sw-1m: Laying out IO file (1 file / 2048MiB)
sw-1m: Laying out IO file (1 file / 2048MiB)
sw-1m: Laying out IO file (1 file / 2048MiB)
sw-1m: Laying out IO file (1 file / 2048MiB)
sw-1m: Laying out IO file (1 file / 2048MiB)

sw-1m: (groupid=0, jobs=9): err= 0: pid=3733863: Sun Aug 30 03:06:15 2026
  write: IOPS=344, BW=345MiB/s (361MB/s)(18.0GiB/53483msec); 0 zone resets
    clat (usec): min=297, max=498173, avg=17119.35, stdev=21249.03
     lat (usec): min=324, max=498199, avg=17151.97, stdev=21245.98
    clat percentiles (usec):
     |  1.00th=[   437],  5.00th=[   498], 10.00th=[   562], 20.00th=[   685],
     | 30.00th=[   938], 40.00th=[  8160], 50.00th=[ 11207], 60.00th=[ 16712],
     | 70.00th=[ 21627], 80.00th=[ 29492], 90.00th=[ 41681], 95.00th=[ 53740],
     | 99.00th=[ 77071], 99.50th=[ 91751], 99.90th=[231736], 99.95th=[329253],
     | 99.99th=[492831]
   bw (  KiB/s): min=88064, max=8738816, per=100.00%, avg=535171.66, stdev=110644.43, samples=626
   iops        : min=   86, max= 8534, avg=522.63, stdev=108.05, samples=626
  lat (usec)   : 500=5.13%, 750=20.20%, 1000=4.73%
  lat (msec)   : 2=0.49%, 4=1.40%, 10=15.02%, 20=20.39%, 50=26.46%
  lat (msec)   : 100=5.83%, 250=0.27%, 500=0.09%
  cpu          : usr=0.13%, sys=0.05%, ctx=18532, majf=0, minf=86
  IO depths    : 1=100.0%, 2=0.0%, 4=0.0%, 8=0.0%, 16=0.0%, 32=0.0%, >=64=0.0%
     submit    : 0=0.0%, 4=100.0%, 8=0.0%, 16=0.0%, 32=0.0%, 64=0.0%, >=64=0.0%
     complete  : 0=0.0%, 4=100.0%, 8=0.0%, 16=0.0%, 32=0.0%, 64=0.0%, >=64=0.0%
     issued rwts: total=0,18432,0,0 short=0,0,0,0 dropped=0,0,0,0
     latency   : target=0, window=0, percentile=100.00%, depth=1

Run status group 0 (all jobs):
  WRITE: bw=345MiB/s (361MB/s), 345MiB/s-345MiB/s (361MB/s-361MB/s), io=18.0GiB (19.3GB), run=53483-53483msec
