FUSE_CHECK fstype=fuse.efs-fuse mnt=/tmp/efs-mount
FUSE_OK
sw-1m: (g=0): rw=write, bs=(R) 1024KiB-1024KiB, (W) 1024KiB-1024KiB, (T) 1024KiB-1024KiB, ioengine=psync, iodepth=1
...
fio-3.35
Starting 9 processes
sw-1m: Laying out IO file (1 file / 2048MiB)
sw-1m: Laying out IO file (1 file / 2048MiB)
sw-1m: Laying out IO file (1 file / 2048MiB)
sw-1m: Laying out IO file (1 file / 2048MiB)
sw-1m: Laying out IO file (1 file / 2048MiB)
sw-1m: Laying out IO file (1 file / 2048MiB)
sw-1m: Laying out IO file (1 file / 2048MiB)
sw-1m: Laying out IO file (1 file / 2048MiB)
sw-1m: Laying out IO file (1 file / 2048MiB)

sw-1m: (groupid=0, jobs=9): err= 0: pid=1602447: Sun Aug 30 03:06:15 2026
  write: IOPS=344, BW=345MiB/s (362MB/s)(18.0GiB/53432msec); 0 zone resets
    clat (usec): min=308, max=475833, avg=17117.59, stdev=21215.89
     lat (usec): min=340, max=475864, avg=17152.04, stdev=21211.47
    clat percentiles (usec):
     |  1.00th=[   449],  5.00th=[   506], 10.00th=[   578], 20.00th=[   717],
     | 30.00th=[   963], 40.00th=[  7963], 50.00th=[ 11207], 60.00th=[ 16712],
     | 70.00th=[ 22152], 80.00th=[ 29492], 90.00th=[ 41681], 95.00th=[ 53216],
     | 99.00th=[ 78119], 99.50th=[ 87557], 99.90th=[217056], 99.95th=[329253],
     | 99.99th=[463471]
   bw (  KiB/s): min=61440, max=8679424, per=100.00%, avg=536264.30, stdev=109723.04, samples=627
   iops        : min=   60, max= 8476, avg=523.62, stdev=107.15, samples=627
  lat (usec)   : 500=4.35%, 750=18.67%, 1000=7.08%
  lat (msec)   : 2=0.62%, 4=1.80%, 10=14.95%, 20=19.57%, 50=26.95%
  lat (msec)   : 100=5.70%, 250=0.21%, 500=0.09%
  cpu          : usr=0.14%, sys=0.05%, ctx=18525, majf=0, minf=102
  IO depths    : 1=100.0%, 2=0.0%, 4=0.0%, 8=0.0%, 16=0.0%, 32=0.0%, >=64=0.0%
     submit    : 0=0.0%, 4=100.0%, 8=0.0%, 16=0.0%, 32=0.0%, 64=0.0%, >=64=0.0%
     complete  : 0=0.0%, 4=100.0%, 8=0.0%, 16=0.0%, 32=0.0%, 64=0.0%, >=64=0.0%
     issued rwts: total=0,18432,0,0 short=0,0,0,0 dropped=0,0,0,0
     latency   : target=0, window=0, percentile=100.00%, depth=1

Run status group 0 (all jobs):
  WRITE: bw=345MiB/s (362MB/s), 345MiB/s-345MiB/s (362MB/s-362MB/s), io=18.0GiB (19.3GB), run=53432-53432msec
