FUSE_CHECK fstype=fuse.efs-fuse mnt=/tmp/efs-mount
FUSE_OK
sw-1m: (g=0): rw=write, bs=(R) 1024KiB-1024KiB, (W) 1024KiB-1024KiB, (T) 1024KiB-1024KiB, ioengine=psync, iodepth=1
...
fio-3.35
Starting 9 processes
sw-1m: Laying out IO file (1 file / 2048MiB)
sw-1m: Laying out IO file (1 file / 2048MiB)
sw-1m: Laying out IO file (1 file / 2048MiB)
sw-1m: Laying out IO file (1 file / 2048MiB)
sw-1m: Laying out IO file (1 file / 2048MiB)
sw-1m: Laying out IO file (1 file / 2048MiB)
sw-1m: Laying out IO file (1 file / 2048MiB)
sw-1m: Laying out IO file (1 file / 2048MiB)
sw-1m: Laying out IO file (1 file / 2048MiB)

sw-1m: (groupid=0, jobs=9): err= 0: pid=1171476: Sun Aug 30 03:06:15 2026
  write: IOPS=344, BW=344MiB/s (361MB/s)(18.0GiB/53577msec); 0 zone resets
    clat (usec): min=302, max=498309, avg=17057.44, stdev=21354.07
     lat (usec): min=330, max=498343, avg=17090.70, stdev=21350.22
    clat percentiles (usec):
     |  1.00th=[   429],  5.00th=[   498], 10.00th=[   537], 20.00th=[   652],
     | 30.00th=[   840], 40.00th=[  7832], 50.00th=[ 11076], 60.00th=[ 16712],
     | 70.00th=[ 22152], 80.00th=[ 29492], 90.00th=[ 41157], 95.00th=[ 53740],
     | 99.00th=[ 80217], 99.50th=[ 92799], 99.90th=[208667], 99.95th=[295699],
     | 99.99th=[492831]
   bw (  KiB/s): min=86016, max=8714240, per=100.00%, avg=536342.24, stdev=110488.37, samples=624
   iops        : min=   84, max= 8510, avg=523.77, stdev=107.90, samples=624
  lat (usec)   : 500=5.50%, 750=21.85%, 1000=3.52%
  lat (msec)   : 2=0.59%, 4=1.77%, 10=14.71%, 20=18.89%, 50=27.17%
  lat (msec)   : 100=5.67%, 250=0.24%, 500=0.09%
  cpu          : usr=0.13%, sys=0.05%, ctx=18557, majf=0, minf=83
  IO depths    : 1=100.0%, 2=0.0%, 4=0.0%, 8=0.0%, 16=0.0%, 32=0.0%, >=64=0.0%
     submit    : 0=0.0%, 4=100.0%, 8=0.0%, 16=0.0%, 32=0.0%, 64=0.0%, >=64=0.0%
     complete  : 0=0.0%, 4=100.0%, 8=0.0%, 16=0.0%, 32=0.0%, 64=0.0%, >=64=0.0%
     issued rwts: total=0,18432,0,0 short=0,0,0,0 dropped=0,0,0,0
     latency   : target=0, window=0, percentile=100.00%, depth=1

Run status group 0 (all jobs):
  WRITE: bw=344MiB/s (361MB/s), 344MiB/s-344MiB/s (361MB/s-361MB/s), io=18.0GiB (19.3GB), run=53577-53577msec
