FUSE_CHECK fstype=fuse.efs-fuse mnt=/tmp/efs-mount
FUSE_OK
sw-1m: (g=0): rw=write, bs=(R) 1024KiB-1024KiB, (W) 1024KiB-1024KiB, (T) 1024KiB-1024KiB, ioengine=psync, iodepth=1
...
fio-3.35
Starting 9 processes
sw-1m: Laying out IO file (1 file / 2048MiB)
sw-1m: Laying out IO file (1 file / 2048MiB)
sw-1m: Laying out IO file (1 file / 2048MiB)
sw-1m: Laying out IO file (1 file / 2048MiB)
sw-1m: Laying out IO file (1 file / 2048MiB)
sw-1m: Laying out IO file (1 file / 2048MiB)
sw-1m: Laying out IO file (1 file / 2048MiB)
sw-1m: Laying out IO file (1 file / 2048MiB)
sw-1m: Laying out IO file (1 file / 2048MiB)

sw-1m: (groupid=0, jobs=9): err= 0: pid=1340510: Sun Aug 30 03:06:15 2026
  write: IOPS=344, BW=345MiB/s (361MB/s)(18.0GiB/53470msec); 0 zone resets
    clat (usec): min=297, max=495831, avg=17088.86, stdev=21518.01
     lat (usec): min=323, max=495858, avg=17122.88, stdev=21513.74
    clat percentiles (usec):
     |  1.00th=[   412],  5.00th=[   486], 10.00th=[   529], 20.00th=[   685],
     | 30.00th=[   840], 40.00th=[  7767], 50.00th=[ 11076], 60.00th=[ 16712],
     | 70.00th=[ 22152], 80.00th=[ 29492], 90.00th=[ 42206], 95.00th=[ 53216],
     | 99.00th=[ 77071], 99.50th=[ 89654], 99.90th=[200279], 99.95th=[362808],
     | 99.99th=[480248]
   bw (  KiB/s): min=92160, max=8708096, per=100.00%, avg=535835.24, stdev=110220.30, samples=626
   iops        : min=   90, max= 8504, avg=523.28, stdev=107.64, samples=626
  lat (usec)   : 500=6.89%, 750=18.77%, 1000=5.57%
  lat (msec)   : 2=0.58%, 4=1.47%, 10=14.46%, 20=19.21%, 50=26.93%
  lat (msec)   : 100=5.75%, 250=0.28%, 500=0.09%
  cpu          : usr=0.14%, sys=0.05%, ctx=18559, majf=0, minf=91
  IO depths    : 1=100.0%, 2=0.0%, 4=0.0%, 8=0.0%, 16=0.0%, 32=0.0%, >=64=0.0%
     submit    : 0=0.0%, 4=100.0%, 8=0.0%, 16=0.0%, 32=0.0%, 64=0.0%, >=64=0.0%
     complete  : 0=0.0%, 4=100.0%, 8=0.0%, 16=0.0%, 32=0.0%, 64=0.0%, >=64=0.0%
     issued rwts: total=0,18432,0,0 short=0,0,0,0 dropped=0,0,0,0
     latency   : target=0, window=0, percentile=100.00%, depth=1

Run status group 0 (all jobs):
  WRITE: bw=345MiB/s (361MB/s), 345MiB/s-345MiB/s (361MB/s-361MB/s), io=18.0GiB (19.3GB), run=53470-53470msec
