FUSE_CHECK fstype=fuse.efs-fuse mnt=/tmp/efs-mount
FUSE_OK
sw-1m: (g=0): rw=write, bs=(R) 1024KiB-1024KiB, (W) 1024KiB-1024KiB, (T) 1024KiB-1024KiB, ioengine=psync, iodepth=1
...
fio-3.35
Starting 9 processes
sw-1m: Laying out IO file (1 file / 2048MiB)
sw-1m: Laying out IO file (1 file / 2048MiB)
sw-1m: Laying out IO file (1 file / 2048MiB)
sw-1m: Laying out IO file (1 file / 2048MiB)
sw-1m: Laying out IO file (1 file / 2048MiB)
sw-1m: Laying out IO file (1 file / 2048MiB)
sw-1m: Laying out IO file (1 file / 2048MiB)
sw-1m: Laying out IO file (1 file / 2048MiB)
sw-1m: Laying out IO file (1 file / 2048MiB)

sw-1m: (groupid=0, jobs=9): err= 0: pid=1230167: Sun Aug 30 03:06:15 2026
  write: IOPS=344, BW=345MiB/s (362MB/s)(18.0GiB/53429msec); 0 zone resets
    clat (usec): min=325, max=484155, avg=16996.75, stdev=21274.61
     lat (usec): min=352, max=484181, avg=17028.56, stdev=21271.69
    clat percentiles (usec):
     |  1.00th=[   412],  5.00th=[   490], 10.00th=[   529], 20.00th=[   685],
     | 30.00th=[   914], 40.00th=[  7701], 50.00th=[ 10945], 60.00th=[ 16581],
     | 70.00th=[ 21890], 80.00th=[ 29230], 90.00th=[ 41681], 95.00th=[ 52691],
     | 99.00th=[ 81265], 99.50th=[ 91751], 99.90th=[235930], 99.95th=[358613],
     | 99.99th=[455082]
   bw (  KiB/s): min=57344, max=8697856, per=100.00%, avg=539555.31, stdev=110499.49, samples=622
   iops        : min=   56, max= 8494, avg=526.87, stdev=107.91, samples=622
  lat (usec)   : 500=6.53%, 750=17.99%, 1000=5.92%
  lat (msec)   : 2=0.76%, 4=1.74%, 10=14.87%, 20=19.54%, 50=26.60%
  lat (msec)   : 100=5.70%, 250=0.26%, 500=0.09%
  cpu          : usr=0.13%, sys=0.05%, ctx=18541, majf=0, minf=87
  IO depths    : 1=100.0%, 2=0.0%, 4=0.0%, 8=0.0%, 16=0.0%, 32=0.0%, >=64=0.0%
     submit    : 0=0.0%, 4=100.0%, 8=0.0%, 16=0.0%, 32=0.0%, 64=0.0%, >=64=0.0%
     complete  : 0=0.0%, 4=100.0%, 8=0.0%, 16=0.0%, 32=0.0%, 64=0.0%, >=64=0.0%
     issued rwts: total=0,18432,0,0 short=0,0,0,0 dropped=0,0,0,0
     latency   : target=0, window=0, percentile=100.00%, depth=1

Run status group 0 (all jobs):
  WRITE: bw=345MiB/s (362MB/s), 345MiB/s-345MiB/s (362MB/s-362MB/s), io=18.0GiB (19.3GB), run=53429-53429msec
