FUSE_CHECK fstype=fuse.efs-fuse mnt=/tmp/efs-mount
FUSE_OK
sw-1m: (g=0): rw=write, bs=(R) 1024KiB-1024KiB, (W) 1024KiB-1024KiB, (T) 1024KiB-1024KiB, ioengine=psync, iodepth=1
...
fio-3.35
Starting 9 processes
sw-1m: Laying out IO file (1 file / 2048MiB)
sw-1m: Laying out IO file (1 file / 2048MiB)
sw-1m: Laying out IO file (1 file / 2048MiB)
sw-1m: Laying out IO file (1 file / 2048MiB)
sw-1m: Laying out IO file (1 file / 2048MiB)
sw-1m: Laying out IO file (1 file / 2048MiB)
sw-1m: Laying out IO file (1 file / 2048MiB)
sw-1m: Laying out IO file (1 file / 2048MiB)
sw-1m: Laying out IO file (1 file / 2048MiB)

sw-1m: (groupid=0, jobs=9): err= 0: pid=952215: Sun Aug 30 03:06:15 2026
  write: IOPS=344, BW=345MiB/s (361MB/s)(18.0GiB/53475msec); 0 zone resets
    clat (usec): min=346, max=471589, avg=17073.60, stdev=20963.06
     lat (usec): min=371, max=471614, avg=17105.25, stdev=20960.45
    clat percentiles (usec):
     |  1.00th=[   412],  5.00th=[   494], 10.00th=[   529], 20.00th=[   619],
     | 30.00th=[  1004], 40.00th=[  7767], 50.00th=[ 10945], 60.00th=[ 16581],
     | 70.00th=[ 21890], 80.00th=[ 29492], 90.00th=[ 42206], 95.00th=[ 53740],
     | 99.00th=[ 79168], 99.50th=[ 93848], 99.90th=[200279], 99.95th=[270533],
     | 99.99th=[446694]
   bw (  KiB/s): min=90112, max=8758480, per=100.00%, avg=536833.51, stdev=110893.83, samples=626
   iops        : min=   88, max= 8546, avg=524.15, stdev=108.20, samples=626
  lat (usec)   : 500=5.49%, 750=22.37%, 1000=2.14%
  lat (msec)   : 2=0.56%, 4=1.63%, 10=15.65%, 20=19.57%, 50=26.49%
  lat (msec)   : 100=5.67%, 250=0.35%, 500=0.08%
  cpu          : usr=0.12%, sys=0.05%, ctx=18530, majf=0, minf=86
  IO depths    : 1=100.0%, 2=0.0%, 4=0.0%, 8=0.0%, 16=0.0%, 32=0.0%, >=64=0.0%
     submit    : 0=0.0%, 4=100.0%, 8=0.0%, 16=0.0%, 32=0.0%, 64=0.0%, >=64=0.0%
     complete  : 0=0.0%, 4=100.0%, 8=0.0%, 16=0.0%, 32=0.0%, 64=0.0%, >=64=0.0%
     issued rwts: total=0,18432,0,0 short=0,0,0,0 dropped=0,0,0,0
     latency   : target=0, window=0, percentile=100.00%, depth=1

Run status group 0 (all jobs):
  WRITE: bw=345MiB/s (361MB/s), 345MiB/s-345MiB/s (361MB/s-361MB/s), io=18.0GiB (19.3GB), run=53475-53475msec
