.Generating reports for 5 profiles, up to 2 parallel jobs
[reports 1/5] 0: OK
[reports 2/5] 1: OK
[reports 3/5] 2: OK
[reports 4/5] 3: OK
[reports 5/5] 4: OK
...Storage coverage: one location; supply --storage-root twice for multi-location comparisons
[1/2] data-buffered-w0-qd1
[2/2] data-direct-w0-qd1
Generating reports for 2 profiles, up to 4 parallel jobs
[reports 1/2] data-buffered-w0-qd1: FAIL
[reports 2/2] data-direct-w0-qd1: FAIL
Results and analysis: /tmp/profile test fs5ihj6f/output/ANALYSIS.md
Storage coverage: one location; supply --storage-root twice for multi-location comparisons
..Storage coverage: one location; supply --storage-root twice for multi-location comparisons
[1/2] data-buffered-w0-qd1
[2/2] data-direct-w0-qd1
Generating reports for 2 profiles, up to 4 parallel jobs
[reports 1/2] data-buffered-w0-qd1: OK
[reports 2/2] data-direct-w0-qd1: OK
Results and analysis: /tmp/profile test nuqpffgb/output/ANALYSIS.md
Storage coverage: one location; supply --storage-root twice for multi-location comparisons
..Reports unavailable: missing: perf.data missing
Generating reports for 0 profiles, up to 4 parallel jobs
....Storage coverage: one location; supply --storage-root twice for multi-location comparisons
[1/2] data-buffered-w0-qd1
[2/2] data-direct-w0-qd1
Generating reports for 2 profiles, up to 4 parallel jobs
[reports 1/2] data-buffered-w0-qd1: FAIL
[reports 2/2] data-direct-w0-qd1: FAIL
Results and analysis: /tmp/profile test xkbcvxty/output/ANALYSIS.md
Storage coverage: one location; supply --storage-root twice for multi-location comparisons
...
----------------------------------------------------------------------
Ran 15 tests in 2.203s

OK
Results and analysis: /tmp/tmp0jrqapmv/ANALYSIS.md
