[raft-host] build 4 nodes (scratch, not live cluster)
[raft-host] build fcstor003
gcc -O3 -g -fno-omit-frame-pointer -march=native -mtune=native -std=c99 -Wall -Wextra -D_GNU_SOURCE -Wno-stringop-truncation -Wno-format-truncation -DEFS_BUILD_ID='"unknown"'  -Iinclude -Isrc/common -Ideps/blake3 -c -o src/server/efsd.o src/server/efsd.c
gcc -O3 -g -fno-omit-frame-pointer -march=native -mtune=native -std=c99 -Wall -Wextra -D_GNU_SOURCE -Wno-stringop-truncation -Wno-format-truncation -DEFS_BUILD_ID='"unknown"'  -Iinclude -Isrc/common -Ideps/blake3 -c -o src/server/store.o src/server/store.c
gcc -O3 -g -fno-omit-frame-pointer -march=native -mtune=native -std=c99 -Wall -Wextra -D_GNU_SOURCE -Wno-stringop-truncation -Wno-format-truncation -DEFS_BUILD_ID='"unknown"'  -Iinclude -Isrc/common -Ideps/blake3 -c -o src/server/store_nvme.o src/server/store_nvme.c
gcc -O3 -g -fno-omit-frame-pointer -march=native -mtune=native -std=c99 -Wall -Wextra -D_GNU_SOURCE -Wno-stringop-truncation -Wno-format-truncation -DEFS_BUILD_ID='"unknown"'  -Iinclude -Isrc/common -Ideps/blake3 -c -o src/server/handler.o src/server/handler.c
gcc -O3 -g -fno-omit-frame-pointer -march=native -mtune=native -std=c99 -Wall -Wextra -D_GNU_SOURCE -Wno-stringop-truncation -Wno-format-truncation -DEFS_BUILD_ID='"unknown"'  -Iinclude -Isrc/common -Ideps/blake3 -c -o src/server/cluster.o src/server/cluster.c
gcc -O3 -g -fno-omit-frame-pointer -march=native -mtune=native -std=c99 -Wall -Wextra -D_GNU_SOURCE -Wno-stringop-truncation -Wno-format-truncation -DEFS_BUILD_ID='"unknown"'  -Iinclude -Isrc/common -Ideps/blake3 -c -o src/server/meta_server.o src/server/meta_server.c
gcc -O3 -g -fno-omit-frame-pointer -march=native -mtune=native -std=c99 -Wall -Wextra -D_GNU_SOURCE -Wno-stringop-truncation -Wno-format-truncation -DEFS_BUILD_ID='"unknown"'  -Iinclude -Isrc/common -Ideps/blake3 -c -o src/server/migrate.o src/server/migrate.c
gcc -O3 -g -fno-omit-frame-pointer -march=native -mtune=native -std=c99 -Wall -Wextra -D_GNU_SOURCE -Wno-stringop-truncation -Wno-format-truncation -DEFS_BUILD_ID='"unknown"'  -Iinclude -Isrc/common -Ideps/blake3 -c -o src/server/peer_pool.o src/server/peer_pool.c
gcc -O3 -g -fno-omit-frame-pointer -march=native -mtune=native -std=c99 -Wall -Wextra -D_GNU_SOURCE -Wno-stringop-truncation -Wno-format-truncation -DEFS_BUILD_ID='"unknown"'  -Iinclude -Isrc/common -Ideps/blake3 -c -o src/server/writer.o src/server/writer.c
gcc -O3 -g -fno-omit-frame-pointer -march=native -mtune=native -std=c99 -Wall -Wextra -D_GNU_SOURCE -Wno-stringop-truncation -Wno-format-truncation -DEFS_BUILD_ID='"unknown"'  -Iinclude -Isrc/common -Ideps/blake3 -c -o src/server/verify.o src/server/verify.c
gcc -O3 -g -fno-omit-frame-pointer -march=native -mtune=native -std=c99 -Wall -Wextra -D_GNU_SOURCE -Wno-stringop-truncation -Wno-format-truncation -DEFS_BUILD_ID='"unknown"'  -Iinclude -Isrc/common -Ideps/blake3 -c -o src/server/bench_local.o src/server/bench_local.c
gcc -O3 -g -fno-omit-frame-pointer -march=native -mtune=native -std=c99 -Wall -Wextra -D_GNU_SOURCE -Wno-stringop-truncation -Wno-format-truncation -DEFS_BUILD_ID='"unknown"'  -Iinclude -Isrc/common -Ideps/blake3 -c -o src/server/raft_host.o src/server/raft_host.c
gcc -O3 -g -fno-omit-frame-pointer -march=native -mtune=native -std=c99 -Wall -Wextra -D_GNU_SOURCE -Wno-stringop-truncation -Wno-format-truncation -DEFS_BUILD_ID='"unknown"'  -Iinclude -Isrc/common -Ideps/blake3 -c -o src/common/common.o src/common/common.c
gcc -O3 -g -fno-omit-frame-pointer -march=native -mtune=native -std=c99 -Wall -Wextra -D_GNU_SOURCE -Wno-stringop-truncation -Wno-format-truncation -DEFS_BUILD_ID='"unknown"'  -Iinclude -Isrc/common -Ideps/blake3 -c -o src/common/protocol.o src/common/protocol.c
gcc -O3 -g -fno-omit-frame-pointer -march=native -mtune=native -std=c99 -Wall -Wextra -D_GNU_SOURCE -Wno-stringop-truncation -Wno-format-truncation -DEFS_BUILD_ID='"unknown"'  -Iinclude -Isrc/common -Ideps/blake3 -c -o src/wire/wire.o src/wire/wire.c
gcc -O3 -g -fno-omit-frame-pointer -march=native -mtune=native -std=c99 -Wall -Wextra -D_GNU_SOURCE -Wno-stringop-truncation -Wno-format-truncation -DEFS_BUILD_ID='"unknown"'  -Iinclude -Isrc/common -Ideps/blake3 -c -o src/data/erasure.o src/data/erasure.c
gcc -O3 -g -fno-omit-frame-pointer -march=native -mtune=native -std=c99 -Wall -Wextra -D_GNU_SOURCE -Wno-stringop-truncation -Wno-format-truncation -DEFS_BUILD_ID='"unknown"'  -Iinclude -Isrc/common -Ideps/blake3 -c -o src/data/store_mem.o src/data/store_mem.c
gcc -O3 -g -fno-omit-frame-pointer -march=native -mtune=native -std=c99 -Wall -Wextra -D_GNU_SOURCE -Wno-stringop-truncation -Wno-format-truncation -DEFS_BUILD_ID='"unknown"'  -Iinclude -Isrc/common -Ideps/blake3 -c -o src/data/transport_loop.o src/data/transport_loop.c
gcc -O3 -g -fno-omit-frame-pointer -march=native -mtune=native -std=c99 -Wall -Wextra -D_GNU_SOURCE -Wno-stringop-truncation -Wno-format-truncation -DEFS_BUILD_ID='"unknown"'  -Iinclude -Isrc/common -Ideps/blake3 -c -o src/data/transport_conn.o src/data/transport_conn.c
gcc -O3 -g -fno-omit-frame-pointer -march=native -mtune=native -std=c99 -Wall -Wextra -D_GNU_SOURCE -Wno-stringop-truncation -Wno-format-truncation -DEFS_BUILD_ID='"unknown"'  -Iinclude -Isrc/common -Ideps/blake3 -c -o src/kv/kv_mem.o src/kv/kv_mem.c
gcc -O3 -g -fno-omit-frame-pointer -march=native -mtune=native -std=c99 -Wall -Wextra -D_GNU_SOURCE -Wno-stringop-truncation -Wno-format-truncation -DEFS_BUILD_ID='"unknown"'  -Iinclude -Isrc/common -Ideps/blake3 -c -o src/kv/kv_key.o src/kv/kv_key.c
gcc -O3 -g -fno-omit-frame-pointer -march=native -mtune=native -std=c99 -Wall -Wextra -D_GNU_SOURCE -Wno-stringop-truncation -Wno-format-truncation -DEFS_BUILD_ID='"unknown"'  -Iinclude -Isrc/common -Ideps/blake3 -c -o src/kv/kv_lsm.o src/kv/kv_lsm.c
gcc -O3 -g -fno-omit-frame-pointer -march=native -mtune=native -std=c99 -Wall -Wextra -D_GNU_SOURCE -Wno-stringop-truncation -Wno-format-truncation -DEFS_BUILD_ID='"unknown"'  -Iinclude -Isrc/common -Ideps/blake3 -c -o src/kv/kv_compact.o src/kv/kv_compact.c
gcc -O3 -g -fno-omit-frame-pointer -march=native -mtune=native -std=c99 -Wall -Wextra -D_GNU_SOURCE -Wno-stringop-truncation -Wno-format-truncation -DEFS_BUILD_ID='"unknown"'  -Iinclude -Isrc/common -Ideps/blake3 -c -o src/kv/kv_wal.o src/kv/kv_wal.c
src/server/handler.c: In function ‘server_handle_conn’:
src/server/handler.c:670:38: warning: comparison is always true due to limited range of data type [-Wtype-limits]
  670 |         if (efs_lock_prof_on && type < 256)
      |                                      ^
gcc -O3 -g -fno-omit-frame-pointer -march=native -mtune=native -std=c99 -Wall -Wextra -D_GNU_SOURCE -Wno-stringop-truncation -Wno-format-truncation -DEFS_BUILD_ID='"unknown"'  -Iinclude -Isrc/common -Ideps/blake3 -c -o src/kv/kv_seg.o src/kv/kv_seg.c
gcc -O3 -g -fno-omit-frame-pointer -march=native -mtune=native -std=c99 -Wall -Wextra -D_GNU_SOURCE -Wno-stringop-truncation -Wno-format-truncation -DEFS_BUILD_ID='"unknown"'  -Iinclude -Isrc/common -Ideps/blake3 -c -o src/meta/metadata.o src/meta/metadata.c
gcc -O3 -g -fno-omit-frame-pointer -march=native -mtune=native -std=c99 -Wall -Wextra -D_GNU_SOURCE -Wno-stringop-truncation -Wno-format-truncation -DEFS_BUILD_ID='"unknown"'  -Iinclude -Isrc/common -Ideps/blake3 -c -o src/meta/meta_apply.o src/meta/meta_apply.c
src/server/raft_host.c: In function ‘host_truncate’:
gcc -O3 -g -fno-omit-frame-pointer -march=native -mtune=native -std=c99 -Wall -Wextra -D_GNU_SOURCE -Wno-stringop-truncation -Wno-format-truncation -DEFS_BUILD_ID='"unknown"'  -Iinclude -Isrc/common -Ideps/blake3 -c -o src/meta/txn.o src/meta/txn.c
src/server/raft_host.c:4014:13: warning: suggest braces around empty body in an ‘if’ statement [-Wempty-body]
 4014 |             ;
      |             ^
gcc -O3 -g -fno-omit-frame-pointer -march=native -mtune=native -std=c99 -Wall -Wextra -D_GNU_SOURCE -Wno-stringop-truncation -Wno-format-truncation -DEFS_BUILD_ID='"unknown"'  -Iinclude -Isrc/common -Ideps/blake3 -c -o src/meta/session.o src/meta/session.c
gcc -O3 -g -fno-omit-frame-pointer -march=native -mtune=native -std=c99 -Wall -Wextra -D_GNU_SOURCE -Wno-stringop-truncation -Wno-format-truncation -DEFS_BUILD_ID='"unknown"'  -Iinclude -Isrc/common -Ideps/blake3 -c -o src/meta/lock.o src/meta/lock.c
gcc -O3 -g -fno-omit-frame-pointer -march=native -mtune=native -std=c99 -Wall -Wextra -D_GNU_SOURCE -Wno-stringop-truncation -Wno-format-truncation -DEFS_BUILD_ID='"unknown"'  -Iinclude -Isrc/common -Ideps/blake3 -c -o src/meta/dir_layout.o src/meta/dir_layout.c
gcc -O3 -g -fno-omit-frame-pointer -march=native -mtune=native -std=c99 -Wall -Wextra -D_GNU_SOURCE -Wno-stringop-truncation -Wno-format-truncation -DEFS_BUILD_ID='"unknown"'  -Iinclude -Isrc/common -Ideps/blake3 -c -o src/sim/opid.o src/sim/opid.c
gcc -O3 -g -fno-omit-frame-pointer -march=native -mtune=native -std=c99 -Wall -Wextra -D_GNU_SOURCE -Wno-stringop-truncation -Wno-format-truncation -DEFS_BUILD_ID='"unknown"'  -Iinclude -Isrc/common -Ideps/blake3 -c -o src/raft/raft.o src/raft/raft.c
gcc -O3 -g -fno-omit-frame-pointer -march=native -mtune=native -std=c99 -Wall -Wextra -D_GNU_SOURCE -Wno-stringop-truncation -Wno-format-truncation -DEFS_BUILD_ID='"unknown"'  -Iinclude -Isrc/common -Ideps/blake3 -c -o src/raft/raft_mem.o src/raft/raft_mem.c
gcc -O3 -g -fno-omit-frame-pointer -march=native -mtune=native -std=c99 -Wall -Wextra -D_GNU_SOURCE -Wno-stringop-truncation -Wno-format-truncation -DEFS_BUILD_ID='"unknown"'  -Iinclude -Isrc/common -Ideps/blake3 -c -o src/raft/raft_disk.o src/raft/raft_disk.c
gcc -O3 -g -fno-omit-frame-pointer -march=native -mtune=native -std=c99 -Wall -Wextra -D_GNU_SOURCE -Wno-stringop-truncation -Wno-format-truncation -DEFS_BUILD_ID='"unknown"'  -Iinclude -Isrc/common -Ideps/blake3 -c -o src/raft/raft_log.o src/raft/raft_log.c
gcc -O3 -g -fno-omit-frame-pointer -march=native -mtune=native -std=c99 -Wall -Wextra -D_GNU_SOURCE -Wno-stringop-truncation -Wno-format-truncation -DEFS_BUILD_ID='"unknown"'  -Iinclude -Isrc/common -Ideps/blake3 -c -o src/common/placement.o src/common/placement.c
gcc -O3 -g -fno-omit-frame-pointer -march=native -mtune=native -std=c99 -Wall -Wextra -D_GNU_SOURCE -Wno-stringop-truncation -Wno-format-truncation -DEFS_BUILD_ID='"unknown"'  -Iinclude -Isrc/common -Ideps/blake3 -c -o src/common/checksum.o src/common/checksum.c
gcc -O3 -g -fno-omit-frame-pointer -march=native -mtune=native -std=c99 -Wall -Wextra -D_GNU_SOURCE -Wno-stringop-truncation -Wno-format-truncation -DEFS_BUILD_ID='"unknown"'  -Iinclude -Isrc/common -Ideps/blake3 -c -o src/common/network.o src/common/network.c
gcc -O3 -g -fno-omit-frame-pointer -march=native -mtune=native -std=c99 -Wall -Wextra -D_GNU_SOURCE -Wno-stringop-truncation -Wno-format-truncation -DEFS_BUILD_ID='"unknown"'  -Iinclude -Isrc/common -Ideps/blake3 -c -o src/common/rdma.o src/common/rdma.c
src/meta/metadata.c:5179:15: warning: ‘dentry_bytes_for’ defined but not used [-Wunused-function]
 5179 | static size_t dentry_bytes_for(const struct efs_export *ex, uint64_t extra_inodes)
      |               ^~~~~~~~~~~~~~~~
src/meta/metadata.c:3133:13: warning: ‘tab_unlink_ino’ defined but not used [-Wunused-function]
 3133 | static void tab_unlink_ino(struct efs_export *tab, efs_ino_t ino, uint32_t nlink)
      |             ^~~~~~~~~~~~~~
gcc -O3 -g -fno-omit-frame-pointer -march=native -mtune=native -std=c99 -Wall -Wextra -D_GNU_SOURCE -Wno-stringop-truncation -Wno-format-truncation -DEFS_BUILD_ID='"unknown"'  -Iinclude -Isrc/common -Ideps/blake3 -c -o deps/blake3/blake3.o deps/blake3/blake3.c
gcc -O3 -g -fno-omit-frame-pointer -march=native -mtune=native -std=c99 -Wall -Wextra -D_GNU_SOURCE -Wno-stringop-truncation -Wno-format-truncation -DEFS_BUILD_ID='"unknown"'  -Iinclude -Isrc/common -Ideps/blake3 -c -o deps/blake3/blake3_portable.o deps/blake3/blake3_portable.c
gcc -O3 -g -fno-omit-frame-pointer -march=native -mtune=native -std=c99 -Wall -Wextra -D_GNU_SOURCE -Wno-stringop-truncation -Wno-format-truncation -DEFS_BUILD_ID='"unknown"'  -Iinclude -Isrc/common -Ideps/blake3 -c -o deps/blake3/blake3_dispatch.o deps/blake3/blake3_dispatch.c
gcc -O3 -g -fno-omit-frame-pointer -march=native -mtune=native -std=c99 -Wall -Wextra -D_GNU_SOURCE -Wno-stringop-truncation -Wno-format-truncation -DEFS_BUILD_ID='"unknown"'  -Iinclude -Isrc/common -Ideps/blake3 -msse2 -c -o deps/blake3/blake3_sse2.o deps/blake3/blake3_sse2.c
gcc -O3 -g -fno-omit-frame-pointer -march=native -mtune=native -std=c99 -Wall -Wextra -D_GNU_SOURCE -Wno-stringop-truncation -Wno-format-truncation -DEFS_BUILD_ID='"unknown"'  -Iinclude -Isrc/common -Ideps/blake3 -msse4.1 -c -o deps/blake3/blake3_sse41.o deps/blake3/blake3_sse41.c
gcc -O3 -g -fno-omit-frame-pointer -march=native -mtune=native -std=c99 -Wall -Wextra -D_GNU_SOURCE -Wno-stringop-truncation -Wno-format-truncation -DEFS_BUILD_ID='"unknown"'  -Iinclude -Isrc/common -Ideps/blake3 -mavx2 -maes -c -o deps/blake3/blake3_avx2.o deps/blake3/blake3_avx2.c
gcc -O3 -g -fno-omit-frame-pointer -march=native -mtune=native -std=c99 -Wall -Wextra -D_GNU_SOURCE -Wno-stringop-truncation -Wno-format-truncation -DEFS_BUILD_ID='"unknown"'  -Iinclude -Isrc/common -Ideps/blake3 -mavx512f -mavx512vl -c -o deps/blake3/blake3_avx512.o deps/blake3/blake3_avx512.c
gcc -O3 -g -fno-omit-frame-pointer -march=native -mtune=native -std=c99 -Wall -Wextra -D_GNU_SOURCE -Wno-stringop-truncation -Wno-format-truncation -DEFS_BUILD_ID='"unknown"'  -Iinclude -Isrc/common -Ideps/blake3 -c -o src/client/client.o src/client/client.c
gcc -O3 -g -fno-omit-frame-pointer -march=native -mtune=native -std=c99 -Wall -Wextra -D_GNU_SOURCE -Wno-stringop-truncation -Wno-format-truncation -DEFS_BUILD_ID='"unknown"'  -Iinclude -Isrc/common -Ideps/blake3 -c -o src/client/ops.o src/client/ops.c
gcc -O3 -g -fno-omit-frame-pointer -march=native -mtune=native -std=c99 -Wall -Wextra -D_GNU_SOURCE -Wno-stringop-truncation -Wno-format-truncation -DEFS_BUILD_ID='"unknown"'  -Iinclude -Isrc/common -Ideps/blake3 -c -o src/client/read.o src/client/read.c
gcc -O3 -g -fno-omit-frame-pointer -march=native -mtune=native -std=c99 -Wall -Wextra -D_GNU_SOURCE -Wno-stringop-truncation -Wno-format-truncation -DEFS_BUILD_ID='"unknown"'  -Iinclude -Isrc/common -Ideps/blake3 -c -o src/client/write.o src/client/write.c
gcc -O3 -g -fno-omit-frame-pointer -march=native -mtune=native -std=c99 -Wall -Wextra -D_GNU_SOURCE -Wno-stringop-truncation -Wno-format-truncation -DEFS_BUILD_ID='"unknown"'  -Iinclude -Isrc/common -Ideps/blake3 -c -o src/client/bufpool.o src/client/bufpool.c
gcc -O3 -g -fno-omit-frame-pointer -march=native -mtune=native -std=c99 -Wall -Wextra -D_GNU_SOURCE -Wno-stringop-truncation -Wno-format-truncation -DEFS_BUILD_ID='"unknown"'  -Iinclude -Isrc/common -Ideps/blake3 -c -o src/client/inode_rpc.o src/client/inode_rpc.c
gcc -O3 -g -fno-omit-frame-pointer -march=native -mtune=native -std=c99 -Wall -Wextra -D_GNU_SOURCE -Wno-stringop-truncation -Wno-format-truncation -DEFS_BUILD_ID='"unknown"'  -Iinclude -Isrc/common -Ideps/blake3 -c -o src/client/node_cache.o src/client/node_cache.c
gcc -O3 -g -fno-omit-frame-pointer -march=native -mtune=native -std=c99 -Wall -Wextra -D_GNU_SOURCE -Wno-stringop-truncation -Wno-format-truncation -DEFS_BUILD_ID='"unknown"'  -Iinclude -Isrc/common -Ideps/blake3 -c -o src/mgmt/efs_mgmt.o src/mgmt/efs_mgmt.c
src/client/inode_rpc.c: In function ‘rpc_prof_add’:
src/client/inode_rpc.c:55:18: warning: comparison is always true due to limited range of data type [-Wtype-limits]
   55 |         if (type < 256)
      |                  ^
src/client/inode_rpc.c:60:14: warning: comparison is always true due to limited range of data type [-Wtype-limits]
   60 |     if (type < 256) {
      |              ^
ar rcs libefs.a src/common/common.o src/common/protocol.o src/wire/wire.o src/data/erasure.o src/data/store_mem.o src/data/transport_loop.o src/data/transport_conn.o src/kv/kv_mem.o src/kv/kv_key.o src/kv/kv_lsm.o src/kv/kv_compact.o src/kv/kv_wal.o src/kv/kv_seg.o src/meta/metadata.o src/meta/meta_apply.o src/meta/txn.o src/meta/session.o src/meta/lock.o src/meta/dir_layout.o src/sim/opid.o src/raft/raft.o src/raft/raft_mem.o src/raft/raft_disk.o src/raft/raft_log.o src/common/placement.o src/common/checksum.o src/common/network.o src/common/rdma.o deps/blake3/blake3.o deps/blake3/blake3_portable.o deps/blake3/blake3_dispatch.o deps/blake3/blake3_sse2.o deps/blake3/blake3_sse41.o deps/blake3/blake3_avx2.o deps/blake3/blake3_avx512.o src/client/client.o src/client/ops.o src/client/read.o src/client/write.o src/client/bufpool.o src/client/inode_rpc.o src/client/node_cache.o
gcc -O3 -g -fno-omit-frame-pointer -march=native -mtune=native -std=c99 -Wall -Wextra -D_GNU_SOURCE -Wno-stringop-truncation -Wno-format-truncation -DEFS_BUILD_ID='"unknown"'  -Iinclude -Isrc/common -Ideps/blake3 -o efsd src/server/efsd.o src/server/store.o src/server/store_nvme.o src/server/handler.o src/server/cluster.o src/server/meta_server.o src/server/migrate.o src/server/peer_pool.o src/server/writer.o src/server/verify.o src/server/bench_local.o src/server/raft_host.o libefs.a -lpthread -lm -ldl -libverbs
gcc -O3 -g -fno-omit-frame-pointer -march=native -mtune=native -std=c99 -Wall -Wextra -D_GNU_SOURCE -Wno-stringop-truncation -Wno-format-truncation -DEFS_BUILD_ID='"unknown"'  -Iinclude -Isrc/common -Ideps/blake3 -o efs-mgmt src/mgmt/efs_mgmt.o libefs.a -lpthread -lm -ldl -libverbs
gcc -O3 -g -fno-omit-frame-pointer -march=native -mtune=native -std=c99 -Wall -Wextra -D_GNU_SOURCE -Wno-stringop-truncation -Wno-format-truncation -DEFS_BUILD_ID='"unknown"'  -Iinclude -Isrc/common -Ideps/blake3 -I. -o tests/test_wire tests/test_wire.c libefs.a -lpthread -lm -ldl -libverbs
gcc -O3 -g -fno-omit-frame-pointer -march=native -mtune=native -std=c99 -Wall -Wextra -D_GNU_SOURCE -Wno-stringop-truncation -Wno-format-truncation -DEFS_BUILD_ID='"unknown"'  -Iinclude -Isrc/common -Ideps/blake3 -I. -o tests/test_meta_apply tests/test_meta_apply.c libefs.a -lpthread -lm -ldl -libverbs
test_wire: OK
test_meta_apply: OK
[raft-host] build fcstor004
gcc -O3 -g -fno-omit-frame-pointer -march=native -mtune=native -std=c99 -Wall -Wextra -D_GNU_SOURCE -Wno-stringop-truncation -Wno-format-truncation -DEFS_BUILD_ID='"unknown"'  -Iinclude -Isrc/common -Ideps/blake3 -c -o src/server/efsd.o src/server/efsd.c
gcc -O3 -g -fno-omit-frame-pointer -march=native -mtune=native -std=c99 -Wall -Wextra -D_GNU_SOURCE -Wno-stringop-truncation -Wno-format-truncation -DEFS_BUILD_ID='"unknown"'  -Iinclude -Isrc/common -Ideps/blake3 -c -o src/server/store.o src/server/store.c
gcc -O3 -g -fno-omit-frame-pointer -march=native -mtune=native -std=c99 -Wall -Wextra -D_GNU_SOURCE -Wno-stringop-truncation -Wno-format-truncation -DEFS_BUILD_ID='"unknown"'  -Iinclude -Isrc/common -Ideps/blake3 -c -o src/server/store_nvme.o src/server/store_nvme.c
gcc -O3 -g -fno-omit-frame-pointer -march=native -mtune=native -std=c99 -Wall -Wextra -D_GNU_SOURCE -Wno-stringop-truncation -Wno-format-truncation -DEFS_BUILD_ID='"unknown"'  -Iinclude -Isrc/common -Ideps/blake3 -c -o src/server/handler.o src/server/handler.c
gcc -O3 -g -fno-omit-frame-pointer -march=native -mtune=native -std=c99 -Wall -Wextra -D_GNU_SOURCE -Wno-stringop-truncation -Wno-format-truncation -DEFS_BUILD_ID='"unknown"'  -Iinclude -Isrc/common -Ideps/blake3 -c -o src/server/cluster.o src/server/cluster.c
gcc -O3 -g -fno-omit-frame-pointer -march=native -mtune=native -std=c99 -Wall -Wextra -D_GNU_SOURCE -Wno-stringop-truncation -Wno-format-truncation -DEFS_BUILD_ID='"unknown"'  -Iinclude -Isrc/common -Ideps/blake3 -c -o src/server/meta_server.o src/server/meta_server.c
gcc -O3 -g -fno-omit-frame-pointer -march=native -mtune=native -std=c99 -Wall -Wextra -D_GNU_SOURCE -Wno-stringop-truncation -Wno-format-truncation -DEFS_BUILD_ID='"unknown"'  -Iinclude -Isrc/common -Ideps/blake3 -c -o src/server/migrate.o src/server/migrate.c
gcc -O3 -g -fno-omit-frame-pointer -march=native -mtune=native -std=c99 -Wall -Wextra -D_GNU_SOURCE -Wno-stringop-truncation -Wno-format-truncation -DEFS_BUILD_ID='"unknown"'  -Iinclude -Isrc/common -Ideps/blake3 -c -o src/server/peer_pool.o src/server/peer_pool.c
gcc -O3 -g -fno-omit-frame-pointer -march=native -mtune=native -std=c99 -Wall -Wextra -D_GNU_SOURCE -Wno-stringop-truncation -Wno-format-truncation -DEFS_BUILD_ID='"unknown"'  -Iinclude -Isrc/common -Ideps/blake3 -c -o src/server/writer.o src/server/writer.c
gcc -O3 -g -fno-omit-frame-pointer -march=native -mtune=native -std=c99 -Wall -Wextra -D_GNU_SOURCE -Wno-stringop-truncation -Wno-format-truncation -DEFS_BUILD_ID='"unknown"'  -Iinclude -Isrc/common -Ideps/blake3 -c -o src/server/verify.o src/server/verify.c
gcc -O3 -g -fno-omit-frame-pointer -march=native -mtune=native -std=c99 -Wall -Wextra -D_GNU_SOURCE -Wno-stringop-truncation -Wno-format-truncation -DEFS_BUILD_ID='"unknown"'  -Iinclude -Isrc/common -Ideps/blake3 -c -o src/server/bench_local.o src/server/bench_local.c
gcc -O3 -g -fno-omit-frame-pointer -march=native -mtune=native -std=c99 -Wall -Wextra -D_GNU_SOURCE -Wno-stringop-truncation -Wno-format-truncation -DEFS_BUILD_ID='"unknown"'  -Iinclude -Isrc/common -Ideps/blake3 -c -o src/server/raft_host.o src/server/raft_host.c
gcc -O3 -g -fno-omit-frame-pointer -march=native -mtune=native -std=c99 -Wall -Wextra -D_GNU_SOURCE -Wno-stringop-truncation -Wno-format-truncation -DEFS_BUILD_ID='"unknown"'  -Iinclude -Isrc/common -Ideps/blake3 -c -o src/common/common.o src/common/common.c
gcc -O3 -g -fno-omit-frame-pointer -march=native -mtune=native -std=c99 -Wall -Wextra -D_GNU_SOURCE -Wno-stringop-truncation -Wno-format-truncation -DEFS_BUILD_ID='"unknown"'  -Iinclude -Isrc/common -Ideps/blake3 -c -o src/common/protocol.o src/common/protocol.c
gcc -O3 -g -fno-omit-frame-pointer -march=native -mtune=native -std=c99 -Wall -Wextra -D_GNU_SOURCE -Wno-stringop-truncation -Wno-format-truncation -DEFS_BUILD_ID='"unknown"'  -Iinclude -Isrc/common -Ideps/blake3 -c -o src/wire/wire.o src/wire/wire.c
gcc -O3 -g -fno-omit-frame-pointer -march=native -mtune=native -std=c99 -Wall -Wextra -D_GNU_SOURCE -Wno-stringop-truncation -Wno-format-truncation -DEFS_BUILD_ID='"unknown"'  -Iinclude -Isrc/common -Ideps/blake3 -c -o src/data/erasure.o src/data/erasure.c
gcc -O3 -g -fno-omit-frame-pointer -march=native -mtune=native -std=c99 -Wall -Wextra -D_GNU_SOURCE -Wno-stringop-truncation -Wno-format-truncation -DEFS_BUILD_ID='"unknown"'  -Iinclude -Isrc/common -Ideps/blake3 -c -o src/data/store_mem.o src/data/store_mem.c
gcc -O3 -g -fno-omit-frame-pointer -march=native -mtune=native -std=c99 -Wall -Wextra -D_GNU_SOURCE -Wno-stringop-truncation -Wno-format-truncation -DEFS_BUILD_ID='"unknown"'  -Iinclude -Isrc/common -Ideps/blake3 -c -o src/data/transport_loop.o src/data/transport_loop.c
gcc -O3 -g -fno-omit-frame-pointer -march=native -mtune=native -std=c99 -Wall -Wextra -D_GNU_SOURCE -Wno-stringop-truncation -Wno-format-truncation -DEFS_BUILD_ID='"unknown"'  -Iinclude -Isrc/common -Ideps/blake3 -c -o src/data/transport_conn.o src/data/transport_conn.c
gcc -O3 -g -fno-omit-frame-pointer -march=native -mtune=native -std=c99 -Wall -Wextra -D_GNU_SOURCE -Wno-stringop-truncation -Wno-format-truncation -DEFS_BUILD_ID='"unknown"'  -Iinclude -Isrc/common -Ideps/blake3 -c -o src/kv/kv_mem.o src/kv/kv_mem.c
gcc -O3 -g -fno-omit-frame-pointer -march=native -mtune=native -std=c99 -Wall -Wextra -D_GNU_SOURCE -Wno-stringop-truncation -Wno-format-truncation -DEFS_BUILD_ID='"unknown"'  -Iinclude -Isrc/common -Ideps/blake3 -c -o src/kv/kv_key.o src/kv/kv_key.c
gcc -O3 -g -fno-omit-frame-pointer -march=native -mtune=native -std=c99 -Wall -Wextra -D_GNU_SOURCE -Wno-stringop-truncation -Wno-format-truncation -DEFS_BUILD_ID='"unknown"'  -Iinclude -Isrc/common -Ideps/blake3 -c -o src/kv/kv_lsm.o src/kv/kv_lsm.c
gcc -O3 -g -fno-omit-frame-pointer -march=native -mtune=native -std=c99 -Wall -Wextra -D_GNU_SOURCE -Wno-stringop-truncation -Wno-format-truncation -DEFS_BUILD_ID='"unknown"'  -Iinclude -Isrc/common -Ideps/blake3 -c -o src/kv/kv_compact.o src/kv/kv_compact.c
gcc -O3 -g -fno-omit-frame-pointer -march=native -mtune=native -std=c99 -Wall -Wextra -D_GNU_SOURCE -Wno-stringop-truncation -Wno-format-truncation -DEFS_BUILD_ID='"unknown"'  -Iinclude -Isrc/common -Ideps/blake3 -c -o src/kv/kv_wal.o src/kv/kv_wal.c
src/server/handler.c: In function ‘server_handle_conn’:
src/server/handler.c:670:38: warning: comparison is always true due to limited range of data type [-Wtype-limits]
  670 |         if (efs_lock_prof_on && type < 256)
      |                                      ^
gcc -O3 -g -fno-omit-frame-pointer -march=native -mtune=native -std=c99 -Wall -Wextra -D_GNU_SOURCE -Wno-stringop-truncation -Wno-format-truncation -DEFS_BUILD_ID='"unknown"'  -Iinclude -Isrc/common -Ideps/blake3 -c -o src/kv/kv_seg.o src/kv/kv_seg.c
gcc -O3 -g -fno-omit-frame-pointer -march=native -mtune=native -std=c99 -Wall -Wextra -D_GNU_SOURCE -Wno-stringop-truncation -Wno-format-truncation -DEFS_BUILD_ID='"unknown"'  -Iinclude -Isrc/common -Ideps/blake3 -c -o src/meta/metadata.o src/meta/metadata.c
gcc -O3 -g -fno-omit-frame-pointer -march=native -mtune=native -std=c99 -Wall -Wextra -D_GNU_SOURCE -Wno-stringop-truncation -Wno-format-truncation -DEFS_BUILD_ID='"unknown"'  -Iinclude -Isrc/common -Ideps/blake3 -c -o src/meta/meta_apply.o src/meta/meta_apply.c
src/server/raft_host.c: In function ‘host_truncate’:
src/server/raft_host.c:4014:13: warning: suggest braces around empty body in an ‘if’ statement [-Wempty-body]
 4014 |             ;
      |             ^
gcc -O3 -g -fno-omit-frame-pointer -march=native -mtune=native -std=c99 -Wall -Wextra -D_GNU_SOURCE -Wno-stringop-truncation -Wno-format-truncation -DEFS_BUILD_ID='"unknown"'  -Iinclude -Isrc/common -Ideps/blake3 -c -o src/meta/txn.o src/meta/txn.c
gcc -O3 -g -fno-omit-frame-pointer -march=native -mtune=native -std=c99 -Wall -Wextra -D_GNU_SOURCE -Wno-stringop-truncation -Wno-format-truncation -DEFS_BUILD_ID='"unknown"'  -Iinclude -Isrc/common -Ideps/blake3 -c -o src/meta/session.o src/meta/session.c
gcc -O3 -g -fno-omit-frame-pointer -march=native -mtune=native -std=c99 -Wall -Wextra -D_GNU_SOURCE -Wno-stringop-truncation -Wno-format-truncation -DEFS_BUILD_ID='"unknown"'  -Iinclude -Isrc/common -Ideps/blake3 -c -o src/meta/lock.o src/meta/lock.c
gcc -O3 -g -fno-omit-frame-pointer -march=native -mtune=native -std=c99 -Wall -Wextra -D_GNU_SOURCE -Wno-stringop-truncation -Wno-format-truncation -DEFS_BUILD_ID='"unknown"'  -Iinclude -Isrc/common -Ideps/blake3 -c -o src/meta/dir_layout.o src/meta/dir_layout.c
gcc -O3 -g -fno-omit-frame-pointer -march=native -mtune=native -std=c99 -Wall -Wextra -D_GNU_SOURCE -Wno-stringop-truncation -Wno-format-truncation -DEFS_BUILD_ID='"unknown"'  -Iinclude -Isrc/common -Ideps/blake3 -c -o src/sim/opid.o src/sim/opid.c
gcc -O3 -g -fno-omit-frame-pointer -march=native -mtune=native -std=c99 -Wall -Wextra -D_GNU_SOURCE -Wno-stringop-truncation -Wno-format-truncation -DEFS_BUILD_ID='"unknown"'  -Iinclude -Isrc/common -Ideps/blake3 -c -o src/raft/raft.o src/raft/raft.c
gcc -O3 -g -fno-omit-frame-pointer -march=native -mtune=native -std=c99 -Wall -Wextra -D_GNU_SOURCE -Wno-stringop-truncation -Wno-format-truncation -DEFS_BUILD_ID='"unknown"'  -Iinclude -Isrc/common -Ideps/blake3 -c -o src/raft/raft_mem.o src/raft/raft_mem.c
gcc -O3 -g -fno-omit-frame-pointer -march=native -mtune=native -std=c99 -Wall -Wextra -D_GNU_SOURCE -Wno-stringop-truncation -Wno-format-truncation -DEFS_BUILD_ID='"unknown"'  -Iinclude -Isrc/common -Ideps/blake3 -c -o src/raft/raft_disk.o src/raft/raft_disk.c
gcc -O3 -g -fno-omit-frame-pointer -march=native -mtune=native -std=c99 -Wall -Wextra -D_GNU_SOURCE -Wno-stringop-truncation -Wno-format-truncation -DEFS_BUILD_ID='"unknown"'  -Iinclude -Isrc/common -Ideps/blake3 -c -o src/raft/raft_log.o src/raft/raft_log.c
gcc -O3 -g -fno-omit-frame-pointer -march=native -mtune=native -std=c99 -Wall -Wextra -D_GNU_SOURCE -Wno-stringop-truncation -Wno-format-truncation -DEFS_BUILD_ID='"unknown"'  -Iinclude -Isrc/common -Ideps/blake3 -c -o src/common/placement.o src/common/placement.c
gcc -O3 -g -fno-omit-frame-pointer -march=native -mtune=native -std=c99 -Wall -Wextra -D_GNU_SOURCE -Wno-stringop-truncation -Wno-format-truncation -DEFS_BUILD_ID='"unknown"'  -Iinclude -Isrc/common -Ideps/blake3 -c -o src/common/checksum.o src/common/checksum.c
gcc -O3 -g -fno-omit-frame-pointer -march=native -mtune=native -std=c99 -Wall -Wextra -D_GNU_SOURCE -Wno-stringop-truncation -Wno-format-truncation -DEFS_BUILD_ID='"unknown"'  -Iinclude -Isrc/common -Ideps/blake3 -c -o src/common/network.o src/common/network.c
gcc -O3 -g -fno-omit-frame-pointer -march=native -mtune=native -std=c99 -Wall -Wextra -D_GNU_SOURCE -Wno-stringop-truncation -Wno-format-truncation -DEFS_BUILD_ID='"unknown"'  -Iinclude -Isrc/common -Ideps/blake3 -c -o src/common/rdma.o src/common/rdma.c
src/meta/metadata.c:5179:15: warning: ‘dentry_bytes_for’ defined but not used [-Wunused-function]
 5179 | static size_t dentry_bytes_for(const struct efs_export *ex, uint64_t extra_inodes)
      |               ^~~~~~~~~~~~~~~~
gcc -O3 -g -fno-omit-frame-pointer -march=native -mtune=native -std=c99 -Wall -Wextra -D_GNU_SOURCE -Wno-stringop-truncation -Wno-format-truncation -DEFS_BUILD_ID='"unknown"'  -Iinclude -Isrc/common -Ideps/blake3 -c -o deps/blake3/blake3.o deps/blake3/blake3.c
src/meta/metadata.c:3133:13: warning: ‘tab_unlink_ino’ defined but not used [-Wunused-function]
 3133 | static void tab_unlink_ino(struct efs_export *tab, efs_ino_t ino, uint32_t nlink)
      |             ^~~~~~~~~~~~~~
gcc -O3 -g -fno-omit-frame-pointer -march=native -mtune=native -std=c99 -Wall -Wextra -D_GNU_SOURCE -Wno-stringop-truncation -Wno-format-truncation -DEFS_BUILD_ID='"unknown"'  -Iinclude -Isrc/common -Ideps/blake3 -c -o deps/blake3/blake3_portable.o deps/blake3/blake3_portable.c
gcc -O3 -g -fno-omit-frame-pointer -march=native -mtune=native -std=c99 -Wall -Wextra -D_GNU_SOURCE -Wno-stringop-truncation -Wno-format-truncation -DEFS_BUILD_ID='"unknown"'  -Iinclude -Isrc/common -Ideps/blake3 -c -o deps/blake3/blake3_dispatch.o deps/blake3/blake3_dispatch.c
gcc -O3 -g -fno-omit-frame-pointer -march=native -mtune=native -std=c99 -Wall -Wextra -D_GNU_SOURCE -Wno-stringop-truncation -Wno-format-truncation -DEFS_BUILD_ID='"unknown"'  -Iinclude -Isrc/common -Ideps/blake3 -msse2 -c -o deps/blake3/blake3_sse2.o deps/blake3/blake3_sse2.c
gcc -O3 -g -fno-omit-frame-pointer -march=native -mtune=native -std=c99 -Wall -Wextra -D_GNU_SOURCE -Wno-stringop-truncation -Wno-format-truncation -DEFS_BUILD_ID='"unknown"'  -Iinclude -Isrc/common -Ideps/blake3 -msse4.1 -c -o deps/blake3/blake3_sse41.o deps/blake3/blake3_sse41.c
gcc -O3 -g -fno-omit-frame-pointer -march=native -mtune=native -std=c99 -Wall -Wextra -D_GNU_SOURCE -Wno-stringop-truncation -Wno-format-truncation -DEFS_BUILD_ID='"unknown"'  -Iinclude -Isrc/common -Ideps/blake3 -mavx2 -maes -c -o deps/blake3/blake3_avx2.o deps/blake3/blake3_avx2.c
gcc -O3 -g -fno-omit-frame-pointer -march=native -mtune=native -std=c99 -Wall -Wextra -D_GNU_SOURCE -Wno-stringop-truncation -Wno-format-truncation -DEFS_BUILD_ID='"unknown"'  -Iinclude -Isrc/common -Ideps/blake3 -mavx512f -mavx512vl -c -o deps/blake3/blake3_avx512.o deps/blake3/blake3_avx512.c
gcc -O3 -g -fno-omit-frame-pointer -march=native -mtune=native -std=c99 -Wall -Wextra -D_GNU_SOURCE -Wno-stringop-truncation -Wno-format-truncation -DEFS_BUILD_ID='"unknown"'  -Iinclude -Isrc/common -Ideps/blake3 -c -o src/client/client.o src/client/client.c
gcc -O3 -g -fno-omit-frame-pointer -march=native -mtune=native -std=c99 -Wall -Wextra -D_GNU_SOURCE -Wno-stringop-truncation -Wno-format-truncation -DEFS_BUILD_ID='"unknown"'  -Iinclude -Isrc/common -Ideps/blake3 -c -o src/client/ops.o src/client/ops.c
gcc -O3 -g -fno-omit-frame-pointer -march=native -mtune=native -std=c99 -Wall -Wextra -D_GNU_SOURCE -Wno-stringop-truncation -Wno-format-truncation -DEFS_BUILD_ID='"unknown"'  -Iinclude -Isrc/common -Ideps/blake3 -c -o src/client/read.o src/client/read.c
gcc -O3 -g -fno-omit-frame-pointer -march=native -mtune=native -std=c99 -Wall -Wextra -D_GNU_SOURCE -Wno-stringop-truncation -Wno-format-truncation -DEFS_BUILD_ID='"unknown"'  -Iinclude -Isrc/common -Ideps/blake3 -c -o src/client/write.o src/client/write.c
gcc -O3 -g -fno-omit-frame-pointer -march=native -mtune=native -std=c99 -Wall -Wextra -D_GNU_SOURCE -Wno-stringop-truncation -Wno-format-truncation -DEFS_BUILD_ID='"unknown"'  -Iinclude -Isrc/common -Ideps/blake3 -c -o src/client/bufpool.o src/client/bufpool.c
gcc -O3 -g -fno-omit-frame-pointer -march=native -mtune=native -std=c99 -Wall -Wextra -D_GNU_SOURCE -Wno-stringop-truncation -Wno-format-truncation -DEFS_BUILD_ID='"unknown"'  -Iinclude -Isrc/common -Ideps/blake3 -c -o src/client/inode_rpc.o src/client/inode_rpc.c
gcc -O3 -g -fno-omit-frame-pointer -march=native -mtune=native -std=c99 -Wall -Wextra -D_GNU_SOURCE -Wno-stringop-truncation -Wno-format-truncation -DEFS_BUILD_ID='"unknown"'  -Iinclude -Isrc/common -Ideps/blake3 -c -o src/client/node_cache.o src/client/node_cache.c
gcc -O3 -g -fno-omit-frame-pointer -march=native -mtune=native -std=c99 -Wall -Wextra -D_GNU_SOURCE -Wno-stringop-truncation -Wno-format-truncation -DEFS_BUILD_ID='"unknown"'  -Iinclude -Isrc/common -Ideps/blake3 -c -o src/mgmt/efs_mgmt.o src/mgmt/efs_mgmt.c
src/client/inode_rpc.c: In function ‘rpc_prof_add’:
src/client/inode_rpc.c:55:18: warning: comparison is always true due to limited range of data type [-Wtype-limits]
   55 |         if (type < 256)
      |                  ^
src/client/inode_rpc.c:60:14: warning: comparison is always true due to limited range of data type [-Wtype-limits]
   60 |     if (type < 256) {
      |              ^
ar rcs libefs.a src/common/common.o src/common/protocol.o src/wire/wire.o src/data/erasure.o src/data/store_mem.o src/data/transport_loop.o src/data/transport_conn.o src/kv/kv_mem.o src/kv/kv_key.o src/kv/kv_lsm.o src/kv/kv_compact.o src/kv/kv_wal.o src/kv/kv_seg.o src/meta/metadata.o src/meta/meta_apply.o src/meta/txn.o src/meta/session.o src/meta/lock.o src/meta/dir_layout.o src/sim/opid.o src/raft/raft.o src/raft/raft_mem.o src/raft/raft_disk.o src/raft/raft_log.o src/common/placement.o src/common/checksum.o src/common/network.o src/common/rdma.o deps/blake3/blake3.o deps/blake3/blake3_portable.o deps/blake3/blake3_dispatch.o deps/blake3/blake3_sse2.o deps/blake3/blake3_sse41.o deps/blake3/blake3_avx2.o deps/blake3/blake3_avx512.o src/client/client.o src/client/ops.o src/client/read.o src/client/write.o src/client/bufpool.o src/client/inode_rpc.o src/client/node_cache.o
gcc -O3 -g -fno-omit-frame-pointer -march=native -mtune=native -std=c99 -Wall -Wextra -D_GNU_SOURCE -Wno-stringop-truncation -Wno-format-truncation -DEFS_BUILD_ID='"unknown"'  -Iinclude -Isrc/common -Ideps/blake3 -o efsd src/server/efsd.o src/server/store.o src/server/store_nvme.o src/server/handler.o src/server/cluster.o src/server/meta_server.o src/server/migrate.o src/server/peer_pool.o src/server/writer.o src/server/verify.o src/server/bench_local.o src/server/raft_host.o libefs.a -lpthread -lm -ldl -libverbs
gcc -O3 -g -fno-omit-frame-pointer -march=native -mtune=native -std=c99 -Wall -Wextra -D_GNU_SOURCE -Wno-stringop-truncation -Wno-format-truncation -DEFS_BUILD_ID='"unknown"'  -Iinclude -Isrc/common -Ideps/blake3 -o efs-mgmt src/mgmt/efs_mgmt.o libefs.a -lpthread -lm -ldl -libverbs
gcc -O3 -g -fno-omit-frame-pointer -march=native -mtune=native -std=c99 -Wall -Wextra -D_GNU_SOURCE -Wno-stringop-truncation -Wno-format-truncation -DEFS_BUILD_ID='"unknown"'  -Iinclude -Isrc/common -Ideps/blake3 -I. -o tests/test_wire tests/test_wire.c libefs.a -lpthread -lm -ldl -libverbs
gcc -O3 -g -fno-omit-frame-pointer -march=native -mtune=native -std=c99 -Wall -Wextra -D_GNU_SOURCE -Wno-stringop-truncation -Wno-format-truncation -DEFS_BUILD_ID='"unknown"'  -Iinclude -Isrc/common -Ideps/blake3 -I. -o tests/test_meta_apply tests/test_meta_apply.c libefs.a -lpthread -lm -ldl -libverbs
test_wire: OK
test_meta_apply: OK
[raft-host] build fcstor005
gcc -O3 -g -fno-omit-frame-pointer -march=native -mtune=native -std=c99 -Wall -Wextra -D_GNU_SOURCE -Wno-stringop-truncation -Wno-format-truncation -DEFS_BUILD_ID='"unknown"'  -Iinclude -Isrc/common -Ideps/blake3 -c -o src/server/efsd.o src/server/efsd.c
gcc -O3 -g -fno-omit-frame-pointer -march=native -mtune=native -std=c99 -Wall -Wextra -D_GNU_SOURCE -Wno-stringop-truncation -Wno-format-truncation -DEFS_BUILD_ID='"unknown"'  -Iinclude -Isrc/common -Ideps/blake3 -c -o src/server/store.o src/server/store.c
gcc -O3 -g -fno-omit-frame-pointer -march=native -mtune=native -std=c99 -Wall -Wextra -D_GNU_SOURCE -Wno-stringop-truncation -Wno-format-truncation -DEFS_BUILD_ID='"unknown"'  -Iinclude -Isrc/common -Ideps/blake3 -c -o src/server/store_nvme.o src/server/store_nvme.c
gcc -O3 -g -fno-omit-frame-pointer -march=native -mtune=native -std=c99 -Wall -Wextra -D_GNU_SOURCE -Wno-stringop-truncation -Wno-format-truncation -DEFS_BUILD_ID='"unknown"'  -Iinclude -Isrc/common -Ideps/blake3 -c -o src/server/handler.o src/server/handler.c
gcc -O3 -g -fno-omit-frame-pointer -march=native -mtune=native -std=c99 -Wall -Wextra -D_GNU_SOURCE -Wno-stringop-truncation -Wno-format-truncation -DEFS_BUILD_ID='"unknown"'  -Iinclude -Isrc/common -Ideps/blake3 -c -o src/server/cluster.o src/server/cluster.c
gcc -O3 -g -fno-omit-frame-pointer -march=native -mtune=native -std=c99 -Wall -Wextra -D_GNU_SOURCE -Wno-stringop-truncation -Wno-format-truncation -DEFS_BUILD_ID='"unknown"'  -Iinclude -Isrc/common -Ideps/blake3 -c -o src/server/meta_server.o src/server/meta_server.c
gcc -O3 -g -fno-omit-frame-pointer -march=native -mtune=native -std=c99 -Wall -Wextra -D_GNU_SOURCE -Wno-stringop-truncation -Wno-format-truncation -DEFS_BUILD_ID='"unknown"'  -Iinclude -Isrc/common -Ideps/blake3 -c -o src/server/migrate.o src/server/migrate.c
gcc -O3 -g -fno-omit-frame-pointer -march=native -mtune=native -std=c99 -Wall -Wextra -D_GNU_SOURCE -Wno-stringop-truncation -Wno-format-truncation -DEFS_BUILD_ID='"unknown"'  -Iinclude -Isrc/common -Ideps/blake3 -c -o src/server/peer_pool.o src/server/peer_pool.c
gcc -O3 -g -fno-omit-frame-pointer -march=native -mtune=native -std=c99 -Wall -Wextra -D_GNU_SOURCE -Wno-stringop-truncation -Wno-format-truncation -DEFS_BUILD_ID='"unknown"'  -Iinclude -Isrc/common -Ideps/blake3 -c -o src/server/writer.o src/server/writer.c
gcc -O3 -g -fno-omit-frame-pointer -march=native -mtune=native -std=c99 -Wall -Wextra -D_GNU_SOURCE -Wno-stringop-truncation -Wno-format-truncation -DEFS_BUILD_ID='"unknown"'  -Iinclude -Isrc/common -Ideps/blake3 -c -o src/server/verify.o src/server/verify.c
gcc -O3 -g -fno-omit-frame-pointer -march=native -mtune=native -std=c99 -Wall -Wextra -D_GNU_SOURCE -Wno-stringop-truncation -Wno-format-truncation -DEFS_BUILD_ID='"unknown"'  -Iinclude -Isrc/common -Ideps/blake3 -c -o src/server/bench_local.o src/server/bench_local.c
gcc -O3 -g -fno-omit-frame-pointer -march=native -mtune=native -std=c99 -Wall -Wextra -D_GNU_SOURCE -Wno-stringop-truncation -Wno-format-truncation -DEFS_BUILD_ID='"unknown"'  -Iinclude -Isrc/common -Ideps/blake3 -c -o src/server/raft_host.o src/server/raft_host.c
gcc -O3 -g -fno-omit-frame-pointer -march=native -mtune=native -std=c99 -Wall -Wextra -D_GNU_SOURCE -Wno-stringop-truncation -Wno-format-truncation -DEFS_BUILD_ID='"unknown"'  -Iinclude -Isrc/common -Ideps/blake3 -c -o src/common/common.o src/common/common.c
gcc -O3 -g -fno-omit-frame-pointer -march=native -mtune=native -std=c99 -Wall -Wextra -D_GNU_SOURCE -Wno-stringop-truncation -Wno-format-truncation -DEFS_BUILD_ID='"unknown"'  -Iinclude -Isrc/common -Ideps/blake3 -c -o src/common/protocol.o src/common/protocol.c
gcc -O3 -g -fno-omit-frame-pointer -march=native -mtune=native -std=c99 -Wall -Wextra -D_GNU_SOURCE -Wno-stringop-truncation -Wno-format-truncation -DEFS_BUILD_ID='"unknown"'  -Iinclude -Isrc/common -Ideps/blake3 -c -o src/wire/wire.o src/wire/wire.c
gcc -O3 -g -fno-omit-frame-pointer -march=native -mtune=native -std=c99 -Wall -Wextra -D_GNU_SOURCE -Wno-stringop-truncation -Wno-format-truncation -DEFS_BUILD_ID='"unknown"'  -Iinclude -Isrc/common -Ideps/blake3 -c -o src/data/erasure.o src/data/erasure.c
gcc -O3 -g -fno-omit-frame-pointer -march=native -mtune=native -std=c99 -Wall -Wextra -D_GNU_SOURCE -Wno-stringop-truncation -Wno-format-truncation -DEFS_BUILD_ID='"unknown"'  -Iinclude -Isrc/common -Ideps/blake3 -c -o src/data/store_mem.o src/data/store_mem.c
gcc -O3 -g -fno-omit-frame-pointer -march=native -mtune=native -std=c99 -Wall -Wextra -D_GNU_SOURCE -Wno-stringop-truncation -Wno-format-truncation -DEFS_BUILD_ID='"unknown"'  -Iinclude -Isrc/common -Ideps/blake3 -c -o src/data/transport_loop.o src/data/transport_loop.c
gcc -O3 -g -fno-omit-frame-pointer -march=native -mtune=native -std=c99 -Wall -Wextra -D_GNU_SOURCE -Wno-stringop-truncation -Wno-format-truncation -DEFS_BUILD_ID='"unknown"'  -Iinclude -Isrc/common -Ideps/blake3 -c -o src/data/transport_conn.o src/data/transport_conn.c
gcc -O3 -g -fno-omit-frame-pointer -march=native -mtune=native -std=c99 -Wall -Wextra -D_GNU_SOURCE -Wno-stringop-truncation -Wno-format-truncation -DEFS_BUILD_ID='"unknown"'  -Iinclude -Isrc/common -Ideps/blake3 -c -o src/kv/kv_mem.o src/kv/kv_mem.c
gcc -O3 -g -fno-omit-frame-pointer -march=native -mtune=native -std=c99 -Wall -Wextra -D_GNU_SOURCE -Wno-stringop-truncation -Wno-format-truncation -DEFS_BUILD_ID='"unknown"'  -Iinclude -Isrc/common -Ideps/blake3 -c -o src/kv/kv_key.o src/kv/kv_key.c
gcc -O3 -g -fno-omit-frame-pointer -march=native -mtune=native -std=c99 -Wall -Wextra -D_GNU_SOURCE -Wno-stringop-truncation -Wno-format-truncation -DEFS_BUILD_ID='"unknown"'  -Iinclude -Isrc/common -Ideps/blake3 -c -o src/kv/kv_lsm.o src/kv/kv_lsm.c
gcc -O3 -g -fno-omit-frame-pointer -march=native -mtune=native -std=c99 -Wall -Wextra -D_GNU_SOURCE -Wno-stringop-truncation -Wno-format-truncation -DEFS_BUILD_ID='"unknown"'  -Iinclude -Isrc/common -Ideps/blake3 -c -o src/kv/kv_compact.o src/kv/kv_compact.c
gcc -O3 -g -fno-omit-frame-pointer -march=native -mtune=native -std=c99 -Wall -Wextra -D_GNU_SOURCE -Wno-stringop-truncation -Wno-format-truncation -DEFS_BUILD_ID='"unknown"'  -Iinclude -Isrc/common -Ideps/blake3 -c -o src/kv/kv_wal.o src/kv/kv_wal.c
src/server/handler.c: In function ‘server_handle_conn’:
src/server/handler.c:670:38: warning: comparison is always true due to limited range of data type [-Wtype-limits]
  670 |         if (efs_lock_prof_on && type < 256)
      |                                      ^
gcc -O3 -g -fno-omit-frame-pointer -march=native -mtune=native -std=c99 -Wall -Wextra -D_GNU_SOURCE -Wno-stringop-truncation -Wno-format-truncation -DEFS_BUILD_ID='"unknown"'  -Iinclude -Isrc/common -Ideps/blake3 -c -o src/kv/kv_seg.o src/kv/kv_seg.c
gcc -O3 -g -fno-omit-frame-pointer -march=native -mtune=native -std=c99 -Wall -Wextra -D_GNU_SOURCE -Wno-stringop-truncation -Wno-format-truncation -DEFS_BUILD_ID='"unknown"'  -Iinclude -Isrc/common -Ideps/blake3 -c -o src/meta/metadata.o src/meta/metadata.c
gcc -O3 -g -fno-omit-frame-pointer -march=native -mtune=native -std=c99 -Wall -Wextra -D_GNU_SOURCE -Wno-stringop-truncation -Wno-format-truncation -DEFS_BUILD_ID='"unknown"'  -Iinclude -Isrc/common -Ideps/blake3 -c -o src/meta/meta_apply.o src/meta/meta_apply.c
src/server/raft_host.c: In function ‘host_truncate’:
src/server/raft_host.c:4014:13: warning: suggest braces around empty body in an ‘if’ statement [-Wempty-body]
 4014 |             ;
      |             ^
gcc -O3 -g -fno-omit-frame-pointer -march=native -mtune=native -std=c99 -Wall -Wextra -D_GNU_SOURCE -Wno-stringop-truncation -Wno-format-truncation -DEFS_BUILD_ID='"unknown"'  -Iinclude -Isrc/common -Ideps/blake3 -c -o src/meta/txn.o src/meta/txn.c
gcc -O3 -g -fno-omit-frame-pointer -march=native -mtune=native -std=c99 -Wall -Wextra -D_GNU_SOURCE -Wno-stringop-truncation -Wno-format-truncation -DEFS_BUILD_ID='"unknown"'  -Iinclude -Isrc/common -Ideps/blake3 -c -o src/meta/session.o src/meta/session.c
gcc -O3 -g -fno-omit-frame-pointer -march=native -mtune=native -std=c99 -Wall -Wextra -D_GNU_SOURCE -Wno-stringop-truncation -Wno-format-truncation -DEFS_BUILD_ID='"unknown"'  -Iinclude -Isrc/common -Ideps/blake3 -c -o src/meta/lock.o src/meta/lock.c
gcc -O3 -g -fno-omit-frame-pointer -march=native -mtune=native -std=c99 -Wall -Wextra -D_GNU_SOURCE -Wno-stringop-truncation -Wno-format-truncation -DEFS_BUILD_ID='"unknown"'  -Iinclude -Isrc/common -Ideps/blake3 -c -o src/meta/dir_layout.o src/meta/dir_layout.c
gcc -O3 -g -fno-omit-frame-pointer -march=native -mtune=native -std=c99 -Wall -Wextra -D_GNU_SOURCE -Wno-stringop-truncation -Wno-format-truncation -DEFS_BUILD_ID='"unknown"'  -Iinclude -Isrc/common -Ideps/blake3 -c -o src/sim/opid.o src/sim/opid.c
gcc -O3 -g -fno-omit-frame-pointer -march=native -mtune=native -std=c99 -Wall -Wextra -D_GNU_SOURCE -Wno-stringop-truncation -Wno-format-truncation -DEFS_BUILD_ID='"unknown"'  -Iinclude -Isrc/common -Ideps/blake3 -c -o src/raft/raft.o src/raft/raft.c
gcc -O3 -g -fno-omit-frame-pointer -march=native -mtune=native -std=c99 -Wall -Wextra -D_GNU_SOURCE -Wno-stringop-truncation -Wno-format-truncation -DEFS_BUILD_ID='"unknown"'  -Iinclude -Isrc/common -Ideps/blake3 -c -o src/raft/raft_mem.o src/raft/raft_mem.c
gcc -O3 -g -fno-omit-frame-pointer -march=native -mtune=native -std=c99 -Wall -Wextra -D_GNU_SOURCE -Wno-stringop-truncation -Wno-format-truncation -DEFS_BUILD_ID='"unknown"'  -Iinclude -Isrc/common -Ideps/blake3 -c -o src/raft/raft_disk.o src/raft/raft_disk.c
gcc -O3 -g -fno-omit-frame-pointer -march=native -mtune=native -std=c99 -Wall -Wextra -D_GNU_SOURCE -Wno-stringop-truncation -Wno-format-truncation -DEFS_BUILD_ID='"unknown"'  -Iinclude -Isrc/common -Ideps/blake3 -c -o src/raft/raft_log.o src/raft/raft_log.c
gcc -O3 -g -fno-omit-frame-pointer -march=native -mtune=native -std=c99 -Wall -Wextra -D_GNU_SOURCE -Wno-stringop-truncation -Wno-format-truncation -DEFS_BUILD_ID='"unknown"'  -Iinclude -Isrc/common -Ideps/blake3 -c -o src/common/placement.o src/common/placement.c
gcc -O3 -g -fno-omit-frame-pointer -march=native -mtune=native -std=c99 -Wall -Wextra -D_GNU_SOURCE -Wno-stringop-truncation -Wno-format-truncation -DEFS_BUILD_ID='"unknown"'  -Iinclude -Isrc/common -Ideps/blake3 -c -o src/common/checksum.o src/common/checksum.c
gcc -O3 -g -fno-omit-frame-pointer -march=native -mtune=native -std=c99 -Wall -Wextra -D_GNU_SOURCE -Wno-stringop-truncation -Wno-format-truncation -DEFS_BUILD_ID='"unknown"'  -Iinclude -Isrc/common -Ideps/blake3 -c -o src/common/network.o src/common/network.c
gcc -O3 -g -fno-omit-frame-pointer -march=native -mtune=native -std=c99 -Wall -Wextra -D_GNU_SOURCE -Wno-stringop-truncation -Wno-format-truncation -DEFS_BUILD_ID='"unknown"'  -Iinclude -Isrc/common -Ideps/blake3 -c -o src/common/rdma.o src/common/rdma.c
src/meta/metadata.c:5179:15: warning: ‘dentry_bytes_for’ defined but not used [-Wunused-function]
 5179 | static size_t dentry_bytes_for(const struct efs_export *ex, uint64_t extra_inodes)
      |               ^~~~~~~~~~~~~~~~
src/meta/metadata.c:3133:13: warning: ‘tab_unlink_ino’ defined but not used [-Wunused-function]
 3133 | static void tab_unlink_ino(struct efs_export *tab, efs_ino_t ino, uint32_t nlink)
      |             ^~~~~~~~~~~~~~
gcc -O3 -g -fno-omit-frame-pointer -march=native -mtune=native -std=c99 -Wall -Wextra -D_GNU_SOURCE -Wno-stringop-truncation -Wno-format-truncation -DEFS_BUILD_ID='"unknown"'  -Iinclude -Isrc/common -Ideps/blake3 -c -o deps/blake3/blake3.o deps/blake3/blake3.c
gcc -O3 -g -fno-omit-frame-pointer -march=native -mtune=native -std=c99 -Wall -Wextra -D_GNU_SOURCE -Wno-stringop-truncation -Wno-format-truncation -DEFS_BUILD_ID='"unknown"'  -Iinclude -Isrc/common -Ideps/blake3 -c -o deps/blake3/blake3_portable.o deps/blake3/blake3_portable.c
gcc -O3 -g -fno-omit-frame-pointer -march=native -mtune=native -std=c99 -Wall -Wextra -D_GNU_SOURCE -Wno-stringop-truncation -Wno-format-truncation -DEFS_BUILD_ID='"unknown"'  -Iinclude -Isrc/common -Ideps/blake3 -c -o deps/blake3/blake3_dispatch.o deps/blake3/blake3_dispatch.c
gcc -O3 -g -fno-omit-frame-pointer -march=native -mtune=native -std=c99 -Wall -Wextra -D_GNU_SOURCE -Wno-stringop-truncation -Wno-format-truncation -DEFS_BUILD_ID='"unknown"'  -Iinclude -Isrc/common -Ideps/blake3 -msse2 -c -o deps/blake3/blake3_sse2.o deps/blake3/blake3_sse2.c
gcc -O3 -g -fno-omit-frame-pointer -march=native -mtune=native -std=c99 -Wall -Wextra -D_GNU_SOURCE -Wno-stringop-truncation -Wno-format-truncation -DEFS_BUILD_ID='"unknown"'  -Iinclude -Isrc/common -Ideps/blake3 -msse4.1 -c -o deps/blake3/blake3_sse41.o deps/blake3/blake3_sse41.c
gcc -O3 -g -fno-omit-frame-pointer -march=native -mtune=native -std=c99 -Wall -Wextra -D_GNU_SOURCE -Wno-stringop-truncation -Wno-format-truncation -DEFS_BUILD_ID='"unknown"'  -Iinclude -Isrc/common -Ideps/blake3 -mavx2 -maes -c -o deps/blake3/blake3_avx2.o deps/blake3/blake3_avx2.c
gcc -O3 -g -fno-omit-frame-pointer -march=native -mtune=native -std=c99 -Wall -Wextra -D_GNU_SOURCE -Wno-stringop-truncation -Wno-format-truncation -DEFS_BUILD_ID='"unknown"'  -Iinclude -Isrc/common -Ideps/blake3 -mavx512f -mavx512vl -c -o deps/blake3/blake3_avx512.o deps/blake3/blake3_avx512.c
gcc -O3 -g -fno-omit-frame-pointer -march=native -mtune=native -std=c99 -Wall -Wextra -D_GNU_SOURCE -Wno-stringop-truncation -Wno-format-truncation -DEFS_BUILD_ID='"unknown"'  -Iinclude -Isrc/common -Ideps/blake3 -c -o src/client/client.o src/client/client.c
gcc -O3 -g -fno-omit-frame-pointer -march=native -mtune=native -std=c99 -Wall -Wextra -D_GNU_SOURCE -Wno-stringop-truncation -Wno-format-truncation -DEFS_BUILD_ID='"unknown"'  -Iinclude -Isrc/common -Ideps/blake3 -c -o src/client/ops.o src/client/ops.c
gcc -O3 -g -fno-omit-frame-pointer -march=native -mtune=native -std=c99 -Wall -Wextra -D_GNU_SOURCE -Wno-stringop-truncation -Wno-format-truncation -DEFS_BUILD_ID='"unknown"'  -Iinclude -Isrc/common -Ideps/blake3 -c -o src/client/read.o src/client/read.c
gcc -O3 -g -fno-omit-frame-pointer -march=native -mtune=native -std=c99 -Wall -Wextra -D_GNU_SOURCE -Wno-stringop-truncation -Wno-format-truncation -DEFS_BUILD_ID='"unknown"'  -Iinclude -Isrc/common -Ideps/blake3 -c -o src/client/write.o src/client/write.c
gcc -O3 -g -fno-omit-frame-pointer -march=native -mtune=native -std=c99 -Wall -Wextra -D_GNU_SOURCE -Wno-stringop-truncation -Wno-format-truncation -DEFS_BUILD_ID='"unknown"'  -Iinclude -Isrc/common -Ideps/blake3 -c -o src/client/bufpool.o src/client/bufpool.c
gcc -O3 -g -fno-omit-frame-pointer -march=native -mtune=native -std=c99 -Wall -Wextra -D_GNU_SOURCE -Wno-stringop-truncation -Wno-format-truncation -DEFS_BUILD_ID='"unknown"'  -Iinclude -Isrc/common -Ideps/blake3 -c -o src/client/inode_rpc.o src/client/inode_rpc.c
gcc -O3 -g -fno-omit-frame-pointer -march=native -mtune=native -std=c99 -Wall -Wextra -D_GNU_SOURCE -Wno-stringop-truncation -Wno-format-truncation -DEFS_BUILD_ID='"unknown"'  -Iinclude -Isrc/common -Ideps/blake3 -c -o src/client/node_cache.o src/client/node_cache.c
gcc -O3 -g -fno-omit-frame-pointer -march=native -mtune=native -std=c99 -Wall -Wextra -D_GNU_SOURCE -Wno-stringop-truncation -Wno-format-truncation -DEFS_BUILD_ID='"unknown"'  -Iinclude -Isrc/common -Ideps/blake3 -c -o src/mgmt/efs_mgmt.o src/mgmt/efs_mgmt.c
src/client/inode_rpc.c: In function ‘rpc_prof_add’:
src/client/inode_rpc.c:55:18: warning: comparison is always true due to limited range of data type [-Wtype-limits]
   55 |         if (type < 256)
      |                  ^
src/client/inode_rpc.c:60:14: warning: comparison is always true due to limited range of data type [-Wtype-limits]
   60 |     if (type < 256) {
      |              ^
ar rcs libefs.a src/common/common.o src/common/protocol.o src/wire/wire.o src/data/erasure.o src/data/store_mem.o src/data/transport_loop.o src/data/transport_conn.o src/kv/kv_mem.o src/kv/kv_key.o src/kv/kv_lsm.o src/kv/kv_compact.o src/kv/kv_wal.o src/kv/kv_seg.o src/meta/metadata.o src/meta/meta_apply.o src/meta/txn.o src/meta/session.o src/meta/lock.o src/meta/dir_layout.o src/sim/opid.o src/raft/raft.o src/raft/raft_mem.o src/raft/raft_disk.o src/raft/raft_log.o src/common/placement.o src/common/checksum.o src/common/network.o src/common/rdma.o deps/blake3/blake3.o deps/blake3/blake3_portable.o deps/blake3/blake3_dispatch.o deps/blake3/blake3_sse2.o deps/blake3/blake3_sse41.o deps/blake3/blake3_avx2.o deps/blake3/blake3_avx512.o src/client/client.o src/client/ops.o src/client/read.o src/client/write.o src/client/bufpool.o src/client/inode_rpc.o src/client/node_cache.o
gcc -O3 -g -fno-omit-frame-pointer -march=native -mtune=native -std=c99 -Wall -Wextra -D_GNU_SOURCE -Wno-stringop-truncation -Wno-format-truncation -DEFS_BUILD_ID='"unknown"'  -Iinclude -Isrc/common -Ideps/blake3 -o efsd src/server/efsd.o src/server/store.o src/server/store_nvme.o src/server/handler.o src/server/cluster.o src/server/meta_server.o src/server/migrate.o src/server/peer_pool.o src/server/writer.o src/server/verify.o src/server/bench_local.o src/server/raft_host.o libefs.a -lpthread -lm -ldl -libverbs
gcc -O3 -g -fno-omit-frame-pointer -march=native -mtune=native -std=c99 -Wall -Wextra -D_GNU_SOURCE -Wno-stringop-truncation -Wno-format-truncation -DEFS_BUILD_ID='"unknown"'  -Iinclude -Isrc/common -Ideps/blake3 -o efs-mgmt src/mgmt/efs_mgmt.o libefs.a -lpthread -lm -ldl -libverbs
gcc -O3 -g -fno-omit-frame-pointer -march=native -mtune=native -std=c99 -Wall -Wextra -D_GNU_SOURCE -Wno-stringop-truncation -Wno-format-truncation -DEFS_BUILD_ID='"unknown"'  -Iinclude -Isrc/common -Ideps/blake3 -I. -o tests/test_wire tests/test_wire.c libefs.a -lpthread -lm -ldl -libverbs
gcc -O3 -g -fno-omit-frame-pointer -march=native -mtune=native -std=c99 -Wall -Wextra -D_GNU_SOURCE -Wno-stringop-truncation -Wno-format-truncation -DEFS_BUILD_ID='"unknown"'  -Iinclude -Isrc/common -Ideps/blake3 -I. -o tests/test_meta_apply tests/test_meta_apply.c libefs.a -lpthread -lm -ldl -libverbs
test_wire: OK
test_meta_apply: OK
[raft-host] build fcstor006
gcc -O3 -g -fno-omit-frame-pointer -march=native -mtune=native -std=c99 -Wall -Wextra -D_GNU_SOURCE -Wno-stringop-truncation -Wno-format-truncation -DEFS_BUILD_ID='"unknown"'  -Iinclude -Isrc/common -Ideps/blake3 -c -o src/server/efsd.o src/server/efsd.c
gcc -O3 -g -fno-omit-frame-pointer -march=native -mtune=native -std=c99 -Wall -Wextra -D_GNU_SOURCE -Wno-stringop-truncation -Wno-format-truncation -DEFS_BUILD_ID='"unknown"'  -Iinclude -Isrc/common -Ideps/blake3 -c -o src/server/store.o src/server/store.c
gcc -O3 -g -fno-omit-frame-pointer -march=native -mtune=native -std=c99 -Wall -Wextra -D_GNU_SOURCE -Wno-stringop-truncation -Wno-format-truncation -DEFS_BUILD_ID='"unknown"'  -Iinclude -Isrc/common -Ideps/blake3 -c -o src/server/store_nvme.o src/server/store_nvme.c
gcc -O3 -g -fno-omit-frame-pointer -march=native -mtune=native -std=c99 -Wall -Wextra -D_GNU_SOURCE -Wno-stringop-truncation -Wno-format-truncation -DEFS_BUILD_ID='"unknown"'  -Iinclude -Isrc/common -Ideps/blake3 -c -o src/server/handler.o src/server/handler.c
gcc -O3 -g -fno-omit-frame-pointer -march=native -mtune=native -std=c99 -Wall -Wextra -D_GNU_SOURCE -Wno-stringop-truncation -Wno-format-truncation -DEFS_BUILD_ID='"unknown"'  -Iinclude -Isrc/common -Ideps/blake3 -c -o src/server/cluster.o src/server/cluster.c
gcc -O3 -g -fno-omit-frame-pointer -march=native -mtune=native -std=c99 -Wall -Wextra -D_GNU_SOURCE -Wno-stringop-truncation -Wno-format-truncation -DEFS_BUILD_ID='"unknown"'  -Iinclude -Isrc/common -Ideps/blake3 -c -o src/server/meta_server.o src/server/meta_server.c
gcc -O3 -g -fno-omit-frame-pointer -march=native -mtune=native -std=c99 -Wall -Wextra -D_GNU_SOURCE -Wno-stringop-truncation -Wno-format-truncation -DEFS_BUILD_ID='"unknown"'  -Iinclude -Isrc/common -Ideps/blake3 -c -o src/server/migrate.o src/server/migrate.c
gcc -O3 -g -fno-omit-frame-pointer -march=native -mtune=native -std=c99 -Wall -Wextra -D_GNU_SOURCE -Wno-stringop-truncation -Wno-format-truncation -DEFS_BUILD_ID='"unknown"'  -Iinclude -Isrc/common -Ideps/blake3 -c -o src/server/peer_pool.o src/server/peer_pool.c
gcc -O3 -g -fno-omit-frame-pointer -march=native -mtune=native -std=c99 -Wall -Wextra -D_GNU_SOURCE -Wno-stringop-truncation -Wno-format-truncation -DEFS_BUILD_ID='"unknown"'  -Iinclude -Isrc/common -Ideps/blake3 -c -o src/server/writer.o src/server/writer.c
gcc -O3 -g -fno-omit-frame-pointer -march=native -mtune=native -std=c99 -Wall -Wextra -D_GNU_SOURCE -Wno-stringop-truncation -Wno-format-truncation -DEFS_BUILD_ID='"unknown"'  -Iinclude -Isrc/common -Ideps/blake3 -c -o src/server/verify.o src/server/verify.c
gcc -O3 -g -fno-omit-frame-pointer -march=native -mtune=native -std=c99 -Wall -Wextra -D_GNU_SOURCE -Wno-stringop-truncation -Wno-format-truncation -DEFS_BUILD_ID='"unknown"'  -Iinclude -Isrc/common -Ideps/blake3 -c -o src/server/bench_local.o src/server/bench_local.c
gcc -O3 -g -fno-omit-frame-pointer -march=native -mtune=native -std=c99 -Wall -Wextra -D_GNU_SOURCE -Wno-stringop-truncation -Wno-format-truncation -DEFS_BUILD_ID='"unknown"'  -Iinclude -Isrc/common -Ideps/blake3 -c -o src/server/raft_host.o src/server/raft_host.c
gcc -O3 -g -fno-omit-frame-pointer -march=native -mtune=native -std=c99 -Wall -Wextra -D_GNU_SOURCE -Wno-stringop-truncation -Wno-format-truncation -DEFS_BUILD_ID='"unknown"'  -Iinclude -Isrc/common -Ideps/blake3 -c -o src/common/common.o src/common/common.c
gcc -O3 -g -fno-omit-frame-pointer -march=native -mtune=native -std=c99 -Wall -Wextra -D_GNU_SOURCE -Wno-stringop-truncation -Wno-format-truncation -DEFS_BUILD_ID='"unknown"'  -Iinclude -Isrc/common -Ideps/blake3 -c -o src/common/protocol.o src/common/protocol.c
gcc -O3 -g -fno-omit-frame-pointer -march=native -mtune=native -std=c99 -Wall -Wextra -D_GNU_SOURCE -Wno-stringop-truncation -Wno-format-truncation -DEFS_BUILD_ID='"unknown"'  -Iinclude -Isrc/common -Ideps/blake3 -c -o src/wire/wire.o src/wire/wire.c
gcc -O3 -g -fno-omit-frame-pointer -march=native -mtune=native -std=c99 -Wall -Wextra -D_GNU_SOURCE -Wno-stringop-truncation -Wno-format-truncation -DEFS_BUILD_ID='"unknown"'  -Iinclude -Isrc/common -Ideps/blake3 -c -o src/data/erasure.o src/data/erasure.c
gcc -O3 -g -fno-omit-frame-pointer -march=native -mtune=native -std=c99 -Wall -Wextra -D_GNU_SOURCE -Wno-stringop-truncation -Wno-format-truncation -DEFS_BUILD_ID='"unknown"'  -Iinclude -Isrc/common -Ideps/blake3 -c -o src/data/store_mem.o src/data/store_mem.c
gcc -O3 -g -fno-omit-frame-pointer -march=native -mtune=native -std=c99 -Wall -Wextra -D_GNU_SOURCE -Wno-stringop-truncation -Wno-format-truncation -DEFS_BUILD_ID='"unknown"'  -Iinclude -Isrc/common -Ideps/blake3 -c -o src/data/transport_loop.o src/data/transport_loop.c
gcc -O3 -g -fno-omit-frame-pointer -march=native -mtune=native -std=c99 -Wall -Wextra -D_GNU_SOURCE -Wno-stringop-truncation -Wno-format-truncation -DEFS_BUILD_ID='"unknown"'  -Iinclude -Isrc/common -Ideps/blake3 -c -o src/data/transport_conn.o src/data/transport_conn.c
gcc -O3 -g -fno-omit-frame-pointer -march=native -mtune=native -std=c99 -Wall -Wextra -D_GNU_SOURCE -Wno-stringop-truncation -Wno-format-truncation -DEFS_BUILD_ID='"unknown"'  -Iinclude -Isrc/common -Ideps/blake3 -c -o src/kv/kv_mem.o src/kv/kv_mem.c
gcc -O3 -g -fno-omit-frame-pointer -march=native -mtune=native -std=c99 -Wall -Wextra -D_GNU_SOURCE -Wno-stringop-truncation -Wno-format-truncation -DEFS_BUILD_ID='"unknown"'  -Iinclude -Isrc/common -Ideps/blake3 -c -o src/kv/kv_key.o src/kv/kv_key.c
gcc -O3 -g -fno-omit-frame-pointer -march=native -mtune=native -std=c99 -Wall -Wextra -D_GNU_SOURCE -Wno-stringop-truncation -Wno-format-truncation -DEFS_BUILD_ID='"unknown"'  -Iinclude -Isrc/common -Ideps/blake3 -c -o src/kv/kv_lsm.o src/kv/kv_lsm.c
gcc -O3 -g -fno-omit-frame-pointer -march=native -mtune=native -std=c99 -Wall -Wextra -D_GNU_SOURCE -Wno-stringop-truncation -Wno-format-truncation -DEFS_BUILD_ID='"unknown"'  -Iinclude -Isrc/common -Ideps/blake3 -c -o src/kv/kv_compact.o src/kv/kv_compact.c
gcc -O3 -g -fno-omit-frame-pointer -march=native -mtune=native -std=c99 -Wall -Wextra -D_GNU_SOURCE -Wno-stringop-truncation -Wno-format-truncation -DEFS_BUILD_ID='"unknown"'  -Iinclude -Isrc/common -Ideps/blake3 -c -o src/kv/kv_wal.o src/kv/kv_wal.c
src/server/handler.c: In function ‘server_handle_conn’:
src/server/handler.c:670:38: warning: comparison is always true due to limited range of data type [-Wtype-limits]
  670 |         if (efs_lock_prof_on && type < 256)
      |                                      ^
gcc -O3 -g -fno-omit-frame-pointer -march=native -mtune=native -std=c99 -Wall -Wextra -D_GNU_SOURCE -Wno-stringop-truncation -Wno-format-truncation -DEFS_BUILD_ID='"unknown"'  -Iinclude -Isrc/common -Ideps/blake3 -c -o src/kv/kv_seg.o src/kv/kv_seg.c
gcc -O3 -g -fno-omit-frame-pointer -march=native -mtune=native -std=c99 -Wall -Wextra -D_GNU_SOURCE -Wno-stringop-truncation -Wno-format-truncation -DEFS_BUILD_ID='"unknown"'  -Iinclude -Isrc/common -Ideps/blake3 -c -o src/meta/metadata.o src/meta/metadata.c
gcc -O3 -g -fno-omit-frame-pointer -march=native -mtune=native -std=c99 -Wall -Wextra -D_GNU_SOURCE -Wno-stringop-truncation -Wno-format-truncation -DEFS_BUILD_ID='"unknown"'  -Iinclude -Isrc/common -Ideps/blake3 -c -o src/meta/meta_apply.o src/meta/meta_apply.c
src/server/raft_host.c: In function ‘host_truncate’:
src/server/raft_host.c:4014:13: warning: suggest braces around empty body in an ‘if’ statement [-Wempty-body]
 4014 |             ;
      |             ^
gcc -O3 -g -fno-omit-frame-pointer -march=native -mtune=native -std=c99 -Wall -Wextra -D_GNU_SOURCE -Wno-stringop-truncation -Wno-format-truncation -DEFS_BUILD_ID='"unknown"'  -Iinclude -Isrc/common -Ideps/blake3 -c -o src/meta/txn.o src/meta/txn.c
gcc -O3 -g -fno-omit-frame-pointer -march=native -mtune=native -std=c99 -Wall -Wextra -D_GNU_SOURCE -Wno-stringop-truncation -Wno-format-truncation -DEFS_BUILD_ID='"unknown"'  -Iinclude -Isrc/common -Ideps/blake3 -c -o src/meta/session.o src/meta/session.c
gcc -O3 -g -fno-omit-frame-pointer -march=native -mtune=native -std=c99 -Wall -Wextra -D_GNU_SOURCE -Wno-stringop-truncation -Wno-format-truncation -DEFS_BUILD_ID='"unknown"'  -Iinclude -Isrc/common -Ideps/blake3 -c -o src/meta/lock.o src/meta/lock.c
gcc -O3 -g -fno-omit-frame-pointer -march=native -mtune=native -std=c99 -Wall -Wextra -D_GNU_SOURCE -Wno-stringop-truncation -Wno-format-truncation -DEFS_BUILD_ID='"unknown"'  -Iinclude -Isrc/common -Ideps/blake3 -c -o src/meta/dir_layout.o src/meta/dir_layout.c
gcc -O3 -g -fno-omit-frame-pointer -march=native -mtune=native -std=c99 -Wall -Wextra -D_GNU_SOURCE -Wno-stringop-truncation -Wno-format-truncation -DEFS_BUILD_ID='"unknown"'  -Iinclude -Isrc/common -Ideps/blake3 -c -o src/sim/opid.o src/sim/opid.c
gcc -O3 -g -fno-omit-frame-pointer -march=native -mtune=native -std=c99 -Wall -Wextra -D_GNU_SOURCE -Wno-stringop-truncation -Wno-format-truncation -DEFS_BUILD_ID='"unknown"'  -Iinclude -Isrc/common -Ideps/blake3 -c -o src/raft/raft.o src/raft/raft.c
gcc -O3 -g -fno-omit-frame-pointer -march=native -mtune=native -std=c99 -Wall -Wextra -D_GNU_SOURCE -Wno-stringop-truncation -Wno-format-truncation -DEFS_BUILD_ID='"unknown"'  -Iinclude -Isrc/common -Ideps/blake3 -c -o src/raft/raft_mem.o src/raft/raft_mem.c
gcc -O3 -g -fno-omit-frame-pointer -march=native -mtune=native -std=c99 -Wall -Wextra -D_GNU_SOURCE -Wno-stringop-truncation -Wno-format-truncation -DEFS_BUILD_ID='"unknown"'  -Iinclude -Isrc/common -Ideps/blake3 -c -o src/raft/raft_disk.o src/raft/raft_disk.c
gcc -O3 -g -fno-omit-frame-pointer -march=native -mtune=native -std=c99 -Wall -Wextra -D_GNU_SOURCE -Wno-stringop-truncation -Wno-format-truncation -DEFS_BUILD_ID='"unknown"'  -Iinclude -Isrc/common -Ideps/blake3 -c -o src/raft/raft_log.o src/raft/raft_log.c
gcc -O3 -g -fno-omit-frame-pointer -march=native -mtune=native -std=c99 -Wall -Wextra -D_GNU_SOURCE -Wno-stringop-truncation -Wno-format-truncation -DEFS_BUILD_ID='"unknown"'  -Iinclude -Isrc/common -Ideps/blake3 -c -o src/common/placement.o src/common/placement.c
gcc -O3 -g -fno-omit-frame-pointer -march=native -mtune=native -std=c99 -Wall -Wextra -D_GNU_SOURCE -Wno-stringop-truncation -Wno-format-truncation -DEFS_BUILD_ID='"unknown"'  -Iinclude -Isrc/common -Ideps/blake3 -c -o src/common/checksum.o src/common/checksum.c
gcc -O3 -g -fno-omit-frame-pointer -march=native -mtune=native -std=c99 -Wall -Wextra -D_GNU_SOURCE -Wno-stringop-truncation -Wno-format-truncation -DEFS_BUILD_ID='"unknown"'  -Iinclude -Isrc/common -Ideps/blake3 -c -o src/common/network.o src/common/network.c
gcc -O3 -g -fno-omit-frame-pointer -march=native -mtune=native -std=c99 -Wall -Wextra -D_GNU_SOURCE -Wno-stringop-truncation -Wno-format-truncation -DEFS_BUILD_ID='"unknown"'  -Iinclude -Isrc/common -Ideps/blake3 -c -o src/common/rdma.o src/common/rdma.c
src/meta/metadata.c:5179:15: warning: ‘dentry_bytes_for’ defined but not used [-Wunused-function]
 5179 | static size_t dentry_bytes_for(const struct efs_export *ex, uint64_t extra_inodes)
      |               ^~~~~~~~~~~~~~~~
src/meta/metadata.c:3133:13: warning: ‘tab_unlink_ino’ defined but not used [-Wunused-function]
 3133 | static void tab_unlink_ino(struct efs_export *tab, efs_ino_t ino, uint32_t nlink)
      |             ^~~~~~~~~~~~~~
gcc -O3 -g -fno-omit-frame-pointer -march=native -mtune=native -std=c99 -Wall -Wextra -D_GNU_SOURCE -Wno-stringop-truncation -Wno-format-truncation -DEFS_BUILD_ID='"unknown"'  -Iinclude -Isrc/common -Ideps/blake3 -c -o deps/blake3/blake3.o deps/blake3/blake3.c
gcc -O3 -g -fno-omit-frame-pointer -march=native -mtune=native -std=c99 -Wall -Wextra -D_GNU_SOURCE -Wno-stringop-truncation -Wno-format-truncation -DEFS_BUILD_ID='"unknown"'  -Iinclude -Isrc/common -Ideps/blake3 -c -o deps/blake3/blake3_portable.o deps/blake3/blake3_portable.c
gcc -O3 -g -fno-omit-frame-pointer -march=native -mtune=native -std=c99 -Wall -Wextra -D_GNU_SOURCE -Wno-stringop-truncation -Wno-format-truncation -DEFS_BUILD_ID='"unknown"'  -Iinclude -Isrc/common -Ideps/blake3 -c -o deps/blake3/blake3_dispatch.o deps/blake3/blake3_dispatch.c
gcc -O3 -g -fno-omit-frame-pointer -march=native -mtune=native -std=c99 -Wall -Wextra -D_GNU_SOURCE -Wno-stringop-truncation -Wno-format-truncation -DEFS_BUILD_ID='"unknown"'  -Iinclude -Isrc/common -Ideps/blake3 -msse2 -c -o deps/blake3/blake3_sse2.o deps/blake3/blake3_sse2.c
gcc -O3 -g -fno-omit-frame-pointer -march=native -mtune=native -std=c99 -Wall -Wextra -D_GNU_SOURCE -Wno-stringop-truncation -Wno-format-truncation -DEFS_BUILD_ID='"unknown"'  -Iinclude -Isrc/common -Ideps/blake3 -msse4.1 -c -o deps/blake3/blake3_sse41.o deps/blake3/blake3_sse41.c
gcc -O3 -g -fno-omit-frame-pointer -march=native -mtune=native -std=c99 -Wall -Wextra -D_GNU_SOURCE -Wno-stringop-truncation -Wno-format-truncation -DEFS_BUILD_ID='"unknown"'  -Iinclude -Isrc/common -Ideps/blake3 -mavx2 -maes -c -o deps/blake3/blake3_avx2.o deps/blake3/blake3_avx2.c
gcc -O3 -g -fno-omit-frame-pointer -march=native -mtune=native -std=c99 -Wall -Wextra -D_GNU_SOURCE -Wno-stringop-truncation -Wno-format-truncation -DEFS_BUILD_ID='"unknown"'  -Iinclude -Isrc/common -Ideps/blake3 -mavx512f -mavx512vl -c -o deps/blake3/blake3_avx512.o deps/blake3/blake3_avx512.c
gcc -O3 -g -fno-omit-frame-pointer -march=native -mtune=native -std=c99 -Wall -Wextra -D_GNU_SOURCE -Wno-stringop-truncation -Wno-format-truncation -DEFS_BUILD_ID='"unknown"'  -Iinclude -Isrc/common -Ideps/blake3 -c -o src/client/client.o src/client/client.c
gcc -O3 -g -fno-omit-frame-pointer -march=native -mtune=native -std=c99 -Wall -Wextra -D_GNU_SOURCE -Wno-stringop-truncation -Wno-format-truncation -DEFS_BUILD_ID='"unknown"'  -Iinclude -Isrc/common -Ideps/blake3 -c -o src/client/ops.o src/client/ops.c
gcc -O3 -g -fno-omit-frame-pointer -march=native -mtune=native -std=c99 -Wall -Wextra -D_GNU_SOURCE -Wno-stringop-truncation -Wno-format-truncation -DEFS_BUILD_ID='"unknown"'  -Iinclude -Isrc/common -Ideps/blake3 -c -o src/client/read.o src/client/read.c
gcc -O3 -g -fno-omit-frame-pointer -march=native -mtune=native -std=c99 -Wall -Wextra -D_GNU_SOURCE -Wno-stringop-truncation -Wno-format-truncation -DEFS_BUILD_ID='"unknown"'  -Iinclude -Isrc/common -Ideps/blake3 -c -o src/client/write.o src/client/write.c
gcc -O3 -g -fno-omit-frame-pointer -march=native -mtune=native -std=c99 -Wall -Wextra -D_GNU_SOURCE -Wno-stringop-truncation -Wno-format-truncation -DEFS_BUILD_ID='"unknown"'  -Iinclude -Isrc/common -Ideps/blake3 -c -o src/client/bufpool.o src/client/bufpool.c
gcc -O3 -g -fno-omit-frame-pointer -march=native -mtune=native -std=c99 -Wall -Wextra -D_GNU_SOURCE -Wno-stringop-truncation -Wno-format-truncation -DEFS_BUILD_ID='"unknown"'  -Iinclude -Isrc/common -Ideps/blake3 -c -o src/client/inode_rpc.o src/client/inode_rpc.c
gcc -O3 -g -fno-omit-frame-pointer -march=native -mtune=native -std=c99 -Wall -Wextra -D_GNU_SOURCE -Wno-stringop-truncation -Wno-format-truncation -DEFS_BUILD_ID='"unknown"'  -Iinclude -Isrc/common -Ideps/blake3 -c -o src/client/node_cache.o src/client/node_cache.c
gcc -O3 -g -fno-omit-frame-pointer -march=native -mtune=native -std=c99 -Wall -Wextra -D_GNU_SOURCE -Wno-stringop-truncation -Wno-format-truncation -DEFS_BUILD_ID='"unknown"'  -Iinclude -Isrc/common -Ideps/blake3 -c -o src/mgmt/efs_mgmt.o src/mgmt/efs_mgmt.c
src/client/inode_rpc.c: In function ‘rpc_prof_add’:
src/client/inode_rpc.c:55:18: warning: comparison is always true due to limited range of data type [-Wtype-limits]
   55 |         if (type < 256)
      |                  ^
src/client/inode_rpc.c:60:14: warning: comparison is always true due to limited range of data type [-Wtype-limits]
   60 |     if (type < 256) {
      |              ^
ar rcs libefs.a src/common/common.o src/common/protocol.o src/wire/wire.o src/data/erasure.o src/data/store_mem.o src/data/transport_loop.o src/data/transport_conn.o src/kv/kv_mem.o src/kv/kv_key.o src/kv/kv_lsm.o src/kv/kv_compact.o src/kv/kv_wal.o src/kv/kv_seg.o src/meta/metadata.o src/meta/meta_apply.o src/meta/txn.o src/meta/session.o src/meta/lock.o src/meta/dir_layout.o src/sim/opid.o src/raft/raft.o src/raft/raft_mem.o src/raft/raft_disk.o src/raft/raft_log.o src/common/placement.o src/common/checksum.o src/common/network.o src/common/rdma.o deps/blake3/blake3.o deps/blake3/blake3_portable.o deps/blake3/blake3_dispatch.o deps/blake3/blake3_sse2.o deps/blake3/blake3_sse41.o deps/blake3/blake3_avx2.o deps/blake3/blake3_avx512.o src/client/client.o src/client/ops.o src/client/read.o src/client/write.o src/client/bufpool.o src/client/inode_rpc.o src/client/node_cache.o
gcc -O3 -g -fno-omit-frame-pointer -march=native -mtune=native -std=c99 -Wall -Wextra -D_GNU_SOURCE -Wno-stringop-truncation -Wno-format-truncation -DEFS_BUILD_ID='"unknown"'  -Iinclude -Isrc/common -Ideps/blake3 -o efsd src/server/efsd.o src/server/store.o src/server/store_nvme.o src/server/handler.o src/server/cluster.o src/server/meta_server.o src/server/migrate.o src/server/peer_pool.o src/server/writer.o src/server/verify.o src/server/bench_local.o src/server/raft_host.o libefs.a -lpthread -lm -ldl -libverbs
gcc -O3 -g -fno-omit-frame-pointer -march=native -mtune=native -std=c99 -Wall -Wextra -D_GNU_SOURCE -Wno-stringop-truncation -Wno-format-truncation -DEFS_BUILD_ID='"unknown"'  -Iinclude -Isrc/common -Ideps/blake3 -o efs-mgmt src/mgmt/efs_mgmt.o libefs.a -lpthread -lm -ldl -libverbs
gcc -O3 -g -fno-omit-frame-pointer -march=native -mtune=native -std=c99 -Wall -Wextra -D_GNU_SOURCE -Wno-stringop-truncation -Wno-format-truncation -DEFS_BUILD_ID='"unknown"'  -Iinclude -Isrc/common -Ideps/blake3 -I. -o tests/test_wire tests/test_wire.c libefs.a -lpthread -lm -ldl -libverbs
gcc -O3 -g -fno-omit-frame-pointer -march=native -mtune=native -std=c99 -Wall -Wextra -D_GNU_SOURCE -Wno-stringop-truncation -Wno-format-truncation -DEFS_BUILD_ID='"unknown"'  -Iinclude -Isrc/common -Ideps/blake3 -I. -o tests/test_meta_apply tests/test_meta_apply.c libefs.a -lpthread -lm -ldl -libverbs
test_wire: OK
test_meta_apply: OK
[raft-host] build OK (test_wire gated on each node)
[raft-host] start seed
[raft-host] start joiners
[raft-host] wait for group-0 leader
[raft-host] group-0 leader raft_id=0
[raft-host] raft-mkfs (try voters until accepted)
[raft-host] mkfs fcstor003: raft-mkfs rc=0 leader_hint=0 index=2 salt=7996763239549668223
[raft-host] wait ROOT on voters 1,2,3
[raft-host] ReadIndex GETATTR/LOOKUP (fresh)
[raft-host] fresh getattr leader=0: raft-getattr status=0 primary=1 ino=1 mode=040755 nlink=2 size=0 mtime=1788901565
[raft-host] fresh lookup miss: raft-lookup status=1 primary=1 parent=1 name=no-such-efs-name ino=0 mode=00 nlink=0
[raft-host] CREATE file through Raft (fresh)
[raft-host] fresh create: raft-create status=0 primary=1 parent=1 name=raft-smoke-f ino=4097 mode=0100644 nlink=1
[raft-host] fresh lookup created: raft-lookup status=0 primary=1 parent=1 name=raft-smoke-f ino=4097 mode=0100644 nlink=1
[raft-host] fresh getattr created: raft-getattr status=0 primary=1 ino=4097 mode=0100644 nlink=1 size=0 mtime=1788901569
[raft-host] fresh create dup: raft-create status=2 primary=1 parent=1 name=raft-smoke-f ino=0 mode=00 nlink=0
[raft-host] SETATTR mode through Raft (fresh)
[raft-host] fresh setattr lookup: raft-lookup status=0 primary=1 parent=1 name=raft-smoke-f ino=4097 mode=0100644 nlink=1
[raft-host] fresh setattr mode: raft-setattr status=0 primary=1 ino=4097 mask=1 mode=0100600 nlink=1 size=0 mtime=1788901569
[raft-host] fresh getattr setattr: raft-getattr status=0 primary=1 ino=4097 mode=0100600 nlink=1 size=0 mtime=1788901569
[raft-host] fresh setattr size: raft-setattr status=0 primary=1 ino=4097 mask=8 mode=0100600 nlink=1 size=131072 mtime=1788901572
[raft-host] fresh getattr size: raft-getattr status=0 primary=1 ino=4097 mode=0100600 nlink=1 size=131072 mtime=1788901572
[raft-host] fresh setattr mixed size: raft-setattr status=6 primary=0 ino=0 mask=9 mode=00 nlink=0 size=0 mtime=0
[raft-host] fresh setattr utimens: raft-setattr status=0 primary=1 ino=4097 mask=16 mode=0100600 nlink=1 size=131072 mtime=1000000000
[raft-host] fresh getattr utimens: raft-getattr status=0 primary=1 ino=4097 mode=0100600 nlink=1 size=131072 mtime=1000000000
[raft-host] fresh setattr miss: raft-setattr status=1 primary=1 ino=0 mask=1 mode=00 nlink=0 size=0 mtime=0
[raft-host] PUBLISH/GETCHUNKS through Raft (fresh)
[raft-host] fresh publish create: raft-create status=0 primary=1 parent=1 name=raft-smoke-p ino=8193 mode=0100644 nlink=1
[raft-host] fresh getchunks empty: raft-getchunks status=0 primary=1 ino=8193 count=0 cis=
[raft-host] fresh publish: raft-publish status=0 primary=1 ino=8193 ci=0 size=131072
[raft-host] fresh getchunks: raft-getchunks status=0 primary=1 ino=8193 count=1 cis=0
[raft-host] fresh getattr publish: raft-getattr status=0 primary=1 ino=8193 mode=0100644 nlink=1 size=131072 mtime=1788901575
[raft-host] fresh setattr tail: raft-setattr status=0 primary=1 ino=8193 mask=8 mode=0100644 nlink=1 size=1000 mtime=1788901576
[raft-host] fresh getattr tail: raft-getattr status=0 primary=1 ino=8193 mode=0100644 nlink=1 size=1000 mtime=1788901576
[raft-host] fresh getchunks tail: raft-getchunks status=0 primary=1 ino=8193 count=1 cis=0
[raft-host] fresh setattr trunc0: raft-setattr status=0 primary=1 ino=8193 mask=8 mode=0100644 nlink=1 size=0 mtime=1788901578
[raft-host] fresh getchunks trunc0: raft-getchunks status=0 primary=1 ino=8193 count=0 cis=
[raft-host] O_APPEND through Raft (fresh)
[raft-host] fresh append create: raft-create status=0 primary=1 parent=1 name=raft-smoke-a ino=12289 mode=0100644 nlink=1
[raft-host] fresh append: raft-append status=0 primary=1 ino=12289 size=131072
[raft-host] fresh getattr after reserve: raft-getattr status=0 primary=1 ino=12289 mode=0100644 nlink=1 size=0 mtime=1788901579
[raft-host] fresh append publish: raft-publish status=0 primary=1 ino=12289 ci=0 size=131072
[raft-host] fresh getattr after append pub: raft-getattr status=0 primary=1 ino=12289 mode=0100644 nlink=1 size=131072 mtime=1788901580
[raft-host] fresh append miss: raft-append status=1 primary=1 ino=0 size=0
[raft-host] SYMLINK through Raft (fresh)
[raft-host] fresh symlink create: raft-create status=0 primary=1 parent=1 name=raft-smoke-s ino=16385 mode=0120777 nlink=1
[raft-host] fresh getattr empty symlink: raft-getattr status=0 primary=1 ino=16385 mode=0120777 nlink=1 size=0 mtime=1788901581
[raft-host] fresh symlink publish: raft-publish status=0 primary=1 ino=16385 ci=0 size=11
[raft-host] fresh getattr symlink: raft-getattr status=0 primary=1 ino=16385 mode=0120777 nlink=1 size=11 mtime=1788901582
[raft-host] fresh getchunks symlink: raft-getchunks status=0 primary=1 ino=16385 count=1 cis=0
[raft-host] fresh symlink dup: raft-create status=2 primary=1 parent=1 name=raft-smoke-s ino=0 mode=00 nlink=0
[raft-host] MKDIR through Raft (fresh)
[raft-host] fresh mkdir raft-smoke-d0: raft-create status=0 primary=1 parent=1 name=raft-smoke-d0 ino=1267 mode=040755 nlink=2
[raft-host] fresh lookup mkdir: raft-lookup status=0 primary=1 parent=1 name=raft-smoke-d0 ino=1267 mode=040755 nlink=2
[raft-host] cross-group MKDIR from raft_id=0 (fresh)
[raft-host] cross-group mkdir raft-smoke-xg0: raft-create status=0 primary=2 parent=1 name=raft-smoke-xg0 ino=3676 mode=040755 nlink=2
[raft-host] cross-group lookup: raft-lookup status=0 primary=2 parent=1 name=raft-smoke-xg0 ino=3676 mode=040755 nlink=2
[raft-host] UNLINK file through Raft (fresh)
[raft-host] fresh unlink-prep create: raft-create status=0 primary=1 parent=1 name=raft-smoke-u ino=20481 mode=0100644 nlink=1
[raft-host] fresh unlink: raft-unlink status=0 primary=1 parent=1 name=raft-smoke-u ino=20481 mode=0100644 nlink=1
[raft-host] fresh lookup unlinked: raft-lookup status=1 primary=1 parent=1 name=raft-smoke-u ino=0 mode=00 nlink=0
[raft-host] fresh unlink again: raft-unlink status=1 primary=1 parent=1 name=raft-smoke-u ino=0 mode=00 nlink=0
[raft-host] RMDIR through Raft (fresh)
[raft-host] fresh rmdir-prep mkdir raft-smoke-r0: raft-create status=0 primary=1 parent=1 name=raft-smoke-r0 ino=1745 mode=040755 nlink=2
[raft-host] fresh rmdir: raft-rmdir status=0 primary=1 parent=1 name=raft-smoke-r0 ino=1745 mode=040755 nlink=2
[raft-host] fresh lookup rmdir'd: raft-lookup status=1 primary=1 parent=1 name=raft-smoke-r0 ino=0 mode=00 nlink=0
[raft-host] fresh rmdir again: raft-rmdir status=1 primary=1 parent=1 name=raft-smoke-r0 ino=0 mode=00 nlink=0
[raft-host] fresh rmdir file: raft-rmdir status=6 primary=1 parent=1 name=raft-smoke-f ino=0 mode=00 nlink=0
[raft-host] LINK through Raft (fresh)
[raft-host] fresh link lookup src: raft-lookup status=0 primary=1 parent=1 name=raft-smoke-f ino=4097 mode=0100600 nlink=1
[raft-host] fresh link: raft-link status=0 primary=1 src=4097 parent=1 name=raft-smoke-l ino=4097 mode=0100600 nlink=2
[raft-host] fresh lookup linked: raft-lookup status=0 primary=1 parent=1 name=raft-smoke-l ino=4097 mode=0100600 nlink=2
[raft-host] fresh lookup src nlink: raft-lookup status=0 primary=1 parent=1 name=raft-smoke-f ino=4097 mode=0100600 nlink=2
[raft-host] fresh link dup: raft-link status=2 primary=1 src=4097 parent=1 name=raft-smoke-l ino=0 mode=00 nlink=0
[raft-host] fresh link miss: raft-link status=1 primary=1 src=999999 parent=1 name=raft-smoke-l2 ino=0 mode=00 nlink=0
[raft-host] fresh link dir: raft-link status=6 primary=1 src=1267 parent=1 name=raft-smoke-ld ino=0 mode=00 nlink=0
[raft-host] UNLINK nlink>1 through Raft (fresh)
[raft-host] fresh unlink-nlink lookup src: raft-lookup status=0 primary=1 parent=1 name=raft-smoke-f ino=4097 mode=0100600 nlink=2
[raft-host] fresh unlink-nlink extra link: raft-link status=0 primary=1 src=4097 parent=1 name=raft-smoke-h ino=4097 mode=0100600 nlink=3
[raft-host] fresh unlink-nlink: raft-unlink status=0 primary=1 parent=1 name=raft-smoke-h ino=4097 mode=0100600 nlink=2
[raft-host] fresh lookup unlinked extra: raft-lookup status=1 primary=1 parent=1 name=raft-smoke-h ino=0 mode=00 nlink=0
[raft-host] fresh lookup src after nlink unlink: raft-lookup status=0 primary=1 parent=1 name=raft-smoke-f ino=4097 mode=0100600 nlink=2
[raft-host] fresh lookup linked after nlink unlink: raft-lookup status=0 primary=1 parent=1 name=raft-smoke-l ino=4097 mode=0100600 nlink=2
[raft-host] fresh unlink-nlink again: raft-unlink status=1 primary=1 parent=1 name=raft-smoke-h ino=0 mode=00 nlink=0
[raft-host] RENAME through Raft (fresh)
[raft-host] fresh rename-prep create: raft-create status=0 primary=1 parent=1 name=raft-smoke-n ino=24577 mode=0100644 nlink=1
[raft-host] fresh rename: raft-rename status=0 primary=1 old_parent=1 old=raft-smoke-n new_parent=1 new=raft-smoke-m ino=24577 mode=0100644 nlink=1
[raft-host] fresh lookup rename old: raft-lookup status=1 primary=1 parent=1 name=raft-smoke-n ino=0 mode=00 nlink=0
[raft-host] fresh lookup rename new: raft-lookup status=0 primary=1 parent=1 name=raft-smoke-m ino=24577 mode=0100644 nlink=1
[raft-host] fresh rename miss: raft-rename status=1 primary=1 old_parent=1 old=raft-smoke-n new_parent=1 new=raft-smoke-m2 ino=0 mode=00 nlink=0
[raft-host] fresh rename exist: raft-rename status=2 primary=1 old_parent=1 old=raft-smoke-f new_parent=1 new=raft-smoke-m ino=0 mode=00 nlink=0
[raft-host] fresh rename cross-dir: raft-rename status=6 primary=0 old_parent=1 old=raft-smoke-m new_parent=2 new=raft-smoke-x ino=0 mode=00 nlink=0
[raft-host] directory RENAME through Raft (fresh)
[raft-host] fresh dir-rename-prep mkdir: raft-create status=0 primary=1 parent=1 name=raft-smoke-rd ino=3437 mode=040755 nlink=2
[raft-host] fresh dir-rename: raft-rename status=0 primary=1 old_parent=1 old=raft-smoke-rd new_parent=1 new=raft-smoke-re ino=3437 mode=040755 nlink=2
[raft-host] fresh lookup dir-rename old: raft-lookup status=1 primary=1 parent=1 name=raft-smoke-rd ino=0 mode=00 nlink=0
[raft-host] fresh lookup dir-rename new: raft-lookup status=0 primary=1 parent=1 name=raft-smoke-re ino=3437 mode=040755 nlink=2
[raft-host] fresh dir-rename miss: raft-rename status=1 primary=1 old_parent=1 old=raft-smoke-rd new_parent=1 new=raft-smoke-re2 ino=0 mode=00 nlink=0
[raft-host] fresh dir-rename exist: raft-rename status=2 primary=1 old_parent=1 old=raft-smoke-re new_parent=1 new=raft-smoke-f ino=0 mode=00 nlink=0
[raft-host] fresh dir-rename cross-dir: raft-rename status=6 primary=0 old_parent=1 old=raft-smoke-re new_parent=2 new=raft-smoke-x ino=0 mode=00 nlink=0
[raft-host] HASHED dest CREATE through Raft (fresh)
[raft-host] fresh hashed-dir mkdir: raft-create status=0 primary=1 parent=1 name=raft-smoke-hd ino=723 mode=040755 nlink=2
[raft-host] fresh hashed-dir begin: raft-dir status=0 rc=0 kind=begin ino=723 index=99
[raft-host] fresh hashed-dir migrate: raft-dir status=0 rc=0 kind=migrate ino=723 index=100
[raft-host] fresh hashed-dir finish: raft-dir status=0 rc=0 kind=finish ino=723 index=101
[raft-host] fresh hashed-create n0: raft-create status=0 primary=2 parent=723 name=n0 ino=2200 mode=0100644 nlink=1
[raft-host] fresh hashed-lookup: raft-lookup status=0 primary=2 parent=723 name=n0 ino=2200 mode=0100644 nlink=1
[raft-host] fresh hashed-readdir: raft-readdir status=0 count=1 names=n0
[raft-host] fresh hashed-create dup: raft-create status=2 primary=1 parent=723 name=n0 ino=0 mode=00 nlink=0
[raft-host] fresh hashed-create-lane n28: raft-create status=0 primary=2 parent=723 name=n28 ino=6296 mode=0100644 nlink=1
[raft-host] fresh hashed lookup-path: raft-lookup-path status=0 primary=2 path=/raft-smoke-hd/n0 start=0 ino=2200 name=n0 mode=0100644 ancestors=1
[raft-host] HOLD open-unlinked through Raft (fresh)
[raft-host] fresh hold-prep create: raft-create status=0 primary=1 parent=1 name=raft-smoke-k ino=28673 mode=0100644 nlink=1
[raft-host] fresh hold open: raft-hold status=0 primary=1 ino=28673 nlink=1
[raft-host] fresh hold unlink: raft-unlink status=0 primary=1 parent=1 name=raft-smoke-k ino=28673 mode=0100644 nlink=1
[raft-host] fresh hold lookup unlinked: raft-lookup status=1 primary=1 parent=1 name=raft-smoke-k ino=0 mode=00 nlink=0
[raft-host] fresh hold getattr nlink0: raft-getattr status=0 primary=1 ino=28673 mode=0100644 nlink=0 size=0 mtime=1788901610
[raft-host] fresh hold ino0: raft-hold status=6 primary=0 ino=0 nlink=0
[raft-host] fresh hold miss: raft-hold status=1 primary=1 ino=0 nlink=0
[raft-host] FLOCK grant/release through Raft (fresh)
[raft-host] fresh flock-prep create: raft-create status=0 primary=1 parent=1 name=raft-smoke-w ino=32769 mode=0100644 nlink=1
[raft-host] fresh flock ex owner1: raft-flock status=0 primary=1 ino=0
[raft-host] fresh flock ex owner2 busy: raft-flock status=5 primary=1 ino=0
[raft-host] fresh flock un owner1: raft-flock status=0 primary=1 ino=0
[raft-host] fresh flock ex owner2: raft-flock status=0 primary=1 ino=0
[raft-host] fresh flock ino0: raft-flock status=6 primary=0 ino=0
[raft-host] fresh flock miss: raft-flock status=1 primary=1 ino=0
[raft-host] FCNTL grant/release through Raft (fresh)
[raft-host] fresh fcntl-prep create: raft-create status=0 primary=1 parent=1 name=raft-smoke-c ino=36865 mode=0100644 nlink=1
[raft-host] fresh fcntl ex owner1: raft-fcntl status=0 primary=1 ino=0
[raft-host] fresh fcntl ex owner2 busy: raft-fcntl status=5 primary=1 ino=0
[raft-host] fresh fcntl cross-domain flock: raft-flock status=0 primary=1 ino=0
[raft-host] fresh fcntl cross-domain flock un: raft-flock status=0 primary=1 ino=0
[raft-host] fresh fcntl un owner1: raft-fcntl status=0 primary=1 ino=0
[raft-host] fresh fcntl ex owner1 held: raft-fcntl status=0 primary=1 ino=0
[raft-host] fresh fcntl ino0: raft-fcntl status=6 primary=0 ino=0
[raft-host] fresh fcntl miss: raft-fcntl status=1 primary=1 ino=0
[raft-host] FCNTL byte ranges through Raft (fresh)
[raft-host] fresh range-prep create: raft-create status=0 primary=1 parent=1 name=raft-smoke-t ino=40961 mode=0100644 nlink=1
[raft-host] fresh range ex [0,100) owner1: raft-fcntl status=0 primary=1 ino=0
[raft-host] fresh range ex [100,200) owner2: raft-fcntl status=0 primary=1 ino=0
[raft-host] fresh range gex [50,150) owner3: raft-fcntl status=0 primary=1 type=ex owner=1 start=0 end=100
[raft-host] fresh range gex own [100,200): raft-fcntl status=0 primary=1 type=un owner=0 start=0 end=0
[raft-host] fresh range gex [200,300) free: raft-fcntl status=0 primary=1 type=un owner=0 start=0 end=0
[raft-host] fresh range gex ino0: raft-fcntl status=6 primary=0 type=un owner=0 start=0 end=0
[raft-host] fresh range gex miss: raft-fcntl status=1 primary=1 type=un owner=0 start=0 end=0
[raft-host] fresh range ex [50,150) busy: raft-fcntl status=5 primary=1 ino=0
[raft-host] fresh range un [0,100) owner1: raft-fcntl status=0 primary=1 ino=0
[raft-host] fresh range ex [0,100) owner3: raft-fcntl status=0 primary=1 ino=0
[raft-host] fresh range un [0,100) owner3: raft-fcntl status=0 primary=1 ino=0
[raft-host] fresh range inverted: raft-fcntl status=6 primary=0 ino=0
[raft-host] fresh range flock-domain: raft-flock status=6 primary=0 ino=0
[raft-host] FCNTL blocking waits through Raft (fresh)
[raft-host] fresh wait-prep create: raft-create status=0 primary=1 parent=1 name=raft-smoke-q ino=45057 mode=0100644 nlink=1
[raft-host] fresh wait ex [0,100) owner1: raft-fcntl status=0 primary=1 ino=0
[raft-host] fresh wait wex [50,150) owner2 pending
[raft-host] fresh wait un owner1: raft-fcntl status=0 primary=1 ino=0
[raft-host] fresh wait wex owner2 out: raft-fcntl status=0 primary=1 ino=0
[raft-host] fresh wait wsh owner3 still pending behind EX (FIFO)
[raft-host] fresh wait sh [60,140) owner4 busy: raft-fcntl status=5 primary=1 ino=0
[raft-host] fresh wait un owner2: raft-fcntl status=0 primary=1 ino=0
[raft-host] fresh wait wsh owner3 out: raft-fcntl status=0 primary=1 ino=0
[raft-host] fresh wait un owner3: raft-fcntl status=0 primary=1 ino=0
[raft-host] fresh wait inverted: raft-fcntl status=6 primary=0 ino=0
[raft-host] fresh wait flock-domain range: raft-flock status=6 primary=0 ino=0
[raft-host] fresh wait ino0: raft-fcntl status=6 primary=0 ino=0
[raft-host] fresh wait miss: raft-fcntl status=1 primary=1 ino=0
[raft-host] fresh wait ex [500,600) owner5 (held through crash): raft-fcntl status=0 primary=1 ino=0
[raft-host] READDIR/LOOKUP_PATH through ReadIndex (fresh)
[raft-host] fresh readdir: raft-readdir status=0 count=14 names=raft-smoke-a,raft-smoke-c,raft-smoke-d0,raft-smoke-f,raft-smoke-hd,raft-smoke-l,raft-smoke-m,raft-smoke-p,raft-smoke-q,raft-smoke-re,raft-smoke-s,raft-smoke-t,raft-smoke-w,raft-smoke-xg0
[raft-host] fresh lookup-path f: raft-lookup-path status=0 primary=1 path=/raft-smoke-f start=0 ino=4097 name=raft-smoke-f mode=0100600 ancestors=0
[raft-host] fresh lookup-path renamed: raft-lookup-path status=0 primary=1 path=/raft-smoke-m start=0 ino=24577 name=raft-smoke-m mode=0100644 ancestors=0
[raft-host] fresh lookup-path rename-old: raft-lookup-path status=1 primary=1 path=/raft-smoke-n start=0 ino=0 name= mode=00 ancestors=0
[raft-host] fresh lookup-path dir-renamed: raft-lookup-path status=0 primary=1 path=/raft-smoke-re start=0 ino=3437 name=raft-smoke-re mode=040755 ancestors=0
[raft-host] fresh lookup-path dir-rename-old: raft-lookup-path status=1 primary=1 path=/raft-smoke-rd start=0 ino=0 name= mode=00 ancestors=0
[raft-host] fresh lookup-path hashed: raft-lookup-path status=0 primary=2 path=/raft-smoke-hd/n0 start=0 ino=2200 name=n0 mode=0100644 ancestors=1
[raft-host] fresh lookup-path miss: raft-lookup-path status=1 primary=1 path=/no-such-efs-name start=0 ino=0 name= mode=00 ancestors=0
[raft-host] kill -9 follower node=2 (fcstor004)
[raft-host] restart follower
[raft-host] follower caught up applied=132
[raft-host] kill -9 leader raft_id=1
[raft-host] blocking waiter owner=8 pending on leader raft_id=1
[raft-host] wait new group-0 leader
[raft-host] new leader raft_id=0
[raft-host] restart old leader
[raft-host] wait group-0 serving after restart
[raft-host] after-crash serving raft_id=2
[raft-host] after-crash hashed-dir serving raft_id=2
[raft-host] ReadIndex GETATTR/LOOKUP (after crash)
[raft-host] after-crash getattr leader=2: raft-getattr status=0 primary=1 ino=1 mode=040755 nlink=6 size=0 mtime=1788901626
[raft-host] after-crash lookup miss: raft-lookup status=1 primary=1 parent=1 name=no-such-efs-name ino=0 mode=00 nlink=0
[raft-host] after-crash lookup created: raft-lookup status=0 primary=1 parent=1 name=raft-smoke-f ino=4097 mode=0100600 nlink=2
[raft-host] after-crash getattr created: raft-getattr status=0 primary=1 ino=4097 mode=0100600 nlink=2 size=131072 mtime=1000000000
[raft-host] after-crash lookup published: raft-lookup status=0 primary=1 parent=1 name=raft-smoke-p ino=8193 mode=0100644 nlink=1
[raft-host] after-crash getchunks: raft-getchunks status=0 primary=1 ino=8193 count=0 cis=
[raft-host] after-crash getattr published: raft-getattr status=0 primary=1 ino=8193 mode=0100644 nlink=1 size=0 mtime=1788901578
[raft-host] after-crash lookup append: raft-lookup status=0 primary=1 parent=1 name=raft-smoke-a ino=12289 mode=0100644 nlink=1
[raft-host] after-crash getattr append: raft-getattr status=0 primary=1 ino=12289 mode=0100644 nlink=1 size=131072 mtime=1788901580
[raft-host] after-crash lookup symlink: raft-lookup status=0 primary=1 parent=1 name=raft-smoke-s ino=16385 mode=0120777 nlink=1
[raft-host] after-crash getattr symlink: raft-getattr status=0 primary=1 ino=16385 mode=0120777 nlink=1 size=11 mtime=1788901582
[raft-host] after-crash lookup mkdir: raft-lookup status=0 primary=1 parent=1 name=raft-smoke-d0 ino=1267 mode=040755 nlink=2
[raft-host] after-crash lookup cross-group: raft-lookup status=0 primary=3 parent=1 name=raft-smoke-xg0 ino=3676 mode=040755 nlink=2
[raft-host] after-crash lookup linked: raft-lookup status=0 primary=1 parent=1 name=raft-smoke-l ino=4097 mode=0100600 nlink=2
[raft-host] after-crash lookup unlinked: raft-lookup status=1 primary=1 parent=1 name=raft-smoke-u ino=0 mode=00 nlink=0
[raft-host] after-crash lookup rmdir: raft-lookup status=1 primary=1 parent=1 name=raft-smoke-r0 ino=0 mode=00 nlink=0
[raft-host] after-crash lookup nlink-unlinked: raft-lookup status=1 primary=1 parent=1 name=raft-smoke-h ino=0 mode=00 nlink=0
[raft-host] after-crash lookup renamed: raft-lookup status=0 primary=1 parent=1 name=raft-smoke-m ino=24577 mode=0100644 nlink=1
[raft-host] after-crash lookup rename-old: raft-lookup status=1 primary=1 parent=1 name=raft-smoke-n ino=0 mode=00 nlink=0
[raft-host] after-crash lookup dir-renamed: raft-lookup status=0 primary=1 parent=1 name=raft-smoke-re ino=3437 mode=040755 nlink=2
[raft-host] after-crash lookup dir-rename-old: raft-lookup status=1 primary=1 parent=1 name=raft-smoke-rd ino=0 mode=00 nlink=0
[raft-host] after-crash lookup hashed-dir: raft-lookup status=0 primary=1 parent=1 name=raft-smoke-hd ino=723 mode=040755 nlink=2
[raft-host] after-crash lookup hashed-file: raft-lookup status=0 primary=3 parent=723 name=n0 ino=2200 mode=0100644 nlink=1
[raft-host] after-crash lookup hashed-file2: raft-lookup status=0 primary=3 parent=723 name=n28 ino=6296 mode=0100644 nlink=1
[raft-host] after-crash lookup hold-unlinked: raft-lookup status=1 primary=1 parent=1 name=raft-smoke-k ino=0 mode=00 nlink=0
[raft-host] after-crash getattr hold: raft-getattr status=0 primary=1 ino=28673 mode=0100644 nlink=0 size=0 mtime=1788901610
[raft-host] after-crash hold close: raft-hold status=0 primary=1 ino=0 nlink=0
[raft-host] after-crash getattr hold reclaimed: raft-getattr status=1 primary=1 ino=0 mode=00 nlink=0 size=0 mtime=0
[raft-host] after-crash lookup flock: raft-lookup status=0 primary=1 parent=1 name=raft-smoke-w ino=32769 mode=0100644 nlink=1
[raft-host] after-crash getattr flock: raft-getattr status=0 primary=1 ino=32769 mode=0100644 nlink=1 size=0 mtime=1788901613
[raft-host] after-crash flock ex owner1 busy: raft-flock status=5 primary=1 ino=0
[raft-host] after-crash flock un owner2: raft-flock status=0 primary=1 ino=0
[raft-host] after-crash flock ex owner1: raft-flock status=0 primary=1 ino=0
[raft-host] after-crash lookup fcntl: raft-lookup status=0 primary=1 parent=1 name=raft-smoke-c ino=36865 mode=0100644 nlink=1
[raft-host] after-crash getattr fcntl: raft-getattr status=0 primary=1 ino=36865 mode=0100644 nlink=1 size=0 mtime=1788901616
[raft-host] after-crash fcntl ex owner2 busy: raft-fcntl status=5 primary=1 ino=0
[raft-host] after-crash fcntl un owner1: raft-fcntl status=0 primary=1 ino=0
[raft-host] after-crash fcntl ex owner2: raft-fcntl status=0 primary=1 ino=0
[raft-host] after-crash lookup range: raft-lookup status=0 primary=1 parent=1 name=raft-smoke-t ino=40961 mode=0100644 nlink=1
[raft-host] after-crash getattr range: raft-getattr status=0 primary=1 ino=40961 mode=0100644 nlink=1 size=0 mtime=1788901620
[raft-host] after-crash range gex [100,200) owner1: raft-fcntl status=0 primary=1 type=ex owner=2 start=100 end=200
[raft-host] after-crash range ex [100,200) owner1 busy: raft-fcntl status=5 primary=1 ino=0
[raft-host] after-crash range ex [0,100) owner1: raft-fcntl status=0 primary=1 ino=0
[raft-host] after-crash range un [100,200) owner2: raft-fcntl status=0 primary=1 ino=0
[raft-host] after-crash range ex [100,200) owner1: raft-fcntl status=0 primary=1 ino=0
[raft-host] after-crash lookup wait: raft-lookup status=0 primary=1 parent=1 name=raft-smoke-q ino=45057 mode=0100644 nlink=1
[raft-host] after-crash getattr wait: raft-getattr status=0 primary=1 ino=45057 mode=0100644 nlink=1 size=0 mtime=1788901626
[raft-host] after-crash wait ex [500,600) owner9 busy: raft-fcntl status=5 primary=1 ino=0
[raft-host] FAIL: after-crash waiter owner=8 died (no re-issue)
[raft-host] after-crash wait un owner5: raft-fcntl status=0 primary=1 ino=0
[raft-host] ReadIndex READDIR/LOOKUP_PATH (after crash)
[raft-host] after-crash readdir: raft-readdir status=0 count=14 names=raft-smoke-a,raft-smoke-c,raft-smoke-d0,raft-smoke-f,raft-smoke-hd,raft-smoke-l,raft-smoke-m,raft-smoke-p,raft-smoke-q,raft-smoke-re,raft-smoke-s,raft-smoke-t,raft-smoke-w,raft-smoke-xg0
[raft-host] after-crash lookup-path f: raft-lookup-path status=0 primary=1 path=/raft-smoke-f start=0 ino=4097 name=raft-smoke-f mode=0100600 ancestors=0
[raft-host] after-crash lookup-path renamed: raft-lookup-path status=0 primary=1 path=/raft-smoke-m start=0 ino=24577 name=raft-smoke-m mode=0100644 ancestors=0
[raft-host] after-crash lookup-path rename-old: raft-lookup-path status=1 primary=1 path=/raft-smoke-n start=0 ino=0 name= mode=00 ancestors=0
[raft-host] after-crash lookup-path dir-renamed: raft-lookup-path status=0 primary=1 path=/raft-smoke-re start=0 ino=3437 name=raft-smoke-re mode=040755 ancestors=0
[raft-host] after-crash lookup-path dir-rename-old: raft-lookup-path status=1 primary=1 path=/raft-smoke-rd start=0 ino=0 name= mode=00 ancestors=0
[raft-host] after-crash lookup-path hashed: raft-lookup-path status=0 primary=3 path=/raft-smoke-hd/n0 start=0 ino=2200 name=n0 mode=0100644 ancestors=1
[raft-host] after-crash lookup-path miss: raft-lookup-path status=1 primary=1 path=/no-such-efs-name start=0 ino=0 name= mode=00 ancestors=0
[raft-host] FAIL count=1
