Agent pid 374083
Agent pid 374083
Agent pid 374083
Agent pid 374083
Agent pid 374083
Agent pid 374083
Agent pid 374083
Agent pid 374083
--------------------------------------------------------------------------
PMIx was unable to find a usable compression library
on the system. We will therefore be unable to compress
large data streams. This may result in longer-than-normal
startup times and larger memory footprints. We will
continue, but strongly recommend installing zlib or
a comparable compression library for better user experience.

You can suppress this warning by adding "pcompress_base_silence_warning=1"
to your PMIx MCA default parameter file, or by adding
"PMIX_MCA_pcompress_base_silence_warning=1" to your environment.
--------------------------------------------------------------------------
IO500 version 02091cf254d8-13 (standard)
ERROR INVALID (src/phase_dbg.c:15) stonewall-time 30s != 300s
8 more processes have sent help message help-pcompress.txt / unavailable
1 more process has sent help message help-pcompress.txt / unavailable
WARNING: fsync(19) failed
WARNING: fsync(22) failed
WARNING: fsync(20) failed
WARNING: fsync(19) failed
WARNING: fsync(19) failed
WARNING: fsync(20) failed
WARNING: fsync(19) failed
WARNING: fsync(20) failed
ERROR: close(20) failed, (aiori-POSIX.c:827)
--------------------------------------------------------------------------
MPI_ABORT was invoked on rank 2 in communicator MPI_COMM_WORLD
  Proc: [[54084,1],2]
  Errorcode: -1

NOTE: invoking MPI_ABORT causes Open MPI to kill all MPI processes.
You may or may not see output from other processes, depending on
exactly when Open MPI kills them.
--------------------------------------------------------------------------
[fcstor007:00000] *** An error occurred in Socket closed
[fcstor007:00000] *** reported by process [3544449025,0]
[fcstor007:00000] *** on a NULL communicator
[fcstor007:00000] *** Unknown error
[fcstor007:00000] *** MPI_ERRORS_ARE_FATAL (processes in this communicator will now abort,
[fcstor007:00000] ***    and MPI will try to terminate your MPI job as well)
--------------------------------------------------------------------------
prterun has exited due to process rank 2 with PID 1868875 on node fcstor009 calling
"abort". This may have caused other processes in the application to be
terminated by signals sent by prterun (as reported here).
--------------------------------------------------------------------------
