[run_tests] wait_cluster_idle: Heal idle + matching gen on all nodes
[run_tests]   idle gen=- (1s)
[run_tests] posix: XFS baseline on node9901.ib:/data1/efs
[run_tests]   baseline: 196 pass
[run_tests] posix: efs on fcstor007.ib:/tmp/efs-mount  (x1)
[run_tests] posix: efs on fcstor008.ib:/tmp/efs-mount  (x1)
[run_tests] posix: efs on fcstor009.ib:/tmp/efs-mount  (x1)
[run_tests] posix: efs on fcstor010.ib:/tmp/efs-mount  (x1)
[run_tests] posix: efs on fcstor011.ib:/tmp/efs-mount  (x1)
[run_tests] posix: efs on fcstor012.ib:/tmp/efs-mount  (x1)
[run_tests] posix: efs on fcstor013.ib:/tmp/efs-mount  (x1)
[run_tests] posix: efs on fcstor014.ib:/tmp/efs-mount  (x1)
[run_tests] posix: efs on fcstor015.ib:/tmp/efs-mount  (x1)
[run_tests]   --- compare fcstor014.ib vs XFS baseline ---
================================================================
POSIX baseline comparison: 201 tests
  both pass        : 126
  EFS BUGS         : 70  (baseline PASS, target FAIL)
  both fail (match): 4
  target better    : 1
  not run          : 0  (cut or missing; not a bug)
================================================================

--- EFS BUGS (pass on baseline, fail on target) ---
  access_f_ok_after_unlink         [FAIL] timeout after 15s
  case_sensitive_names             [FAIL] timeout after 15s
  chmod_preserves_mtime            [FAIL] timeout after 15s
  concurrent_appends               [FAIL] timeout after 30s
  concurrent_create_unlink_two_proc [FAIL] timeout after 30s
  concurrent_creates_same_dir      [FAIL] timeout after 15s
  concurrent_extend_high_then_low  [FAIL] timeout after 15s
  concurrent_overlap_write         [FAIL] timeout after 15s
  concurrent_write_and_readdir     [FAIL] timeout after 15s
  concurrent_writes_disjoint       [FAIL] timeout after 15s
  content_random_roundtrip         [FAIL] timeout after 15s
  creat_existing_dir_eisdir        [FAIL] timeout after 15s
  create_excl_two_proc             [FAIL] timeout after 15s
  ctime_on_link_rename             [FAIL] timeout after 15s
  dir_deep_nesting                 [FAIL] timeout after 15s
  dir_deep_nesting_beyond_64       [FAIL] timeout after 15s
  dir_nlink_after_rmdir_child      [FAIL] timeout after 15s
  direct_aligned_rdwr              [FAIL] timeout after 15s
  direct_rmw_4k_in_chunk           [FAIL] timeout after 15s
  direct_unaligned_einval          [FAIL] timeout after 15s
  fcntl_setfl_oappend              [FAIL] timeout after 15s
  flock_second_fd_exclusive        [FAIL] timeout after 15s
  flock_two_proc_exclusive         [FAIL] timeout after 15s
  flock_unlock_on_close            [FAIL] timeout after 15s
  fstat_size_after_write           [FAIL] timeout after 15s
  fsync_then_fstat_size            [FAIL] timeout after 15s
  hardlink_three_names             [FAIL] timeout after 15s
  last_link_unlink_other_dir       [FAIL] timeout after 15s
  link_across_dirs                 [FAIL] timeout after 15s
  link_of_symlink                  [FAIL] timeout after 15s
  lstat_symlink_size               [FAIL] timeout after 15s
  mkdirat_unlinkat                 [FAIL] timeout after 15s
  mmap_private_not_visible         [FAIL] timeout after 15s
  mmap_write_read                  [FAIL] timeout after 15s
  mtime_bumps_on_write             [FAIL] timeout after 15s
  mtime_monotonic_many_writes      [FAIL] timeout after 15s
  names_control_and_high_bytes     [FAIL] timeout after 15s
  names_crazy_dirs                 [FAIL] timeout after 15s
  names_crazy_roundtrip            [FAIL] timeout after 15s
  names_near_path_max              [FAIL] timeout after 15s
  names_near_path_max_dir          [FAIL] timeout after 15s
  names_path_too_long              [FAIL] timeout after 15s
  nlink_after_unlink_open          [FAIL] timeout after 15s
  o_append_pwrite_absolute         [FAIL] timeout after 15s
  o_directory                      [FAIL] timeout after 15s
  o_nofollow                       [FAIL] timeout after 15s
  opt_copy_file_range              [FAIL] timeout after 15s
  opt_fallocate                    [FAIL] timeout after 15s
  opt_openat                       [FAIL] timeout after 15s
  opt_seek_hole_data               [FAIL] timeout after 15s
  opt_xattr                        [FAIL] timeout after 15s
  packed_then_grow_past_chunk      [FAIL] timeout after 15s
  rename_dir_same_parent           [FAIL] timeout after 15s
  rename_empty_over_empty_dir      [FAIL] timeout after 15s
  rename_file_over_symlink         [FAIL] timeout after 15s
  rename_to_self                   [FAIL] timeout after 15s
  st_ino_unique_hardlink_same      [FAIL] timeout after 15s
  statfs_sane                      [FAIL] timeout after 15s
  trailing_slash_on_file           [FAIL] timeout after 15s
  trunc_open_other_fd              [FAIL] timeout after 15s
  trunc_shrink_same_fd             [FAIL] timeout after 15s
  trunc_zero_then_high_pwrite      [FAIL] timeout after 15s
  two_fds_independent_offset       [FAIL] timeout after 15s
  two_fds_size_mtime               [FAIL] timeout after 15s
  unlink_open_then_recreate        [FAIL] timeout after 15s
  unlink_recreate_new_ino          [FAIL] timeout after 15s
  write_beyond_eof_then_seek_end   [FAIL] timeout after 15s
  write_hole_pread_zeros           [FAIL] timeout after 15s
  writev_readv_chunk_straddle      [FAIL] timeout after 15s
  zero_length_write                [FAIL] timeout after 15s

--- target passes where baseline fails ---
  dir_mkdir_umask                 

--- both fail (behaviour matches baseline) ---
  fcntl_byte_range_lock            base=FAIL target=FAIL
  virt_find_not_a_real_dir         base=SKIP target=FAIL
  virt_find_query                  base=SKIP target=FAIL
  virt_stats_readable              base=SKIP target=FAIL
[run_tests]   --- compare fcstor007.ib vs XFS baseline ---
================================================================
POSIX baseline comparison: 201 tests
  both pass        : 100
  EFS BUGS         : 96  (baseline PASS, target FAIL)
  both fail (match): 4
  target better    : 1
  not run          : 0  (cut or missing; not a bug)
================================================================

--- EFS BUGS (pass on baseline, fail on target) ---
  access_f_ok_after_unlink         [FAIL] timeout after 15s
  case_sensitive_names             [FAIL] timeout after 15s
  chmod_preserves_mtime            [FAIL] timeout after 15s
  concurrent_appends               [FAIL] timeout after 30s
  concurrent_create_unlink_two_proc [FAIL] timeout after 30s
  concurrent_creates_same_dir      [FAIL] timeout after 15s
  concurrent_extend_high_then_low  [FAIL] timeout after 15s
  concurrent_overlap_write         [FAIL] timeout after 15s
  concurrent_write_and_readdir     [FAIL] timeout after 15s
  concurrent_writes_disjoint       [FAIL] timeout after 15s
  content_random_large_multichunk  [FAIL] timeout after 15s
  content_random_overwrite_append  [FAIL] timeout after 15s
  content_random_roundtrip         [FAIL] timeout after 15s
  content_whitespace_and_line_endings [FAIL] timeout after 15s
  creat_existing_dir_eisdir        [FAIL] timeout after 15s
  create_excl_two_proc             [FAIL] timeout after 15s
  ctime_on_link_rename             [FAIL] timeout after 15s
  dir_deep_nesting                 [FAIL] timeout after 15s
  dir_deep_nesting_beyond_64       [FAIL] timeout after 15s
  dir_nlink_after_rmdir_child      [FAIL] timeout after 15s
  direct_aligned_rdwr              [FAIL] timeout after 15s
  direct_rmw_4k_in_chunk           [FAIL] timeout after 15s
  direct_unaligned_einval          [FAIL] timeout after 15s
  err_create_excl_existing         [FAIL] timeout after 15s
  err_create_under_a_file          [FAIL] timeout after 15s
  err_hardlink_nonexistent_src     [FAIL] timeout after 15s
  err_hardlink_to_dir              [FAIL] timeout after 15s
  err_mkdir_existing               [FAIL] timeout after 15s
  err_open_dir_for_write           [FAIL] timeout after 15s
  err_read_from_dir                [FAIL] timeout after 15s
  err_rename_dir_into_itself       [FAIL] timeout after 15s
  err_rmdir_a_file                 [FAIL] timeout after 15s
  err_rmdir_dot_dotdot             [FAIL] timeout after 15s
  err_rmdir_nonempty               [FAIL] timeout after 15s
  err_stat_nonexistent             [FAIL] timeout after 15s
  err_symlink_loop                 [FAIL] timeout after 15s
  err_unlink_a_directory           [FAIL] timeout after 15s
  err_unlink_nonexistent           [FAIL] timeout after 15s
  err_write_readonly_file          [FAIL] timeout after 15s
  fcntl_lock_basic                 [FAIL] timeout after 15s
  fcntl_setfl_oappend              [FAIL] timeout after 15s
  fdatasync_write                  [FAIL] timeout after 15s
  flock_basic                      [FAIL] timeout after 15s
  flock_second_fd_exclusive        [FAIL] timeout after 15s
  flock_shared_then_exclusive      [FAIL] timeout after 15s
  flock_two_proc_exclusive         [FAIL] timeout after 15s
  flock_unlock_on_close            [FAIL] timeout after 15s
  fstat_size_after_write           [FAIL] timeout after 15s
  fsync_dir                        [FAIL] timeout after 15s
  fsync_then_fstat_size            [FAIL] timeout after 15s
  fsync_write                      [FAIL] timeout after 15s
  hardlink_three_names             [FAIL] timeout after 15s
  last_link_unlink_other_dir       [FAIL] timeout after 15s
  link_across_dirs                 [FAIL] timeout after 15s
  link_of_symlink                  [FAIL] timeout after 15s
  lstat_symlink_size               [FAIL] timeout after 15s
  mkdirat_unlinkat                 [FAIL] timeout after 15s
  mmap_private_not_visible         [FAIL] timeout after 15s
  mmap_write_read                  [FAIL] timeout after 15s
  mtime_bumps_on_write             [FAIL] timeout after 15s
  mtime_monotonic_many_writes      [FAIL] timeout after 15s
  names_control_and_high_bytes     [FAIL] timeout after 15s
  names_crazy_dirs                 [FAIL] timeout after 15s
  names_crazy_roundtrip            [FAIL] timeout after 15s
  names_near_path_max              [FAIL] timeout after 15s
  names_near_path_max_dir          [FAIL] timeout after 15s
  names_path_too_long              [FAIL] timeout after 15s
  nlink_after_unlink_open          [FAIL] timeout after 15s
  o_append_pwrite_absolute         [FAIL] timeout after 15s
  o_directory                      [FAIL] timeout after 15s
  o_nofollow                       [FAIL] timeout after 15s
  opt_copy_file_range              [FAIL] timeout after 15s
  opt_fallocate                    [FAIL] timeout after 15s
  opt_openat                       [FAIL] timeout after 15s
  opt_seek_hole_data               [FAIL] timeout after 15s
  opt_xattr                        [FAIL] timeout after 15s
  packed_then_grow_past_chunk      [FAIL] timeout after 15s
  rename_dir_same_parent           [FAIL] timeout after 15s
  rename_empty_over_empty_dir      [FAIL] timeout after 15s
  rename_file_over_symlink         [FAIL] timeout after 15s
  rename_to_self                   [FAIL] timeout after 15s
  st_ino_unique_hardlink_same      [FAIL] timeout after 15s
  statfs_sane                      [FAIL] timeout after 15s
  trailing_slash_on_file           [FAIL] timeout after 15s
  trunc_open_other_fd              [FAIL] timeout after 15s
  trunc_shrink_same_fd             [FAIL] timeout after 15s
  trunc_zero_then_high_pwrite      [FAIL] timeout after 15s
  two_fds_independent_offset       [FAIL] timeout after 15s
  two_fds_size_mtime               [FAIL] timeout after 15s
  unlink_open_file                 [FAIL] timeout after 15s
  unlink_open_then_recreate        [FAIL] timeout after 15s
  unlink_recreate_new_ino          [FAIL] timeout after 15s
  write_beyond_eof_then_seek_end   [FAIL] timeout after 15s
  write_hole_pread_zeros           [FAIL] timeout after 15s
  writev_readv_chunk_straddle      [FAIL] timeout after 15s
  zero_length_write                [FAIL] timeout after 15s

--- target passes where baseline fails ---
  dir_mkdir_umask                 

--- both fail (behaviour matches baseline) ---
  fcntl_byte_range_lock            base=FAIL target=FAIL
  virt_find_not_a_real_dir         base=SKIP target=FAIL
  virt_find_query                  base=SKIP target=FAIL
  virt_stats_readable              base=SKIP target=FAIL
[run_tests]   --- compare fcstor012.ib vs XFS baseline ---
================================================================
POSIX baseline comparison: 201 tests
  both pass        : 126
  EFS BUGS         : 70  (baseline PASS, target FAIL)
  both fail (match): 4
  target better    : 1
  not run          : 0  (cut or missing; not a bug)
================================================================

--- EFS BUGS (pass on baseline, fail on target) ---
  access_f_ok_after_unlink         [FAIL] timeout after 15s
  case_sensitive_names             [FAIL] timeout after 15s
  chmod_preserves_mtime            [FAIL] timeout after 15s
  concurrent_appends               [FAIL] timeout after 30s
  concurrent_create_unlink_two_proc [FAIL] timeout after 30s
  concurrent_creates_same_dir      [FAIL] timeout after 15s
  concurrent_extend_high_then_low  [FAIL] timeout after 15s
  concurrent_overlap_write         [FAIL] timeout after 15s
  concurrent_write_and_readdir     [FAIL] timeout after 15s
  concurrent_writes_disjoint       [FAIL] timeout after 15s
  content_random_roundtrip         [FAIL] timeout after 15s
  creat_existing_dir_eisdir        [FAIL] timeout after 15s
  create_excl_two_proc             [FAIL] timeout after 15s
  ctime_on_link_rename             [FAIL] timeout after 15s
  dir_deep_nesting                 [FAIL] timeout after 15s
  dir_deep_nesting_beyond_64       [FAIL] timeout after 15s
  dir_nlink_after_rmdir_child      [FAIL] timeout after 15s
  direct_aligned_rdwr              [FAIL] timeout after 15s
  direct_rmw_4k_in_chunk           [FAIL] timeout after 15s
  direct_unaligned_einval          [FAIL] timeout after 15s
  fcntl_setfl_oappend              [FAIL] timeout after 15s
  flock_second_fd_exclusive        [FAIL] timeout after 15s
  flock_shared_then_exclusive      [FAIL] timeout after 15s
  flock_two_proc_exclusive         [FAIL] timeout after 15s
  flock_unlock_on_close            [FAIL] timeout after 15s
  fstat_size_after_write           [FAIL] timeout after 15s
  fsync_then_fstat_size            [FAIL] timeout after 15s
  hardlink_three_names             [FAIL] timeout after 15s
  last_link_unlink_other_dir       [FAIL] timeout after 15s
  link_across_dirs                 [FAIL] timeout after 15s
  link_of_symlink                  [FAIL] timeout after 15s
  lstat_symlink_size               [FAIL] timeout after 15s
  mkdirat_unlinkat                 [FAIL] timeout after 15s
  mmap_private_not_visible         [FAIL] timeout after 15s
  mmap_write_read                  [FAIL] timeout after 15s
  mtime_bumps_on_write             [FAIL] timeout after 15s
  mtime_monotonic_many_writes      [FAIL] timeout after 15s
  names_control_and_high_bytes     [FAIL] timeout after 15s
  names_crazy_dirs                 [FAIL] timeout after 15s
  names_crazy_roundtrip            [FAIL] timeout after 15s
  names_near_path_max              [FAIL] timeout after 15s
  names_near_path_max_dir          [FAIL] timeout after 15s
  nlink_after_unlink_open          [FAIL] timeout after 15s
  o_append_pwrite_absolute         [FAIL] timeout after 15s
  o_directory                      [FAIL] timeout after 15s
  o_nofollow                       [FAIL] timeout after 15s
  opt_copy_file_range              [FAIL] timeout after 15s
  opt_fallocate                    [FAIL] timeout after 15s
  opt_openat                       [FAIL] timeout after 15s
  opt_seek_hole_data               [FAIL] timeout after 15s
  opt_xattr                        [FAIL] timeout after 15s
  packed_then_grow_past_chunk      [FAIL] timeout after 15s
  rename_dir_same_parent           [FAIL] timeout after 15s
  rename_empty_over_empty_dir      [FAIL] timeout after 15s
  rename_file_over_symlink         [FAIL] timeout after 15s
  rename_to_self                   [FAIL] timeout after 15s
  st_ino_unique_hardlink_same      [FAIL] timeout after 15s
  statfs_sane                      [FAIL] timeout after 15s
  trailing_slash_on_file           [FAIL] timeout after 15s
  trunc_open_other_fd              [FAIL] timeout after 15s
  trunc_shrink_same_fd             [FAIL] timeout after 15s
  trunc_zero_then_high_pwrite      [FAIL] timeout after 15s
  two_fds_independent_offset       [FAIL] timeout after 15s
  two_fds_size_mtime               [FAIL] timeout after 15s
  unlink_open_then_recreate        [FAIL] timeout after 15s
  unlink_recreate_new_ino          [FAIL] timeout after 15s
  write_beyond_eof_then_seek_end   [FAIL] timeout after 15s
  write_hole_pread_zeros           [FAIL] timeout after 15s
  writev_readv_chunk_straddle      [FAIL] timeout after 15s
  zero_length_write                [FAIL] timeout after 15s

--- target passes where baseline fails ---
  dir_mkdir_umask                 

--- both fail (behaviour matches baseline) ---
  fcntl_byte_range_lock            base=FAIL target=FAIL
  virt_find_not_a_real_dir         base=SKIP target=FAIL
  virt_find_query                  base=SKIP target=FAIL
  virt_stats_readable              base=SKIP target=FAIL
[run_tests]   --- compare fcstor010.ib vs XFS baseline ---
================================================================
POSIX baseline comparison: 201 tests
  both pass        : 121
  EFS BUGS         : 75  (baseline PASS, target FAIL)
  both fail (match): 4
  target better    : 1
  not run          : 0  (cut or missing; not a bug)
================================================================

--- EFS BUGS (pass on baseline, fail on target) ---
  access_f_ok_after_unlink         [FAIL] timeout after 15s
  case_sensitive_names             [FAIL] timeout after 15s
  chmod_preserves_mtime            [FAIL] timeout after 15s
  concurrent_appends               [FAIL] timeout after 30s
  concurrent_create_unlink_two_proc [FAIL] timeout after 30s
  concurrent_creates_same_dir      [FAIL] timeout after 15s
  concurrent_extend_high_then_low  [FAIL] timeout after 15s
  concurrent_overlap_write         [FAIL] timeout after 15s
  concurrent_write_and_readdir     [FAIL] timeout after 15s
  concurrent_writes_disjoint       [FAIL] timeout after 15s
  content_random_roundtrip         [FAIL] timeout after 15s
  creat_existing_dir_eisdir        [FAIL] timeout after 15s
  create_excl_two_proc             [FAIL] timeout after 15s
  ctime_on_link_rename             [FAIL] timeout after 15s
  dir_deep_nesting                 [FAIL] timeout after 15s
  dir_deep_nesting_beyond_64       [FAIL] timeout after 15s
  dir_nlink_after_rmdir_child      [FAIL] timeout after 15s
  direct_aligned_rdwr              [FAIL] timeout after 15s
  direct_rmw_4k_in_chunk           [FAIL] timeout after 15s
  direct_unaligned_einval          [FAIL] timeout after 15s
  fcntl_lock_basic                 [FAIL] timeout after 15s
  fcntl_setfl_oappend              [FAIL] timeout after 15s
  flock_basic                      [FAIL] timeout after 15s
  flock_second_fd_exclusive        [FAIL] timeout after 15s
  flock_shared_then_exclusive      [FAIL] timeout after 15s
  flock_two_proc_exclusive         [FAIL] timeout after 15s
  flock_unlock_on_close            [FAIL] timeout after 15s
  fstat_size_after_write           [FAIL] timeout after 15s
  fsync_dir                        [FAIL] timeout after 15s
  fsync_then_fstat_size            [FAIL] timeout after 15s
  hardlink_three_names             [FAIL] timeout after 15s
  last_link_unlink_other_dir       [FAIL] timeout after 15s
  link_across_dirs                 [FAIL] timeout after 15s
  link_of_symlink                  [FAIL] timeout after 15s
  lstat_symlink_size               [FAIL] timeout after 15s
  mkdirat_unlinkat                 [FAIL] timeout after 15s
  mmap_private_not_visible         [FAIL] timeout after 15s
  mmap_write_read                  [FAIL] timeout after 15s
  mtime_bumps_on_write             [FAIL] timeout after 15s
  mtime_monotonic_many_writes      [FAIL] timeout after 15s
  names_control_and_high_bytes     [FAIL] timeout after 15s
  names_crazy_dirs                 [FAIL] timeout after 15s
  names_crazy_roundtrip            [FAIL] timeout after 15s
  names_near_path_max              [FAIL] timeout after 15s
  names_near_path_max_dir          [FAIL] timeout after 15s
  names_path_too_long              [FAIL] timeout after 15s
  nlink_after_unlink_open          [FAIL] timeout after 15s
  o_append_pwrite_absolute         [FAIL] timeout after 15s
  o_directory                      [FAIL] timeout after 15s
  o_nofollow                       [FAIL] timeout after 15s
  opt_copy_file_range              [FAIL] timeout after 15s
  opt_fallocate                    [FAIL] timeout after 15s
  opt_openat                       [FAIL] timeout after 15s
  opt_seek_hole_data               [FAIL] timeout after 15s
  opt_xattr                        [FAIL] timeout after 15s
  packed_then_grow_past_chunk      [FAIL] timeout after 15s
  rename_dir_same_parent           [FAIL] timeout after 15s
  rename_empty_over_empty_dir      [FAIL] timeout after 15s
  rename_file_over_symlink         [FAIL] timeout after 15s
  rename_to_self                   [FAIL] timeout after 15s
  st_ino_unique_hardlink_same      [FAIL] timeout after 15s
  statfs_sane                      [FAIL] timeout after 15s
  trailing_slash_on_file           [FAIL] timeout after 15s
  trunc_open_other_fd              [FAIL] timeout after 15s
  trunc_shrink_same_fd             [FAIL] timeout after 15s
  trunc_zero_then_high_pwrite      [FAIL] timeout after 15s
  two_fds_independent_offset       [FAIL] timeout after 15s
  two_fds_size_mtime               [FAIL] timeout after 15s
  unlink_open_file                 [FAIL] timeout after 15s
  unlink_open_then_recreate        [FAIL] timeout after 15s
  unlink_recreate_new_ino          [FAIL] timeout after 15s
  write_beyond_eof_then_seek_end   [FAIL] timeout after 15s
  write_hole_pread_zeros           [FAIL] timeout after 15s
  writev_readv_chunk_straddle      [FAIL] timeout after 15s
  zero_length_write                [FAIL] timeout after 15s

--- target passes where baseline fails ---
  dir_mkdir_umask                 

--- both fail (behaviour matches baseline) ---
  fcntl_byte_range_lock            base=FAIL target=FAIL
  virt_find_not_a_real_dir         base=SKIP target=FAIL
  virt_find_query                  base=SKIP target=FAIL
  virt_stats_readable              base=SKIP target=FAIL
[run_tests]   --- compare fcstor008.ib vs XFS baseline ---
================================================================
POSIX baseline comparison: 201 tests
  both pass        : 129
  EFS BUGS         : 67  (baseline PASS, target FAIL)
  both fail (match): 3
  target better    : 2
  not run          : 0  (cut or missing; not a bug)
================================================================

--- EFS BUGS (pass on baseline, fail on target) ---
  access_f_ok_after_unlink         [FAIL] timeout after 15s
  case_sensitive_names             [FAIL] timeout after 15s
  chmod_preserves_mtime            [FAIL] timeout after 15s
  concurrent_appends               [FAIL] timeout after 30s
  concurrent_create_unlink_two_proc [FAIL] timeout after 30s
  concurrent_creates_same_dir      [FAIL] timeout after 15s
  concurrent_extend_high_then_low  [FAIL] timeout after 15s
  concurrent_overlap_write         [FAIL] timeout after 15s
  concurrent_write_and_readdir     [FAIL] timeout after 15s
  concurrent_writes_disjoint       [FAIL] timeout after 15s
  content_random_roundtrip         [FAIL] timeout after 15s
  creat_existing_dir_eisdir        [FAIL] timeout after 15s
  create_excl_two_proc             [FAIL] timeout after 15s
  ctime_on_link_rename             [FAIL] timeout after 15s
  dir_deep_nesting                 [FAIL] timeout after 15s
  dir_deep_nesting_beyond_64       [FAIL] timeout after 15s
  dir_nlink_after_rmdir_child      [FAIL] timeout after 15s
  direct_aligned_rdwr              [FAIL] timeout after 15s
  direct_rmw_4k_in_chunk           [FAIL] timeout after 15s
  direct_unaligned_einval          [FAIL] timeout after 15s
  fcntl_setfl_oappend              [FAIL] timeout after 15s
  flock_second_fd_exclusive        [FAIL] timeout after 15s
  flock_two_proc_exclusive         [FAIL] timeout after 15s
  flock_unlock_on_close            [FAIL] timeout after 15s
  fstat_size_after_write           [FAIL] timeout after 15s
  fsync_then_fstat_size            [FAIL] timeout after 15s
  hardlink_three_names             [FAIL] timeout after 15s
  last_link_unlink_other_dir       [FAIL] timeout after 15s
  link_across_dirs                 [FAIL] timeout after 15s
  link_of_symlink                  [FAIL] timeout after 15s
  lstat_symlink_size               [FAIL] timeout after 15s
  mkdirat_unlinkat                 [FAIL] timeout after 15s
  mmap_write_read                  [SKIP] mmap unsupported: [Errno 19] No such device
  mtime_bumps_on_write             [FAIL] timeout after 15s
  mtime_monotonic_many_writes      [FAIL] timeout after 15s
  names_control_and_high_bytes     [FAIL] timeout after 15s
  names_crazy_dirs                 [FAIL] timeout after 15s
  names_crazy_roundtrip            [FAIL] timeout after 15s
  names_near_path_max              [FAIL] timeout after 15s
  names_near_path_max_dir          [FAIL] timeout after 15s
  nlink_after_unlink_open          [FAIL] timeout after 15s
  o_append_pwrite_absolute         [FAIL] timeout after 15s
  o_directory                      [FAIL] timeout after 15s
  o_nofollow                       [FAIL] timeout after 15s
  opt_copy_file_range              [FAIL] timeout after 15s
  opt_fallocate                    [FAIL] timeout after 15s
  opt_openat                       [FAIL] timeout after 15s
  opt_seek_hole_data               [FAIL] timeout after 15s
  opt_xattr                        [FAIL] timeout after 15s
  packed_then_grow_past_chunk      [FAIL] timeout after 15s
  rename_dir_same_parent           [FAIL] timeout after 15s
  rename_empty_over_empty_dir      [FAIL] timeout after 15s
  rename_file_over_symlink         [FAIL] timeout after 15s
  rename_to_self                   [FAIL] timeout after 15s
  st_ino_unique_hardlink_same      [FAIL] timeout after 15s
  trailing_slash_on_file           [FAIL] timeout after 15s
  trunc_open_other_fd              [FAIL] timeout after 15s
  trunc_shrink_same_fd             [FAIL] timeout after 15s
  trunc_zero_then_high_pwrite      [FAIL] timeout after 15s
  two_fds_independent_offset       [FAIL] timeout after 15s
  two_fds_size_mtime               [FAIL] timeout after 15s
  unlink_open_then_recreate        [FAIL] timeout after 15s
  unlink_recreate_new_ino          [FAIL] timeout after 15s
  write_beyond_eof_then_seek_end   [FAIL] timeout after 15s
  write_hole_pread_zeros           [FAIL] timeout after 15s
  writev_readv_chunk_straddle      [FAIL] timeout after 15s
  zero_length_write                [FAIL] timeout after 15s

--- target passes where baseline fails ---
  dir_mkdir_umask                 
  fcntl_byte_range_lock           

--- both fail (behaviour matches baseline) ---
  virt_find_not_a_real_dir         base=SKIP target=FAIL
  virt_find_query                  base=SKIP target=FAIL
  virt_stats_readable              base=SKIP target=FAIL
[run_tests]   --- compare fcstor013.ib vs XFS baseline ---
================================================================
POSIX baseline comparison: 201 tests
  both pass        : 125
  EFS BUGS         : 71  (baseline PASS, target FAIL)
  both fail (match): 4
  target better    : 1
  not run          : 0  (cut or missing; not a bug)
================================================================

--- EFS BUGS (pass on baseline, fail on target) ---
  access_f_ok_after_unlink         [FAIL] timeout after 15s
  case_sensitive_names             [FAIL] timeout after 15s
  chmod_preserves_mtime            [FAIL] timeout after 15s
  concurrent_appends               [FAIL] timeout after 30s
  concurrent_create_unlink_two_proc [FAIL] timeout after 30s
  concurrent_creates_same_dir      [FAIL] timeout after 15s
  concurrent_extend_high_then_low  [FAIL] timeout after 15s
  concurrent_overlap_write         [FAIL] timeout after 15s
  concurrent_write_and_readdir     [FAIL] timeout after 15s
  concurrent_writes_disjoint       [FAIL] timeout after 15s
  content_random_roundtrip         [FAIL] timeout after 15s
  creat_existing_dir_eisdir        [FAIL] timeout after 15s
  create_excl_two_proc             [FAIL] timeout after 15s
  ctime_on_link_rename             [FAIL] timeout after 15s
  dir_deep_nesting                 [FAIL] timeout after 15s
  dir_deep_nesting_beyond_64       [FAIL] timeout after 15s
  dir_nlink_after_rmdir_child      [FAIL] timeout after 15s
  direct_aligned_rdwr              [FAIL] timeout after 15s
  direct_rmw_4k_in_chunk           [FAIL] timeout after 15s
  direct_unaligned_einval          [FAIL] timeout after 15s
  fcntl_setfl_oappend              [FAIL] timeout after 15s
  flock_second_fd_exclusive        [FAIL] timeout after 15s
  flock_shared_then_exclusive      [FAIL] timeout after 15s
  flock_two_proc_exclusive         [FAIL] timeout after 15s
  flock_unlock_on_close            [FAIL] timeout after 15s
  fstat_size_after_write           [FAIL] timeout after 15s
  fsync_then_fstat_size            [FAIL] timeout after 15s
  hardlink_three_names             [FAIL] timeout after 15s
  last_link_unlink_other_dir       [FAIL] timeout after 15s
  link_across_dirs                 [FAIL] timeout after 15s
  link_of_symlink                  [FAIL] timeout after 15s
  lstat_symlink_size               [FAIL] timeout after 15s
  mkdirat_unlinkat                 [FAIL] timeout after 15s
  mmap_private_not_visible         [FAIL] timeout after 15s
  mmap_write_read                  [FAIL] timeout after 15s
  mtime_bumps_on_write             [FAIL] timeout after 15s
  mtime_monotonic_many_writes      [FAIL] timeout after 15s
  names_control_and_high_bytes     [FAIL] timeout after 15s
  names_crazy_dirs                 [FAIL] timeout after 15s
  names_crazy_roundtrip            [FAIL] timeout after 15s
  names_near_path_max              [FAIL] timeout after 15s
  names_near_path_max_dir          [FAIL] timeout after 15s
  names_path_too_long              [FAIL] timeout after 15s
  nlink_after_unlink_open          [FAIL] timeout after 15s
  o_append_pwrite_absolute         [FAIL] timeout after 15s
  o_directory                      [FAIL] timeout after 15s
  o_nofollow                       [FAIL] timeout after 15s
  opt_copy_file_range              [FAIL] timeout after 15s
  opt_fallocate                    [FAIL] timeout after 15s
  opt_openat                       [FAIL] timeout after 15s
  opt_seek_hole_data               [FAIL] timeout after 15s
  opt_xattr                        [FAIL] timeout after 15s
  packed_then_grow_past_chunk      [FAIL] timeout after 15s
  rename_dir_same_parent           [FAIL] timeout after 15s
  rename_empty_over_empty_dir      [FAIL] timeout after 15s
  rename_file_over_symlink         [FAIL] timeout after 15s
  rename_to_self                   [FAIL] timeout after 15s
  st_ino_unique_hardlink_same      [FAIL] timeout after 15s
  statfs_sane                      [FAIL] timeout after 15s
  trailing_slash_on_file           [FAIL] timeout after 15s
  trunc_open_other_fd              [FAIL] timeout after 15s
  trunc_shrink_same_fd             [FAIL] timeout after 15s
  trunc_zero_then_high_pwrite      [FAIL] timeout after 15s
  two_fds_independent_offset       [FAIL] timeout after 15s
  two_fds_size_mtime               [FAIL] timeout after 15s
  unlink_open_then_recreate        [FAIL] timeout after 15s
  unlink_recreate_new_ino          [FAIL] timeout after 15s
  write_beyond_eof_then_seek_end   [FAIL] timeout after 15s
  write_hole_pread_zeros           [FAIL] timeout after 15s
  writev_readv_chunk_straddle      [FAIL] timeout after 15s
  zero_length_write                [FAIL] timeout after 15s

--- target passes where baseline fails ---
  dir_mkdir_umask                 

--- both fail (behaviour matches baseline) ---
  fcntl_byte_range_lock            base=FAIL target=FAIL
  virt_find_not_a_real_dir         base=SKIP target=FAIL
  virt_find_query                  base=SKIP target=FAIL
  virt_stats_readable              base=SKIP target=FAIL
[run_tests]   --- compare fcstor011.ib vs XFS baseline ---
================================================================
POSIX baseline comparison: 201 tests
  both pass        : 130
  EFS BUGS         : 66  (baseline PASS, target FAIL)
  both fail (match): 3
  target better    : 2
  not run          : 0  (cut or missing; not a bug)
================================================================

--- EFS BUGS (pass on baseline, fail on target) ---
  access_f_ok_after_unlink         [FAIL] timeout after 15s
  case_sensitive_names             [FAIL] timeout after 15s
  chmod_preserves_mtime            [FAIL] timeout after 15s
  concurrent_appends               [FAIL] timeout after 30s
  concurrent_create_unlink_two_proc [FAIL] timeout after 30s
  concurrent_creates_same_dir      [FAIL] timeout after 15s
  concurrent_extend_high_then_low  [FAIL] timeout after 15s
  concurrent_overlap_write         [FAIL] timeout after 15s
  concurrent_write_and_readdir     [FAIL] timeout after 15s
  concurrent_writes_disjoint       [FAIL] timeout after 15s
  content_random_roundtrip         [FAIL] timeout after 15s
  creat_existing_dir_eisdir        [FAIL] timeout after 15s
  create_excl_two_proc             [FAIL] timeout after 15s
  ctime_on_link_rename             [FAIL] timeout after 15s
  dir_deep_nesting                 [FAIL] timeout after 15s
  dir_deep_nesting_beyond_64       [FAIL] timeout after 15s
  dir_nlink_after_rmdir_child      [FAIL] timeout after 15s
  direct_aligned_rdwr              [FAIL] timeout after 15s
  direct_rmw_4k_in_chunk           [FAIL] timeout after 15s
  direct_unaligned_einval          [FAIL] timeout after 15s
  fcntl_setfl_oappend              [FAIL] timeout after 15s
  flock_second_fd_exclusive        [FAIL] timeout after 15s
  flock_two_proc_exclusive         [FAIL] timeout after 15s
  flock_unlock_on_close            [FAIL] timeout after 15s
  fstat_size_after_write           [FAIL] timeout after 15s
  fsync_then_fstat_size            [FAIL] timeout after 15s
  hardlink_three_names             [FAIL] timeout after 15s
  last_link_unlink_other_dir       [FAIL] timeout after 15s
  link_across_dirs                 [FAIL] timeout after 15s
  link_of_symlink                  [FAIL] timeout after 15s
  lstat_symlink_size               [FAIL] timeout after 15s
  mkdirat_unlinkat                 [FAIL] timeout after 15s
  mmap_write_read                  [SKIP] mmap unsupported: [Errno 19] No such device
  mtime_bumps_on_write             [FAIL] timeout after 15s
  mtime_monotonic_many_writes      [FAIL] timeout after 15s
  names_crazy_dirs                 [FAIL] timeout after 15s
  names_crazy_roundtrip            [FAIL] timeout after 15s
  names_near_path_max              [FAIL] timeout after 15s
  names_near_path_max_dir          [FAIL] timeout after 15s
  nlink_after_unlink_open          [FAIL] timeout after 15s
  o_append_pwrite_absolute         [FAIL] timeout after 15s
  o_directory                      [FAIL] timeout after 15s
  o_nofollow                       [FAIL] timeout after 15s
  opt_copy_file_range              [FAIL] timeout after 15s
  opt_fallocate                    [FAIL] timeout after 15s
  opt_openat                       [FAIL] timeout after 15s
  opt_seek_hole_data               [FAIL] timeout after 15s
  opt_xattr                        [FAIL] timeout after 15s
  packed_then_grow_past_chunk      [FAIL] timeout after 15s
  rename_dir_same_parent           [FAIL] timeout after 15s
  rename_empty_over_empty_dir      [FAIL] timeout after 15s
  rename_file_over_symlink         [FAIL] timeout after 15s
  rename_to_self                   [FAIL] timeout after 15s
  st_ino_unique_hardlink_same      [FAIL] timeout after 15s
  trailing_slash_on_file           [FAIL] timeout after 15s
  trunc_open_other_fd              [FAIL] timeout after 15s
  trunc_shrink_same_fd             [FAIL] timeout after 15s
  trunc_zero_then_high_pwrite      [FAIL] timeout after 15s
  two_fds_independent_offset       [FAIL] timeout after 15s
  two_fds_size_mtime               [FAIL] timeout after 15s
  unlink_open_then_recreate        [FAIL] timeout after 15s
  unlink_recreate_new_ino          [FAIL] timeout after 15s
  write_beyond_eof_then_seek_end   [FAIL] timeout after 15s
  write_hole_pread_zeros           [FAIL] timeout after 15s
  writev_readv_chunk_straddle      [FAIL] timeout after 15s
  zero_length_write                [FAIL] timeout after 15s

--- target passes where baseline fails ---
  dir_mkdir_umask                 
  fcntl_byte_range_lock           

--- both fail (behaviour matches baseline) ---
  virt_find_not_a_real_dir         base=SKIP target=FAIL
  virt_find_query                  base=SKIP target=FAIL
  virt_stats_readable              base=SKIP target=FAIL
[run_tests]   --- compare fcstor015.ib vs XFS baseline ---
================================================================
POSIX baseline comparison: 201 tests
  both pass        : 96
  EFS BUGS         : 100  (baseline PASS, target FAIL)
  both fail (match): 4
  target better    : 1
  not run          : 0  (cut or missing; not a bug)
================================================================

--- EFS BUGS (pass on baseline, fail on target) ---
  access_f_ok_after_unlink         [FAIL] timeout after 15s
  case_sensitive_names             [FAIL] timeout after 15s
  chmod_preserves_mtime            [FAIL] timeout after 15s
  concurrent_appends               [FAIL] timeout after 30s
  concurrent_appends_two_proc      [FAIL] timeout after 30s
  concurrent_create_unlink_two_proc [FAIL] timeout after 30s
  concurrent_creates_same_dir      [FAIL] timeout after 15s
  concurrent_extend_high_then_low  [FAIL] timeout after 15s
  concurrent_overlap_write         [FAIL] timeout after 15s
  concurrent_write_and_readdir     [FAIL] timeout after 15s
  concurrent_writes_disjoint       [FAIL] timeout after 15s
  content_all_byte_values          [FAIL] timeout after 15s
  content_nul_and_control          [FAIL] timeout after 15s
  content_random_large_multichunk  [FAIL] timeout after 15s
  content_random_overwrite_append  [FAIL] timeout after 15s
  content_random_roundtrip         [FAIL] timeout after 15s
  content_whitespace_and_line_endings [FAIL] timeout after 15s
  creat_existing_dir_eisdir        [FAIL] timeout after 15s
  create_excl_two_proc             [FAIL] timeout after 15s
  ctime_on_link_rename             [FAIL] timeout after 15s
  dir_deep_nesting                 [FAIL] timeout after 15s
  dir_deep_nesting_beyond_64       [FAIL] timeout after 15s
  dir_nlink_after_rmdir_child      [FAIL] timeout after 15s
  direct_aligned_rdwr              [FAIL] timeout after 15s
  direct_rmw_4k_in_chunk           [FAIL] timeout after 15s
  direct_unaligned_einval          [FAIL] timeout after 15s
  err_create_excl_existing         [FAIL] timeout after 15s
  err_create_under_a_file          [FAIL] timeout after 15s
  err_hardlink_nonexistent_src     [FAIL] timeout after 15s
  err_hardlink_to_dir              [FAIL] timeout after 15s
  err_mkdir_existing               [FAIL] timeout after 15s
  err_open_dir_for_write           [FAIL] timeout after 15s
  err_read_from_dir                [FAIL] timeout after 15s
  err_rename_dir_into_itself       [FAIL] timeout after 15s
  err_rmdir_a_file                 [FAIL] timeout after 15s
  err_rmdir_dot_dotdot             [FAIL] timeout after 15s
  err_rmdir_nonempty               [FAIL] timeout after 15s
  err_stat_nonexistent             [FAIL] timeout after 15s
  err_symlink_loop                 [FAIL] timeout after 15s
  err_unlink_a_directory           [FAIL] timeout after 15s
  err_unlink_nonexistent           [FAIL] timeout after 15s
  err_write_readonly_file          [FAIL] timeout after 15s
  fcntl_lock_basic                 [FAIL] timeout after 15s
  fcntl_setfl_oappend              [FAIL] timeout after 15s
  fdatasync_write                  [FAIL] timeout after 15s
  flock_basic                      [FAIL] timeout after 15s
  flock_second_fd_exclusive        [FAIL] timeout after 15s
  flock_shared_then_exclusive      [FAIL] timeout after 15s
  flock_two_proc_exclusive         [FAIL] timeout after 15s
  flock_unlock_on_close            [FAIL] timeout after 15s
  fstat_size_after_write           [FAIL] timeout after 15s
  fsync_dir                        [FAIL] timeout after 15s
  fsync_then_fstat_size            [FAIL] timeout after 15s
  fsync_write                      [FAIL] timeout after 15s
  hardlink_three_names             [FAIL] timeout after 15s
  last_link_unlink_other_dir       [FAIL] timeout after 15s
  link_across_dirs                 [FAIL] timeout after 15s
  link_of_symlink                  [FAIL] timeout after 15s
  lstat_symlink_size               [FAIL] timeout after 15s
  mkdirat_unlinkat                 [FAIL] timeout after 15s
  mmap_private_not_visible         [FAIL] timeout after 15s
  mmap_write_read                  [FAIL] timeout after 15s
  mtime_bumps_on_write             [FAIL] timeout after 15s
  mtime_monotonic_many_writes      [FAIL] timeout after 15s
  names_control_and_high_bytes     [FAIL] timeout after 15s
  names_crazy_dirs                 [FAIL] timeout after 15s
  names_crazy_roundtrip            [FAIL] timeout after 15s
  names_near_path_max              [FAIL] timeout after 15s
  names_near_path_max_dir          [FAIL] timeout after 15s
  names_path_too_long              [FAIL] timeout after 15s
  names_unicode_nfc_nfd_coexist    [FAIL] timeout after 15s
  nlink_after_unlink_open          [FAIL] timeout after 15s
  o_append_pwrite_absolute         [FAIL] timeout after 15s
  o_directory                      [FAIL] timeout after 15s
  o_nofollow                       [FAIL] timeout after 15s
  opt_copy_file_range              [FAIL] timeout after 15s
  opt_fallocate                    [FAIL] timeout after 15s
  opt_openat                       [FAIL] timeout after 15s
  opt_seek_hole_data               [FAIL] timeout after 15s
  opt_xattr                        [FAIL] timeout after 15s
  packed_then_grow_past_chunk      [FAIL] timeout after 15s
  rename_dir_same_parent           [FAIL] timeout after 15s
  rename_empty_over_empty_dir      [FAIL] timeout after 15s
  rename_file_over_symlink         [FAIL] timeout after 15s
  rename_to_self                   [FAIL] timeout after 15s
  st_ino_unique_hardlink_same      [FAIL] timeout after 15s
  statfs_sane                      [FAIL] timeout after 15s
  trailing_slash_on_file           [FAIL] timeout after 15s
  trunc_open_other_fd              [FAIL] timeout after 15s
  trunc_shrink_same_fd             [FAIL] timeout after 15s
  trunc_zero_then_high_pwrite      [FAIL] timeout after 15s
  two_fds_independent_offset       [FAIL] timeout after 15s
  two_fds_size_mtime               [FAIL] timeout after 15s
  unlink_open_file                 [FAIL] timeout after 15s
  unlink_open_then_recreate        [FAIL] timeout after 15s
  unlink_recreate_new_ino          [FAIL] timeout after 15s
  write_beyond_eof_then_seek_end   [FAIL] timeout after 15s
  write_hole_pread_zeros           [FAIL] timeout after 15s
  writev_readv_chunk_straddle      [FAIL] timeout after 15s
  zero_length_write                [FAIL] timeout after 15s

--- target passes where baseline fails ---
  dir_mkdir_umask                 

--- both fail (behaviour matches baseline) ---
  fcntl_byte_range_lock            base=FAIL target=FAIL
  virt_find_not_a_real_dir         base=SKIP target=FAIL
  virt_find_query                  base=SKIP target=FAIL
  virt_stats_readable              base=SKIP target=FAIL
[run_tests]   --- compare fcstor009.ib vs XFS baseline ---
================================================================
POSIX baseline comparison: 201 tests
  both pass        : 96
  EFS BUGS         : 100  (baseline PASS, target FAIL)
  both fail (match): 4
  target better    : 1
  not run          : 0  (cut or missing; not a bug)
================================================================

--- EFS BUGS (pass on baseline, fail on target) ---
  access_f_ok_after_unlink         [FAIL] timeout after 15s
  case_sensitive_names             [FAIL] timeout after 15s
  chmod_preserves_mtime            [FAIL] timeout after 15s
  concurrent_appends               [FAIL] timeout after 30s
  concurrent_appends_two_proc      [FAIL] timeout after 30s
  concurrent_create_unlink_two_proc [FAIL] timeout after 30s
  concurrent_creates_same_dir      [FAIL] timeout after 15s
  concurrent_extend_high_then_low  [FAIL] timeout after 15s
  concurrent_overlap_write         [FAIL] timeout after 15s
  concurrent_write_and_readdir     [FAIL] timeout after 15s
  concurrent_writes_disjoint       [FAIL] timeout after 15s
  content_all_byte_values          [FAIL] timeout after 15s
  content_nul_and_control          [FAIL] timeout after 15s
  content_random_large_multichunk  [FAIL] timeout after 15s
  content_random_overwrite_append  [FAIL] timeout after 15s
  content_random_roundtrip         [FAIL] timeout after 15s
  content_whitespace_and_line_endings [FAIL] timeout after 15s
  creat_existing_dir_eisdir        [FAIL] timeout after 15s
  create_excl_two_proc             [FAIL] timeout after 15s
  ctime_on_link_rename             [FAIL] timeout after 15s
  dir_deep_nesting                 [FAIL] timeout after 15s
  dir_deep_nesting_beyond_64       [FAIL] timeout after 15s
  dir_nlink_after_rmdir_child      [FAIL] timeout after 15s
  direct_aligned_rdwr              [FAIL] timeout after 15s
  direct_rmw_4k_in_chunk           [FAIL] timeout after 15s
  direct_unaligned_einval          [FAIL] timeout after 15s
  err_create_excl_existing         [FAIL] timeout after 15s
  err_create_under_a_file          [FAIL] timeout after 15s
  err_hardlink_nonexistent_src     [FAIL] timeout after 15s
  err_hardlink_to_dir              [FAIL] timeout after 15s
  err_mkdir_existing               [FAIL] timeout after 15s
  err_open_dir_for_write           [FAIL] timeout after 15s
  err_read_from_dir                [FAIL] timeout after 15s
  err_rename_dir_into_itself       [FAIL] timeout after 15s
  err_rmdir_a_file                 [FAIL] timeout after 15s
  err_rmdir_dot_dotdot             [FAIL] timeout after 15s
  err_rmdir_nonempty               [FAIL] timeout after 15s
  err_stat_nonexistent             [FAIL] timeout after 15s
  err_symlink_loop                 [FAIL] timeout after 15s
  err_unlink_a_directory           [FAIL] timeout after 15s
  err_unlink_nonexistent           [FAIL] timeout after 15s
  err_write_readonly_file          [FAIL] timeout after 15s
  fcntl_lock_basic                 [FAIL] timeout after 15s
  fcntl_setfl_oappend              [FAIL] timeout after 15s
  fdatasync_write                  [FAIL] timeout after 15s
  flock_basic                      [FAIL] timeout after 15s
  flock_second_fd_exclusive        [FAIL] timeout after 15s
  flock_shared_then_exclusive      [FAIL] timeout after 15s
  flock_two_proc_exclusive         [FAIL] timeout after 15s
  flock_unlock_on_close            [FAIL] timeout after 15s
  fstat_size_after_write           [FAIL] timeout after 15s
  fsync_dir                        [FAIL] timeout after 15s
  fsync_then_fstat_size            [FAIL] timeout after 15s
  fsync_write                      [FAIL] timeout after 15s
  hardlink_three_names             [FAIL] timeout after 15s
  last_link_unlink_other_dir       [FAIL] timeout after 15s
  link_across_dirs                 [FAIL] timeout after 15s
  link_of_symlink                  [FAIL] timeout after 15s
  lstat_symlink_size               [FAIL] timeout after 15s
  mkdirat_unlinkat                 [FAIL] timeout after 15s
  mmap_private_not_visible         [FAIL] timeout after 15s
  mmap_write_read                  [FAIL] timeout after 15s
  mtime_bumps_on_write             [FAIL] timeout after 15s
  mtime_monotonic_many_writes      [FAIL] timeout after 15s
  names_control_and_high_bytes     [FAIL] timeout after 15s
  names_crazy_dirs                 [FAIL] timeout after 15s
  names_crazy_roundtrip            [FAIL] timeout after 15s
  names_near_path_max              [FAIL] timeout after 15s
  names_near_path_max_dir          [FAIL] timeout after 15s
  names_path_too_long              [FAIL] timeout after 15s
  names_unicode_nfc_nfd_coexist    [FAIL] timeout after 15s
  nlink_after_unlink_open          [FAIL] timeout after 15s
  o_append_pwrite_absolute         [FAIL] timeout after 15s
  o_directory                      [FAIL] timeout after 15s
  o_nofollow                       [FAIL] timeout after 15s
  opt_copy_file_range              [FAIL] timeout after 15s
  opt_fallocate                    [FAIL] timeout after 15s
  opt_openat                       [FAIL] timeout after 15s
  opt_seek_hole_data               [FAIL] timeout after 15s
  opt_xattr                        [FAIL] timeout after 15s
  packed_then_grow_past_chunk      [FAIL] timeout after 15s
  rename_dir_same_parent           [FAIL] timeout after 15s
  rename_empty_over_empty_dir      [FAIL] timeout after 15s
  rename_file_over_symlink         [FAIL] timeout after 15s
  rename_to_self                   [FAIL] timeout after 15s
  st_ino_unique_hardlink_same      [FAIL] timeout after 15s
  statfs_sane                      [FAIL] timeout after 15s
  trailing_slash_on_file           [FAIL] timeout after 15s
  trunc_open_other_fd              [FAIL] timeout after 15s
  trunc_shrink_same_fd             [FAIL] timeout after 15s
  trunc_zero_then_high_pwrite      [FAIL] timeout after 15s
  two_fds_independent_offset       [FAIL] timeout after 15s
  two_fds_size_mtime               [FAIL] timeout after 15s
  unlink_open_file                 [FAIL] timeout after 15s
  unlink_open_then_recreate        [FAIL] timeout after 15s
  unlink_recreate_new_ino          [FAIL] timeout after 15s
  write_beyond_eof_then_seek_end   [FAIL] timeout after 15s
  write_hole_pread_zeros           [FAIL] timeout after 15s
  writev_readv_chunk_straddle      [FAIL] timeout after 15s
  zero_length_write                [FAIL] timeout after 15s

--- target passes where baseline fails ---
  dir_mkdir_umask                 

--- both fail (behaviour matches baseline) ---
  fcntl_byte_range_lock            base=FAIL target=FAIL
  virt_find_not_a_real_dir         base=SKIP target=FAIL
  virt_find_query                  base=SKIP target=FAIL
  virt_stats_readable              base=SKIP target=FAIL
[run_tests] posix results in /home/erbmi1/git/efs/results/posix/20260922-001341
